<?xml version="1.0"?>
<link_info>
   <banner>TI ARM Linker PC v16.9.3.LTS</banner>
   <copyright>Copyright (c) 1996-2017 Texas Instruments Incorporated</copyright>
   <link_time>0x598e03b5</link_time>
   <link_errors>0x0</link_errors>
   <output_file>Cable Latency.out</output_file>
   <entry_point>
      <name>_c_int00</name>
      <address>0x3571</address>
   </entry_point>
   <input_file_list>
      <input_file id="fl-2">
         <path>.\</path>
         <kind>object</kind>
         <file>command.obj</file>
         <name>command.obj</name>
      </input_file>
      <input_file id="fl-3">
         <path>.\</path>
         <kind>object</kind>
         <file>latency.obj</file>
         <name>latency.obj</name>
      </input_file>
      <input_file id="fl-4">
         <path>.\</path>
         <kind>object</kind>
         <file>main.obj</file>
         <name>main.obj</name>
      </input_file>
      <input_file id="fl-5">
         <path>.\</path>
         <kind>object</kind>
         <file>pwm.obj</file>
         <name>pwm.obj</name>
      </input_file>
      <input_file id="fl-6">
         <path>.\</path>
         <kind>object</kind>
         <file>system_tick.obj</file>
         <name>system_tick.obj</name>
      </input_file>
      <input_file id="fl-7">
         <path>.\</path>
         <kind>object</kind>
         <file>tm4c1294ncpdt_startup_ccs.obj</file>
         <name>tm4c1294ncpdt_startup_ccs.obj</name>
      </input_file>
      <input_file id="fl-8">
         <path>.\</path>
         <kind>object</kind>
         <file>uart_io.obj</file>
         <name>uart_io.obj</name>
      </input_file>
      <input_file id="fl-d">
         <kind>object</kind>
         <file>&lt;internal&gt;</file>
         <name>&lt;internal&gt;</name>
      </input_file>
      <input_file id="fl-e">
         <path>C:\ti\TivaWare_C_Series-2.1.3.156\driverlib\ccs\Debug\</path>
         <kind>archive</kind>
         <file>driverlib.lib</file>
         <name>fpu.obj</name>
      </input_file>
      <input_file id="fl-f">
         <path>C:\ti\TivaWare_C_Series-2.1.3.156\driverlib\ccs\Debug\</path>
         <kind>archive</kind>
         <file>driverlib.lib</file>
         <name>gpio.obj</name>
      </input_file>
      <input_file id="fl-10">
         <path>C:\ti\TivaWare_C_Series-2.1.3.156\driverlib\ccs\Debug\</path>
         <kind>archive</kind>
         <file>driverlib.lib</file>
         <name>interrupt.obj</name>
      </input_file>
      <input_file id="fl-11">
         <path>C:\ti\TivaWare_C_Series-2.1.3.156\driverlib\ccs\Debug\</path>
         <kind>archive</kind>
         <file>driverlib.lib</file>
         <name>pwm.obj</name>
      </input_file>
      <input_file id="fl-12">
         <path>C:\ti\TivaWare_C_Series-2.1.3.156\driverlib\ccs\Debug\</path>
         <kind>archive</kind>
         <file>driverlib.lib</file>
         <name>sysctl.obj</name>
      </input_file>
      <input_file id="fl-13">
         <path>C:\ti\TivaWare_C_Series-2.1.3.156\driverlib\ccs\Debug\</path>
         <kind>archive</kind>
         <file>driverlib.lib</file>
         <name>systick.obj</name>
      </input_file>
      <input_file id="fl-14">
         <path>C:\ti\TivaWare_C_Series-2.1.3.156\driverlib\ccs\Debug\</path>
         <kind>archive</kind>
         <file>driverlib.lib</file>
         <name>timer.obj</name>
      </input_file>
      <input_file id="fl-15">
         <path>C:\ti\TivaWare_C_Series-2.1.3.156\driverlib\ccs\Debug\</path>
         <kind>archive</kind>
         <file>driverlib.lib</file>
         <name>uart.obj</name>
      </input_file>
      <input_file id="fl-16">
         <path>C:\ti\TivaWare_C_Series-2.1.3.156\driverlib\ccs\Debug\</path>
         <kind>archive</kind>
         <file>driverlib.lib</file>
         <name>cpu.obj</name>
      </input_file>
      <input_file id="fl-cc">
         <path>C:\ti\ccsv7\tools\compiler\ti-cgt-arm_16.9.3.LTS\lib\</path>
         <kind>archive</kind>
         <file>rtsv7M4_T_le_v4SPD16_eabi.lib</file>
         <name>boot.obj</name>
      </input_file>
      <input_file id="fl-cd">
         <path>C:\ti\ccsv7\tools\compiler\ti-cgt-arm_16.9.3.LTS\lib\</path>
         <kind>archive</kind>
         <file>rtsv7M4_T_le_v4SPD16_eabi.lib</file>
         <name>copy_decompress_lzss.obj</name>
      </input_file>
      <input_file id="fl-ce">
         <path>C:\ti\ccsv7\tools\compiler\ti-cgt-arm_16.9.3.LTS\lib\</path>
         <kind>archive</kind>
         <file>rtsv7M4_T_le_v4SPD16_eabi.lib</file>
         <name>copy_decompress_none.obj</name>
      </input_file>
      <input_file id="fl-cf">
         <path>C:\ti\ccsv7\tools\compiler\ti-cgt-arm_16.9.3.LTS\lib\</path>
         <kind>archive</kind>
         <file>rtsv7M4_T_le_v4SPD16_eabi.lib</file>
         <name>copy_zero_init.obj</name>
      </input_file>
      <input_file id="fl-d0">
         <path>C:\ti\ccsv7\tools\compiler\ti-cgt-arm_16.9.3.LTS\lib\</path>
         <kind>archive</kind>
         <file>rtsv7M4_T_le_v4SPD16_eabi.lib</file>
         <name>errno.obj</name>
      </input_file>
      <input_file id="fl-d1">
         <path>C:\ti\ccsv7\tools\compiler\ti-cgt-arm_16.9.3.LTS\lib\</path>
         <kind>archive</kind>
         <file>rtsv7M4_T_le_v4SPD16_eabi.lib</file>
         <name>exit.obj</name>
      </input_file>
      <input_file id="fl-d2">
         <path>C:\ti\ccsv7\tools\compiler\ti-cgt-arm_16.9.3.LTS\lib\</path>
         <kind>archive</kind>
         <file>rtsv7M4_T_le_v4SPD16_eabi.lib</file>
         <name>fd_div_t2.obj</name>
      </input_file>
      <input_file id="fl-d3">
         <path>C:\ti\ccsv7\tools\compiler\ti-cgt-arm_16.9.3.LTS\lib\</path>
         <kind>archive</kind>
         <file>rtsv7M4_T_le_v4SPD16_eabi.lib</file>
         <name>fd_toi_t2.obj</name>
      </input_file>
      <input_file id="fl-d4">
         <path>C:\ti\ccsv7\tools\compiler\ti-cgt-arm_16.9.3.LTS\lib\</path>
         <kind>archive</kind>
         <file>rtsv7M4_T_le_v4SPD16_eabi.lib</file>
         <name>memcpy_t2.obj</name>
      </input_file>
      <input_file id="fl-d5">
         <path>C:\ti\ccsv7\tools\compiler\ti-cgt-arm_16.9.3.LTS\lib\</path>
         <kind>archive</kind>
         <file>rtsv7M4_T_le_v4SPD16_eabi.lib</file>
         <name>memset_t2.obj</name>
      </input_file>
      <input_file id="fl-d6">
         <path>C:\ti\ccsv7\tools\compiler\ti-cgt-arm_16.9.3.LTS\lib\</path>
         <kind>archive</kind>
         <file>rtsv7M4_T_le_v4SPD16_eabi.lib</file>
         <name>mpu_init.obj</name>
      </input_file>
      <input_file id="fl-d7">
         <path>C:\ti\ccsv7\tools\compiler\ti-cgt-arm_16.9.3.LTS\lib\</path>
         <kind>archive</kind>
         <file>rtsv7M4_T_le_v4SPD16_eabi.lib</file>
         <name>pre_init.obj</name>
      </input_file>
      <input_file id="fl-d8">
         <path>C:\ti\ccsv7\tools\compiler\ti-cgt-arm_16.9.3.LTS\lib\</path>
         <kind>archive</kind>
         <file>rtsv7M4_T_le_v4SPD16_eabi.lib</file>
         <name>sprintf.obj</name>
      </input_file>
      <input_file id="fl-d9">
         <path>C:\ti\ccsv7\tools\compiler\ti-cgt-arm_16.9.3.LTS\lib\</path>
         <kind>archive</kind>
         <file>rtsv7M4_T_le_v4SPD16_eabi.lib</file>
         <name>stkdepth_vars.obj</name>
      </input_file>
      <input_file id="fl-da">
         <path>C:\ti\ccsv7\tools\compiler\ti-cgt-arm_16.9.3.LTS\lib\</path>
         <kind>archive</kind>
         <file>rtsv7M4_T_le_v4SPD16_eabi.lib</file>
         <name>strcmp.obj</name>
      </input_file>
      <input_file id="fl-db">
         <path>C:\ti\ccsv7\tools\compiler\ti-cgt-arm_16.9.3.LTS\lib\</path>
         <kind>archive</kind>
         <file>rtsv7M4_T_le_v4SPD16_eabi.lib</file>
         <name>strcpy.obj</name>
      </input_file>
      <input_file id="fl-dc">
         <path>C:\ti\ccsv7\tools\compiler\ti-cgt-arm_16.9.3.LTS\lib\</path>
         <kind>archive</kind>
         <file>rtsv7M4_T_le_v4SPD16_eabi.lib</file>
         <name>strtok.obj</name>
      </input_file>
      <input_file id="fl-dd">
         <path>C:\ti\ccsv7\tools\compiler\ti-cgt-arm_16.9.3.LTS\lib\</path>
         <kind>archive</kind>
         <file>rtsv7M4_T_le_v4SPD16_eabi.lib</file>
         <name>strtol.obj</name>
      </input_file>
      <input_file id="fl-de">
         <path>C:\ti\ccsv7\tools\compiler\ti-cgt-arm_16.9.3.LTS\lib\</path>
         <kind>archive</kind>
         <file>rtsv7M4_T_le_v4SPD16_eabi.lib</file>
         <name>tolower.obj</name>
      </input_file>
      <input_file id="fl-df">
         <path>C:\ti\ccsv7\tools\compiler\ti-cgt-arm_16.9.3.LTS\lib\</path>
         <kind>archive</kind>
         <file>rtsv7M4_T_le_v4SPD16_eabi.lib</file>
         <name>u_tofd_t2.obj</name>
      </input_file>
      <input_file id="fl-e0">
         <path>C:\ti\ccsv7\tools\compiler\ti-cgt-arm_16.9.3.LTS\lib\</path>
         <kind>archive</kind>
         <file>rtsv7M4_T_le_v4SPD16_eabi.lib</file>
         <name>_lock.obj</name>
      </input_file>
      <input_file id="fl-e1">
         <path>C:\ti\ccsv7\tools\compiler\ti-cgt-arm_16.9.3.LTS\lib\</path>
         <kind>archive</kind>
         <file>rtsv7M4_T_le_v4SPD16_eabi.lib</file>
         <name>_printfi.obj</name>
      </input_file>
      <input_file id="fl-e2">
         <path>C:\ti\ccsv7\tools\compiler\ti-cgt-arm_16.9.3.LTS\lib\</path>
         <kind>archive</kind>
         <file>rtsv7M4_T_le_v4SPD16_eabi.lib</file>
         <name>args_main.obj</name>
      </input_file>
      <input_file id="fl-e3">
         <path>C:\ti\ccsv7\tools\compiler\ti-cgt-arm_16.9.3.LTS\lib\</path>
         <kind>archive</kind>
         <file>rtsv7M4_T_le_v4SPD16_eabi.lib</file>
         <name>atoi.obj</name>
      </input_file>
      <input_file id="fl-e4">
         <path>C:\ti\ccsv7\tools\compiler\ti-cgt-arm_16.9.3.LTS\lib\</path>
         <kind>archive</kind>
         <file>rtsv7M4_T_le_v4SPD16_eabi.lib</file>
         <name>autoinit.obj</name>
      </input_file>
      <input_file id="fl-e5">
         <path>C:\ti\ccsv7\tools\compiler\ti-cgt-arm_16.9.3.LTS\lib\</path>
         <kind>archive</kind>
         <file>rtsv7M4_T_le_v4SPD16_eabi.lib</file>
         <name>cpy_tbl.obj</name>
      </input_file>
      <input_file id="fl-e6">
         <path>C:\ti\ccsv7\tools\compiler\ti-cgt-arm_16.9.3.LTS\lib\</path>
         <kind>archive</kind>
         <file>rtsv7M4_T_le_v4SPD16_eabi.lib</file>
         <name>ctype.obj</name>
      </input_file>
      <input_file id="fl-e7">
         <path>C:\ti\ccsv7\tools\compiler\ti-cgt-arm_16.9.3.LTS\lib\</path>
         <kind>archive</kind>
         <file>rtsv7M4_T_le_v4SPD16_eabi.lib</file>
         <name>fd_add_t2.obj</name>
      </input_file>
      <input_file id="fl-e8">
         <path>C:\ti\ccsv7\tools\compiler\ti-cgt-arm_16.9.3.LTS\lib\</path>
         <kind>archive</kind>
         <file>rtsv7M4_T_le_v4SPD16_eabi.lib</file>
         <name>fd_cmp_t2.obj</name>
      </input_file>
      <input_file id="fl-e9">
         <path>C:\ti\ccsv7\tools\compiler\ti-cgt-arm_16.9.3.LTS\lib\</path>
         <kind>archive</kind>
         <file>rtsv7M4_T_le_v4SPD16_eabi.lib</file>
         <name>fd_mul_t2.obj</name>
      </input_file>
      <input_file id="fl-ea">
         <path>C:\ti\ccsv7\tools\compiler\ti-cgt-arm_16.9.3.LTS\lib\</path>
         <kind>archive</kind>
         <file>rtsv7M4_T_le_v4SPD16_eabi.lib</file>
         <name>i_tofd_t2.obj</name>
      </input_file>
      <input_file id="fl-eb">
         <path>C:\ti\ccsv7\tools\compiler\ti-cgt-arm_16.9.3.LTS\lib\</path>
         <kind>archive</kind>
         <file>rtsv7M4_T_le_v4SPD16_eabi.lib</file>
         <name>ltoa.obj</name>
      </input_file>
      <input_file id="fl-ec">
         <path>C:\ti\ccsv7\tools\compiler\ti-cgt-arm_16.9.3.LTS\lib\</path>
         <kind>archive</kind>
         <file>rtsv7M4_T_le_v4SPD16_eabi.lib</file>
         <name>memccpy.obj</name>
      </input_file>
      <input_file id="fl-ed">
         <path>C:\ti\ccsv7\tools\compiler\ti-cgt-arm_16.9.3.LTS\lib\</path>
         <kind>archive</kind>
         <file>rtsv7M4_T_le_v4SPD16_eabi.lib</file>
         <name>s_frexp.obj</name>
      </input_file>
      <input_file id="fl-ee">
         <path>C:\ti\ccsv7\tools\compiler\ti-cgt-arm_16.9.3.LTS\lib\</path>
         <kind>archive</kind>
         <file>rtsv7M4_T_le_v4SPD16_eabi.lib</file>
         <name>s_scalbn.obj</name>
      </input_file>
      <input_file id="fl-ef">
         <path>C:\ti\ccsv7\tools\compiler\ti-cgt-arm_16.9.3.LTS\lib\</path>
         <kind>archive</kind>
         <file>rtsv7M4_T_le_v4SPD16_eabi.lib</file>
         <name>startup.obj</name>
      </input_file>
      <input_file id="fl-f0">
         <path>C:\ti\ccsv7\tools\compiler\ti-cgt-arm_16.9.3.LTS\lib\</path>
         <kind>archive</kind>
         <file>rtsv7M4_T_le_v4SPD16_eabi.lib</file>
         <name>strchr.obj</name>
      </input_file>
      <input_file id="fl-f1">
         <path>C:\ti\ccsv7\tools\compiler\ti-cgt-arm_16.9.3.LTS\lib\</path>
         <kind>archive</kind>
         <file>rtsv7M4_T_le_v4SPD16_eabi.lib</file>
         <name>strcspn.obj</name>
      </input_file>
      <input_file id="fl-f2">
         <path>C:\ti\ccsv7\tools\compiler\ti-cgt-arm_16.9.3.LTS\lib\</path>
         <kind>archive</kind>
         <file>rtsv7M4_T_le_v4SPD16_eabi.lib</file>
         <name>strlen.obj</name>
      </input_file>
      <input_file id="fl-f3">
         <path>C:\ti\ccsv7\tools\compiler\ti-cgt-arm_16.9.3.LTS\lib\</path>
         <kind>archive</kind>
         <file>rtsv7M4_T_le_v4SPD16_eabi.lib</file>
         <name>strspn.obj</name>
      </input_file>
      <input_file id="fl-f4">
         <path>C:\ti\ccsv7\tools\compiler\ti-cgt-arm_16.9.3.LTS\lib\</path>
         <kind>archive</kind>
         <file>rtsv7M4_T_le_v4SPD16_eabi.lib</file>
         <name>ull_div_t2.obj</name>
      </input_file>
      <input_file id="fl-f5">
         <path>C:\ti\ccsv7\tools\compiler\ti-cgt-arm_16.9.3.LTS\lib\</path>
         <kind>archive</kind>
         <file>rtsv7M4_T_le_v4SPD16_eabi.lib</file>
         <name>s_copysign.obj</name>
      </input_file>
   </input_file_list>
   <object_component_list>
      <object_component id="oc-f">
         <name>.intvecs</name>
         <load_address>0x0</load_address>
         <run_address>0x0</run_address>
         <size>0x208</size>
         <input_file_ref idref="fl-7"/>
      </object_component>
      <object_component id="oc-238">
         <name>.text</name>
         <load_address>0x208</load_address>
         <run_address>0x208</run_address>
         <size>0x113e</size>
         <input_file_ref idref="fl-e1"/>
      </object_component>
      <object_component id="oc-69">
         <name>.text</name>
         <load_address>0x1346</load_address>
         <run_address>0x1346</run_address>
         <size>0x2</size>
         <input_file_ref idref="fl-d6"/>
      </object_component>
      <object_component id="oc-9e">
         <name>.text</name>
         <load_address>0x1348</load_address>
         <run_address>0x1348</run_address>
         <size>0x64c</size>
         <input_file_ref idref="fl-2"/>
      </object_component>
      <object_component id="oc-37">
         <name>.text</name>
         <load_address>0x1994</load_address>
         <run_address>0x1994</run_address>
         <size>0x5b8</size>
         <input_file_ref idref="fl-8"/>
      </object_component>
      <object_component id="oc-3d">
         <name>.text</name>
         <load_address>0x1f4c</load_address>
         <run_address>0x1f4c</run_address>
         <size>0x4ec</size>
         <input_file_ref idref="fl-3"/>
      </object_component>
      <object_component id="oc-30c">
         <name>.text</name>
         <load_address>0x2438</load_address>
         <run_address>0x2438</run_address>
         <size>0x1f4</size>
         <input_file_ref idref="fl-f4"/>
      </object_component>
      <object_component id="oc-245">
         <name>.text:SysCtlClockFreqSet</name>
         <load_address>0x262c</load_address>
         <run_address>0x262c</run_address>
         <size>0x1ec</size>
         <input_file_ref idref="fl-12"/>
      </object_component>
      <object_component id="oc-331">
         <name>.text</name>
         <load_address>0x2818</load_address>
         <run_address>0x2818</run_address>
         <size>0x1b6</size>
         <input_file_ref idref="fl-e7"/>
      </object_component>
      <object_component id="oc-13e">
         <name>.text</name>
         <load_address>0x29ce</load_address>
         <run_address>0x29ce</run_address>
         <size>0x136</size>
         <input_file_ref idref="fl-d2"/>
      </object_component>
      <object_component id="oc-1e2">
         <name>.text</name>
         <load_address>0x2b04</load_address>
         <run_address>0x2b04</run_address>
         <size>0x134</size>
         <input_file_ref idref="fl-dd"/>
      </object_component>
      <object_component id="oc-209">
         <name>.text:GPIOPadConfigSet</name>
         <load_address>0x2c38</load_address>
         <run_address>0x2c38</run_address>
         <size>0x132</size>
         <input_file_ref idref="fl-f"/>
      </object_component>
      <object_component id="oc-31c">
         <name>.text</name>
         <load_address>0x2d6a</load_address>
         <run_address>0x2d6a</run_address>
         <size>0xfc</size>
         <input_file_ref idref="fl-e9"/>
      </object_component>
      <object_component id="oc-1a9">
         <name>.text</name>
         <load_address>0x2e66</load_address>
         <run_address>0x2e66</run_address>
         <size>0x2</size>
         <input_file_ref idref="fl-ef"/>
      </object_component>
      <object_component id="oc-33c">
         <name>.text</name>
         <load_address>0x2e68</load_address>
         <run_address>0x2e68</run_address>
         <size>0xfc</size>
         <input_file_ref idref="fl-ee"/>
      </object_component>
      <object_component id="oc-1e8">
         <name>.text</name>
         <load_address>0x2f64</load_address>
         <run_address>0x2f64</run_address>
         <size>0xc4</size>
         <input_file_ref idref="fl-5"/>
      </object_component>
      <object_component id="oc-12d">
         <name>.text</name>
         <load_address>0x3028</load_address>
         <run_address>0x3028</run_address>
         <size>0xc0</size>
         <input_file_ref idref="fl-4"/>
      </object_component>
      <object_component id="oc-51">
         <name>.text</name>
         <load_address>0x30e8</load_address>
         <run_address>0x30e8</run_address>
         <size>0x9c</size>
         <input_file_ref idref="fl-d4"/>
      </object_component>
      <object_component id="oc-317">
         <name>.text:__aeabi_cdcmple</name>
         <load_address>0x3184</load_address>
         <run_address>0x3184</run_address>
         <size>0x86</size>
         <input_file_ref idref="fl-e8"/>
      </object_component>
      <object_component id="oc-321">
         <name>.text:__aeabi_cdrcmple</name>
         <load_address>0x320a</load_address>
         <run_address>0x320a</run_address>
         <size>0x86</size>
         <input_file_ref idref="fl-e8"/>
      </object_component>
      <object_component id="oc-5d">
         <name>.text</name>
         <load_address>0x3290</load_address>
         <run_address>0x3290</run_address>
         <size>0x7a</size>
         <input_file_ref idref="fl-d5"/>
      </object_component>
      <object_component id="oc-75">
         <name>.text</name>
         <load_address>0x330c</load_address>
         <run_address>0x330c</run_address>
         <size>0x70</size>
         <input_file_ref idref="fl-e4"/>
      </object_component>
      <object_component id="oc-d8">
         <name>.text:IntEnable</name>
         <load_address>0x337c</load_address>
         <run_address>0x337c</run_address>
         <size>0x68</size>
         <input_file_ref idref="fl-10"/>
      </object_component>
      <object_component id="oc-12">
         <name>.text:decompress:lzss</name>
         <load_address>0x33e4</load_address>
         <run_address>0x33e4</run_address>
         <size>0x68</size>
         <input_file_ref idref="fl-cd"/>
      </object_component>
      <object_component id="oc-336">
         <name>.text</name>
         <load_address>0x344c</load_address>
         <run_address>0x344c</run_address>
         <size>0x64</size>
         <input_file_ref idref="fl-ed"/>
      </object_component>
      <object_component id="oc-15a">
         <name>.text:TimerConfigure</name>
         <load_address>0x34b0</load_address>
         <run_address>0x34b0</run_address>
         <size>0x60</size>
         <input_file_ref idref="fl-14"/>
      </object_component>
      <object_component id="oc-127">
         <name>.text</name>
         <load_address>0x3510</load_address>
         <run_address>0x3510</run_address>
         <size>0x60</size>
         <input_file_ref idref="fl-d8"/>
      </object_component>
      <object_component id="oc-24">
         <name>.text</name>
         <load_address>0x3570</load_address>
         <run_address>0x3570</run_address>
         <size>0x54</size>
         <input_file_ref idref="fl-cc"/>
      </object_component>
      <object_component id="oc-81">
         <name>.text</name>
         <load_address>0x35c4</load_address>
         <run_address>0x35c4</run_address>
         <size>0x54</size>
         <input_file_ref idref="fl-d1"/>
      </object_component>
      <object_component id="oc-326">
         <name>.text</name>
         <load_address>0x3618</load_address>
         <run_address>0x3618</run_address>
         <size>0x54</size>
         <input_file_ref idref="fl-eb"/>
      </object_component>
      <object_component id="oc-348">
         <name>.text</name>
         <load_address>0x366c</load_address>
         <run_address>0x366c</run_address>
         <size>0x4c</size>
         <input_file_ref idref="fl-e3"/>
      </object_component>
      <object_component id="oc-1a3">
         <name>.text</name>
         <load_address>0x36b8</load_address>
         <run_address>0x36b8</run_address>
         <size>0x4c</size>
         <input_file_ref idref="fl-e5"/>
      </object_component>
      <object_component id="oc-b4">
         <name>.text:GPIOPinConfigure</name>
         <load_address>0x3704</load_address>
         <run_address>0x3704</run_address>
         <size>0x48</size>
         <input_file_ref idref="fl-f"/>
      </object_component>
      <object_component id="oc-36d">
         <name>.text:_SysCtlFrequencyGet</name>
         <load_address>0x374c</load_address>
         <run_address>0x374c</run_address>
         <size>0x48</size>
         <input_file_ref idref="fl-12"/>
      </object_component>
      <object_component id="oc-143">
         <name>.text</name>
         <load_address>0x3794</load_address>
         <run_address>0x3794</run_address>
         <size>0x48</size>
         <input_file_ref idref="fl-d3"/>
      </object_component>
      <object_component id="oc-c0">
         <name>.text:UARTConfigSetExpClk</name>
         <load_address>0x37dc</load_address>
         <run_address>0x37dc</run_address>
         <size>0x46</size>
         <input_file_ref idref="fl-15"/>
      </object_component>
      <object_component id="oc-1d6">
         <name>.text</name>
         <load_address>0x3824</load_address>
         <run_address>0x3824</run_address>
         <size>0x40</size>
         <input_file_ref idref="fl-dc"/>
      </object_component>
      <object_component id="oc-ae">
         <name>.text:SysCtlPeripheralReady</name>
         <load_address>0x3864</load_address>
         <run_address>0x3864</run_address>
         <size>0x38</size>
         <input_file_ref idref="fl-12"/>
      </object_component>
      <object_component id="oc-a8">
         <name>.text:SysCtlPeripheralEnable</name>
         <load_address>0x389c</load_address>
         <run_address>0x389c</run_address>
         <size>0x34</size>
         <input_file_ref idref="fl-12"/>
      </object_component>
      <object_component id="oc-32c">
         <name>.text</name>
         <load_address>0x38d0</load_address>
         <run_address>0x38d0</run_address>
         <size>0x2e</size>
         <input_file_ref idref="fl-ea"/>
      </object_component>
      <object_component id="oc-31">
         <name>.text</name>
         <load_address>0x3900</load_address>
         <run_address>0x3900</run_address>
         <size>0x2c</size>
         <input_file_ref idref="fl-6"/>
      </object_component>
      <object_component id="oc-203">
         <name>.text:GPIODirModeSet</name>
         <load_address>0x392c</load_address>
         <run_address>0x392c</run_address>
         <size>0x2a</size>
         <input_file_ref idref="fl-f"/>
      </object_component>
      <object_component id="oc-2a0">
         <name>.text</name>
         <load_address>0x3956</load_address>
         <run_address>0x3956</run_address>
         <size>0x2a</size>
         <input_file_ref idref="fl-f3"/>
      </object_component>
      <object_component id="oc-2a6">
         <name>.text</name>
         <load_address>0x3980</load_address>
         <run_address>0x3980</run_address>
         <size>0x24</size>
         <input_file_ref idref="fl-f1"/>
      </object_component>
      <object_component id="oc-2c1">
         <name>.text:PWMGenConfigure</name>
         <load_address>0x39a4</load_address>
         <run_address>0x39a4</run_address>
         <size>0x22</size>
         <input_file_ref idref="fl-11"/>
      </object_component>
      <object_component id="oc-210">
         <name>.text:UARTDisable</name>
         <load_address>0x39c8</load_address>
         <run_address>0x39c8</run_address>
         <size>0x20</size>
         <input_file_ref idref="fl-15"/>
      </object_component>
      <object_component id="oc-367">
         <name>.text:_SysCtlMemTimingGet</name>
         <load_address>0x39e8</load_address>
         <run_address>0x39e8</run_address>
         <size>0x20</size>
         <input_file_ref idref="fl-12"/>
      </object_component>
      <object_component id="oc-139">
         <name>.text</name>
         <load_address>0x3a08</load_address>
         <run_address>0x3a08</run_address>
         <size>0x20</size>
         <input_file_ref idref="fl-df"/>
      </object_component>
      <object_component id="oc-2df">
         <name>.text:PWMPulseWidthGet</name>
         <load_address>0x3a28</load_address>
         <run_address>0x3a28</run_address>
         <size>0x1e</size>
         <input_file_ref idref="fl-11"/>
      </object_component>
      <object_component id="oc-2cd">
         <name>.text:PWMPulseWidthSet</name>
         <load_address>0x3a46</load_address>
         <run_address>0x3a46</run_address>
         <size>0x1e</size>
         <input_file_ref idref="fl-11"/>
      </object_component>
      <object_component id="oc-34e">
         <name>.text</name>
         <load_address>0x3a64</load_address>
         <run_address>0x3a64</run_address>
         <size>0x1c</size>
         <input_file_ref idref="fl-ec"/>
      </object_component>
      <object_component id="oc-7b">
         <name>.text</name>
         <load_address>0x3a80</load_address>
         <run_address>0x3a80</run_address>
         <size>0x18</size>
         <input_file_ref idref="fl-e2"/>
      </object_component>
      <object_component id="oc-1dc">
         <name>.text</name>
         <load_address>0x3a98</load_address>
         <run_address>0x3a98</run_address>
         <size>0x18</size>
         <input_file_ref idref="fl-da"/>
      </object_component>
      <object_component id="oc-160">
         <name>.text:TimerControlEvent</name>
         <load_address>0x3ab0</load_address>
         <run_address>0x3ab0</run_address>
         <size>0x16</size>
         <input_file_ref idref="fl-14"/>
      </object_component>
      <object_component id="oc-342">
         <name>.text</name>
         <load_address>0x3ac6</load_address>
         <run_address>0x3ac6</run_address>
         <size>0x16</size>
         <input_file_ref idref="fl-f0"/>
      </object_component>
      <object_component id="oc-2b5">
         <name>.text:PWMClockSet</name>
         <load_address>0x3adc</load_address>
         <run_address>0x3adc</run_address>
         <size>0x14</size>
         <input_file_ref idref="fl-11"/>
      </object_component>
      <object_component id="oc-92">
         <name>.text:SysTickEnable</name>
         <load_address>0x3af0</load_address>
         <run_address>0x3af0</run_address>
         <size>0x14</size>
         <input_file_ref idref="fl-13"/>
      </object_component>
      <object_component id="oc-98">
         <name>.text:SysTickIntEnable</name>
         <load_address>0x3b04</load_address>
         <run_address>0x3b04</run_address>
         <size>0x14</size>
         <input_file_ref idref="fl-13"/>
      </object_component>
      <object_component id="oc-216">
         <name>.text:UARTEnable</name>
         <load_address>0x3b18</load_address>
         <run_address>0x3b18</run_address>
         <size>0x14</size>
         <input_file_ref idref="fl-15"/>
      </object_component>
      <object_component id="oc-287">
         <name>.text</name>
         <load_address>0x3b2c</load_address>
         <run_address>0x3b2c</run_address>
         <size>0x14</size>
         <input_file_ref idref="fl-e0"/>
      </object_component>
      <object_component id="oc-3c2">
         <name>.text</name>
         <load_address>0x3b40</load_address>
         <run_address>0x3b40</run_address>
         <size>0x14</size>
         <input_file_ref idref="fl-f5"/>
      </object_component>
      <object_component id="oc-1c2">
         <name>.text</name>
         <load_address>0x3b54</load_address>
         <run_address>0x3b54</run_address>
         <size>0x14</size>
         <input_file_ref idref="fl-db"/>
      </object_component>
      <object_component id="oc-311">
         <name>.text</name>
         <load_address>0x3b68</load_address>
         <run_address>0x3b68</run_address>
         <size>0x14</size>
         <input_file_ref idref="fl-f2"/>
      </object_component>
      <object_component id="oc-2bb">
         <name>.text:GPIOPinTypePWM</name>
         <load_address>0x3b7c</load_address>
         <run_address>0x3b7c</run_address>
         <size>0x12</size>
         <input_file_ref idref="fl-f"/>
      </object_component>
      <object_component id="oc-14e">
         <name>.text:GPIOPinTypeTimer</name>
         <load_address>0x3b8e</load_address>
         <run_address>0x3b8e</run_address>
         <size>0x12</size>
         <input_file_ref idref="fl-f"/>
      </object_component>
      <object_component id="oc-ba">
         <name>.text:GPIOPinTypeUART</name>
         <load_address>0x3ba0</load_address>
         <run_address>0x3ba0</run_address>
         <size>0x12</size>
         <input_file_ref idref="fl-f"/>
      </object_component>
      <object_component id="oc-2e5">
         <name>.text:PWMGenPeriodGet</name>
         <load_address>0x3bb2</load_address>
         <run_address>0x3bb2</run_address>
         <size>0x12</size>
         <input_file_ref idref="fl-11"/>
      </object_component>
      <object_component id="oc-2d3">
         <name>.text:PWMOutputState</name>
         <load_address>0x3bc4</load_address>
         <run_address>0x3bc4</run_address>
         <size>0x12</size>
         <input_file_ref idref="fl-11"/>
      </object_component>
      <object_component id="oc-16c">
         <name>.text:TimerLoadSet</name>
         <load_address>0x3bd6</load_address>
         <run_address>0x3bd6</run_address>
         <size>0x12</size>
         <input_file_ref idref="fl-14"/>
      </object_component>
      <object_component id="oc-172">
         <name>.text:TimerPrescaleSet</name>
         <load_address>0x3be8</load_address>
         <run_address>0x3be8</run_address>
         <size>0x12</size>
         <input_file_ref idref="fl-14"/>
      </object_component>
      <object_component id="oc-24b">
         <name>.text:FPUEnable</name>
         <load_address>0x3bfc</load_address>
         <run_address>0x3bfc</run_address>
         <size>0x10</size>
         <input_file_ref idref="fl-e"/>
      </object_component>
      <object_component id="oc-251">
         <name>.text:IntMasterEnable</name>
         <load_address>0x3c0c</load_address>
         <run_address>0x3c0c</run_address>
         <size>0x10</size>
         <input_file_ref idref="fl-10"/>
      </object_component>
      <object_component id="oc-2c7">
         <name>.text:PWMGenPeriodSet</name>
         <load_address>0x3c1c</load_address>
         <run_address>0x3c1c</run_address>
         <size>0x10</size>
         <input_file_ref idref="fl-11"/>
      </object_component>
      <object_component id="oc-8c">
         <name>.text:SysTickPeriodSet</name>
         <load_address>0x3c2c</load_address>
         <run_address>0x3c2c</run_address>
         <size>0x10</size>
         <input_file_ref idref="fl-13"/>
      </object_component>
      <object_component id="oc-1d0">
         <name>.text</name>
         <load_address>0x3c3c</load_address>
         <run_address>0x3c3c</run_address>
         <size>0x10</size>
         <input_file_ref idref="fl-de"/>
      </object_component>
      <object_component id="oc-178">
         <name>.text:TimerEnable</name>
         <load_address>0x3c4c</load_address>
         <run_address>0x3c4c</run_address>
         <size>0xe</size>
         <input_file_ref idref="fl-14"/>
      </object_component>
      <object_component id="oc-fc">
         <name>.text:UARTCharGetNonBlocking</name>
         <load_address>0x3c5a</load_address>
         <run_address>0x3c5a</run_address>
         <size>0xe</size>
         <input_file_ref idref="fl-15"/>
      </object_component>
      <object_component id="oc-de">
         <name>.text:UARTCharPutNonBlocking</name>
         <load_address>0x3c68</load_address>
         <run_address>0x3c68</run_address>
         <size>0xe</size>
         <input_file_ref idref="fl-15"/>
      </object_component>
      <object_component id="oc-102">
         <name>.text:UARTCharsAvail</name>
         <load_address>0x3c76</load_address>
         <run_address>0x3c76</run_address>
         <size>0xe</size>
         <input_file_ref idref="fl-15"/>
      </object_component>
      <object_component id="oc-18">
         <name>.text:decompress:none</name>
         <load_address>0x3c84</load_address>
         <run_address>0x3c84</run_address>
         <size>0xe</size>
         <input_file_ref idref="fl-ce"/>
      </object_component>
      <object_component id="oc-37e">
         <name>.text:CPUcpsie</name>
         <load_address>0x3c92</load_address>
         <run_address>0x3c92</run_address>
         <size>0xc</size>
         <input_file_ref idref="fl-16"/>
      </object_component>
      <object_component id="oc-2d9">
         <name>.text:PWMGenEnable</name>
         <load_address>0x3c9e</load_address>
         <run_address>0x3c9e</run_address>
         <size>0xc</size>
         <input_file_ref idref="fl-11"/>
      </object_component>
      <object_component id="oc-1e">
         <name>.text:decompress:ZI</name>
         <load_address>0x3caa</load_address>
         <run_address>0x3caa</run_address>
         <size>0xc</size>
         <input_file_ref idref="fl-cf"/>
      </object_component>
      <object_component id="oc-2b">
         <name>.text</name>
         <load_address>0x3cb6</load_address>
         <run_address>0x3cb6</run_address>
         <size>0xc</size>
         <input_file_ref idref="fl-7"/>
      </object_component>
      <object_component id="oc-11b">
         <name>.text:TimerIntStatus</name>
         <load_address>0x3cc2</load_address>
         <run_address>0x3cc2</run_address>
         <size>0xa</size>
         <input_file_ref idref="fl-14"/>
      </object_component>
      <object_component id="oc-133">
         <name>.text:TimerValueGet</name>
         <load_address>0x3ccc</load_address>
         <run_address>0x3ccc</run_address>
         <size>0xa</size>
         <input_file_ref idref="fl-14"/>
      </object_component>
      <object_component id="oc-c6">
         <name>.text:UARTFIFOEnable</name>
         <load_address>0x3cd6</load_address>
         <run_address>0x3cd6</run_address>
         <size>0xa</size>
         <input_file_ref idref="fl-15"/>
      </object_component>
      <object_component id="oc-ed">
         <name>.text:UARTIntStatus</name>
         <load_address>0x3ce0</load_address>
         <run_address>0x3ce0</run_address>
         <size>0xa</size>
         <input_file_ref idref="fl-15"/>
      </object_component>
      <object_component id="oc-166">
         <name>.text:TimerIntEnable</name>
         <load_address>0x3cea</load_address>
         <run_address>0x3cea</run_address>
         <size>0x8</size>
         <input_file_ref idref="fl-14"/>
      </object_component>
      <object_component id="oc-d2">
         <name>.text:UARTIntEnable</name>
         <load_address>0x3cf2</load_address>
         <run_address>0x3cf2</run_address>
         <size>0x8</size>
         <input_file_ref idref="fl-15"/>
      </object_component>
      <object_component id="oc-154">
         <name>.text:TimerClockSourceSet</name>
         <load_address>0x3cfa</load_address>
         <run_address>0x3cfa</run_address>
         <size>0x6</size>
         <input_file_ref idref="fl-14"/>
      </object_component>
      <object_component id="oc-cc">
         <name>.text:UARTFIFOLevelSet</name>
         <load_address>0x3d00</load_address>
         <run_address>0x3d00</run_address>
         <size>0x6</size>
         <input_file_ref idref="fl-15"/>
      </object_component>
      <object_component id="oc-121">
         <name>.text:TimerIntClear</name>
         <load_address>0x3d06</load_address>
         <run_address>0x3d06</run_address>
         <size>0x4</size>
         <input_file_ref idref="fl-14"/>
      </object_component>
      <object_component id="oc-17e">
         <name>.text:TimerSynchronize</name>
         <load_address>0x3d0a</load_address>
         <run_address>0x3d0a</run_address>
         <size>0x4</size>
         <input_file_ref idref="fl-14"/>
      </object_component>
      <object_component id="oc-f3">
         <name>.text:UARTIntClear</name>
         <load_address>0x3d0e</load_address>
         <run_address>0x3d0e</run_address>
         <size>0x4</size>
         <input_file_ref idref="fl-15"/>
      </object_component>
      <object_component id="oc-6f">
         <name>.text</name>
         <load_address>0x3d12</load_address>
         <run_address>0x3d12</run_address>
         <size>0x4</size>
         <input_file_ref idref="fl-d7"/>
      </object_component>
      <object_component id="oc-376">
         <name>.const:g_pppui32XTALtoVCO</name>
         <load_address>0x3d18</load_address>
         <run_address>0x3d18</run_address>
         <size>0x1b0</size>
         <input_file_ref idref="fl-12"/>
      </object_component>
      <object_component id="oc-29b">
         <name>.const:.string:_ctypes_</name>
         <load_address>0x3ec8</load_address>
         <run_address>0x3ec8</run_address>
         <size>0x101</size>
         <input_file_ref idref="fl-e6"/>
      </object_component>
      <object_component id="oc-2ec">
         <name>.const:.string</name>
         <load_address>0x3fcc</load_address>
         <run_address>0x3fcc</run_address>
         <size>0xd0</size>
         <input_file_ref idref="fl-2"/>
      </object_component>
      <object_component id="oc-1fe">
         <name>.const:g_pui32GPIOBaseAddrs</name>
         <load_address>0x409c</load_address>
         <run_address>0x409c</run_address>
         <size>0x90</size>
         <input_file_ref idref="fl-f"/>
      </object_component>
      <object_component id="oc-221">
         <name>.const</name>
         <load_address>0x412c</load_address>
         <run_address>0x412c</run_address>
         <size>0x70</size>
         <input_file_ref idref="fl-10"/>
      </object_component>
      <object_component id="oc-373">
         <name>.const:g_pui32Xtals</name>
         <load_address>0x419c</load_address>
         <run_address>0x419c</run_address>
         <size>0x6c</size>
         <input_file_ref idref="fl-12"/>
      </object_component>
      <object_component id="oc-184">
         <name>.const:.string:$P$T0$1</name>
         <load_address>0x4208</load_address>
         <run_address>0x4208</run_address>
         <size>0x54</size>
         <input_file_ref idref="fl-3"/>
      </object_component>
      <object_component id="oc-3d7">
         <name>.const:g_sXTALtoMEMTIM</name>
         <load_address>0x425c</load_address>
         <run_address>0x425c</run_address>
         <size>0x30</size>
         <input_file_ref idref="fl-12"/>
      </object_component>
      <object_component id="oc-379">
         <name>.const</name>
         <load_address>0x428c</load_address>
         <run_address>0x428c</run_address>
         <size>0x8</size>
         <input_file_ref idref="fl-12"/>
      </object_component>
      <object_component id="oc-41d">
         <name>.cinit..data.load</name>
         <load_address>0x4298</load_address>
         <run_address>0x4298</run_address>
         <size>0x36</size>
      </object_component>
      <object_component id="oc-41b">
         <name>__TI_handler_table</name>
         <load_address>0x42d0</load_address>
         <run_address>0x42d0</run_address>
         <size>0xc</size>
      </object_component>
      <object_component id="oc-41e">
         <name>.cinit..bss.load</name>
         <load_address>0x42e0</load_address>
         <run_address>0x42e0</run_address>
         <size>0x8</size>
      </object_component>
      <object_component id="oc-41c">
         <name>__TI_cinit_table</name>
         <load_address>0x42e8</load_address>
         <run_address>0x42e8</run_address>
         <size>0x10</size>
      </object_component>
      <object_component id="oc-1ee">
         <name>.data:commands</name>
         <load_address>0x20000d8c</load_address>
         <run_address>0x20000d8c</run_address>
         <size>0x10</size>
         <input_file_ref idref="fl-2"/>
      </object_component>
      <object_component id="oc-1f1">
         <name>.data:usage</name>
         <load_address>0x20000d9c</load_address>
         <run_address>0x20000d9c</run_address>
         <size>0x10</size>
         <input_file_ref idref="fl-2"/>
      </object_component>
      <object_component id="oc-1c8">
         <name>.data</name>
         <load_address>0x20000dc0</load_address>
         <run_address>0x20000dc0</run_address>
         <size>0x8</size>
         <input_file_ref idref="fl-2"/>
      </object_component>
      <object_component id="oc-148">
         <name>.data</name>
         <load_address>0x20000dc8</load_address>
         <run_address>0x20000dc8</run_address>
         <size>0x8</size>
         <input_file_ref idref="fl-3"/>
      </object_component>
      <object_component id="oc-108">
         <name>.data</name>
         <load_address>0x20000dd0</load_address>
         <run_address>0x20000dd0</run_address>
         <size>0x5</size>
         <input_file_ref idref="fl-8"/>
      </object_component>
      <object_component id="oc-1f4">
         <name>.data</name>
         <load_address>0x20000dd8</load_address>
         <run_address>0x20000dd8</run_address>
         <size>0x4</size>
         <input_file_ref idref="fl-d0"/>
      </object_component>
      <object_component id="oc-1b3">
         <name>.data:$O1$$</name>
         <load_address>0x20000dac</load_address>
         <run_address>0x20000dac</run_address>
         <size>0xc</size>
         <input_file_ref idref="fl-d1"/>
      </object_component>
      <object_component id="oc-87">
         <name>.data</name>
         <load_address>0x20000ddc</load_address>
         <run_address>0x20000ddc</run_address>
         <size>0x4</size>
         <input_file_ref idref="fl-d9"/>
      </object_component>
      <object_component id="oc-2ac">
         <name>.data</name>
         <load_address>0x20000de0</load_address>
         <run_address>0x20000de0</run_address>
         <size>0x4</size>
         <input_file_ref idref="fl-dc"/>
      </object_component>
      <object_component id="oc-1b6">
         <name>.data:$O1$$</name>
         <load_address>0x20000db8</load_address>
         <run_address>0x20000db8</run_address>
         <size>0x8</size>
         <input_file_ref idref="fl-e0"/>
      </object_component>
      <object_component id="oc-1cb">
         <name>.bss:buffer</name>
         <uninitialized>true</uninitialized>
         <run_address>0x20000000</run_address>
         <size>0x3f4</size>
         <input_file_ref idref="fl-2"/>
      </object_component>
      <object_component id="oc-1ce">
         <name>.bss:holster$1</name>
         <uninitialized>true</uninitialized>
         <run_address>0x20000814</run_address>
         <size>0x68</size>
         <input_file_ref idref="fl-2"/>
      </object_component>
      <object_component id="oc-1cf">
         <name>.bss:line$2</name>
         <uninitialized>true</uninitialized>
         <run_address>0x2000087c</run_address>
         <size>0x68</size>
         <input_file_ref idref="fl-2"/>
      </object_component>
      <object_component id="oc-14b">
         <name>.bss:stringBuilder</name>
         <uninitialized>true</uninitialized>
         <run_address>0x200008e4</run_address>
         <size>0x68</size>
         <input_file_ref idref="fl-3"/>
      </object_component>
      <object_component id="oc-e4">
         <name>.bss:uartwriteBuffer_0</name>
         <uninitialized>true</uninitialized>
         <run_address>0x20000604</run_address>
         <size>0x108</size>
         <input_file_ref idref="fl-8"/>
      </object_component>
      <object_component id="oc-f9">
         <name>.bss:uartreadBuffer_0</name>
         <uninitialized>true</uninitialized>
         <run_address>0x200003f4</run_address>
         <size>0x108</size>
         <input_file_ref idref="fl-8"/>
      </object_component>
      <object_component id="oc-e7">
         <name>.bss:uartwriteBuffer_4</name>
         <uninitialized>true</uninitialized>
         <run_address>0x2000070c</run_address>
         <size>0x108</size>
         <input_file_ref idref="fl-8"/>
      </object_component>
      <object_component id="oc-ea">
         <name>.bss:uartreadBuffer_4</name>
         <uninitialized>true</uninitialized>
         <run_address>0x200004fc</run_address>
         <size>0x108</size>
         <input_file_ref idref="fl-8"/>
      </object_component>
      <object_component id="oc-109">
         <name>.bss:message$1</name>
         <uninitialized>true</uninitialized>
         <run_address>0x2000094c</run_address>
         <size>0x54</size>
         <input_file_ref idref="fl-8"/>
      </object_component>
      <object_component id="oc-a4">
         <name>.common:SYS_CLK_FREQ_ACTUAL</name>
         <uninitialized>true</uninitialized>
         <run_address>0x200009a0</run_address>
         <size>0x4</size>
      </object_component>
      <object_component id="oc-2a">
         <name>.stack</name>
         <uninitialized>true</uninitialized>
         <run_address>0x200009a4</run_address>
         <size>0x0</size>
         <input_file_ref idref="fl-cc"/>
      </object_component>
      <object_component id="oc-41f">
         <name>.stack</name>
         <uninitialized>true</uninitialized>
         <run_address>0x200009a4</run_address>
         <size>0x0</size>
      </object_component>
      <object_component id="oc-1f8">
         <name>.debug_info</name>
         <load_address>0x0</load_address>
         <run_address>0x0</run_address>
         <size>0x4f1</size>
         <input_file_ref idref="fl-2"/>
      </object_component>
      <object_component id="oc-1ef">
         <name>.debug_info</name>
         <load_address>0x4f1</load_address>
         <run_address>0x4f1</run_address>
         <size>0xcf</size>
         <input_file_ref idref="fl-2"/>
      </object_component>
      <object_component id="oc-1f2">
         <name>.debug_info</name>
         <load_address>0x5c0</load_address>
         <run_address>0x5c0</run_address>
         <size>0xc9</size>
         <input_file_ref idref="fl-2"/>
      </object_component>
      <object_component id="oc-1cc">
         <name>.debug_info</name>
         <load_address>0x689</load_address>
         <run_address>0x689</run_address>
         <size>0xcb</size>
         <input_file_ref idref="fl-2"/>
      </object_component>
      <object_component id="oc-1c9">
         <name>.debug_info</name>
         <load_address>0x754</load_address>
         <run_address>0x754</run_address>
         <size>0x107</size>
         <input_file_ref idref="fl-2"/>
      </object_component>
      <object_component id="oc-9f">
         <name>.debug_info</name>
         <load_address>0x85b</load_address>
         <run_address>0x85b</run_address>
         <size>0x8e5</size>
         <input_file_ref idref="fl-2"/>
      </object_component>
      <object_component id="oc-111">
         <name>.debug_info</name>
         <load_address>0x1140</load_address>
         <run_address>0x1140</run_address>
         <size>0x8b</size>
         <input_file_ref idref="fl-2"/>
      </object_component>
      <object_component id="oc-10c">
         <name>.debug_info</name>
         <load_address>0x11cb</load_address>
         <run_address>0x11cb</run_address>
         <size>0x18b</size>
         <input_file_ref idref="fl-2"/>
      </object_component>
      <object_component id="oc-19a">
         <name>.debug_info</name>
         <load_address>0x1356</load_address>
         <run_address>0x1356</run_address>
         <size>0x2c</size>
         <input_file_ref idref="fl-2"/>
      </object_component>
      <object_component id="oc-188">
         <name>.debug_info</name>
         <load_address>0x1382</load_address>
         <run_address>0x1382</run_address>
         <size>0x707</size>
         <input_file_ref idref="fl-3"/>
      </object_component>
      <object_component id="oc-14c">
         <name>.debug_info</name>
         <load_address>0x1a89</load_address>
         <run_address>0x1a89</run_address>
         <size>0xd9</size>
         <input_file_ref idref="fl-3"/>
      </object_component>
      <object_component id="oc-149">
         <name>.debug_info</name>
         <load_address>0x1b62</load_address>
         <run_address>0x1b62</run_address>
         <size>0xed</size>
         <input_file_ref idref="fl-3"/>
      </object_component>
      <object_component id="oc-185">
         <name>.debug_info</name>
         <load_address>0x1c4f</load_address>
         <run_address>0x1c4f</run_address>
         <size>0xcd</size>
         <input_file_ref idref="fl-3"/>
      </object_component>
      <object_component id="oc-40">
         <name>.debug_info</name>
         <load_address>0x1d1c</load_address>
         <run_address>0x1d1c</run_address>
         <size>0x7eb</size>
         <input_file_ref idref="fl-3"/>
      </object_component>
      <object_component id="oc-a5">
         <name>.debug_info</name>
         <load_address>0x2507</load_address>
         <run_address>0x2507</run_address>
         <size>0x389</size>
         <input_file_ref idref="fl-4"/>
      </object_component>
      <object_component id="oc-12f">
         <name>.debug_info</name>
         <load_address>0x2890</load_address>
         <run_address>0x2890</run_address>
         <size>0x2bc</size>
         <input_file_ref idref="fl-4"/>
      </object_component>
      <object_component id="oc-1e9">
         <name>.debug_info</name>
         <load_address>0x2b4c</load_address>
         <run_address>0x2b4c</run_address>
         <size>0x3f7</size>
         <input_file_ref idref="fl-5"/>
      </object_component>
      <object_component id="oc-34">
         <name>.debug_info</name>
         <load_address>0x2f43</load_address>
         <run_address>0x2f43</run_address>
         <size>0x1de</size>
         <input_file_ref idref="fl-6"/>
      </object_component>
      <object_component id="oc-4c">
         <name>.debug_info</name>
         <load_address>0x3121</load_address>
         <run_address>0x3121</run_address>
         <size>0x84</size>
         <input_file_ref idref="fl-6"/>
      </object_component>
      <object_component id="oc-45">
         <name>.debug_info</name>
         <load_address>0x31a5</load_address>
         <run_address>0x31a5</run_address>
         <size>0x34b</size>
         <input_file_ref idref="fl-7"/>
      </object_component>
      <object_component id="oc-10">
         <name>.debug_info</name>
         <load_address>0x34f0</load_address>
         <run_address>0x34f0</run_address>
         <size>0xea</size>
         <input_file_ref idref="fl-7"/>
      </object_component>
      <object_component id="oc-2c">
         <name>.debug_info</name>
         <load_address>0x35da</load_address>
         <run_address>0x35da</run_address>
         <size>0x26b</size>
         <input_file_ref idref="fl-7"/>
      </object_component>
      <object_component id="oc-10b">
         <name>.debug_info</name>
         <load_address>0x3845</load_address>
         <run_address>0x3845</run_address>
         <size>0x5bd</size>
         <input_file_ref idref="fl-8"/>
      </object_component>
      <object_component id="oc-e5">
         <name>.debug_info</name>
         <load_address>0x3e02</load_address>
         <run_address>0x3e02</run_address>
         <size>0xe1</size>
         <input_file_ref idref="fl-8"/>
      </object_component>
      <object_component id="oc-fa">
         <name>.debug_info</name>
         <load_address>0x3ee3</load_address>
         <run_address>0x3ee3</run_address>
         <size>0xdf</size>
         <input_file_ref idref="fl-8"/>
      </object_component>
      <object_component id="oc-e8">
         <name>.debug_info</name>
         <load_address>0x3fc2</load_address>
         <run_address>0x3fc2</run_address>
         <size>0xe1</size>
         <input_file_ref idref="fl-8"/>
      </object_component>
      <object_component id="oc-eb">
         <name>.debug_info</name>
         <load_address>0x40a3</load_address>
         <run_address>0x40a3</run_address>
         <size>0xdf</size>
         <input_file_ref idref="fl-8"/>
      </object_component>
      <object_component id="oc-39">
         <name>.debug_info</name>
         <load_address>0x4182</load_address>
         <run_address>0x4182</run_address>
         <size>0xa2e</size>
         <input_file_ref idref="fl-8"/>
      </object_component>
      <object_component id="oc-116">
         <name>.debug_info</name>
         <load_address>0x4bb0</load_address>
         <run_address>0x4bb0</run_address>
         <size>0xa5</size>
         <input_file_ref idref="fl-8"/>
      </object_component>
      <object_component id="oc-24c">
         <name>.debug_info</name>
         <load_address>0x4c55</load_address>
         <run_address>0x4c55</run_address>
         <size>0x20d</size>
         <input_file_ref idref="fl-e"/>
      </object_component>
      <object_component id="oc-202">
         <name>.debug_info</name>
         <load_address>0x4e62</load_address>
         <run_address>0x4e62</run_address>
         <size>0x230</size>
         <input_file_ref idref="fl-f"/>
      </object_component>
      <object_component id="oc-1ff">
         <name>.debug_info</name>
         <load_address>0x5092</load_address>
         <run_address>0x5092</run_address>
         <size>0x15b</size>
         <input_file_ref idref="fl-f"/>
      </object_component>
      <object_component id="oc-205">
         <name>.debug_info</name>
         <load_address>0x51ed</load_address>
         <run_address>0x51ed</run_address>
         <size>0x2b3</size>
         <input_file_ref idref="fl-f"/>
      </object_component>
      <object_component id="oc-20b">
         <name>.debug_info</name>
         <load_address>0x54a0</load_address>
         <run_address>0x54a0</run_address>
         <size>0x316</size>
         <input_file_ref idref="fl-f"/>
      </object_component>
      <object_component id="oc-bc">
         <name>.debug_info</name>
         <load_address>0x57b6</load_address>
         <run_address>0x57b6</run_address>
         <size>0x27b</size>
         <input_file_ref idref="fl-f"/>
      </object_component>
      <object_component id="oc-150">
         <name>.debug_info</name>
         <load_address>0x5a31</load_address>
         <run_address>0x5a31</run_address>
         <size>0x27d</size>
         <input_file_ref idref="fl-f"/>
      </object_component>
      <object_component id="oc-2bd">
         <name>.debug_info</name>
         <load_address>0x5cae</load_address>
         <run_address>0x5cae</run_address>
         <size>0x279</size>
         <input_file_ref idref="fl-f"/>
      </object_component>
      <object_component id="oc-b5">
         <name>.debug_info</name>
         <load_address>0x5f27</load_address>
         <run_address>0x5f27</run_address>
         <size>0x280</size>
         <input_file_ref idref="fl-f"/>
      </object_component>
      <object_component id="oc-225">
         <name>.debug_info</name>
         <load_address>0x61a7</load_address>
         <run_address>0x61a7</run_address>
         <size>0x20e</size>
         <input_file_ref idref="fl-10"/>
      </object_component>
      <object_component id="oc-222">
         <name>.debug_info</name>
         <load_address>0x63b5</load_address>
         <run_address>0x63b5</run_address>
         <size>0x210</size>
         <input_file_ref idref="fl-10"/>
      </object_component>
      <object_component id="oc-253">
         <name>.debug_info</name>
         <load_address>0x65c5</load_address>
         <run_address>0x65c5</run_address>
         <size>0x23e</size>
         <input_file_ref idref="fl-10"/>
      </object_component>
      <object_component id="oc-da">
         <name>.debug_info</name>
         <load_address>0x6803</load_address>
         <run_address>0x6803</run_address>
         <size>0x268</size>
         <input_file_ref idref="fl-10"/>
      </object_component>
      <object_component id="oc-3a8">
         <name>.debug_info</name>
         <load_address>0x6a6b</load_address>
         <run_address>0x6a6b</run_address>
         <size>0x1ed</size>
         <input_file_ref idref="fl-11"/>
      </object_component>
      <object_component id="oc-2cf">
         <name>.debug_info</name>
         <load_address>0x6c58</load_address>
         <run_address>0x6c58</run_address>
         <size>0x2f6</size>
         <input_file_ref idref="fl-11"/>
      </object_component>
      <object_component id="oc-2e1">
         <name>.debug_info</name>
         <load_address>0x6f4e</load_address>
         <run_address>0x6f4e</run_address>
         <size>0x2dd</size>
         <input_file_ref idref="fl-11"/>
      </object_component>
      <object_component id="oc-2d5">
         <name>.debug_info</name>
         <load_address>0x722b</load_address>
         <run_address>0x722b</run_address>
         <size>0x2c4</size>
         <input_file_ref idref="fl-11"/>
      </object_component>
      <object_component id="oc-2c9">
         <name>.debug_info</name>
         <load_address>0x74ef</load_address>
         <run_address>0x74ef</run_address>
         <size>0x2b6</size>
         <input_file_ref idref="fl-11"/>
      </object_component>
      <object_component id="oc-2e7">
         <name>.debug_info</name>
         <load_address>0x77a5</load_address>
         <run_address>0x77a5</run_address>
         <size>0x280</size>
         <input_file_ref idref="fl-11"/>
      </object_component>
      <object_component id="oc-2da">
         <name>.debug_info</name>
         <load_address>0x7a25</load_address>
         <run_address>0x7a25</run_address>
         <size>0x276</size>
         <input_file_ref idref="fl-11"/>
      </object_component>
      <object_component id="oc-2c2">
         <name>.debug_info</name>
         <load_address>0x7c9b</load_address>
         <run_address>0x7c9b</run_address>
         <size>0x2b3</size>
         <input_file_ref idref="fl-11"/>
      </object_component>
      <object_component id="oc-2b6">
         <name>.debug_info</name>
         <load_address>0x7f4e</load_address>
         <run_address>0x7f4e</run_address>
         <size>0x280</size>
         <input_file_ref idref="fl-11"/>
      </object_component>
      <object_component id="oc-1fc">
         <name>.debug_info</name>
         <load_address>0x81ce</load_address>
         <run_address>0x81ce</run_address>
         <size>0x298</size>
         <input_file_ref idref="fl-12"/>
      </object_component>
      <object_component id="oc-374">
         <name>.debug_info</name>
         <load_address>0x8466</load_address>
         <run_address>0x8466</run_address>
         <size>0x14d</size>
         <input_file_ref idref="fl-12"/>
      </object_component>
      <object_component id="oc-377">
         <name>.debug_info</name>
         <load_address>0x85b3</load_address>
         <run_address>0x85b3</run_address>
         <size>0x159</size>
         <input_file_ref idref="fl-12"/>
      </object_component>
      <object_component id="oc-3d8">
         <name>.debug_info</name>
         <load_address>0x870c</load_address>
         <run_address>0x870c</run_address>
         <size>0x153</size>
         <input_file_ref idref="fl-12"/>
      </object_component>
      <object_component id="oc-37a">
         <name>.debug_info</name>
         <load_address>0x885f</load_address>
         <run_address>0x885f</run_address>
         <size>0x160</size>
         <input_file_ref idref="fl-12"/>
      </object_component>
      <object_component id="oc-af">
         <name>.debug_info</name>
         <load_address>0x89bf</load_address>
         <run_address>0x89bf</run_address>
         <size>0x27f</size>
         <input_file_ref idref="fl-12"/>
      </object_component>
      <object_component id="oc-a9">
         <name>.debug_info</name>
         <load_address>0x8c3e</load_address>
         <run_address>0x8c3e</run_address>
         <size>0x27d</size>
         <input_file_ref idref="fl-12"/>
      </object_component>
      <object_component id="oc-369">
         <name>.debug_info</name>
         <load_address>0x8ebb</load_address>
         <run_address>0x8ebb</run_address>
         <size>0x270</size>
         <input_file_ref idref="fl-12"/>
      </object_component>
      <object_component id="oc-36f">
         <name>.debug_info</name>
         <load_address>0x912b</load_address>
         <run_address>0x912b</run_address>
         <size>0x2ba</size>
         <input_file_ref idref="fl-12"/>
      </object_component>
      <object_component id="oc-247">
         <name>.debug_info</name>
         <load_address>0x93e5</load_address>
         <run_address>0x93e5</run_address>
         <size>0x47f</size>
         <input_file_ref idref="fl-12"/>
      </object_component>
      <object_component id="oc-2f7">
         <name>.debug_info</name>
         <load_address>0x9864</load_address>
         <run_address>0x9864</run_address>
         <size>0x5f</size>
         <input_file_ref idref="fl-12"/>
      </object_component>
      <object_component id="oc-1bf">
         <name>.debug_info</name>
         <load_address>0x98c3</load_address>
         <run_address>0x98c3</run_address>
         <size>0x19d</size>
         <input_file_ref idref="fl-13"/>
      </object_component>
      <object_component id="oc-8d">
         <name>.debug_info</name>
         <load_address>0x9a60</load_address>
         <run_address>0x9a60</run_address>
         <size>0x261</size>
         <input_file_ref idref="fl-13"/>
      </object_component>
      <object_component id="oc-9a">
         <name>.debug_info</name>
         <load_address>0x9cc1</load_address>
         <run_address>0x9cc1</run_address>
         <size>0x227</size>
         <input_file_ref idref="fl-13"/>
      </object_component>
      <object_component id="oc-94">
         <name>.debug_info</name>
         <load_address>0x9ee8</load_address>
         <run_address>0x9ee8</run_address>
         <size>0x221</size>
         <input_file_ref idref="fl-13"/>
      </object_component>
      <object_component id="oc-236">
         <name>.debug_info</name>
         <load_address>0xa109</load_address>
         <run_address>0xa109</run_address>
         <size>0x223</size>
         <input_file_ref idref="fl-14"/>
      </object_component>
      <object_component id="oc-135">
         <name>.debug_info</name>
         <load_address>0xa32c</load_address>
         <run_address>0xa32c</run_address>
         <size>0x28a</size>
         <input_file_ref idref="fl-14"/>
      </object_component>
      <object_component id="oc-180">
         <name>.debug_info</name>
         <load_address>0xa5b6</load_address>
         <run_address>0xa5b6</run_address>
         <size>0x290</size>
         <input_file_ref idref="fl-14"/>
      </object_component>
      <object_component id="oc-174">
         <name>.debug_info</name>
         <load_address>0xa846</load_address>
         <run_address>0xa846</run_address>
         <size>0x2c2</size>
         <input_file_ref idref="fl-14"/>
      </object_component>
      <object_component id="oc-16d">
         <name>.debug_info</name>
         <load_address>0xab08</load_address>
         <run_address>0xab08</run_address>
         <size>0x2ba</size>
         <input_file_ref idref="fl-14"/>
      </object_component>
      <object_component id="oc-11c">
         <name>.debug_info</name>
         <load_address>0xadc2</load_address>
         <run_address>0xadc2</run_address>
         <size>0x284</size>
         <input_file_ref idref="fl-14"/>
      </object_component>
      <object_component id="oc-167">
         <name>.debug_info</name>
         <load_address>0xb046</load_address>
         <run_address>0xb046</run_address>
         <size>0x294</size>
         <input_file_ref idref="fl-14"/>
      </object_component>
      <object_component id="oc-122">
         <name>.debug_info</name>
         <load_address>0xb2da</load_address>
         <run_address>0xb2da</run_address>
         <size>0x292</size>
         <input_file_ref idref="fl-14"/>
      </object_component>
      <object_component id="oc-179">
         <name>.debug_info</name>
         <load_address>0xb56c</load_address>
         <run_address>0xb56c</run_address>
         <size>0x27f</size>
         <input_file_ref idref="fl-14"/>
      </object_component>
      <object_component id="oc-161">
         <name>.debug_info</name>
         <load_address>0xb7eb</load_address>
         <run_address>0xb7eb</run_address>
         <size>0x2c4</size>
         <input_file_ref idref="fl-14"/>
      </object_component>
      <object_component id="oc-15b">
         <name>.debug_info</name>
         <load_address>0xbaaf</load_address>
         <run_address>0xbaaf</run_address>
         <size>0x28c</size>
         <input_file_ref idref="fl-14"/>
      </object_component>
      <object_component id="oc-155">
         <name>.debug_info</name>
         <load_address>0xbd3b</load_address>
         <run_address>0xbd3b</run_address>
         <size>0x296</size>
         <input_file_ref idref="fl-14"/>
      </object_component>
      <object_component id="oc-21d">
         <name>.debug_info</name>
         <load_address>0xbfd1</load_address>
         <run_address>0xbfd1</run_address>
         <size>0x227</size>
         <input_file_ref idref="fl-15"/>
      </object_component>
      <object_component id="oc-ee">
         <name>.debug_info</name>
         <load_address>0xc1f8</load_address>
         <run_address>0xc1f8</run_address>
         <size>0x27f</size>
         <input_file_ref idref="fl-15"/>
      </object_component>
      <object_component id="oc-d3">
         <name>.debug_info</name>
         <load_address>0xc477</load_address>
         <run_address>0xc477</run_address>
         <size>0x28f</size>
         <input_file_ref idref="fl-15"/>
      </object_component>
      <object_component id="oc-f4">
         <name>.debug_info</name>
         <load_address>0xc706</load_address>
         <run_address>0xc706</run_address>
         <size>0x28d</size>
         <input_file_ref idref="fl-15"/>
      </object_component>
      <object_component id="oc-cd">
         <name>.debug_info</name>
         <load_address>0xc993</load_address>
         <run_address>0xc993</run_address>
         <size>0x2cf</size>
         <input_file_ref idref="fl-15"/>
      </object_component>
      <object_component id="oc-c7">
         <name>.debug_info</name>
         <load_address>0xcc62</load_address>
         <run_address>0xcc62</run_address>
         <size>0x24f</size>
         <input_file_ref idref="fl-15"/>
      </object_component>
      <object_component id="oc-217">
         <name>.debug_info</name>
         <load_address>0xceb1</load_address>
         <run_address>0xceb1</run_address>
         <size>0x247</size>
         <input_file_ref idref="fl-15"/>
      </object_component>
      <object_component id="oc-211">
         <name>.debug_info</name>
         <load_address>0xd0f8</load_address>
         <run_address>0xd0f8</run_address>
         <size>0x249</size>
         <input_file_ref idref="fl-15"/>
      </object_component>
      <object_component id="oc-c1">
         <name>.debug_info</name>
         <load_address>0xd341</load_address>
         <run_address>0xd341</run_address>
         <size>0x326</size>
         <input_file_ref idref="fl-15"/>
      </object_component>
      <object_component id="oc-103">
         <name>.debug_info</name>
         <load_address>0xd667</load_address>
         <run_address>0xd667</run_address>
         <size>0x253</size>
         <input_file_ref idref="fl-15"/>
      </object_component>
      <object_component id="oc-df">
         <name>.debug_info</name>
         <load_address>0xd8ba</load_address>
         <run_address>0xd8ba</run_address>
         <size>0x28d</size>
         <input_file_ref idref="fl-15"/>
      </object_component>
      <object_component id="oc-fd">
         <name>.debug_info</name>
         <load_address>0xdb47</load_address>
         <run_address>0xdb47</run_address>
         <size>0x263</size>
         <input_file_ref idref="fl-15"/>
      </object_component>
      <object_component id="oc-381">
         <name>.debug_info</name>
         <load_address>0xddaa</load_address>
         <run_address>0xddaa</run_address>
         <size>0x212</size>
         <input_file_ref idref="fl-16"/>
      </object_component>
      <object_component id="oc-25">
         <name>.debug_info</name>
         <load_address>0xdfbc</load_address>
         <run_address>0xdfbc</run_address>
         <size>0x160</size>
         <input_file_ref idref="fl-cc"/>
      </object_component>
      <object_component id="oc-190">
         <name>.debug_info</name>
         <load_address>0xe11c</load_address>
         <run_address>0xe11c</run_address>
         <size>0x293</size>
         <input_file_ref idref="fl-cd"/>
      </object_component>
      <object_component id="oc-14">
         <name>.debug_info</name>
         <load_address>0xe3af</load_address>
         <run_address>0xe3af</run_address>
         <size>0x245</size>
         <input_file_ref idref="fl-cd"/>
      </object_component>
      <object_component id="oc-47">
         <name>.debug_info</name>
         <load_address>0xe5f4</load_address>
         <run_address>0xe5f4</run_address>
         <size>0x60</size>
         <input_file_ref idref="fl-cd"/>
      </object_component>
      <object_component id="oc-18b">
         <name>.debug_info</name>
         <load_address>0xe654</load_address>
         <run_address>0xe654</run_address>
         <size>0x46</size>
         <input_file_ref idref="fl-cd"/>
      </object_component>
      <object_component id="oc-5c">
         <name>.debug_info</name>
         <load_address>0xe69a</load_address>
         <run_address>0xe69a</run_address>
         <size>0x2da</size>
         <input_file_ref idref="fl-ce"/>
      </object_component>
      <object_component id="oc-19">
         <name>.debug_info</name>
         <load_address>0xe974</load_address>
         <run_address>0xe974</run_address>
         <size>0x1df</size>
         <input_file_ref idref="fl-ce"/>
      </object_component>
      <object_component id="oc-57">
         <name>.debug_info</name>
         <load_address>0xeb53</load_address>
         <run_address>0xeb53</run_address>
         <size>0x46</size>
         <input_file_ref idref="fl-ce"/>
      </object_component>
      <object_component id="oc-192">
         <name>.debug_info</name>
         <load_address>0xeb99</load_address>
         <run_address>0xeb99</run_address>
         <size>0x2c</size>
         <input_file_ref idref="fl-ce"/>
      </object_component>
      <object_component id="oc-68">
         <name>.debug_info</name>
         <load_address>0xebc5</load_address>
         <run_address>0xebc5</run_address>
         <size>0x2c9</size>
         <input_file_ref idref="fl-cf"/>
      </object_component>
      <object_component id="oc-22">
         <name>.debug_info</name>
         <load_address>0xee8e</load_address>
         <run_address>0xee8e</run_address>
         <size>0x1aa</size>
         <input_file_ref idref="fl-cf"/>
      </object_component>
      <object_component id="oc-63">
         <name>.debug_info</name>
         <load_address>0xf038</load_address>
         <run_address>0xf038</run_address>
         <size>0x46</size>
         <input_file_ref idref="fl-cf"/>
      </object_component>
      <object_component id="oc-1f5">
         <name>.debug_info</name>
         <load_address>0xf07e</load_address>
         <run_address>0xf07e</run_address>
         <size>0xf3</size>
         <input_file_ref idref="fl-d0"/>
      </object_component>
      <object_component id="oc-1ba">
         <name>.debug_info</name>
         <load_address>0xf171</load_address>
         <run_address>0xf171</run_address>
         <size>0x3ce</size>
         <input_file_ref idref="fl-d1"/>
      </object_component>
      <object_component id="oc-1b4">
         <name>.debug_info</name>
         <load_address>0xf53f</load_address>
         <run_address>0xf53f</run_address>
         <size>0x185</size>
         <input_file_ref idref="fl-d1"/>
      </object_component>
      <object_component id="oc-84">
         <name>.debug_info</name>
         <load_address>0xf6c4</load_address>
         <run_address>0xf6c4</run_address>
         <size>0x214</size>
         <input_file_ref idref="fl-d1"/>
      </object_component>
      <object_component id="oc-13f">
         <name>.debug_info</name>
         <load_address>0xf8d8</load_address>
         <run_address>0xf8d8</run_address>
         <size>0x132</size>
         <input_file_ref idref="fl-d2"/>
      </object_component>
      <object_component id="oc-144">
         <name>.debug_info</name>
         <load_address>0xfa0a</load_address>
         <run_address>0xfa0a</run_address>
         <size>0x126</size>
         <input_file_ref idref="fl-d3"/>
      </object_component>
      <object_component id="oc-54">
         <name>.debug_info</name>
         <load_address>0xfb30</load_address>
         <run_address>0xfb30</run_address>
         <size>0x111</size>
         <input_file_ref idref="fl-d4"/>
      </object_component>
      <object_component id="oc-5e">
         <name>.debug_info</name>
         <load_address>0xfc41</load_address>
         <run_address>0xfc41</run_address>
         <size>0x13f</size>
         <input_file_ref idref="fl-d5"/>
      </object_component>
      <object_component id="oc-6b">
         <name>.debug_info</name>
         <load_address>0xfd80</load_address>
         <run_address>0xfd80</run_address>
         <size>0x138</size>
         <input_file_ref idref="fl-d6"/>
      </object_component>
      <object_component id="oc-70">
         <name>.debug_info</name>
         <load_address>0xfeb8</load_address>
         <run_address>0xfeb8</run_address>
         <size>0x148</size>
         <input_file_ref idref="fl-d7"/>
      </object_component>
      <object_component id="oc-23f">
         <name>.debug_info</name>
         <load_address>0x10000</load_address>
         <run_address>0x10000</run_address>
         <size>0x355</size>
         <input_file_ref idref="fl-d8"/>
      </object_component>
      <object_component id="oc-12b">
         <name>.debug_info</name>
         <load_address>0x10355</load_address>
         <run_address>0x10355</run_address>
         <size>0x2e4</size>
         <input_file_ref idref="fl-d8"/>
      </object_component>
      <object_component id="oc-360">
         <name>.debug_info</name>
         <load_address>0x10639</load_address>
         <run_address>0x10639</run_address>
         <size>0x2c</size>
         <input_file_ref idref="fl-d8"/>
      </object_component>
      <object_component id="oc-240">
         <name>.debug_info</name>
         <load_address>0x10665</load_address>
         <run_address>0x10665</run_address>
         <size>0x4e</size>
         <input_file_ref idref="fl-d8"/>
      </object_component>
      <object_component id="oc-88">
         <name>.debug_info</name>
         <load_address>0x106b3</load_address>
         <run_address>0x106b3</run_address>
         <size>0x109</size>
         <input_file_ref idref="fl-d9"/>
      </object_component>
      <object_component id="oc-2b2">
         <name>.debug_info</name>
         <load_address>0x107bc</load_address>
         <run_address>0x107bc</run_address>
         <size>0x27f</size>
         <input_file_ref idref="fl-da"/>
      </object_component>
      <object_component id="oc-1dd">
         <name>.debug_info</name>
         <load_address>0x10a3b</load_address>
         <run_address>0x10a3b</run_address>
         <size>0x258</size>
         <input_file_ref idref="fl-da"/>
      </object_component>
      <object_component id="oc-296">
         <name>.debug_info</name>
         <load_address>0x10c93</load_address>
         <run_address>0x10c93</run_address>
         <size>0x28a</size>
         <input_file_ref idref="fl-db"/>
      </object_component>
      <object_component id="oc-1c3">
         <name>.debug_info</name>
         <load_address>0x10f1d</load_address>
         <run_address>0x10f1d</run_address>
         <size>0x231</size>
         <input_file_ref idref="fl-db"/>
      </object_component>
      <object_component id="oc-2b0">
         <name>.debug_info</name>
         <load_address>0x1114e</load_address>
         <run_address>0x1114e</run_address>
         <size>0x2df</size>
         <input_file_ref idref="fl-dc"/>
      </object_component>
      <object_component id="oc-2ad">
         <name>.debug_info</name>
         <load_address>0x1142d</load_address>
         <run_address>0x1142d</run_address>
         <size>0xfa</size>
         <input_file_ref idref="fl-dc"/>
      </object_component>
      <object_component id="oc-1d7">
         <name>.debug_info</name>
         <load_address>0x11527</load_address>
         <run_address>0x11527</run_address>
         <size>0x1a0</size>
         <input_file_ref idref="fl-dc"/>
      </object_component>
      <object_component id="oc-2b4">
         <name>.debug_info</name>
         <load_address>0x116c7</load_address>
         <run_address>0x116c7</run_address>
         <size>0x2dc</size>
         <input_file_ref idref="fl-dd"/>
      </object_component>
      <object_component id="oc-1e4">
         <name>.debug_info</name>
         <load_address>0x119a3</load_address>
         <run_address>0x119a3</run_address>
         <size>0x267</size>
         <input_file_ref idref="fl-dd"/>
      </object_component>
      <object_component id="oc-29f">
         <name>.debug_info</name>
         <load_address>0x11c0a</load_address>
         <run_address>0x11c0a</run_address>
         <size>0x2ab</size>
         <input_file_ref idref="fl-de"/>
      </object_component>
      <object_component id="oc-1d1">
         <name>.debug_info</name>
         <load_address>0x11eb5</load_address>
         <run_address>0x11eb5</run_address>
         <size>0x149</size>
[...]
         <name>g_pfnVectors</name>
         <value>0x0</value>
         <object_component_ref idref="oc-f"/>
      </symbol>
      <symbol id="sm-23a">
         <name>UARTPrint_i32</name>
         <value>0x19f5</value>
         <object_component_ref idref="oc-37"/>
      </symbol>
      <symbol id="sm-23b">
         <name>UARTTransferGPSData</name>
         <value>0x1df9</value>
         <object_component_ref idref="oc-37"/>
      </symbol>
      <symbol id="sm-23c">
         <name>UARTGetch</name>
         <value>0x1c09</value>
         <object_component_ref idref="oc-37"/>
      </symbol>
      <symbol id="sm-23d">
         <name>UARTPrint</name>
         <value>0x19d5</value>
         <object_component_ref idref="oc-37"/>
      </symbol>
      <symbol id="sm-23e">
         <name>UARTInit</name>
         <value>0x1a67</value>
         <object_component_ref idref="oc-37"/>
      </symbol>
      <symbol id="sm-23f">
         <name>uartHasData</name>
         <value>0x1be3</value>
         <object_component_ref idref="oc-37"/>
      </symbol>
      <symbol id="sm-240">
         <name>UARTPutch</name>
         <value>0x1b45</value>
         <object_component_ref idref="oc-37"/>
      </symbol>
      <symbol id="sm-241">
         <name>ISR_UART0</name>
         <value>0x1c59</value>
         <object_component_ref idref="oc-37"/>
      </symbol>
      <symbol id="sm-242">
         <name>ISR_UART4</name>
         <value>0x1d35</value>
         <object_component_ref idref="oc-37"/>
      </symbol>
      <symbol id="sm-24e">
         <name>FPUEnable</name>
         <value>0x3bfd</value>
         <object_component_ref idref="oc-24b"/>
      </symbol>
      <symbol id="sm-290">
         <name>GPIOPinTypePWM</name>
         <value>0x3b7d</value>
         <object_component_ref idref="oc-2bb"/>
      </symbol>
      <symbol id="sm-291">
         <name>GPIOPinConfigure</name>
         <value>0x3705</value>
         <object_component_ref idref="oc-b4"/>
      </symbol>
      <symbol id="sm-292">
         <name>GPIOPinTypeUART</name>
         <value>0x3ba1</value>
         <object_component_ref idref="oc-ba"/>
      </symbol>
      <symbol id="sm-293">
         <name>GPIODirModeSet</name>
         <value>0x392d</value>
         <object_component_ref idref="oc-203"/>
      </symbol>
      <symbol id="sm-294">
         <name>GPIOPadConfigSet</name>
         <value>0x2c39</value>
         <object_component_ref idref="oc-209"/>
      </symbol>
      <symbol id="sm-295">
         <name>GPIOPinTypeTimer</name>
         <value>0x3b8f</value>
         <object_component_ref idref="oc-14e"/>
      </symbol>
      <symbol id="sm-2c5">
         <name>IntEnable</name>
         <value>0x337d</value>
         <object_component_ref idref="oc-d8"/>
      </symbol>
      <symbol id="sm-2c6">
         <name>IntMasterEnable</name>
         <value>0x3c0d</value>
         <object_component_ref idref="oc-251"/>
      </symbol>
      <symbol id="sm-30d">
         <name>PWMGenPeriodSet</name>
         <value>0x3c1d</value>
         <object_component_ref idref="oc-2c7"/>
      </symbol>
      <symbol id="sm-30e">
         <name>PWMClockSet</name>
         <value>0x3add</value>
         <object_component_ref idref="oc-2b5"/>
      </symbol>
      <symbol id="sm-30f">
         <name>PWMPulseWidthSet</name>
         <value>0x3a47</value>
         <object_component_ref idref="oc-2cd"/>
      </symbol>
      <symbol id="sm-310">
         <name>PWMGenPeriodGet</name>
         <value>0x3bb3</value>
         <object_component_ref idref="oc-2e5"/>
      </symbol>
      <symbol id="sm-311">
         <name>PWMOutputState</name>
         <value>0x3bc5</value>
         <object_component_ref idref="oc-2d3"/>
      </symbol>
      <symbol id="sm-312">
         <name>PWMGenEnable</name>
         <value>0x3c9f</value>
         <object_component_ref idref="oc-2d9"/>
      </symbol>
      <symbol id="sm-313">
         <name>PWMGenConfigure</name>
         <value>0x39a5</value>
         <object_component_ref idref="oc-2c1"/>
      </symbol>
      <symbol id="sm-314">
         <name>PWMPulseWidthGet</name>
         <value>0x3a29</value>
         <object_component_ref idref="oc-2df"/>
      </symbol>
      <symbol id="sm-38c">
         <name>SysCtlPeripheralEnable</name>
         <value>0x389d</value>
         <object_component_ref idref="oc-a8"/>
      </symbol>
      <symbol id="sm-38d">
         <name>SysCtlPeripheralReady</name>
         <value>0x3865</value>
         <object_component_ref idref="oc-ae"/>
      </symbol>
      <symbol id="sm-38e">
         <name>SysCtlClockFreqSet</name>
         <value>0x262d</value>
         <object_component_ref idref="oc-245"/>
      </symbol>
      <symbol id="sm-3b1">
         <name>SysTickEnable</name>
         <value>0x3af1</value>
         <object_component_ref idref="oc-92"/>
      </symbol>
      <symbol id="sm-3b2">
         <name>SysTickIntEnable</name>
         <value>0x3b05</value>
         <object_component_ref idref="oc-98"/>
      </symbol>
      <symbol id="sm-3b3">
         <name>SysTickPeriodSet</name>
         <value>0x3c2d</value>
         <object_component_ref idref="oc-8c"/>
      </symbol>
      <symbol id="sm-417">
         <name>TimerLoadSet</name>
         <value>0x3bd7</value>
         <object_component_ref idref="oc-16c"/>
      </symbol>
      <symbol id="sm-418">
         <name>TimerEnable</name>
         <value>0x3c4d</value>
         <object_component_ref idref="oc-178"/>
      </symbol>
      <symbol id="sm-419">
         <name>TimerIntStatus</name>
         <value>0x3cc3</value>
         <object_component_ref idref="oc-11b"/>
      </symbol>
      <symbol id="sm-41a">
         <name>TimerValueGet</name>
         <value>0x3ccd</value>
         <object_component_ref idref="oc-133"/>
      </symbol>
      <symbol id="sm-41b">
         <name>TimerPrescaleSet</name>
         <value>0x3be9</value>
         <object_component_ref idref="oc-172"/>
      </symbol>
      <symbol id="sm-41c">
         <name>TimerIntEnable</name>
         <value>0x3ceb</value>
         <object_component_ref idref="oc-166"/>
      </symbol>
      <symbol id="sm-41d">
         <name>TimerClockSourceSet</name>
         <value>0x3cfb</value>
         <object_component_ref idref="oc-154"/>
      </symbol>
      <symbol id="sm-41e">
         <name>TimerConfigure</name>
         <value>0x34b1</value>
         <object_component_ref idref="oc-15a"/>
      </symbol>
      <symbol id="sm-41f">
         <name>TimerControlEvent</name>
         <value>0x3ab1</value>
         <object_component_ref idref="oc-160"/>
      </symbol>
      <symbol id="sm-420">
         <name>TimerIntClear</name>
         <value>0x3d07</value>
         <object_component_ref idref="oc-121"/>
      </symbol>
      <symbol id="sm-421">
         <name>TimerSynchronize</name>
         <value>0x3d0b</value>
         <object_component_ref idref="oc-17e"/>
      </symbol>
      <symbol id="sm-482">
         <name>UARTCharPutNonBlocking</name>
         <value>0x3c69</value>
         <object_component_ref idref="oc-de"/>
      </symbol>
      <symbol id="sm-483">
         <name>UARTConfigSetExpClk</name>
         <value>0x37dd</value>
         <object_component_ref idref="oc-c0"/>
      </symbol>
      <symbol id="sm-484">
         <name>UARTDisable</name>
         <value>0x39c9</value>
         <object_component_ref idref="oc-210"/>
      </symbol>
      <symbol id="sm-485">
         <name>UARTIntEnable</name>
         <value>0x3cf3</value>
         <object_component_ref idref="oc-d2"/>
      </symbol>
      <symbol id="sm-486">
         <name>UARTCharsAvail</name>
         <value>0x3c77</value>
         <object_component_ref idref="oc-102"/>
      </symbol>
      <symbol id="sm-487">
         <name>UARTCharGetNonBlocking</name>
         <value>0x3c5b</value>
         <object_component_ref idref="oc-fc"/>
      </symbol>
      <symbol id="sm-488">
         <name>UARTEnable</name>
         <value>0x3b19</value>
         <object_component_ref idref="oc-216"/>
      </symbol>
      <symbol id="sm-489">
         <name>UARTFIFOEnable</name>
         <value>0x3cd7</value>
         <object_component_ref idref="oc-c6"/>
      </symbol>
      <symbol id="sm-48a">
         <name>UARTIntClear</name>
         <value>0x3d0f</value>
         <object_component_ref idref="oc-f3"/>
      </symbol>
      <symbol id="sm-48b">
         <name>UARTIntStatus</name>
         <value>0x3ce1</value>
         <object_component_ref idref="oc-ed"/>
      </symbol>
      <symbol id="sm-48c">
         <name>UARTFIFOLevelSet</name>
         <value>0x3d01</value>
         <object_component_ref idref="oc-cc"/>
      </symbol>
      <symbol id="sm-496">
         <name>CPUcpsie</name>
         <value>0x3c93</value>
         <object_component_ref idref="oc-37e"/>
      </symbol>
      <symbol id="sm-4a7">
         <name>_c_int00</name>
         <value>0x3571</value>
         <object_component_ref idref="oc-24"/>
      </symbol>
      <symbol id="sm-4a8">
         <name>__stack</name>
         <value>0x200009a4</value>
         <object_component_ref idref="oc-2a"/>
      </symbol>
      <symbol id="sm-4c6">
         <name>__TI_decompress_lzss</name>
         <value>0x33e5</value>
         <object_component_ref idref="oc-12"/>
      </symbol>
      <symbol id="sm-4dd">
         <name>__TI_decompress_none</name>
         <value>0x3c85</value>
         <object_component_ref idref="oc-18"/>
      </symbol>
      <symbol id="sm-4ef">
         <name>__TI_zero_init</name>
         <value>0x3cab</value>
         <object_component_ref idref="oc-1e"/>
      </symbol>
      <symbol id="sm-4f7">
         <name>errno</name>
         <value>0x20000dd8</value>
         <object_component_ref idref="oc-1f4"/>
      </symbol>
      <symbol id="sm-518">
         <name>C$$EXIT</name>
         <value>0x35c5</value>
         <object_component_ref idref="oc-81"/>
      </symbol>
      <symbol id="sm-519">
         <name>abort</name>
         <value>0x35c9</value>
         <object_component_ref idref="oc-81"/>
      </symbol>
      <symbol id="sm-51a">
         <name>exit</name>
         <value>0x35d1</value>
         <object_component_ref idref="oc-81"/>
      </symbol>
      <symbol id="sm-51b">
         <name>__TI_dtors_ptr</name>
         <value>0x20000db0</value>
         <object_component_ref idref="oc-1b3"/>
      </symbol>
      <symbol id="sm-51c">
         <name>__TI_cleanup_ptr</name>
         <value>0x20000dac</value>
         <object_component_ref idref="oc-1b3"/>
      </symbol>
      <symbol id="sm-51d">
         <name>__TI_enable_exit_profile_output</name>
         <value>0x20000db4</value>
         <object_component_ref idref="oc-1b3"/>
      </symbol>
      <symbol id="sm-531">
         <name>__aeabi_ddiv</name>
         <value>0x29cf</value>
         <object_component_ref idref="oc-13e"/>
      </symbol>
      <symbol id="sm-53b">
         <name>__aeabi_d2iz</name>
         <value>0x3795</value>
         <object_component_ref idref="oc-143"/>
      </symbol>
      <symbol id="sm-556">
         <name>memcpy</name>
         <value>0x30e9</value>
         <object_component_ref idref="oc-51"/>
      </symbol>
      <symbol id="sm-557">
         <name>__aeabi_memcpy</name>
         <value>0x30e9</value>
         <object_component_ref idref="oc-51"/>
      </symbol>
      <symbol id="sm-558">
         <name>__aeabi_memcpy8</name>
         <value>0x30e9</value>
         <object_component_ref idref="oc-51"/>
      </symbol>
      <symbol id="sm-559">
         <name>__aeabi_memcpy4</name>
         <value>0x30e9</value>
         <object_component_ref idref="oc-51"/>
      </symbol>
      <symbol id="sm-568">
         <name>__aeabi_memset</name>
         <value>0x3293</value>
         <object_component_ref idref="oc-5d"/>
      </symbol>
      <symbol id="sm-569">
         <name>memset</name>
         <value>0x3299</value>
         <object_component_ref idref="oc-5d"/>
      </symbol>
      <symbol id="sm-56a">
         <name>__aeabi_memset8</name>
         <value>0x3293</value>
         <object_component_ref idref="oc-5d"/>
      </symbol>
      <symbol id="sm-56b">
         <name>__aeabi_memset4</name>
         <value>0x3293</value>
         <object_component_ref idref="oc-5d"/>
      </symbol>
      <symbol id="sm-56c">
         <name>__aeabi_memclr8</name>
         <value>0x3291</value>
         <object_component_ref idref="oc-5d"/>
      </symbol>
      <symbol id="sm-56d">
         <name>__aeabi_memclr4</name>
         <value>0x3291</value>
         <object_component_ref idref="oc-5d"/>
      </symbol>
      <symbol id="sm-56e">
         <name>__aeabi_memclr</name>
         <value>0x3291</value>
         <object_component_ref idref="oc-5d"/>
      </symbol>
      <symbol id="sm-578">
         <name>__mpu_init</name>
         <value>0x1347</value>
         <object_component_ref idref="oc-69"/>
      </symbol>
      <symbol id="sm-582">
         <name>_system_pre_init</name>
         <value>0x3d13</value>
         <object_component_ref idref="oc-6f"/>
      </symbol>
      <symbol id="sm-5a0">
         <name>sprintf</name>
         <value>0x3511</value>
         <object_component_ref idref="oc-127"/>
      </symbol>
      <symbol id="sm-5a8">
         <name>main_func_sp</name>
         <value>0x20000ddc</value>
         <object_component_ref idref="oc-87"/>
      </symbol>
      <symbol id="sm-5b7">
         <name>strcmp</name>
         <value>0x3a99</value>
         <object_component_ref idref="oc-1dc"/>
      </symbol>
      <symbol id="sm-5c5">
         <name>strcpy</name>
         <value>0x3b55</value>
         <object_component_ref idref="oc-1c2"/>
      </symbol>
      <symbol id="sm-5dd">
         <name>strtok</name>
         <value>0x3825</value>
         <object_component_ref idref="oc-1d6"/>
      </symbol>
      <symbol id="sm-602">
         <name>strtol</name>
         <value>0x2b05</value>
         <object_component_ref idref="oc-1e2"/>
      </symbol>
      <symbol id="sm-611">
         <name>tolower</name>
         <value>0x3c3d</value>
         <object_component_ref idref="oc-1d0"/>
      </symbol>
      <symbol id="sm-61b">
         <name>__aeabi_ui2d</name>
         <value>0x3a09</value>
         <object_component_ref idref="oc-139"/>
      </symbol>
      <symbol id="sm-634">
         <name>_nop</name>
         <value>0x3b3b</value>
         <object_component_ref idref="oc-287"/>
      </symbol>
      <symbol id="sm-635">
         <name>_lock</name>
         <value>0x20000db8</value>
         <object_component_ref idref="oc-1b6"/>
      </symbol>
      <symbol id="sm-636">
         <name>_unlock</name>
         <value>0x20000dbc</value>
         <object_component_ref idref="oc-1b6"/>
      </symbol>
      <symbol id="sm-637">
         <name>_register_lock</name>
         <value>0x3b33</value>
         <object_component_ref idref="oc-287"/>
      </symbol>
      <symbol id="sm-638">
         <name>_register_unlock</name>
         <value>0x3b2d</value>
         <object_component_ref idref="oc-287"/>
      </symbol>
      <symbol id="sm-739">
         <name>__TI_printfi</name>
         <value>0xa4d</value>
         <object_component_ref idref="oc-238"/>
      </symbol>
      <symbol id="sm-74d">
         <name>_args_main</name>
         <value>0x3a81</value>
         <object_component_ref idref="oc-7b"/>
      </symbol>
      <symbol id="sm-763">
         <name>atoi</name>
         <value>0x366d</value>
         <object_component_ref idref="oc-348"/>
      </symbol>
      <symbol id="sm-78d">
         <name>__TI_auto_init</name>
         <value>0x330d</value>
         <object_component_ref idref="oc-75"/>
      </symbol>
      <symbol id="sm-7a7">
         <name>copy_in</name>
         <value>0x36b9</value>
         <object_component_ref idref="oc-1a3"/>
      </symbol>
      <symbol id="sm-7b2">
         <name>_ctypes_</name>
         <value>0x3ec8</value>
         <object_component_ref idref="oc-29b"/>
      </symbol>
      <symbol id="sm-7c9">
         <name>__aeabi_dsub</name>
         <value>0x2819</value>
         <object_component_ref idref="oc-331"/>
      </symbol>
      <symbol id="sm-7ca">
         <name>__aeabi_dadd</name>
         <value>0x2823</value>
         <object_component_ref idref="oc-331"/>
      </symbol>
      <symbol id="sm-7ec">
         <name>__aeabi_cdcmpeq</name>
         <value>0x3185</value>
         <object_component_ref idref="oc-317"/>
      </symbol>
      <symbol id="sm-7ed">
         <name>__aeabi_cdcmple</name>
         <value>0x3185</value>
         <object_component_ref idref="oc-317"/>
      </symbol>
      <symbol id="sm-7ee">
         <name>__aeabi_cdrcmple</name>
         <value>0x320b</value>
         <object_component_ref idref="oc-321"/>
      </symbol>
      <symbol id="sm-7f9">
         <name>__aeabi_dmul</name>
         <value>0x2d6b</value>
         <object_component_ref idref="oc-31c"/>
      </symbol>
      <symbol id="sm-803">
         <name>__aeabi_i2d</name>
         <value>0x38d1</value>
         <object_component_ref idref="oc-32c"/>
      </symbol>
      <symbol id="sm-812">
         <name>ltoa</name>
         <value>0x3619</value>
         <object_component_ref idref="oc-326"/>
      </symbol>
      <symbol id="sm-822">
         <name>memccpy</name>
         <value>0x3a65</value>
         <object_component_ref idref="oc-34e"/>
      </symbol>
      <symbol id="sm-83d">
         <name>frexpl</name>
         <value>0x344d</value>
         <object_component_ref idref="oc-336"/>
      </symbol>
      <symbol id="sm-83e">
         <name>frexp</name>
         <value>0x344d</value>
         <object_component_ref idref="oc-336"/>
      </symbol>
      <symbol id="sm-85b">
         <name>scalbn</name>
         <value>0x2e69</value>
         <object_component_ref idref="oc-33c"/>
      </symbol>
      <symbol id="sm-85c">
         <name>scalbnl</name>
         <value>0x2e69</value>
         <object_component_ref idref="oc-33c"/>
      </symbol>
      <symbol id="sm-85d">
         <name>ldexpl</name>
         <value>0x2e69</value>
         <object_component_ref idref="oc-33c"/>
      </symbol>
      <symbol id="sm-85e">
         <name>ldexp</name>
         <value>0x2e69</value>
         <object_component_ref idref="oc-33c"/>
      </symbol>
      <symbol id="sm-868">
         <name>_system_post_cinit</name>
         <value>0x2e67</value>
         <object_component_ref idref="oc-1a9"/>
      </symbol>
      <symbol id="sm-878">
         <name>strchr</name>
         <value>0x3ac7</value>
         <object_component_ref idref="oc-342"/>
      </symbol>
      <symbol id="sm-889">
         <name>strcspn</name>
         <value>0x3981</value>
         <object_component_ref idref="oc-2a6"/>
      </symbol>
      <symbol id="sm-897">
         <name>strlen</name>
         <value>0x3b69</value>
         <object_component_ref idref="oc-311"/>
      </symbol>
      <symbol id="sm-8a9">
         <name>strspn</name>
         <value>0x3957</value>
         <object_component_ref idref="oc-2a0"/>
      </symbol>
      <symbol id="sm-8c5">
         <name>__aeabi_uldivmod</name>
         <value>0x2439</value>
         <object_component_ref idref="oc-30c"/>
      </symbol>
      <symbol id="sm-8cf">
         <name>copysign</name>
         <value>0x3b41</value>
         <object_component_ref idref="oc-3c2"/>
      </symbol>
      <symbol id="sm-8d0">
         <name>copysignl</name>
         <value>0x3b41</value>
         <object_component_ref idref="oc-3c2"/>
      </symbol>
      <symbol id="sm-8d1">
         <name>__TI_static_base__</name>
         <value>0x0</value>
      </symbol>
      <symbol id="sm-8d4">
         <name>SHT$$INIT_ARRAY$$Limit</name>
         <value>0x0</value>
      </symbol>
      <symbol id="sm-8d5">
         <name>SHT$$INIT_ARRAY$$Base</name>
         <value>0x0</value>
      </symbol>
   </symbol_table>
   <title>Link successful</title>
</link_info>
