******************************************************************************
                  TI ARM Linker PC v16.9.3                     
******************************************************************************
>> Linked Fri Aug 11 21:21:25 2017

OUTPUT FILE NAME:   <Cable Latency.out>
ENTRY POINT SYMBOL: "_c_int00"  address: 00003571


MEMORY CONFIGURATION

         name            origin    length      used     unused   attr    fill
----------------------  --------  ---------  --------  --------  ----  --------
  FLASH                 00000000   00100000  000042f2  000fbd0e  R  X
  SRAM                  20000000   00040000  00000de4  0003f21c  RW X


SEGMENT ALLOCATION MAP

run origin  load origin   length   init length attrs members
----------  ----------- ---------- ----------- ----- -------
00000000    00000000    000042f8   000042f8    r-x
  00000000    00000000    00000208   00000208    r-- .intvecs
  00000208    00000208    00003b0e   00003b0e    r-x .text
  00003d18    00003d18    0000057c   0000057c    r-- .const
  00004298    00004298    00000060   00000060    r-- .cinit
20000000    20000000    00000de4   00000000    rw-
  20000000    20000000    000009a4   00000000    rw- .bss
  200009a4    200009a4    000003e8   00000000    rw- .stack
  20000d8c    20000d8c    00000058   00000000    rw- .data


SECTION ALLOCATION MAP

 output                                  attributes/
section   page    origin      length       input sections
--------  ----  ----------  ----------   ----------------
.intvecs   0    00000000    00000208     
                  00000000    00000208     tm4c1294ncpdt_startup_ccs.obj (.intvecs)

.text      0    00000208    00003b0e     
                  00000208    0000113e     rtsv7M4_T_le_v4SPD16_eabi.lib : _printfi.obj (.text)
                  00001346    00000002                                   : mpu_init.obj (.text)
                  00001348    0000064c     command.obj (.text)
                  00001994    000005b8     uart_io.obj (.text)
                  00001f4c    000004ec     latency.obj (.text)
                  00002438    000001f4     rtsv7M4_T_le_v4SPD16_eabi.lib : ull_div_t2.obj (.text)
                  0000262c    000001ec     driverlib.lib : sysctl.obj (.text:SysCtlClockFreqSet)
                  00002818    000001b6     rtsv7M4_T_le_v4SPD16_eabi.lib : fd_add_t2.obj (.text)
                  000029ce    00000136                                   : fd_div_t2.obj (.text)
                  00002b04    00000134                                   : strtol.obj (.text)
                  00002c38    00000132     driverlib.lib : gpio.obj (.text:GPIOPadConfigSet)
                  00002d6a    000000fc     rtsv7M4_T_le_v4SPD16_eabi.lib : fd_mul_t2.obj (.text)
                  00002e66    00000002                                   : startup.obj (.text)
                  00002e68    000000fc                                   : s_scalbn.obj (.text)
                  00002f64    000000c4     pwm.obj (.text)
                  00003028    000000c0     main.obj (.text)
                  000030e8    0000009c     rtsv7M4_T_le_v4SPD16_eabi.lib : memcpy_t2.obj (.text)
                  00003184    00000086                                   : fd_cmp_t2.obj (.text:__aeabi_cdcmple)
                  0000320a    00000086                                   : fd_cmp_t2.obj (.text:__aeabi_cdrcmple)
                  00003290    0000007a                                   : memset_t2.obj (.text)
                  0000330a    00000002     --HOLE-- [fill = 0]
                  0000330c    00000070                                   : autoinit.obj (.text)
                  0000337c    00000068     driverlib.lib : interrupt.obj (.text:IntEnable)
                  000033e4    00000068     rtsv7M4_T_le_v4SPD16_eabi.lib : copy_decompress_lzss.obj (.text:decompress:lzss)
                  0000344c    00000064                                   : s_frexp.obj (.text)
                  000034b0    00000060     driverlib.lib : timer.obj (.text:TimerConfigure)
                  00003510    00000060     rtsv7M4_T_le_v4SPD16_eabi.lib : sprintf.obj (.text)
                  00003570    00000054                                   : boot.obj (.text)
                  000035c4    00000054                                   : exit.obj (.text)
                  00003618    00000054                                   : ltoa.obj (.text)
                  0000366c    0000004c                                   : atoi.obj (.text)
                  000036b8    0000004c                                   : cpy_tbl.obj (.text)
                  00003704    00000048     driverlib.lib : gpio.obj (.text:GPIOPinConfigure)
                  0000374c    00000048                   : sysctl.obj (.text:_SysCtlFrequencyGet)
                  00003794    00000048     rtsv7M4_T_le_v4SPD16_eabi.lib : fd_toi_t2.obj (.text)
                  000037dc    00000046     driverlib.lib : uart.obj (.text:UARTConfigSetExpClk)
                  00003822    00000002     --HOLE-- [fill = 0]
                  00003824    00000040     rtsv7M4_T_le_v4SPD16_eabi.lib : strtok.obj (.text)
                  00003864    00000038     driverlib.lib : sysctl.obj (.text:SysCtlPeripheralReady)
                  0000389c    00000034                   : sysctl.obj (.text:SysCtlPeripheralEnable)
                  000038d0    0000002e     rtsv7M4_T_le_v4SPD16_eabi.lib : i_tofd_t2.obj (.text)
                  000038fe    00000002     --HOLE-- [fill = 0]
                  00003900    0000002c     system_tick.obj (.text)
                  0000392c    0000002a     driverlib.lib : gpio.obj (.text:GPIODirModeSet)
                  00003956    0000002a     rtsv7M4_T_le_v4SPD16_eabi.lib : strspn.obj (.text)
                  00003980    00000024                                   : strcspn.obj (.text)
                  000039a4    00000022     driverlib.lib : pwm.obj (.text:PWMGenConfigure)
                  000039c6    00000002     --HOLE-- [fill = 0]
                  000039c8    00000020                   : uart.obj (.text:UARTDisable)
                  000039e8    00000020                   : sysctl.obj (.text:_SysCtlMemTimingGet)
                  00003a08    00000020     rtsv7M4_T_le_v4SPD16_eabi.lib : u_tofd_t2.obj (.text)
                  00003a28    0000001e     driverlib.lib : pwm.obj (.text:PWMPulseWidthGet)
                  00003a46    0000001e                   : pwm.obj (.text:PWMPulseWidthSet)
                  00003a64    0000001c     rtsv7M4_T_le_v4SPD16_eabi.lib : memccpy.obj (.text)
                  00003a80    00000018                                   : args_main.obj (.text)
                  00003a98    00000018                                   : strcmp.obj (.text)
                  00003ab0    00000016     driverlib.lib : timer.obj (.text:TimerControlEvent)
                  00003ac6    00000016     rtsv7M4_T_le_v4SPD16_eabi.lib : strchr.obj (.text)
                  00003adc    00000014     driverlib.lib : pwm.obj (.text:PWMClockSet)
                  00003af0    00000014                   : systick.obj (.text:SysTickEnable)
                  00003b04    00000014                   : systick.obj (.text:SysTickIntEnable)
                  00003b18    00000014                   : uart.obj (.text:UARTEnable)
                  00003b2c    00000014     rtsv7M4_T_le_v4SPD16_eabi.lib : _lock.obj (.text)
                  00003b40    00000014                                   : s_copysign.obj (.text)
                  00003b54    00000014                                   : strcpy.obj (.text)
                  00003b68    00000014                                   : strlen.obj (.text)
                  00003b7c    00000012     driverlib.lib : gpio.obj (.text:GPIOPinTypePWM)
                  00003b8e    00000012                   : gpio.obj (.text:GPIOPinTypeTimer)
                  00003ba0    00000012                   : gpio.obj (.text:GPIOPinTypeUART)
                  00003bb2    00000012                   : pwm.obj (.text:PWMGenPeriodGet)
                  00003bc4    00000012                   : pwm.obj (.text:PWMOutputState)
                  00003bd6    00000012                   : timer.obj (.text:TimerLoadSet)
                  00003be8    00000012                   : timer.obj (.text:TimerPrescaleSet)
                  00003bfa    00000002     --HOLE-- [fill = 0]
                  00003bfc    00000010                   : fpu.obj (.text:FPUEnable)
                  00003c0c    00000010                   : interrupt.obj (.text:IntMasterEnable)
                  00003c1c    00000010                   : pwm.obj (.text:PWMGenPeriodSet)
                  00003c2c    00000010                   : systick.obj (.text:SysTickPeriodSet)
                  00003c3c    00000010     rtsv7M4_T_le_v4SPD16_eabi.lib : tolower.obj (.text)
                  00003c4c    0000000e     driverlib.lib : timer.obj (.text:TimerEnable)
                  00003c5a    0000000e                   : uart.obj (.text:UARTCharGetNonBlocking)
                  00003c68    0000000e                   : uart.obj (.text:UARTCharPutNonBlocking)
                  00003c76    0000000e                   : uart.obj (.text:UARTCharsAvail)
                  00003c84    0000000e     rtsv7M4_T_le_v4SPD16_eabi.lib : copy_decompress_none.obj (.text:decompress:none)
                  00003c92    0000000c     driverlib.lib : cpu.obj (.text:CPUcpsie)
                  00003c9e    0000000c                   : pwm.obj (.text:PWMGenEnable)
                  00003caa    0000000c     rtsv7M4_T_le_v4SPD16_eabi.lib : copy_zero_init.obj (.text:decompress:ZI)
                  00003cb6    0000000c     tm4c1294ncpdt_startup_ccs.obj (.text)
                  00003cc2    0000000a     driverlib.lib : timer.obj (.text:TimerIntStatus)
                  00003ccc    0000000a                   : timer.obj (.text:TimerValueGet)
                  00003cd6    0000000a                   : uart.obj (.text:UARTFIFOEnable)
                  00003ce0    0000000a                   : uart.obj (.text:UARTIntStatus)
                  00003cea    00000008                   : timer.obj (.text:TimerIntEnable)
                  00003cf2    00000008                   : uart.obj (.text:UARTIntEnable)
                  00003cfa    00000006                   : timer.obj (.text:TimerClockSourceSet)
                  00003d00    00000006                   : uart.obj (.text:UARTFIFOLevelSet)
                  00003d06    00000004                   : timer.obj (.text:TimerIntClear)
                  00003d0a    00000004                   : timer.obj (.text:TimerSynchronize)
                  00003d0e    00000004                   : uart.obj (.text:UARTIntClear)
                  00003d12    00000004     rtsv7M4_T_le_v4SPD16_eabi.lib : pre_init.obj (.text)

.const     0    00003d18    0000057c     
                  00003d18    000001b0     driverlib.lib : sysctl.obj (.const:g_pppui32XTALtoVCO)
                  00003ec8    00000101     rtsv7M4_T_le_v4SPD16_eabi.lib : ctype.obj (.const:.string:_ctypes_)
                  00003fc9    00000003     --HOLE-- [fill = 0]
                  00003fcc    000000d0     command.obj (.const:.string)
                  0000409c    00000090     driverlib.lib : gpio.obj (.const:g_pui32GPIOBaseAddrs)
                  0000412c    00000070                   : interrupt.obj (.const)
                  0000419c    0000006c                   : sysctl.obj (.const:g_pui32Xtals)
                  00004208    00000054     latency.obj (.const:.string:$P$T0$1)
                  0000425c    00000030     driverlib.lib : sysctl.obj (.const:g_sXTALtoMEMTIM)
                  0000428c    00000008                   : sysctl.obj (.const)

.cinit     0    00004298    00000060     
                  00004298    00000036     (.cinit..data.load) [load image, compression = lzss]
                  000042ce    00000002     --HOLE-- [fill = 0]
                  000042d0    0000000c     (__TI_handler_table)
                  000042dc    00000004     --HOLE-- [fill = 0]
                  000042e0    00000008     (.cinit..bss.load) [load image, compression = zero_init]
                  000042e8    00000010     (__TI_cinit_table)

.init_array 
*          0    00000000    00000000     UNINITIALIZED

.bss       0    20000000    000009a4     UNINITIALIZED
                  20000000    000003f4     command.obj (.bss:buffer)
                  200003f4    00000108     uart_io.obj (.bss:uartreadBuffer_0)
                  200004fc    00000108     uart_io.obj (.bss:uartreadBuffer_4)
                  20000604    00000108     uart_io.obj (.bss:uartwriteBuffer_0)
                  2000070c    00000108     uart_io.obj (.bss:uartwriteBuffer_4)
                  20000814    00000068     command.obj (.bss:holster$1)
                  2000087c    00000068     command.obj (.bss:line$2)
                  200008e4    00000068     latency.obj (.bss:stringBuilder)
                  2000094c    00000054     uart_io.obj (.bss:message$1)
                  200009a0    00000004     (.common:SYS_CLK_FREQ_ACTUAL)

.stack     0    200009a4    000003e8     UNINITIALIZED
                  200009a4    000003e8     --HOLE--

.data      0    20000d8c    00000058     UNINITIALIZED
                  20000d8c    00000010     command.obj (.data:commands)
                  20000d9c    00000010     command.obj (.data:usage)
                  20000dac    0000000c     rtsv7M4_T_le_v4SPD16_eabi.lib : exit.obj (.data:$O1$$)
                  20000db8    00000008                                   : _lock.obj (.data:$O1$$)
                  20000dc0    00000008     command.obj (.data)
                  20000dc8    00000008     latency.obj (.data)
                  20000dd0    00000005     uart_io.obj (.data)
                  20000dd5    00000003     --HOLE--
                  20000dd8    00000004     rtsv7M4_T_le_v4SPD16_eabi.lib : errno.obj (.data)
                  20000ddc    00000004                                   : stkdepth_vars.obj (.data)
                  20000de0    00000004                                   : strtok.obj (.data)

MODULE SUMMARY

       Module                          code    ro data   rw data
       ------                          ----    -------   -------
    .\
       command.obj                     1612    208       1260   
       uart_io.obj                     1464    0         1145   
       latency.obj                     1260    84        112    
       tm4c1294ncpdt_startup_ccs.obj   12      520       0      
       main.obj                        192     0         4      
       pwm.obj                         196     0         0      
       system_tick.obj                 44      0         0      
    +--+-------------------------------+-------+---------+---------+
       Total:                          4780    812       2521   
                                                                
    C:/ti/TivaWare_C_Series-2.1.3.156/driverlib/ccs/Debug/driverlib.lib
       sysctl.obj                      704     596       0      
       gpio.obj                        474     144       0      
       interrupt.obj                   120     112       0      
       timer.obj                       210     0         0      
       uart.obj                        202     0         0      
       pwm.obj                         178     0         0      
       systick.obj                     56      0         0      
       fpu.obj                         16      0         0      
       cpu.obj                         12      0         0      
    +--+-------------------------------+-------+---------+---------+
       Total:                          1972    852       0      
                                                                
    C:\ti\ccsv7\tools\compiler\ti-cgt-arm_16.9.3.LTS\lib\rtsv7M4_T_le_v4SPD16_eabi.lib
       _printfi.obj                    4414    0         0      
       ull_div_t2.obj                  500     0         0      
       fd_add_t2.obj                   438     0         0      
       fd_div_t2.obj                   310     0         0      
       strtol.obj                      308     0         0      
       fd_cmp_t2.obj                   268     0         0      
       ctype.obj                       0       257       0      
       fd_mul_t2.obj                   252     0         0      
       s_scalbn.obj                    252     0         0      
       memcpy_t2.obj                   156     0         0      
       memset_t2.obj                   122     0         0      
       autoinit.obj                    112     0         0      
       copy_decompress_lzss.obj        104     0         0      
       s_frexp.obj                     100     0         0      
       exit.obj                        84      0         12     
       sprintf.obj                     96      0         0      
       boot.obj                        84      0         0      
       ltoa.obj                        84      0         0      
       atoi.obj                        76      0         0      
       cpy_tbl.obj                     76      0         0      
       fd_toi_t2.obj                   72      0         0      
       strtok.obj                      64      0         4      
       i_tofd_t2.obj                   46      0         0      
       strspn.obj                      42      0         0      
       strcspn.obj                     36      0         0      
       u_tofd_t2.obj                   32      0         0      
       _lock.obj                       20      0         8      
       memccpy.obj                     28      0         0      
       args_main.obj                   24      0         0      
       strcmp.obj                      24      0         0      
       strchr.obj                      22      0         0      
       s_copysign.obj                  20      0         0      
       strcpy.obj                      20      0         0      
       strlen.obj                      20      0         0      
       tolower.obj                     16      0         0      
       copy_decompress_none.obj        14      0         0      
       copy_zero_init.obj              12      0         0      
       errno.obj                       0       0         4      
       pre_init.obj                    4       0         0      
       stkdepth_vars.obj               0       0         4      
       mpu_init.obj                    2       0         0      
       startup.obj                     2       0         0      
    +--+-------------------------------+-------+---------+---------+
       Total:                          8356    257       32     
                                                                
       Stack:                          0       0         1000   
       Linker Generated:               0       90        0      
    +--+-------------------------------+-------+---------+---------+
       Grand Total:                    15108   2011      3553   


LINKER GENERATED COPY TABLES

__TI_cinit_table @ 000042e8 records: 2, size/record: 8, table size: 16
	.data: load addr=00004298, load size=00000036 bytes, run addr=20000d8c, run size=00000058 bytes, compression=lzss
	.bss: load addr=000042e0, load size=00000008 bytes, run addr=20000000, run size=000009a4 bytes, compression=zero_init


LINKER GENERATED HANDLER TABLE

__TI_handler_table @ 000042d0 records: 3, size/record: 4, table size: 12
	index: 0, handler: __TI_decompress_lzss
	index: 1, handler: __TI_decompress_none
	index: 2, handler: __TI_zero_init


GLOBAL SYMBOLS: SORTED ALPHABETICALLY BY Name 

address   name                           
-------   ----                           
000035c5  C$$EXIT                        
00003c93  CPUcpsie                       
0000148b  CommandInterpreter             
00003bfd  FPUEnable                      
0000392d  GPIODirModeSet                 
00002c39  GPIOPadConfigSet               
00003705  GPIOPinConfigure               
00003b7d  GPIOPinTypePWM                 
00003b8f  GPIOPinTypeTimer               
00003ba1  GPIOPinTypeUART                
0000391b  ISR_SysTick                    
00001f4d  ISR_TIMER0_A                   
00001fcd  ISR_TIMER2_A                   
00002051  ISR_TIMER2_B                   
00001c59  ISR_UART0                      
00001d35  ISR_UART4                      
0000337d  IntEnable                      
00003c0d  IntMasterEnable                
00003069  InterruptConfigFaultISR        
00003add  PWMClockSet                    
000039a5  PWMGenConfigure                
00003c9f  PWMGenEnable                   
00003bb3  PWMGenPeriodGet                
00003c1d  PWMGenPeriodSet                
00002f65  PWMInit                        
00003bc5  PWMOutputState                 
00002fc9  PWMPeriodSet                   
00002fed  PWMPeriodeGet                  
00003009  PWMPulseGet                    
00002ff9  PWMPulseSet                    
00003a29  PWMPulseWidthGet               
00003a47  PWMPulseWidthSet               
00003cb7  ResetISR                       
UNDEFED   SHT$$INIT_ARRAY$$Base          
UNDEFED   SHT$$INIT_ARRAY$$Limit         
200009a0  SYS_CLK_FREQ_ACTUAL            
0000262d  SysCtlClockFreqSet             
0000389d  SysCtlPeripheralEnable         
00003865  SysCtlPeripheralReady          
00003af1  SysTickEnable                  
00003901  SysTickInit                    
00003b05  SysTickIntEnable               
00003c2d  SysTickPeriodSet               
00003cfb  TimerClockSourceSet            
000034b1  TimerConfigure                 
00003ab1  TimerControlEvent              
00003c4d  TimerEnable                    
00003d07  TimerIntClear                  
00003ceb  TimerIntEnable                 
00003cc3  TimerIntStatus                 
00003bd7  TimerLoadSet                   
00003be9  TimerPrescaleSet               
00003d0b  TimerSynchronize               
00003ccd  TimerValueGet                  
00003c5b  UARTCharGetNonBlocking         
00003c69  UARTCharPutNonBlocking         
00003c77  UARTCharsAvail                 
000037dd  UARTConfigSetExpClk            
000039c9  UARTDisable                    
00003b19  UARTEnable                     
00003cd7  UARTFIFOEnable                 
00003d01  UARTFIFOLevelSet               
00001c09  UARTGetch                      
00001a67  UARTInit                       
00003d0f  UARTIntClear                   
00003cf3  UARTIntEnable                  
00003ce1  UARTIntStatus                  
000019d5  UARTPrint                      
000019f5  UARTPrint_i32                  
00001b45  UARTPutch                      
00001df9  UARTTransferGPSData            
20000d8c  __STACK_END                    
000003e8  __STACK_SIZE                   
20000ba4  __STACK_TOP                    
000042e8  __TI_CINIT_Base                
000042f8  __TI_CINIT_Limit               
000042d0  __TI_Handler_Table_Base        
000042dc  __TI_Handler_Table_Limit       
0000330d  __TI_auto_init                 
20000dac  __TI_cleanup_ptr               
000033e5  __TI_decompress_lzss           
00003c85  __TI_decompress_none           
20000db0  __TI_dtors_ptr                 
20000db4  __TI_enable_exit_profile_output
ffffffff  __TI_pprof_out_hndl            
00000a4d  __TI_printfi                   
ffffffff  __TI_prof_data_size            
ffffffff  __TI_prof_data_start           
00000000  __TI_static_base__             
00003cab  __TI_zero_init                 
00003185  __aeabi_cdcmpeq                
00003185  __aeabi_cdcmple                
0000320b  __aeabi_cdrcmple               
00003795  __aeabi_d2iz                   
00002823  __aeabi_dadd                   
000029cf  __aeabi_ddiv                   
00002d6b  __aeabi_dmul                   
00002819  __aeabi_dsub                   
000038d1  __aeabi_i2d                    
00003291  __aeabi_memclr                 
00003291  __aeabi_memclr4                
00003291  __aeabi_memclr8                
000030e9  __aeabi_memcpy                 
000030e9  __aeabi_memcpy4                
000030e9  __aeabi_memcpy8                
00003293  __aeabi_memset                 
00003293  __aeabi_memset4                
00003293  __aeabi_memset8                
00003a09  __aeabi_ui2d                   
00002439  __aeabi_uldivmod               
ffffffff  __binit__                      
ffffffff  __c_args__                     
00001347  __mpu_init                     
200009a4  __stack                        
00003a81  _args_main                     
00003571  _c_int00                       
00003ec8  _ctypes_                       
20000db8  _lock                          
00003b3b  _nop                           
00003b33  _register_lock                 
00003b2d  _register_unlock               
00002e67  _system_post_cinit             
00003d13  _system_pre_init               
20000dbc  _unlock                        
000035c9  abort                          
0000366d  atoi                           
ffffffff  binit                          
000036b9  copy_in                        
00003b41  copysign                       
00003b41  copysignl                      
20000dd8  errno                          
000035d1  exit                           
0000344d  frexp                          
0000344d  frexpl                         
00000000  g_pfnVectors                   
00003045  init                           
00002243  latencyInit                    
00002e69  ldexp                          
00002e69  ldexpl                         
00003619  ltoa                           
00003029  main                           
20000ddc  main_func_sp                   
00003a65  memccpy                        
000030e9  memcpy                         
00003299  memset                         
00003039  pulse                          
00002e69  scalbn                         
00002e69  scalbnl                        
00003511  sprintf                        
00003ac7  strchr                         
00003a99  strcmp                         
00003b55  strcpy                         
00003981  strcspn                        
00003b69  strlen                         
00003957  strspn                         
00003825  strtok                         
00002b05  strtol                         
00003c3d  tolower                        
00001be3  uartHasData                    


GLOBAL SYMBOLS: SORTED BY Symbol Address 

address   name                           
-------   ----                           
00000000  __TI_static_base__             
00000000  g_pfnVectors                   
000003e8  __STACK_SIZE                   
00000a4d  __TI_printfi                   
00001347  __mpu_init                     
0000148b  CommandInterpreter             
000019d5  UARTPrint                      
000019f5  UARTPrint_i32                  
00001a67  UARTInit                       
00001b45  UARTPutch                      
00001be3  uartHasData                    
00001c09  UARTGetch                      
00001c59  ISR_UART0                      
00001d35  ISR_UART4                      
00001df9  UARTTransferGPSData            
00001f4d  ISR_TIMER0_A                   
00001fcd  ISR_TIMER2_A                   
00002051  ISR_TIMER2_B                   
00002243  latencyInit                    
00002439  __aeabi_uldivmod               
0000262d  SysCtlClockFreqSet             
00002819  __aeabi_dsub                   
00002823  __aeabi_dadd                   
000029cf  __aeabi_ddiv                   
00002b05  strtol                         
00002c39  GPIOPadConfigSet               
00002d6b  __aeabi_dmul                   
00002e67  _system_post_cinit             
00002e69  ldexp                          
00002e69  ldexpl                         
00002e69  scalbn                         
00002e69  scalbnl                        
00002f65  PWMInit                        
00002fc9  PWMPeriodSet                   
00002fed  PWMPeriodeGet                  
00002ff9  PWMPulseSet                    
00003009  PWMPulseGet                    
00003029  main                           
00003039  pulse                          
00003045  init                           
00003069  InterruptConfigFaultISR        
000030e9  __aeabi_memcpy                 
000030e9  __aeabi_memcpy4                
000030e9  __aeabi_memcpy8                
000030e9  memcpy                         
00003185  __aeabi_cdcmpeq                
00003185  __aeabi_cdcmple                
0000320b  __aeabi_cdrcmple               
00003291  __aeabi_memclr                 
00003291  __aeabi_memclr4                
00003291  __aeabi_memclr8                
00003293  __aeabi_memset                 
00003293  __aeabi_memset4                
00003293  __aeabi_memset8                
00003299  memset                         
0000330d  __TI_auto_init                 
0000337d  IntEnable                      
000033e5  __TI_decompress_lzss           
0000344d  frexp                          
0000344d  frexpl                         
000034b1  TimerConfigure                 
00003511  sprintf                        
00003571  _c_int00                       
000035c5  C$$EXIT                        
000035c9  abort                          
000035d1  exit                           
00003619  ltoa                           
0000366d  atoi                           
000036b9  copy_in                        
00003705  GPIOPinConfigure               
00003795  __aeabi_d2iz                   
000037dd  UARTConfigSetExpClk            
00003825  strtok                         
00003865  SysCtlPeripheralReady          
0000389d  SysCtlPeripheralEnable         
000038d1  __aeabi_i2d                    
00003901  SysTickInit                    
0000391b  ISR_SysTick                    
0000392d  GPIODirModeSet                 
00003957  strspn                         
00003981  strcspn                        
000039a5  PWMGenConfigure                
000039c9  UARTDisable                    
00003a09  __aeabi_ui2d                   
00003a29  PWMPulseWidthGet               
00003a47  PWMPulseWidthSet               
00003a65  memccpy                        
00003a81  _args_main                     
00003a99  strcmp                         
00003ab1  TimerControlEvent              
00003ac7  strchr                         
00003add  PWMClockSet                    
00003af1  SysTickEnable                  
00003b05  SysTickIntEnable               
00003b19  UARTEnable                     
00003b2d  _register_unlock               
00003b33  _register_lock                 
00003b3b  _nop                           
00003b41  copysign                       
00003b41  copysignl                      
00003b55  strcpy                         
00003b69  strlen                         
00003b7d  GPIOPinTypePWM                 
00003b8f  GPIOPinTypeTimer               
00003ba1  GPIOPinTypeUART                
00003bb3  PWMGenPeriodGet                
00003bc5  PWMOutputState                 
00003bd7  TimerLoadSet                   
00003be9  TimerPrescaleSet               
00003bfd  FPUEnable                      
00003c0d  IntMasterEnable                
00003c1d  PWMGenPeriodSet                
00003c2d  SysTickPeriodSet               
00003c3d  tolower                        
00003c4d  TimerEnable                    
00003c5b  UARTCharGetNonBlocking         
00003c69  UARTCharPutNonBlocking         
00003c77  UARTCharsAvail                 
00003c85  __TI_decompress_none           
00003c93  CPUcpsie                       
00003c9f  PWMGenEnable                   
00003cab  __TI_zero_init                 
00003cb7  ResetISR                       
00003cc3  TimerIntStatus                 
00003ccd  TimerValueGet                  
00003cd7  UARTFIFOEnable                 
00003ce1  UARTIntStatus                  
00003ceb  TimerIntEnable                 
00003cf3  UARTIntEnable                  
00003cfb  TimerClockSourceSet            
00003d01  UARTFIFOLevelSet               
00003d07  TimerIntClear                  
00003d0b  TimerSynchronize               
00003d0f  UARTIntClear                   
00003d13  _system_pre_init               
00003ec8  _ctypes_                       
000042d0  __TI_Handler_Table_Base        
000042dc  __TI_Handler_Table_Limit       
000042e8  __TI_CINIT_Base                
000042f8  __TI_CINIT_Limit               
200009a0  SYS_CLK_FREQ_ACTUAL            
200009a4  __stack                        
20000ba4  __STACK_TOP                    
20000d8c  __STACK_END                    
20000dac  __TI_cleanup_ptr               
20000db0  __TI_dtors_ptr                 
20000db4  __TI_enable_exit_profile_output
20000db8  _lock                          
20000dbc  _unlock                        
20000dd8  errno                          
20000ddc  main_func_sp                   
ffffffff  __TI_pprof_out_hndl            
ffffffff  __TI_prof_data_size            
ffffffff  __TI_prof_data_start           
ffffffff  __binit__                      
ffffffff  __c_args__                     
ffffffff  binit                          
UNDEFED   SHT$$INIT_ARRAY$$Base          
UNDEFED   SHT$$INIT_ARRAY$$Limit         

[159 symbols]
