******************************************************************************
                  TI ARM Linker PC v16.9.6                     
******************************************************************************
>> Linked Fri Mar 02 16:53:31 2018

OUTPUT FILE NAME:   <Sync_Interface.out>
ENTRY POINT SYMBOL: "_c_int00"  address: 00004bd5


MEMORY CONFIGURATION

         name            origin    length      used     unused   attr    fill
----------------------  --------  ---------  --------  --------  ----  --------
  FLASH                 00000000   00100000  00005aa8  000fa558  R  X
  SRAM                  20000000   00040000  00004838  0003b7c8  RW X


SEGMENT ALLOCATION MAP

run origin  load origin   length   init length attrs members
----------  ----------- ---------- ----------- ----- -------
00000000    00000000    00005aa8   00005aa8    r-x
  00000000    00000000    00000208   00000208    r-- .intvecs
  00000208    00000208    00005234   00005234    r-x .text
  0000543c    0000543c    000005dc   000005dc    r-- .const
  00005a18    00005a18    00000090   00000090    r-- .cinit
20000000    20000000    00004838   00000000    rw-
  20000000    20000000    00002630   00000000    rw- .bss
  20002630    20002630    00002008   00000000    rw- .data
  20004638    20004638    00000200   00000000    rw- .stack


SECTION ALLOCATION MAP

 output                                  attributes/
section   page    origin      length       input sections
--------  ----  ----------  ----------   ----------------
.intvecs   0    00000000    00000208     
                  00000000    00000208     tm4c1294ncpdt_startup_ccs.obj (.intvecs)

.text      0    00000208    00005234     
                  00000208    0000118c     latency.obj (.text)
                  00001394    0000113e     rtsv7M4_T_le_v4SPD16_eabi.lib : _printfi.obj (.text)
                  000024d2    00000002                                   : mpu_init.obj (.text)
                  000024d4    00000a44     command.obj (.text)
                  00002f18    000009fc     uart_io.obj (.text)
                  00003914    00000200     driverlib.lib : sysctl.obj (.text:SysCtlClockFreqSet)
                  00003b14    000001f4     rtsv7M4_T_le_v4SPD16_eabi.lib : ull_div_t2.obj (.text)
                  00003d08    000001b6                                   : fd_add_t2.obj (.text)
                  00003ebe    00000002                                   : startup.obj (.text)
                  00003ec0    0000016c     i2c_io.obj (.text)
                  0000402c    00000140     main.obj (.text)
                  0000416c    00000136     rtsv7M4_T_le_v4SPD16_eabi.lib : fd_div_t2.obj (.text)
                  000042a2    00000132     driverlib.lib : gpio.obj (.text:GPIOPadConfigSet)
                  000043d4    000000fc     rtsv7M4_T_le_v4SPD16_eabi.lib : fd_mul_t2.obj (.text)
                  000044d0    000000fc                                   : s_scalbn.obj (.text)
                  000045cc    000000c4     pps_leds.obj (.text)
                  00004690    000000bc     clock.obj (.text)
                  0000474c    0000009c     rtsv7M4_T_le_v4SPD16_eabi.lib : memcpy_t2.obj (.text)
                  000047e8    00000086                                   : fd_cmp_t2.obj (.text:__aeabi_cdcmple)
                  0000486e    00000086                                   : fd_cmp_t2.obj (.text:__aeabi_cdrcmple)
                  000048f4    0000007a                                   : memset_t2.obj (.text)
                  0000496e    00000002     --HOLE-- [fill = 0]
                  00004970    00000070                                   : autoinit.obj (.text)
                  000049e0    00000068     driverlib.lib : interrupt.obj (.text:IntEnable)
                  00004a48    00000068     rtsv7M4_T_le_v4SPD16_eabi.lib : copy_decompress_lzss.obj (.text:decompress:lzss)
                  00004ab0    00000064                                   : s_frexp.obj (.text)
                  00004b14    00000060     driverlib.lib : timer.obj (.text:TimerConfigure)
                  00004b74    00000060     rtsv7M4_T_le_v4SPD16_eabi.lib : sprintf.obj (.text)
                  00004bd4    00000054                                   : boot.obj (.text)
                  00004c28    00000054                                   : exit.obj (.text)
                  00004c7c    00000054                                   : ltoa.obj (.text)
                  00004cd0    0000004c     driverlib.lib : i2c.obj (.text:I2CMasterInitExpClk)
                  00004d1c    0000004c     rtsv7M4_T_le_v4SPD16_eabi.lib : atoi.obj (.text)
                  00004d68    0000004c                                   : cpy_tbl.obj (.text)
                  00004db4    00000048     driverlib.lib : gpio.obj (.text:GPIOPinConfigure)
                  00004dfc    00000048                   : sysctl.obj (.text:_SysCtlFrequencyGet)
                  00004e44    00000048     rtsv7M4_T_le_v4SPD16_eabi.lib : fd_toi_t2.obj (.text)
                  00004e8c    00000046     driverlib.lib : uart.obj (.text:UARTConfigSetExpClk)
                  00004ed2    00000044     rtsv7M4_T_le_v4SPD16_eabi.lib : fd_tou_t2.obj (.text)
                  00004f16    00000002     --HOLE-- [fill = 0]
                  00004f18    00000040                                   : strtok.obj (.text)
                  00004f58    00000038     driverlib.lib : sysctl.obj (.text:SysCtlPeripheralReady)
                  00004f90    00000034                   : sysctl.obj (.text:SysCtlPeripheralEnable)
                  00004fc4    00000034     system_tick.obj (.text)
                  00004ff8    0000002e     rtsv7M4_T_le_v4SPD16_eabi.lib : i_tofd_t2.obj (.text)
                  00005026    0000002a     driverlib.lib : gpio.obj (.text:GPIODirModeSet)
                  00005050    0000002a     rtsv7M4_T_le_v4SPD16_eabi.lib : strspn.obj (.text)
                  0000507a    00000024                                   : strcspn.obj (.text)
                  0000509e    00000002     --HOLE-- [fill = 0]
                  000050a0    00000020     driverlib.lib : uart.obj (.text:UARTDisable)
                  000050c0    00000020                   : sysctl.obj (.text:_SysCtlMemTimingGet)
                  000050e0    00000020     rtsv7M4_T_le_v4SPD16_eabi.lib : u_tofd_t2.obj (.text)
                  00005100    0000001c                                   : memccpy.obj (.text)
                  0000511c    00000018     driverlib.lib : gpio.obj (.text:GPIOPinTypeGPIOOutput)
                  00005134    00000018     rtsv7M4_T_le_v4SPD16_eabi.lib : args_main.obj (.text)
                  0000514c    00000018                                   : strcmp.obj (.text)
                  00005164    00000016     driverlib.lib : timer.obj (.text:TimerControlEvent)
                  0000517a    00000016     rtsv7M4_T_le_v4SPD16_eabi.lib : strchr.obj (.text)
                  00005190    00000014     driverlib.lib : sysctl.obj (.text:SysCtlResetCauseClear)
                  000051a4    00000014                   : systick.obj (.text:SysTickEnable)
                  000051b8    00000014                   : systick.obj (.text:SysTickIntEnable)
                  000051cc    00000014                   : uart.obj (.text:UARTEnable)
                  000051e0    00000014     rtsv7M4_T_le_v4SPD16_eabi.lib : _lock.obj (.text)
                  000051f4    00000014                                   : s_copysign.obj (.text)
                  00005208    00000014                                   : strcpy.obj (.text)
                  0000521c    00000014                                   : strlen.obj (.text)
                  00005230    00000012     driverlib.lib : gpio.obj (.text:GPIOPinTypeGPIOInput)
                  00005242    00000012                   : gpio.obj (.text:GPIOPinTypeI2C)
                  00005254    00000012                   : gpio.obj (.text:GPIOPinTypeI2CSCL)
                  00005266    00000012                   : gpio.obj (.text:GPIOPinTypeTimer)
                  00005278    00000012                   : gpio.obj (.text:GPIOPinTypeUART)
                  0000528a    00000012                   : timer.obj (.text:TimerLoadSet)
                  0000529c    00000012                   : timer.obj (.text:TimerMatchSet)
                  000052ae    00000012                   : timer.obj (.text:TimerPrescaleMatchSet)
                  000052c0    00000012                   : timer.obj (.text:TimerPrescaleSet)
                  000052d2    00000002     --HOLE-- [fill = 0]
                  000052d4    00000010                   : fpu.obj (.text:FPUEnable)
                  000052e4    00000010                   : interrupt.obj (.text:IntMasterEnable)
                  000052f4    00000010                   : systick.obj (.text:SysTickPeriodSet)
                  00005304    00000010     rtsv7M4_T_le_v4SPD16_eabi.lib : tolower.obj (.text)
                  00005314    0000000e     driverlib.lib : timer.obj (.text:TimerEnable)
                  00005322    0000000e                   : uart.obj (.text:UARTCharGetNonBlocking)
                  00005330    0000000e                   : uart.obj (.text:UARTCharPutNonBlocking)
                  0000533e    0000000e                   : uart.obj (.text:UARTCharsAvail)
                  0000534c    0000000e                   : watchdog.obj (.text:WatchdogLockState)
                  0000535a    0000000e     rtsv7M4_T_le_v4SPD16_eabi.lib : copy_decompress_none.obj (.text:decompress:none)
                  00005368    0000000c     driverlib.lib : cpu.obj (.text:CPUcpsie)
                  00005374    0000000c                   : sysctl.obj (.text:SysCtlResetCauseGet)
                  00005380    0000000c                   : watchdog.obj (.text:WatchdogUnlock)
                  0000538c    0000000c     rtsv7M4_T_le_v4SPD16_eabi.lib : copy_zero_init.obj (.text:decompress:ZI)
                  00005398    0000000c     tm4c1294ncpdt_startup_ccs.obj (.text)
                  000053a4    0000000a     driverlib.lib : i2c.obj (.text:I2CMasterEnable)
                  000053ae    0000000a                   : timer.obj (.text:TimerIntStatus)
                  000053b8    0000000a                   : timer.obj (.text:TimerValueGet)
                  000053c2    0000000a                   : uart.obj (.text:UARTFIFOEnable)
                  000053cc    0000000a                   : uart.obj (.text:UARTIntStatus)
                  000053d6    0000000a                   : watchdog.obj (.text:WatchdogEnable)
                  000053e0    0000000a                   : watchdog.obj (.text:WatchdogResetEnable)
                  000053ea    00000008                   : i2c.obj (.text:I2CMasterBusy)
                  000053f2    00000008                   : i2c.obj (.text:I2CMasterSlaveAddrSet)
                  000053fa    00000008                   : timer.obj (.text:TimerIntEnable)
                  00005402    00000008                   : uart.obj (.text:UARTIntEnable)
                  0000540a    00000006                   : gpio.obj (.text:GPIOPinWrite)
                  00005410    00000006                   : timer.obj (.text:TimerClockSourceSet)
                  00005416    00000006                   : uart.obj (.text:UARTFIFOLevelSet)
                  0000541c    00000004                   : i2c.obj (.text:I2CMasterControl)
                  00005420    00000004                   : i2c.obj (.text:I2CMasterDataGet)
                  00005424    00000004                   : i2c.obj (.text:I2CMasterDataPut)
                  00005428    00000004                   : timer.obj (.text:TimerIntClear)
                  0000542c    00000004                   : timer.obj (.text:TimerSynchronize)
                  00005430    00000004                   : uart.obj (.text:UARTIntClear)
                  00005434    00000004                   : watchdog.obj (.text:WatchdogReloadSet)
                  00005438    00000004     rtsv7M4_T_le_v4SPD16_eabi.lib : pre_init.obj (.text)

.const     0    0000543c    000005dc     
                  0000543c    000001b0     driverlib.lib : sysctl.obj (.const:g_pppui32XTALtoVCO)
                  000055ec    00000120     command.obj (.const:.string)
                  0000570c    00000101     rtsv7M4_T_le_v4SPD16_eabi.lib : ctype.obj (.const:.string:_ctypes_)
                  0000580d    00000003     --HOLE-- [fill = 0]
                  00005810    00000090     driverlib.lib : gpio.obj (.const:g_pui32GPIOBaseAddrs)
                  000058a0    00000070                   : interrupt.obj (.const)
                  00005910    0000006c                   : sysctl.obj (.const:g_pui32Xtals)
                  0000597c    00000064     latency.obj (.const:.string:$P$T0$1)
                  000059e0    00000030     driverlib.lib : sysctl.obj (.const:g_sXTALtoMEMTIM)
                  00005a10    00000008                   : sysctl.obj (.const)

.cinit     0    00005a18    00000090     
                  00005a18    00000069     (.cinit..data.load) [load image, compression = lzss]
                  00005a81    00000003     --HOLE-- [fill = 0]
                  00005a84    0000000c     (__TI_handler_table)
                  00005a90    00000008     (.cinit..bss.load) [load image, compression = zero_init]
                  00005a98    00000010     (__TI_cinit_table)

.init_array 
*          0    00000000    00000000     UNINITIALIZED

.bss       0    20000000    00002630     UNINITIALIZED
                  20000000    00000408     uart_io.obj (.bss:uartreadBuffer_0)
                  20000408    00000408     uart_io.obj (.bss:uartreadBuffer_3)
                  20000810    00000408     uart_io.obj (.bss:uartreadBuffer_4)
                  20000c18    00000408     uart_io.obj (.bss:uartreadBuffer_6)
                  20001020    00000408     uart_io.obj (.bss:uartwriteBuffer_0)
                  20001428    00000408     uart_io.obj (.bss:uartwriteBuffer_3)
                  20001830    00000408     uart_io.obj (.bss:uartwriteBuffer_4)
                  20001c38    00000408     uart_io.obj (.bss:uartwriteBuffer_6)
                  20002040    000003f4     command.obj (.bss:buffer)
                  20002434    00000068     command.obj (.bss:holster$1)
                  2000249c    00000068     command.obj (.bss:line$2)
                  20002504    00000068     uart_io.obj (.bss:message$5)
                  2000256c    00000068     latency.obj (.bss:stringBuilder)
                  200025d4    00000054     uart_io.obj (.bss:message$1)
                  20002628    00000004     uart_io.obj (.bss)
                  2000262c    00000004     (.common:SYS_CLK_FREQ_ACTUAL)

.data      0    20002630    00002008     UNINITIALIZED
                  20002630    00001f70     latency.obj (.data:rollingAverage)
                  200045a0    00000024     command.obj (.data:commands)
                  200045c4    00000024     command.obj (.data:usage)
                  200045e8    00000015     uart_io.obj (.data)
                  200045fd    00000002     pps_leds.obj (.data)
                  200045ff    00000001     --HOLE--
                  20004600    0000000c     rtsv7M4_T_le_v4SPD16_eabi.lib : exit.obj (.data:$O1$$)
                  2000460c    00000009     latency.obj (.data)
                  20004615    00000003     --HOLE--
                  20004618    00000008     rtsv7M4_T_le_v4SPD16_eabi.lib : _lock.obj (.data:$O1$$)
                  20004620    00000008     command.obj (.data)
                  20004628    00000004     clock.obj (.data)
                  2000462c    00000004     rtsv7M4_T_le_v4SPD16_eabi.lib : errno.obj (.data)
                  20004630    00000004                                   : stkdepth_vars.obj (.data)
                  20004634    00000004                                   : strtok.obj (.data)

.stack     0    20004638    00000200     UNINITIALIZED
                  20004638    00000200     --HOLE--

MODULE SUMMARY

       Module                          code    ro data   rw data
       ------                          ----    -------   -------
    .\
       latency.obj                     4492    100       8161   
       uart_io.obj                     2556    0         8469   
       command.obj                     2628    288       1300   
       tm4c1294ncpdt_startup_ccs.obj   12      520       0      
       i2c_io.obj                      364     0         0      
       main.obj                        320     0         4      
       pps_leds.obj                    196     0         2      
       clock.obj                       188     0         4      
       system_tick.obj                 52      0         0      
    +--+-------------------------------+-------+---------+---------+
       Total:                          10808   908       17940  
                                                                
    C:/ti/TivaWare_C_Series-2.1.4.178/driverlib/ccs/Debug/driverlib.lib
       sysctl.obj                      756     596       0      
       gpio.obj                        540     144       0      
       timer.obj                       246     0         0      
       interrupt.obj                   120     112       0      
       uart.obj                        202     0         0      
       i2c.obj                         114     0         0      
       systick.obj                     56      0         0      
       watchdog.obj                    50      0         0      
       fpu.obj                         16      0         0      
       cpu.obj                         12      0         0      
    +--+-------------------------------+-------+---------+---------+
       Total:                          2112    852       0      
                                                                
    C:\ti\ccsv7\tools\compiler\ti-cgt-arm_16.9.6.LTS\lib\rtsv7M4_T_le_v4SPD16_eabi.lib
       _printfi.obj                    4414    0         0      
       ull_div_t2.obj                  500     0         0      
       fd_add_t2.obj                   438     0         0      
       fd_div_t2.obj                   310     0         0      
       fd_cmp_t2.obj                   268     0         0      
       ctype.obj                       0       257       0      
       fd_mul_t2.obj                   252     0         0      
       s_scalbn.obj                    252     0         0      
       memcpy_t2.obj                   156     0         0      
       memset_t2.obj                   122     0         0      
       autoinit.obj                    112     0         0      
       copy_decompress_lzss.obj        104     0         0      
       s_frexp.obj                     100     0         0      
       exit.obj                        84      0         12     
       sprintf.obj                     96      0         0      
       boot.obj                        84      0         0      
       ltoa.obj                        84      0         0      
       atoi.obj                        76      0         0      
       cpy_tbl.obj                     76      0         0      
       fd_toi_t2.obj                   72      0         0      
       fd_tou_t2.obj                   68      0         0      
       strtok.obj                      64      0         4      
       i_tofd_t2.obj                   46      0         0      
       strspn.obj                      42      0         0      
       strcspn.obj                     36      0         0      
       u_tofd_t2.obj                   32      0         0      
       _lock.obj                       20      0         8      
       memccpy.obj                     28      0         0      
       args_main.obj                   24      0         0      
       strcmp.obj                      24      0         0      
       strchr.obj                      22      0         0      
       s_copysign.obj                  20      0         0      
       strcpy.obj                      20      0         0      
       strlen.obj                      20      0         0      
       tolower.obj                     16      0         0      
       copy_decompress_none.obj        14      0         0      
       copy_zero_init.obj              12      0         0      
       errno.obj                       0       0         4      
       pre_init.obj                    4       0         0      
       stkdepth_vars.obj               0       0         4      
       mpu_init.obj                    2       0         0      
       startup.obj                     2       0         0      
    +--+-------------------------------+-------+---------+---------+
       Total:                          8116    257       32     
                                                                
       Stack:                          0       0         512    
       Linker Generated:               0       141       0      
    +--+-------------------------------+-------+---------+---------+
       Grand Total:                    21036   2158      18484  


LINKER GENERATED COPY TABLES

__TI_cinit_table @ 00005a98 records: 2, size/record: 8, table size: 16
	.data: load addr=00005a18, load size=00000069 bytes, run addr=20002630, run size=00002008 bytes, compression=lzss
	.bss: load addr=00005a90, load size=00000008 bytes, run addr=20000000, run size=00002630 bytes, compression=zero_init


LINKER GENERATED HANDLER TABLE

__TI_handler_table @ 00005a84 records: 3, size/record: 4, table size: 12
	index: 0, handler: __TI_decompress_lzss
	index: 1, handler: __TI_decompress_none
	index: 2, handler: __TI_zero_init


GLOBAL SYMBOLS: SORTED ALPHABETICALLY BY Name 

address   name                           
-------   ----                           
00004c29  C$$EXIT                        
00005369  CPUcpsie                       
00002617  CommandInterpreter             
000052d5  FPUEnable                      
00005027  GPIODirModeSet                 
000042a3  GPIOPadConfigSet               
00004db5  GPIOPinConfigure               
00005231  GPIOPinTypeGPIOInput           
0000511d  GPIOPinTypeGPIOOutput          
00005243  GPIOPinTypeI2C                 
00005255  GPIOPinTypeI2CSCL              
00005267  GPIOPinTypeTimer               
00005279  GPIOPinTypeUART                
0000540b  GPIOPinWrite                   
200045ec  GPS_base                       
000053eb  I2CMasterBusy                  
0000541d  I2CMasterControl               
00005421  I2CMasterDataGet               
00005425  I2CMasterDataPut               
000053a5  I2CMasterEnable                
00004cd1  I2CMasterInitExpClk            
000053f3  I2CMasterSlaveAddrSet          
00004fdf  ISR_SysTick                    
0000021d  ISR_TIMER0_A                   
0000029d  ISR_TIMER2_A                   
000003a9  ISR_TIMER2_B                   
0000331d  ISR_UART0                      
000033f1  ISR_UART3                      
000034ad  ISR_UART4                      
0000355d  ISR_UART6                      
000049e1  IntEnable                      
000052e5  IntMasterEnable                
000040cd  InterruptConfigFaultISR        
000045cd  PPSDirectkReceived             
000045e1  PPSFeedbackReceived            
00004639  PPSLEDsInit                    
000045f5  PPSLEDsService                 
00005399  ResetISR                       
UNDEFED   SHT$$INIT_ARRAY$$Base          
UNDEFED   SHT$$INIT_ARRAY$$Limit         
2000262c  SYS_CLK_FREQ_ACTUAL            
00003915  SysCtlClockFreqSet             
00004f91  SysCtlPeripheralEnable         
00004f59  SysCtlPeripheralReady          
00005191  SysCtlResetCauseClear          
00005375  SysCtlResetCauseGet            
000051a5  SysTickEnable                  
00004fc5  SysTickInit                    
000051b9  SysTickIntEnable               
000052f5  SysTickPeriodSet               
00005411  TimerClockSourceSet            
00004b15  TimerConfigure                 
00005165  TimerControlEvent              
00005315  TimerEnable                    
00005429  TimerIntClear                  
000053fb  TimerIntEnable                 
000053af  TimerIntStatus                 
0000528b  TimerLoadSet                   
0000529d  TimerMatchSet                  
000052af  TimerPrescaleMatchSet          
000052c1  TimerPrescaleSet               
0000542d  TimerSynchronize               
000053b9  TimerValueGet                  
00005323  UARTCharGetNonBlocking         
00005331  UARTCharPutNonBlocking         
0000533f  UARTCharsAvail                 
00004e8d  UARTConfigSetExpClk            
000038b1  UARTConnect                    
000050a1  UARTDisable                    
000038a1  UARTDisconnect                 
000051cd  UARTEnable                     
000053c3  UARTFIFOEnable                 
00005417  UARTFIFOLevelSet               
0000329f  UARTGetch                      
00003015  UARTInit                       
00005431  UARTIntClear                   
00005403  UARTIntEnable                  
000053cd  UARTIntStatus                  
00002f81  UARTPrint                      
00002fa1  UARTPrint_i32                  
000031c9  UARTPutch                      
00003639  UARTTransferGPSData            
000037b9  UARTTransferLineData           
000053d7  WatchdogEnable                 
0000534d  WatchdogLockState              
00005435  WatchdogReloadSet              
000053e1  WatchdogResetEnable            
00005381  WatchdogUnlock                 
20004838  __STACK_END                    
00000200  __STACK_SIZE                   
20004838  __STACK_TOP                    
00005a98  __TI_CINIT_Base                
00005aa8  __TI_CINIT_Limit               
00005a84  __TI_Handler_Table_Base        
00005a90  __TI_Handler_Table_Limit       
00004971  __TI_auto_init                 
20004600  __TI_cleanup_ptr               
00004a49  __TI_decompress_lzss           
0000535b  __TI_decompress_none           
20004604  __TI_dtors_ptr                 
20004608  __TI_enable_exit_profile_output
ffffffff  __TI_pprof_out_hndl            
00001bd9  __TI_printfi                   
ffffffff  __TI_prof_data_size            
ffffffff  __TI_prof_data_start           
00000000  __TI_static_base__             
0000538d  __TI_zero_init                 
000047e9  __aeabi_cdcmpeq                
000047e9  __aeabi_cdcmple                
0000486f  __aeabi_cdrcmple               
00004e45  __aeabi_d2iz                   
00004ed3  __aeabi_d2uiz                  
00003d13  __aeabi_dadd                   
0000416d  __aeabi_ddiv                   
000043d5  __aeabi_dmul                   
00003d09  __aeabi_dsub                   
00004ff9  __aeabi_i2d                    
000048f5  __aeabi_memclr                 
000048f5  __aeabi_memclr4                
000048f5  __aeabi_memclr8                
0000474d  __aeabi_memcpy                 
0000474d  __aeabi_memcpy4                
0000474d  __aeabi_memcpy8                
000048f7  __aeabi_memset                 
000048f7  __aeabi_memset4                
000048f7  __aeabi_memset8                
000050e1  __aeabi_ui2d                   
00003b15  __aeabi_uldivmod               
ffffffff  __binit__                      
ffffffff  __c_args__                     
000024d3  __mpu_init                     
20004638  __stack                        
00005135  _args_main                     
00004bd5  _c_int00                       
0000570c  _ctypes_                       
20004618  _lock                          
000051ef  _nop                           
000051e7  _register_lock                 
000051e1  _register_unlock               
00003ebf  _system_post_cinit             
00005439  _system_pre_init               
2000461c  _unlock                        
00004c2d  abort                          
00004d1d  atoi                           
ffffffff  binit                          
000046fb  clockConnect                   
000046ef  clockDisconnect                
00004691  clockInit                      
00004713  clockSync                      
00004d69  copy_in                        
000051f5  copysign                       
000051f5  copysignl                      
2000462c  errno                          
00002665  execute                        
00004c35  exit                           
00004ab1  frexp                          
00004ab1  frexpl                         
00000000  g_pfnVectors                   
00003ec1  i2cInit                        
0000409d  init                           
000011b9  latencyInit                    
000044d1  ldexp                          
000044d1  ldexpl                         
00004c7d  ltoa                           
0000402d  main                           
20004630  main_func_sp                   
00000209  measureLatency                 
00005101  memccpy                        
0000474d  memcpy                         
000048fd  memset                         
00001291  resetAverages                  
000044d1  scalbn                         
000044d1  scalbnl                        
200045e8  show_gps                       
200045e9  show_line                      
00004b75  sprintf                        
0000517b  strchr                         
0000514d  strcmp                         
00005209  strcpy                         
0000507b  strcspn                        
0000521d  strlen                         
00005051  strspn                         
00004f19  strtok                         
00003f4f  temperature                    
00005305  tolower                        
00003279  uartHasData                    
00004053  wdtInit                        


GLOBAL SYMBOLS: SORTED BY Symbol Address 

address   name                           
-------   ----                           
00000000  __TI_static_base__             
00000000  g_pfnVectors                   
00000200  __STACK_SIZE                   
00000209  measureLatency                 
0000021d  ISR_TIMER0_A                   
0000029d  ISR_TIMER2_A                   
000003a9  ISR_TIMER2_B                   
000011b9  latencyInit                    
00001291  resetAverages                  
00001bd9  __TI_printfi                   
000024d3  __mpu_init                     
00002617  CommandInterpreter             
00002665  execute                        
00002f81  UARTPrint                      
00002fa1  UARTPrint_i32                  
00003015  UARTInit                       
000031c9  UARTPutch                      
00003279  uartHasData                    
0000329f  UARTGetch                      
0000331d  ISR_UART0                      
000033f1  ISR_UART3                      
000034ad  ISR_UART4                      
0000355d  ISR_UART6                      
00003639  UARTTransferGPSData            
000037b9  UARTTransferLineData           
000038a1  UARTDisconnect                 
000038b1  UARTConnect                    
00003915  SysCtlClockFreqSet             
00003b15  __aeabi_uldivmod               
00003d09  __aeabi_dsub                   
00003d13  __aeabi_dadd                   
00003ebf  _system_post_cinit             
00003ec1  i2cInit                        
00003f4f  temperature                    
0000402d  main                           
00004053  wdtInit                        
0000409d  init                           
000040cd  InterruptConfigFaultISR        
0000416d  __aeabi_ddiv                   
000042a3  GPIOPadConfigSet               
000043d5  __aeabi_dmul                   
000044d1  ldexp                          
000044d1  ldexpl                         
000044d1  scalbn                         
000044d1  scalbnl                        
000045cd  PPSDirectkReceived             
000045e1  PPSFeedbackReceived            
000045f5  PPSLEDsService                 
00004639  PPSLEDsInit                    
00004691  clockInit                      
000046ef  clockDisconnect                
000046fb  clockConnect                   
00004713  clockSync                      
0000474d  __aeabi_memcpy                 
0000474d  __aeabi_memcpy4                
0000474d  __aeabi_memcpy8                
0000474d  memcpy                         
000047e9  __aeabi_cdcmpeq                
000047e9  __aeabi_cdcmple                
0000486f  __aeabi_cdrcmple               
000048f5  __aeabi_memclr                 
000048f5  __aeabi_memclr4                
000048f5  __aeabi_memclr8                
000048f7  __aeabi_memset                 
000048f7  __aeabi_memset4                
000048f7  __aeabi_memset8                
000048fd  memset                         
00004971  __TI_auto_init                 
000049e1  IntEnable                      
00004a49  __TI_decompress_lzss           
00004ab1  frexp                          
00004ab1  frexpl                         
00004b15  TimerConfigure                 
00004b75  sprintf                        
00004bd5  _c_int00                       
00004c29  C$$EXIT                        
00004c2d  abort                          
00004c35  exit                           
00004c7d  ltoa                           
00004cd1  I2CMasterInitExpClk            
00004d1d  atoi                           
00004d69  copy_in                        
00004db5  GPIOPinConfigure               
00004e45  __aeabi_d2iz                   
00004e8d  UARTConfigSetExpClk            
00004ed3  __aeabi_d2uiz                  
00004f19  strtok                         
00004f59  SysCtlPeripheralReady          
00004f91  SysCtlPeripheralEnable         
00004fc5  SysTickInit                    
00004fdf  ISR_SysTick                    
00004ff9  __aeabi_i2d                    
00005027  GPIODirModeSet                 
00005051  strspn                         
0000507b  strcspn                        
000050a1  UARTDisable                    
000050e1  __aeabi_ui2d                   
00005101  memccpy                        
0000511d  GPIOPinTypeGPIOOutput          
00005135  _args_main                     
0000514d  strcmp                         
00005165  TimerControlEvent              
0000517b  strchr                         
00005191  SysCtlResetCauseClear          
000051a5  SysTickEnable                  
000051b9  SysTickIntEnable               
000051cd  UARTEnable                     
000051e1  _register_unlock               
000051e7  _register_lock                 
000051ef  _nop                           
000051f5  copysign                       
000051f5  copysignl                      
00005209  strcpy                         
0000521d  strlen                         
00005231  GPIOPinTypeGPIOInput           
00005243  GPIOPinTypeI2C                 
00005255  GPIOPinTypeI2CSCL              
00005267  GPIOPinTypeTimer               
00005279  GPIOPinTypeUART                
0000528b  TimerLoadSet                   
0000529d  TimerMatchSet                  
000052af  TimerPrescaleMatchSet          
000052c1  TimerPrescaleSet               
000052d5  FPUEnable                      
000052e5  IntMasterEnable                
000052f5  SysTickPeriodSet               
00005305  tolower                        
00005315  TimerEnable                    
00005323  UARTCharGetNonBlocking         
00005331  UARTCharPutNonBlocking         
0000533f  UARTCharsAvail                 
0000534d  WatchdogLockState              
0000535b  __TI_decompress_none           
00005369  CPUcpsie                       
00005375  SysCtlResetCauseGet            
00005381  WatchdogUnlock                 
0000538d  __TI_zero_init                 
00005399  ResetISR                       
000053a5  I2CMasterEnable                
000053af  TimerIntStatus                 
000053b9  TimerValueGet                  
000053c3  UARTFIFOEnable                 
000053cd  UARTIntStatus                  
000053d7  WatchdogEnable                 
000053e1  WatchdogResetEnable            
000053eb  I2CMasterBusy                  
000053f3  I2CMasterSlaveAddrSet          
000053fb  TimerIntEnable                 
00005403  UARTIntEnable                  
0000540b  GPIOPinWrite                   
00005411  TimerClockSourceSet            
00005417  UARTFIFOLevelSet               
0000541d  I2CMasterControl               
00005421  I2CMasterDataGet               
00005425  I2CMasterDataPut               
00005429  TimerIntClear                  
0000542d  TimerSynchronize               
00005431  UARTIntClear                   
00005435  WatchdogReloadSet              
00005439  _system_pre_init               
0000570c  _ctypes_                       
00005a84  __TI_Handler_Table_Base        
00005a90  __TI_Handler_Table_Limit       
00005a98  __TI_CINIT_Base                
00005aa8  __TI_CINIT_Limit               
2000262c  SYS_CLK_FREQ_ACTUAL            
200045e8  show_gps                       
200045e9  show_line                      
200045ec  GPS_base                       
20004600  __TI_cleanup_ptr               
20004604  __TI_dtors_ptr                 
20004608  __TI_enable_exit_profile_output
20004618  _lock                          
2000461c  _unlock                        
2000462c  errno                          
20004630  main_func_sp                   
20004638  __stack                        
20004838  __STACK_END                    
20004838  __STACK_TOP                    
ffffffff  __TI_pprof_out_hndl            
ffffffff  __TI_prof_data_size            
ffffffff  __TI_prof_data_start           
ffffffff  __binit__                      
ffffffff  __c_args__                     
ffffffff  binit                          
UNDEFED   SHT$$INIT_ARRAY$$Base          
UNDEFED   SHT$$INIT_ARRAY$$Limit         

[187 symbols]
