******************************************************************************
                  TI ARM Linker PC v16.9.4                     
******************************************************************************
>> Linked Fri Jan 19 00:50:48 2018

OUTPUT FILE NAME:   <Sync_Interface.out>
ENTRY POINT SYMBOL: "_c_int00"  address: 00004409


MEMORY CONFIGURATION

         name            origin    length      used     unused   attr    fill
----------------------  --------  ---------  --------  --------  ----  --------
  FLASH                 00000000   00100000  0000537c  000fac84  R  X
  SRAM                  20000000   00040000  000028bc  0003d744  RW X


SEGMENT ALLOCATION MAP

run origin  load origin   length   init length attrs members
----------  ----------- ---------- ----------- ----- -------
00000000    00000000    00005380   00005380    r-x
  00000000    00000000    00000208   00000208    r-- .intvecs
  00000208    00000208    00004af4   00004af4    r-x .text
  00004cfc    00004cfc    000005f8   000005f8    r-- .const
  000052f8    000052f8    00000088   00000088    r-- .cinit
20000000    20000000    000028bc   00000000    rw-
  20000000    20000000    00002630   00000000    rw- .bss
  20002630    20002630    00000200   00000000    rw- .stack
  20002830    20002830    0000008c   00000000    rw- .data


SECTION ALLOCATION MAP

 output                                  attributes/
section   page    origin      length       input sections
--------  ----  ----------  ----------   ----------------
.intvecs   0    00000000    00000208     
                  00000000    00000208     tm4c1294ncpdt_startup_ccs.obj (.intvecs)

.text      0    00000208    00004af4     
                  00000208    0000113e     rtsv7M4_T_le_v4SPD16_eabi.lib : _printfi.obj (.text)
                  00001346    00000002                                   : mpu_init.obj (.text)
                  00001348    000009d4     uart_io.obj (.text)
                  00001d1c    000009b4     command.obj (.text)
                  000026d0    00000908     latency.obj (.text)
                  00002fd8    00000200     driverlib.lib : sysctl.obj (.text:SysCtlClockFreqSet)
                  000031d8    000001f4     rtsv7M4_T_le_v4SPD16_eabi.lib : ull_div_t2.obj (.text)
                  000033cc    000001b6                                   : fd_add_t2.obj (.text)
                  00003582    00000002                                   : startup.obj (.text)
                  00003584    00000170     main.obj (.text)
                  000036f4    0000016c     i2c_io.obj (.text)
                  00003860    00000136     rtsv7M4_T_le_v4SPD16_eabi.lib : fd_div_t2.obj (.text)
                  00003996    00000002     --HOLE-- [fill = 0]
                  00003998    00000134                                   : strtol.obj (.text)
                  00003acc    00000132     driverlib.lib : gpio.obj (.text:GPIOPadConfigSet)
                  00003bfe    000000fc     rtsv7M4_T_le_v4SPD16_eabi.lib : fd_mul_t2.obj (.text)
                  00003cfa    00000002     --HOLE-- [fill = 0]
                  00003cfc    000000fc                                   : s_scalbn.obj (.text)
                  00003df8    000000c4     pps_leds.obj (.text)
                  00003ebc    000000c4     pwm.obj (.text)
                  00003f80    0000009c     rtsv7M4_T_le_v4SPD16_eabi.lib : memcpy_t2.obj (.text)
                  0000401c    00000086                                   : fd_cmp_t2.obj (.text:__aeabi_cdcmple)
                  000040a2    00000086                                   : fd_cmp_t2.obj (.text:__aeabi_cdrcmple)
                  00004128    0000007a                                   : memset_t2.obj (.text)
                  000041a2    00000002     --HOLE-- [fill = 0]
                  000041a4    00000070                                   : autoinit.obj (.text)
                  00004214    00000068     driverlib.lib : interrupt.obj (.text:IntEnable)
                  0000427c    00000068     rtsv7M4_T_le_v4SPD16_eabi.lib : copy_decompress_lzss.obj (.text:decompress:lzss)
                  000042e4    00000064                                   : s_frexp.obj (.text)
                  00004348    00000060     driverlib.lib : timer.obj (.text:TimerConfigure)
                  000043a8    00000060     rtsv7M4_T_le_v4SPD16_eabi.lib : sprintf.obj (.text)
                  00004408    00000054                                   : boot.obj (.text)
                  0000445c    00000054                                   : exit.obj (.text)
                  000044b0    00000054                                   : ltoa.obj (.text)
                  00004504    0000004c     driverlib.lib : i2c.obj (.text:I2CMasterInitExpClk)
                  00004550    0000004c     rtsv7M4_T_le_v4SPD16_eabi.lib : atoi.obj (.text)
                  0000459c    0000004c                                   : cpy_tbl.obj (.text)
                  000045e8    00000048     driverlib.lib : gpio.obj (.text:GPIOPinConfigure)
                  00004630    00000048                   : sysctl.obj (.text:_SysCtlFrequencyGet)
                  00004678    00000048     rtsv7M4_T_le_v4SPD16_eabi.lib : fd_toi_t2.obj (.text)
                  000046c0    00000046     driverlib.lib : uart.obj (.text:UARTConfigSetExpClk)
                  00004706    00000044     rtsv7M4_T_le_v4SPD16_eabi.lib : fd_tou_t2.obj (.text)
                  0000474a    00000002     --HOLE-- [fill = 0]
                  0000474c    00000040                                   : strtok.obj (.text)
                  0000478c    00000038     driverlib.lib : sysctl.obj (.text:SysCtlPeripheralReady)
                  000047c4    00000034                   : sysctl.obj (.text:SysCtlPeripheralEnable)
                  000047f8    00000034     system_tick.obj (.text)
                  0000482c    0000002e     rtsv7M4_T_le_v4SPD16_eabi.lib : i_tofd_t2.obj (.text)
                  0000485a    0000002a     driverlib.lib : gpio.obj (.text:GPIODirModeSet)
                  00004884    0000002a     rtsv7M4_T_le_v4SPD16_eabi.lib : strspn.obj (.text)
                  000048ae    00000024                                   : strcspn.obj (.text)
                  000048d2    00000022     driverlib.lib : pwm.obj (.text:PWMGenConfigure)
                  000048f4    00000020                   : uart.obj (.text:UARTDisable)
                  00004914    00000020                   : sysctl.obj (.text:_SysCtlMemTimingGet)
                  00004934    00000020     rtsv7M4_T_le_v4SPD16_eabi.lib : u_tofd_t2.obj (.text)
                  00004954    0000001e     driverlib.lib : pwm.obj (.text:PWMPulseWidthGet)
                  00004972    0000001e                   : pwm.obj (.text:PWMPulseWidthSet)
                  00004990    0000001c     rtsv7M4_T_le_v4SPD16_eabi.lib : memccpy.obj (.text)
                  000049ac    00000018     driverlib.lib : gpio.obj (.text:GPIOPinTypeGPIOOutput)
                  000049c4    00000018     rtsv7M4_T_le_v4SPD16_eabi.lib : args_main.obj (.text)
                  000049dc    00000018                                   : strcmp.obj (.text)
                  000049f4    00000016     driverlib.lib : timer.obj (.text:TimerControlEvent)
                  00004a0a    00000016     rtsv7M4_T_le_v4SPD16_eabi.lib : strchr.obj (.text)
                  00004a20    00000014     driverlib.lib : pwm.obj (.text:PWMClockSet)
                  00004a34    00000014                   : sysctl.obj (.text:SysCtlResetCauseClear)
                  00004a48    00000014                   : systick.obj (.text:SysTickEnable)
                  00004a5c    00000014                   : systick.obj (.text:SysTickIntEnable)
                  00004a70    00000014                   : uart.obj (.text:UARTEnable)
                  00004a84    00000014     rtsv7M4_T_le_v4SPD16_eabi.lib : _lock.obj (.text)
                  00004a98    00000014                                   : s_copysign.obj (.text)
                  00004aac    00000014                                   : strcpy.obj (.text)
                  00004ac0    00000014                                   : strlen.obj (.text)
                  00004ad4    00000012     driverlib.lib : gpio.obj (.text:GPIOPinTypeI2C)
                  00004ae6    00000012                   : gpio.obj (.text:GPIOPinTypeI2CSCL)
                  00004af8    00000012                   : gpio.obj (.text:GPIOPinTypePWM)
                  00004b0a    00000012                   : gpio.obj (.text:GPIOPinTypeTimer)
                  00004b1c    00000012                   : gpio.obj (.text:GPIOPinTypeUART)
                  00004b2e    00000012                   : pwm.obj (.text:PWMGenPeriodGet)
                  00004b40    00000012                   : pwm.obj (.text:PWMOutputState)
                  00004b52    00000012                   : timer.obj (.text:TimerLoadSet)
                  00004b64    00000012                   : timer.obj (.text:TimerPrescaleSet)
                  00004b76    00000002     --HOLE-- [fill = 0]
                  00004b78    00000010                   : fpu.obj (.text:FPUEnable)
                  00004b88    00000010                   : interrupt.obj (.text:IntMasterEnable)
                  00004b98    00000010                   : pwm.obj (.text:PWMGenPeriodSet)
                  00004ba8    00000010                   : systick.obj (.text:SysTickPeriodSet)
                  00004bb8    00000010     rtsv7M4_T_le_v4SPD16_eabi.lib : tolower.obj (.text)
                  00004bc8    0000000e     driverlib.lib : timer.obj (.text:TimerEnable)
                  00004bd6    0000000e                   : uart.obj (.text:UARTCharGetNonBlocking)
                  00004be4    0000000e                   : uart.obj (.text:UARTCharPutNonBlocking)
                  00004bf2    0000000e                   : uart.obj (.text:UARTCharsAvail)
                  00004c00    0000000e                   : watchdog.obj (.text:WatchdogLockState)
                  00004c0e    0000000e     rtsv7M4_T_le_v4SPD16_eabi.lib : copy_decompress_none.obj (.text:decompress:none)
                  00004c1c    0000000c     driverlib.lib : cpu.obj (.text:CPUcpsie)
                  00004c28    0000000c                   : pwm.obj (.text:PWMGenEnable)
                  00004c34    0000000c                   : sysctl.obj (.text:SysCtlResetCauseGet)
                  00004c40    0000000c                   : watchdog.obj (.text:WatchdogUnlock)
                  00004c4c    0000000c     rtsv7M4_T_le_v4SPD16_eabi.lib : copy_zero_init.obj (.text:decompress:ZI)
                  00004c58    0000000c     tm4c1294ncpdt_startup_ccs.obj (.text)
                  00004c64    0000000a     driverlib.lib : i2c.obj (.text:I2CMasterEnable)
                  00004c6e    0000000a                   : timer.obj (.text:TimerIntStatus)
                  00004c78    0000000a                   : timer.obj (.text:TimerValueGet)
                  00004c82    0000000a                   : uart.obj (.text:UARTFIFOEnable)
                  00004c8c    0000000a                   : uart.obj (.text:UARTIntStatus)
                  00004c96    0000000a                   : watchdog.obj (.text:WatchdogEnable)
                  00004ca0    0000000a                   : watchdog.obj (.text:WatchdogResetEnable)
                  00004caa    00000008                   : i2c.obj (.text:I2CMasterBusy)
                  00004cb2    00000008                   : i2c.obj (.text:I2CMasterSlaveAddrSet)
                  00004cba    00000008                   : timer.obj (.text:TimerIntEnable)
                  00004cc2    00000008                   : uart.obj (.text:UARTIntEnable)
                  00004cca    00000006                   : gpio.obj (.text:GPIOPinWrite)
                  00004cd0    00000006                   : timer.obj (.text:TimerClockSourceSet)
                  00004cd6    00000006                   : uart.obj (.text:UARTFIFOLevelSet)
                  00004cdc    00000004                   : i2c.obj (.text:I2CMasterControl)
                  00004ce0    00000004                   : i2c.obj (.text:I2CMasterDataGet)
                  00004ce4    00000004                   : i2c.obj (.text:I2CMasterDataPut)
                  00004ce8    00000004                   : timer.obj (.text:TimerIntClear)
                  00004cec    00000004                   : timer.obj (.text:TimerSynchronize)
                  00004cf0    00000004                   : uart.obj (.text:UARTIntClear)
                  00004cf4    00000004                   : watchdog.obj (.text:WatchdogReloadSet)
                  00004cf8    00000004     rtsv7M4_T_le_v4SPD16_eabi.lib : pre_init.obj (.text)

.const     0    00004cfc    000005f8     
                  00004cfc    000001b0     driverlib.lib : sysctl.obj (.const:g_pppui32XTALtoVCO)
                  00004eac    00000168     command.obj (.const:.string)
                  00005014    00000101     rtsv7M4_T_le_v4SPD16_eabi.lib : ctype.obj (.const:.string:_ctypes_)
                  00005115    00000003     --HOLE-- [fill = 0]
                  00005118    00000090     driverlib.lib : gpio.obj (.const:g_pui32GPIOBaseAddrs)
                  000051a8    00000070                   : interrupt.obj (.const)
                  00005218    0000006c                   : sysctl.obj (.const:g_pui32Xtals)
                  00005284    00000035     latency.obj (.const:.string:$P$T0$1)
                  000052b9    00000003     --HOLE-- [fill = 0]
                  000052bc    00000030     driverlib.lib : sysctl.obj (.const:g_sXTALtoMEMTIM)
                  000052ec    00000008                   : sysctl.obj (.const)

.cinit     0    000052f8    00000088     
                  000052f8    0000005e     (.cinit..data.load) [load image, compression = lzss]
                  00005356    00000002     --HOLE-- [fill = 0]
                  00005358    0000000c     (__TI_handler_table)
                  00005364    00000004     --HOLE-- [fill = 0]
                  00005368    00000008     (.cinit..bss.load) [load image, compression = zero_init]
                  00005370    00000010     (__TI_cinit_table)

.init_array 
*          0    00000000    00000000     UNINITIALIZED

.bss       0    20000000    00002630     UNINITIALIZED
                  20000000    00000408     uart_io.obj (.bss:uartreadBuffer_0)
                  20000408    00000408     uart_io.obj (.bss:uartreadBuffer_3)
                  20000810    00000408     uart_io.obj (.bss:uartreadBuffer_4)
                  20000c18    00000408     uart_io.obj (.bss:uartreadBuffer_6)
                  20001020    00000408     uart_io.obj (.bss:uartwriteBuffer_0)
                  20001428    00000408     uart_io.obj (.bss:uartwriteBuffer_3)
                  20001830    00000408     uart_io.obj (.bss:uartwriteBuffer_4)
                  20001c38    00000408     uart_io.obj (.bss:uartwriteBuffer_6)
                  20002040    000003f4     command.obj (.bss:buffer)
                  20002434    00000068     command.obj (.bss:holster$1)
                  2000249c    00000068     command.obj (.bss:line$2)
                  20002504    00000068     uart_io.obj (.bss:message$5)
                  2000256c    00000068     latency.obj (.bss:stringBuilder)
                  200025d4    00000054     uart_io.obj (.bss:message$1)
                  20002628    00000004     uart_io.obj (.bss)
                  2000262c    00000004     (.common:SYS_CLK_FREQ_ACTUAL)

.stack     0    20002630    00000200     UNINITIALIZED
                  20002630    00000200     --HOLE--

.data      0    20002830    0000008c     UNINITIALIZED
                  20002830    00000020     command.obj (.data:commands)
                  20002850    00000020     command.obj (.data:usage)
                  20002870    00000015     uart_io.obj (.data)
                  20002885    00000002     pps_leds.obj (.data)
                  20002887    00000001     --HOLE--
                  20002888    0000000c     rtsv7M4_T_le_v4SPD16_eabi.lib : exit.obj (.data:$O1$$)
                  20002894    00000009     latency.obj (.data)
                  2000289d    00000003     --HOLE--
                  200028a0    00000008     rtsv7M4_T_le_v4SPD16_eabi.lib : _lock.obj (.data:$O1$$)
                  200028a8    00000008     command.obj (.data)
                  200028b0    00000004     rtsv7M4_T_le_v4SPD16_eabi.lib : errno.obj (.data)
                  200028b4    00000004                                   : stkdepth_vars.obj (.data)
                  200028b8    00000004                                   : strtok.obj (.data)

MODULE SUMMARY

       Module                          code    ro data   rw data
       ------                          ----    -------   -------
    .\
       uart_io.obj                     2516    0         8469   
       command.obj                     2484    360       1292   
       latency.obj                     2312    53        113    
       tm4c1294ncpdt_startup_ccs.obj   12      520       0      
       main.obj                        368     0         4      
       i2c_io.obj                      364     0         0      
       pps_leds.obj                    196     0         2      
       pwm.obj                         196     0         0      
       system_tick.obj                 52      0         0      
    +--+-------------------------------+-------+---------+---------+
       Total:                          8500    933       9880   
                                                                
    C:/ti/TivaWare_C_Series-2.1.4.178/driverlib/ccs/Debug/driverlib.lib
       sysctl.obj                      756     596       0      
       gpio.obj                        540     144       0      
       interrupt.obj                   120     112       0      
       timer.obj                       210     0         0      
       uart.obj                        202     0         0      
       pwm.obj                         178     0         0      
       i2c.obj                         114     0         0      
       systick.obj                     56      0         0      
       watchdog.obj                    50      0         0      
       fpu.obj                         16      0         0      
       cpu.obj                         12      0         0      
    +--+-------------------------------+-------+---------+---------+
       Total:                          2254    852       0      
                                                                
    C:\ti\ccsv7\tools\compiler\ti-cgt-arm_16.9.4.LTS\lib\rtsv7M4_T_le_v4SPD16_eabi.lib
       _printfi.obj                    4414    0         0      
       ull_div_t2.obj                  500     0         0      
       fd_add_t2.obj                   438     0         0      
       fd_div_t2.obj                   310     0         0      
       strtol.obj                      308     0         0      
       fd_cmp_t2.obj                   268     0         0      
       ctype.obj                       0       257       0      
       fd_mul_t2.obj                   252     0         0      
       s_scalbn.obj                    252     0         0      
       memcpy_t2.obj                   156     0         0      
       memset_t2.obj                   122     0         0      
       autoinit.obj                    112     0         0      
       copy_decompress_lzss.obj        104     0         0      
       s_frexp.obj                     100     0         0      
       exit.obj                        84      0         12     
       sprintf.obj                     96      0         0      
       boot.obj                        84      0         0      
       ltoa.obj                        84      0         0      
       atoi.obj                        76      0         0      
       cpy_tbl.obj                     76      0         0      
       fd_toi_t2.obj                   72      0         0      
       fd_tou_t2.obj                   68      0         0      
       strtok.obj                      64      0         4      
       i_tofd_t2.obj                   46      0         0      
       strspn.obj                      42      0         0      
       strcspn.obj                     36      0         0      
       u_tofd_t2.obj                   32      0         0      
       _lock.obj                       20      0         8      
       memccpy.obj                     28      0         0      
       args_main.obj                   24      0         0      
       strcmp.obj                      24      0         0      
       strchr.obj                      22      0         0      
       s_copysign.obj                  20      0         0      
       strcpy.obj                      20      0         0      
       strlen.obj                      20      0         0      
       tolower.obj                     16      0         0      
       copy_decompress_none.obj        14      0         0      
       copy_zero_init.obj              12      0         0      
       errno.obj                       0       0         4      
       pre_init.obj                    4       0         0      
       stkdepth_vars.obj               0       0         4      
       mpu_init.obj                    2       0         0      
       startup.obj                     2       0         0      
    +--+-------------------------------+-------+---------+---------+
       Total:                          8424    257       32     
                                                                
       Stack:                          0       0         512    
       Linker Generated:               0       130       0      
    +--+-------------------------------+-------+---------+---------+
       Grand Total:                    19178   2172      10424  


LINKER GENERATED COPY TABLES

__TI_cinit_table @ 00005370 records: 2, size/record: 8, table size: 16
	.data: load addr=000052f8, load size=0000005e bytes, run addr=20002830, run size=0000008c bytes, compression=lzss
	.bss: load addr=00005368, load size=00000008 bytes, run addr=20000000, run size=00002630 bytes, compression=zero_init


LINKER GENERATED HANDLER TABLE

__TI_handler_table @ 00005358 records: 3, size/record: 4, table size: 12
	index: 0, handler: __TI_decompress_lzss
	index: 1, handler: __TI_decompress_none
	index: 2, handler: __TI_zero_init


GLOBAL SYMBOLS: SORTED ALPHABETICALLY BY Name 

address   name                           
-------   ----                           
0000445d  C$$EXIT                        
00004c1d  CPUcpsie                       
00001e5f  CommandInterpreter             
00004b79  FPUEnable                      
0000485b  GPIODirModeSet                 
00003acd  GPIOPadConfigSet               
000045e9  GPIOPinConfigure               
000049ad  GPIOPinTypeGPIOOutput          
00004ad5  GPIOPinTypeI2C                 
00004ae7  GPIOPinTypeI2CSCL              
00004af9  GPIOPinTypePWM                 
00004b0b  GPIOPinTypeTimer               
00004b1d  GPIOPinTypeUART                
00004ccb  GPIOPinWrite                   
20002874  GPS_base                       
00004cab  I2CMasterBusy                  
00004cdd  I2CMasterControl               
00004ce1  I2CMasterDataGet               
00004ce5  I2CMasterDataPut               
00004c65  I2CMasterEnable                
00004505  I2CMasterInitExpClk            
00004cb3  I2CMasterSlaveAddrSet          
00004813  ISR_SysTick                    
000026e5  ISR_TIMER0_A                   
00002765  ISR_TIMER2_A                   
0000286d  ISR_TIMER2_B                   
00001749  ISR_UART0                      
00001815  ISR_UART3                      
000018dd  ISR_UART4                      
0000198d  ISR_UART6                      
00004215  IntEnable                      
00004b89  IntMasterEnable                
0000362d  InterruptConfigFaultISR        
00003df9  PPSDirectkReceived             
00003e0d  PPSFeedbackReceived            
00003e65  PPSLEDsInit                    
00003e21  PPSLEDsService                 
00004a21  PWMClockSet                    
000048d3  PWMGenConfigure                
00004c29  PWMGenEnable                   
00004b2f  PWMGenPeriodGet                
00004b99  PWMGenPeriodSet                
00003ebd  PWMInit                        
00004b41  PWMOutputState                 
00003f21  PWMPeriodSet                   
00003f45  PWMPeriodeGet                  
00003f61  PWMPulseGet                    
00003f51  PWMPulseSet                    
00004955  PWMPulseWidthGet               
00004973  PWMPulseWidthSet               
00004c59  ResetISR                       
UNDEFED   SHT$$INIT_ARRAY$$Base          
UNDEFED   SHT$$INIT_ARRAY$$Limit         
2000262c  SYS_CLK_FREQ_ACTUAL            
00002fd9  SysCtlClockFreqSet             
000047c5  SysCtlPeripheralEnable         
0000478d  SysCtlPeripheralReady          
00004a35  SysCtlResetCauseClear          
00004c35  SysCtlResetCauseGet            
00004a49  SysTickEnable                  
000047f9  SysTickInit                    
00004a5d  SysTickIntEnable               
00004ba9  SysTickPeriodSet               
00004cd1  TimerClockSourceSet            
00004349  TimerConfigure                 
000049f5  TimerControlEvent              
00004bc9  TimerEnable                    
00004ce9  TimerIntClear                  
00004cbb  TimerIntEnable                 
00004c6f  TimerIntStatus                 
00004b53  TimerLoadSet                   
00004b65  TimerPrescaleSet               
00004ced  TimerSynchronize               
00004c79  TimerValueGet                  
00004bd7  UARTCharGetNonBlocking         
00004be5  UARTCharPutNonBlocking         
00004bf3  UARTCharsAvail                 
000046c1  UARTConfigSetExpClk            
000048f5  UARTDisable                    
00004a71  UARTEnable                     
00004c83  UARTFIFOEnable                 
00004cd7  UARTFIFOLevelSet               
000016cf  UARTGetch                      
00001443  UARTInit                       
00004cf1  UARTIntClear                   
00004cc3  UARTIntEnable                  
00004c8d  UARTIntStatus                  
000013b1  UARTPrint                      
000013d1  UARTPrint_i32                  
000015f5  UARTPutch                      
00001a69  UARTTransferGPSData            
00001be9  UARTTransferLineData           
00004c97  WatchdogEnable                 
00004c01  WatchdogLockState              
00004cf5  WatchdogReloadSet              
00004ca1  WatchdogResetEnable            
00004c41  WatchdogUnlock                 
20002830  __STACK_END                    
00000200  __STACK_SIZE                   
20002830  __STACK_TOP                    
00005370  __TI_CINIT_Base                
00005380  __TI_CINIT_Limit               
00005358  __TI_Handler_Table_Base        
00005364  __TI_Handler_Table_Limit       
000041a5  __TI_auto_init                 
20002888  __TI_cleanup_ptr               
0000427d  __TI_decompress_lzss           
00004c0f  __TI_decompress_none           
2000288c  __TI_dtors_ptr                 
20002890  __TI_enable_exit_profile_output
ffffffff  __TI_pprof_out_hndl            
00000a4d  __TI_printfi                   
ffffffff  __TI_prof_data_size            
ffffffff  __TI_prof_data_start           
00000000  __TI_static_base__             
00004c4d  __TI_zero_init                 
0000401d  __aeabi_cdcmpeq                
0000401d  __aeabi_cdcmple                
000040a3  __aeabi_cdrcmple               
00004679  __aeabi_d2iz                   
00004707  __aeabi_d2uiz                  
000033d7  __aeabi_dadd                   
00003861  __aeabi_ddiv                   
00003bff  __aeabi_dmul                   
000033cd  __aeabi_dsub                   
0000482d  __aeabi_i2d                    
00004129  __aeabi_memclr                 
00004129  __aeabi_memclr4                
00004129  __aeabi_memclr8                
00003f81  __aeabi_memcpy                 
00003f81  __aeabi_memcpy4                
00003f81  __aeabi_memcpy8                
0000412b  __aeabi_memset                 
0000412b  __aeabi_memset4                
0000412b  __aeabi_memset8                
00004935  __aeabi_ui2d                   
000031d9  __aeabi_uldivmod               
ffffffff  __binit__                      
ffffffff  __c_args__                     
00001347  __mpu_init                     
20002630  __stack                        
000049c5  _args_main                     
00004409  _c_int00                       
00005014  _ctypes_                       
200028a0  _lock                          
00004a93  _nop                           
00004a8b  _register_lock                 
00004a85  _register_unlock               
00003583  _system_post_cinit             
00004cf9  _system_pre_init               
200028a4  _unlock                        
00004461  abort                          
00004551  atoi                           
ffffffff  binit                          
0000459d  copy_in                        
00004a99  copysign                       
00004a99  copysignl                      
200028b0  errno                          
00001ead  execute                        
00004469  exit                           
000042e5  frexp                          
000042e5  frexpl                         
00000000  g_pfnVectors                   
000036f5  i2cInit                        
00003601  init                           
00002e51  latencyInit                    
00003cfd  ldexp                          
00003cfd  ldexpl                         
000044b1  ltoa                           
00003585  main                           
200028b4  main_func_sp                   
000026d1  measureLatency                 
00004991  memccpy                        
00003f81  memcpy                         
00004131  memset                         
000035ab  pulse                          
00003cfd  scalbn                         
00003cfd  scalbnl                        
20002870  show_gps                       
20002871  show_line                      
000043a9  sprintf                        
00004a0b  strchr                         
000049dd  strcmp                         
00004aad  strcpy                         
000048af  strcspn                        
00004ac1  strlen                         
00004885  strspn                         
0000474d  strtok                         
00003999  strtol                         
00003783  temperature                    
00004bb9  tolower                        
000016a9  uartHasData                    
000035b7  wdtInit                        


GLOBAL SYMBOLS: SORTED BY Symbol Address 

address   name                           
-------   ----                           
00000000  __TI_static_base__             
00000000  g_pfnVectors                   
00000200  __STACK_SIZE                   
00000a4d  __TI_printfi                   
00001347  __mpu_init                     
000013b1  UARTPrint                      
000013d1  UARTPrint_i32                  
00001443  UARTInit                       
000015f5  UARTPutch                      
000016a9  uartHasData                    
000016cf  UARTGetch                      
00001749  ISR_UART0                      
00001815  ISR_UART3                      
000018dd  ISR_UART4                      
0000198d  ISR_UART6                      
00001a69  UARTTransferGPSData            
00001be9  UARTTransferLineData           
00001e5f  CommandInterpreter             
00001ead  execute                        
000026d1  measureLatency                 
000026e5  ISR_TIMER0_A                   
00002765  ISR_TIMER2_A                   
0000286d  ISR_TIMER2_B                   
00002e51  latencyInit                    
00002fd9  SysCtlClockFreqSet             
000031d9  __aeabi_uldivmod               
000033cd  __aeabi_dsub                   
000033d7  __aeabi_dadd                   
00003583  _system_post_cinit             
00003585  main                           
000035ab  pulse                          
000035b7  wdtInit                        
00003601  init                           
0000362d  InterruptConfigFaultISR        
000036f5  i2cInit                        
00003783  temperature                    
00003861  __aeabi_ddiv                   
00003999  strtol                         
00003acd  GPIOPadConfigSet               
00003bff  __aeabi_dmul                   
00003cfd  ldexp                          
00003cfd  ldexpl                         
00003cfd  scalbn                         
00003cfd  scalbnl                        
00003df9  PPSDirectkReceived             
00003e0d  PPSFeedbackReceived            
00003e21  PPSLEDsService                 
00003e65  PPSLEDsInit                    
00003ebd  PWMInit                        
00003f21  PWMPeriodSet                   
00003f45  PWMPeriodeGet                  
00003f51  PWMPulseSet                    
00003f61  PWMPulseGet                    
00003f81  __aeabi_memcpy                 
00003f81  __aeabi_memcpy4                
00003f81  __aeabi_memcpy8                
00003f81  memcpy                         
0000401d  __aeabi_cdcmpeq                
0000401d  __aeabi_cdcmple                
000040a3  __aeabi_cdrcmple               
00004129  __aeabi_memclr                 
00004129  __aeabi_memclr4                
00004129  __aeabi_memclr8                
0000412b  __aeabi_memset                 
0000412b  __aeabi_memset4                
0000412b  __aeabi_memset8                
00004131  memset                         
000041a5  __TI_auto_init                 
00004215  IntEnable                      
0000427d  __TI_decompress_lzss           
000042e5  frexp                          
000042e5  frexpl                         
00004349  TimerConfigure                 
000043a9  sprintf                        
00004409  _c_int00                       
0000445d  C$$EXIT                        
00004461  abort                          
00004469  exit                           
000044b1  ltoa                           
00004505  I2CMasterInitExpClk            
00004551  atoi                           
0000459d  copy_in                        
000045e9  GPIOPinConfigure               
00004679  __aeabi_d2iz                   
000046c1  UARTConfigSetExpClk            
00004707  __aeabi_d2uiz                  
0000474d  strtok                         
0000478d  SysCtlPeripheralReady          
000047c5  SysCtlPeripheralEnable         
000047f9  SysTickInit                    
00004813  ISR_SysTick                    
0000482d  __aeabi_i2d                    
0000485b  GPIODirModeSet                 
00004885  strspn                         
000048af  strcspn                        
000048d3  PWMGenConfigure                
000048f5  UARTDisable                    
00004935  __aeabi_ui2d                   
00004955  PWMPulseWidthGet               
00004973  PWMPulseWidthSet               
00004991  memccpy                        
000049ad  GPIOPinTypeGPIOOutput          
000049c5  _args_main                     
000049dd  strcmp                         
000049f5  TimerControlEvent              
00004a0b  strchr                         
00004a21  PWMClockSet                    
00004a35  SysCtlResetCauseClear          
00004a49  SysTickEnable                  
00004a5d  SysTickIntEnable               
00004a71  UARTEnable                     
00004a85  _register_unlock               
00004a8b  _register_lock                 
00004a93  _nop                           
00004a99  copysign                       
00004a99  copysignl                      
00004aad  strcpy                         
00004ac1  strlen                         
00004ad5  GPIOPinTypeI2C                 
00004ae7  GPIOPinTypeI2CSCL              
00004af9  GPIOPinTypePWM                 
00004b0b  GPIOPinTypeTimer               
00004b1d  GPIOPinTypeUART                
00004b2f  PWMGenPeriodGet                
00004b41  PWMOutputState                 
00004b53  TimerLoadSet                   
00004b65  TimerPrescaleSet               
00004b79  FPUEnable                      
00004b89  IntMasterEnable                
00004b99  PWMGenPeriodSet                
00004ba9  SysTickPeriodSet               
00004bb9  tolower                        
00004bc9  TimerEnable                    
00004bd7  UARTCharGetNonBlocking         
00004be5  UARTCharPutNonBlocking         
00004bf3  UARTCharsAvail                 
00004c01  WatchdogLockState              
00004c0f  __TI_decompress_none           
00004c1d  CPUcpsie                       
00004c29  PWMGenEnable                   
00004c35  SysCtlResetCauseGet            
00004c41  WatchdogUnlock                 
00004c4d  __TI_zero_init                 
00004c59  ResetISR                       
00004c65  I2CMasterEnable                
00004c6f  TimerIntStatus                 
00004c79  TimerValueGet                  
00004c83  UARTFIFOEnable                 
00004c8d  UARTIntStatus                  
00004c97  WatchdogEnable                 
00004ca1  WatchdogResetEnable            
00004cab  I2CMasterBusy                  
00004cb3  I2CMasterSlaveAddrSet          
00004cbb  TimerIntEnable                 
00004cc3  UARTIntEnable                  
00004ccb  GPIOPinWrite                   
00004cd1  TimerClockSourceSet            
00004cd7  UARTFIFOLevelSet               
00004cdd  I2CMasterControl               
00004ce1  I2CMasterDataGet               
00004ce5  I2CMasterDataPut               
00004ce9  TimerIntClear                  
00004ced  TimerSynchronize               
00004cf1  UARTIntClear                   
00004cf5  WatchdogReloadSet              
00004cf9  _system_pre_init               
00005014  _ctypes_                       
00005358  __TI_Handler_Table_Base        
00005364  __TI_Handler_Table_Limit       
00005370  __TI_CINIT_Base                
00005380  __TI_CINIT_Limit               
2000262c  SYS_CLK_FREQ_ACTUAL            
20002630  __stack                        
20002830  __STACK_END                    
20002830  __STACK_TOP                    
20002870  show_gps                       
20002871  show_line                      
20002874  GPS_base                       
20002888  __TI_cleanup_ptr               
2000288c  __TI_dtors_ptr                 
20002890  __TI_enable_exit_profile_output
200028a0  _lock                          
200028a4  _unlock                        
200028b0  errno                          
200028b4  main_func_sp                   
ffffffff  __TI_pprof_out_hndl            
ffffffff  __TI_prof_data_size            
ffffffff  __TI_prof_data_start           
ffffffff  __binit__                      
ffffffff  __c_args__                     
ffffffff  binit                          
UNDEFED   SHT$$INIT_ARRAY$$Base          
UNDEFED   SHT$$INIT_ARRAY$$Limit         

[193 symbols]
