<?xml version="1.0"?>
<link_info>
   <banner>TI ARM Linker PC v16.9.6.LTS</banner>
   <copyright>Copyright (c) 1996-2017 Texas Instruments Incorporated</copyright>
   <link_time>0x5a99737b</link_time>
   <link_errors>0x0</link_errors>
   <output_file>Sync_Interface.out</output_file>
   <entry_point>
      <name>_c_int00</name>
      <address>0x4bd5</address>
   </entry_point>
   <input_file_list>
      <input_file id="fl-2">
         <path>.\</path>
         <kind>object</kind>
         <file>bridge.obj</file>
         <name>bridge.obj</name>
      </input_file>
      <input_file id="fl-3">
         <path>.\</path>
         <kind>object</kind>
         <file>clock.obj</file>
         <name>clock.obj</name>
      </input_file>
      <input_file id="fl-4">
         <path>.\</path>
         <kind>object</kind>
         <file>command.obj</file>
         <name>command.obj</name>
      </input_file>
      <input_file id="fl-5">
         <path>.\</path>
         <kind>object</kind>
         <file>i2c_io.obj</file>
         <name>i2c_io.obj</name>
      </input_file>
      <input_file id="fl-6">
         <path>.\</path>
         <kind>object</kind>
         <file>latency.obj</file>
         <name>latency.obj</name>
      </input_file>
      <input_file id="fl-7">
         <path>.\</path>
         <kind>object</kind>
         <file>main.obj</file>
         <name>main.obj</name>
      </input_file>
      <input_file id="fl-8">
         <path>.\</path>
         <kind>object</kind>
         <file>pps_leds.obj</file>
         <name>pps_leds.obj</name>
      </input_file>
      <input_file id="fl-9">
         <path>.\</path>
         <kind>object</kind>
         <file>system_tick.obj</file>
         <name>system_tick.obj</name>
      </input_file>
      <input_file id="fl-a">
         <path>.\</path>
         <kind>object</kind>
         <file>tm4c1294ncpdt_startup_ccs.obj</file>
         <name>tm4c1294ncpdt_startup_ccs.obj</name>
      </input_file>
      <input_file id="fl-b">
         <path>.\</path>
         <kind>object</kind>
         <file>uart_io.obj</file>
         <name>uart_io.obj</name>
      </input_file>
      <input_file id="fl-10">
         <kind>object</kind>
         <file>&lt;internal&gt;</file>
         <name>&lt;internal&gt;</name>
      </input_file>
      <input_file id="fl-11">
         <path>C:\ti\TivaWare_C_Series-2.1.4.178\driverlib\ccs\Debug\</path>
         <kind>archive</kind>
         <file>driverlib.lib</file>
         <name>fpu.obj</name>
      </input_file>
      <input_file id="fl-12">
         <path>C:\ti\TivaWare_C_Series-2.1.4.178\driverlib\ccs\Debug\</path>
         <kind>archive</kind>
         <file>driverlib.lib</file>
         <name>gpio.obj</name>
      </input_file>
      <input_file id="fl-13">
         <path>C:\ti\TivaWare_C_Series-2.1.4.178\driverlib\ccs\Debug\</path>
         <kind>archive</kind>
         <file>driverlib.lib</file>
         <name>i2c.obj</name>
      </input_file>
      <input_file id="fl-14">
         <path>C:\ti\TivaWare_C_Series-2.1.4.178\driverlib\ccs\Debug\</path>
         <kind>archive</kind>
         <file>driverlib.lib</file>
         <name>interrupt.obj</name>
      </input_file>
      <input_file id="fl-15">
         <path>C:\ti\TivaWare_C_Series-2.1.4.178\driverlib\ccs\Debug\</path>
         <kind>archive</kind>
         <file>driverlib.lib</file>
         <name>sysctl.obj</name>
      </input_file>
      <input_file id="fl-16">
         <path>C:\ti\TivaWare_C_Series-2.1.4.178\driverlib\ccs\Debug\</path>
         <kind>archive</kind>
         <file>driverlib.lib</file>
         <name>systick.obj</name>
      </input_file>
      <input_file id="fl-17">
         <path>C:\ti\TivaWare_C_Series-2.1.4.178\driverlib\ccs\Debug\</path>
         <kind>archive</kind>
         <file>driverlib.lib</file>
         <name>timer.obj</name>
      </input_file>
      <input_file id="fl-18">
         <path>C:\ti\TivaWare_C_Series-2.1.4.178\driverlib\ccs\Debug\</path>
         <kind>archive</kind>
         <file>driverlib.lib</file>
         <name>uart.obj</name>
      </input_file>
      <input_file id="fl-19">
         <path>C:\ti\TivaWare_C_Series-2.1.4.178\driverlib\ccs\Debug\</path>
         <kind>archive</kind>
         <file>driverlib.lib</file>
         <name>watchdog.obj</name>
      </input_file>
      <input_file id="fl-1a">
         <path>C:\ti\TivaWare_C_Series-2.1.4.178\driverlib\ccs\Debug\</path>
         <kind>archive</kind>
         <file>driverlib.lib</file>
         <name>cpu.obj</name>
      </input_file>
      <input_file id="fl-d0">
         <path>C:\ti\ccsv7\tools\compiler\ti-cgt-arm_16.9.6.LTS\lib\</path>
         <kind>archive</kind>
         <file>rtsv7M4_T_le_v4SPD16_eabi.lib</file>
         <name>boot.obj</name>
      </input_file>
      <input_file id="fl-d1">
         <path>C:\ti\ccsv7\tools\compiler\ti-cgt-arm_16.9.6.LTS\lib\</path>
         <kind>archive</kind>
         <file>rtsv7M4_T_le_v4SPD16_eabi.lib</file>
         <name>copy_decompress_lzss.obj</name>
      </input_file>
      <input_file id="fl-d2">
         <path>C:\ti\ccsv7\tools\compiler\ti-cgt-arm_16.9.6.LTS\lib\</path>
         <kind>archive</kind>
         <file>rtsv7M4_T_le_v4SPD16_eabi.lib</file>
         <name>copy_decompress_none.obj</name>
      </input_file>
      <input_file id="fl-d3">
         <path>C:\ti\ccsv7\tools\compiler\ti-cgt-arm_16.9.6.LTS\lib\</path>
         <kind>archive</kind>
         <file>rtsv7M4_T_le_v4SPD16_eabi.lib</file>
         <name>copy_zero_init.obj</name>
      </input_file>
      <input_file id="fl-d4">
         <path>C:\ti\ccsv7\tools\compiler\ti-cgt-arm_16.9.6.LTS\lib\</path>
         <kind>archive</kind>
         <file>rtsv7M4_T_le_v4SPD16_eabi.lib</file>
         <name>exit.obj</name>
      </input_file>
      <input_file id="fl-d5">
         <path>C:\ti\ccsv7\tools\compiler\ti-cgt-arm_16.9.6.LTS\lib\</path>
         <kind>archive</kind>
         <file>rtsv7M4_T_le_v4SPD16_eabi.lib</file>
         <name>fd_add_t2.obj</name>
      </input_file>
      <input_file id="fl-d6">
         <path>C:\ti\ccsv7\tools\compiler\ti-cgt-arm_16.9.6.LTS\lib\</path>
         <kind>archive</kind>
         <file>rtsv7M4_T_le_v4SPD16_eabi.lib</file>
         <name>fd_cmp_t2.obj</name>
      </input_file>
      <input_file id="fl-d7">
         <path>C:\ti\ccsv7\tools\compiler\ti-cgt-arm_16.9.6.LTS\lib\</path>
         <kind>archive</kind>
         <file>rtsv7M4_T_le_v4SPD16_eabi.lib</file>
         <name>fd_div_t2.obj</name>
      </input_file>
      <input_file id="fl-d8">
         <path>C:\ti\ccsv7\tools\compiler\ti-cgt-arm_16.9.6.LTS\lib\</path>
         <kind>archive</kind>
         <file>rtsv7M4_T_le_v4SPD16_eabi.lib</file>
         <name>fd_mul_t2.obj</name>
      </input_file>
      <input_file id="fl-d9">
         <path>C:\ti\ccsv7\tools\compiler\ti-cgt-arm_16.9.6.LTS\lib\</path>
         <kind>archive</kind>
         <file>rtsv7M4_T_le_v4SPD16_eabi.lib</file>
         <name>fd_toi_t2.obj</name>
      </input_file>
      <input_file id="fl-da">
         <path>C:\ti\ccsv7\tools\compiler\ti-cgt-arm_16.9.6.LTS\lib\</path>
         <kind>archive</kind>
         <file>rtsv7M4_T_le_v4SPD16_eabi.lib</file>
         <name>fd_tou_t2.obj</name>
      </input_file>
      <input_file id="fl-db">
         <path>C:\ti\ccsv7\tools\compiler\ti-cgt-arm_16.9.6.LTS\lib\</path>
         <kind>archive</kind>
         <file>rtsv7M4_T_le_v4SPD16_eabi.lib</file>
         <name>i_tofd_t2.obj</name>
      </input_file>
      <input_file id="fl-dc">
         <path>C:\ti\ccsv7\tools\compiler\ti-cgt-arm_16.9.6.LTS\lib\</path>
         <kind>archive</kind>
         <file>rtsv7M4_T_le_v4SPD16_eabi.lib</file>
         <name>memcpy_t2.obj</name>
      </input_file>
      <input_file id="fl-dd">
         <path>C:\ti\ccsv7\tools\compiler\ti-cgt-arm_16.9.6.LTS\lib\</path>
         <kind>archive</kind>
         <file>rtsv7M4_T_le_v4SPD16_eabi.lib</file>
         <name>memset_t2.obj</name>
      </input_file>
      <input_file id="fl-de">
         <path>C:\ti\ccsv7\tools\compiler\ti-cgt-arm_16.9.6.LTS\lib\</path>
         <kind>archive</kind>
         <file>rtsv7M4_T_le_v4SPD16_eabi.lib</file>
         <name>mpu_init.obj</name>
      </input_file>
      <input_file id="fl-df">
         <path>C:\ti\ccsv7\tools\compiler\ti-cgt-arm_16.9.6.LTS\lib\</path>
         <kind>archive</kind>
         <file>rtsv7M4_T_le_v4SPD16_eabi.lib</file>
         <name>pre_init.obj</name>
      </input_file>
      <input_file id="fl-e0">
         <path>C:\ti\ccsv7\tools\compiler\ti-cgt-arm_16.9.6.LTS\lib\</path>
         <kind>archive</kind>
         <file>rtsv7M4_T_le_v4SPD16_eabi.lib</file>
         <name>sprintf.obj</name>
      </input_file>
      <input_file id="fl-e1">
         <path>C:\ti\ccsv7\tools\compiler\ti-cgt-arm_16.9.6.LTS\lib\</path>
         <kind>archive</kind>
         <file>rtsv7M4_T_le_v4SPD16_eabi.lib</file>
         <name>stkdepth_vars.obj</name>
      </input_file>
      <input_file id="fl-e2">
         <path>C:\ti\ccsv7\tools\compiler\ti-cgt-arm_16.9.6.LTS\lib\</path>
         <kind>archive</kind>
         <file>rtsv7M4_T_le_v4SPD16_eabi.lib</file>
         <name>strcmp.obj</name>
      </input_file>
      <input_file id="fl-e3">
         <path>C:\ti\ccsv7\tools\compiler\ti-cgt-arm_16.9.6.LTS\lib\</path>
         <kind>archive</kind>
         <file>rtsv7M4_T_le_v4SPD16_eabi.lib</file>
         <name>strcpy.obj</name>
      </input_file>
      <input_file id="fl-e4">
         <path>C:\ti\ccsv7\tools\compiler\ti-cgt-arm_16.9.6.LTS\lib\</path>
         <kind>archive</kind>
         <file>rtsv7M4_T_le_v4SPD16_eabi.lib</file>
         <name>strtok.obj</name>
      </input_file>
      <input_file id="fl-e5">
         <path>C:\ti\ccsv7\tools\compiler\ti-cgt-arm_16.9.6.LTS\lib\</path>
         <kind>archive</kind>
         <file>rtsv7M4_T_le_v4SPD16_eabi.lib</file>
         <name>tolower.obj</name>
      </input_file>
      <input_file id="fl-e6">
         <path>C:\ti\ccsv7\tools\compiler\ti-cgt-arm_16.9.6.LTS\lib\</path>
         <kind>archive</kind>
         <file>rtsv7M4_T_le_v4SPD16_eabi.lib</file>
         <name>u_tofd_t2.obj</name>
      </input_file>
      <input_file id="fl-e7">
         <path>C:\ti\ccsv7\tools\compiler\ti-cgt-arm_16.9.6.LTS\lib\</path>
         <kind>archive</kind>
         <file>rtsv7M4_T_le_v4SPD16_eabi.lib</file>
         <name>_lock.obj</name>
      </input_file>
      <input_file id="fl-e8">
         <path>C:\ti\ccsv7\tools\compiler\ti-cgt-arm_16.9.6.LTS\lib\</path>
         <kind>archive</kind>
         <file>rtsv7M4_T_le_v4SPD16_eabi.lib</file>
         <name>_printfi.obj</name>
      </input_file>
      <input_file id="fl-e9">
         <path>C:\ti\ccsv7\tools\compiler\ti-cgt-arm_16.9.6.LTS\lib\</path>
         <kind>archive</kind>
         <file>rtsv7M4_T_le_v4SPD16_eabi.lib</file>
         <name>args_main.obj</name>
      </input_file>
      <input_file id="fl-ea">
         <path>C:\ti\ccsv7\tools\compiler\ti-cgt-arm_16.9.6.LTS\lib\</path>
         <kind>archive</kind>
         <file>rtsv7M4_T_le_v4SPD16_eabi.lib</file>
         <name>atoi.obj</name>
      </input_file>
      <input_file id="fl-eb">
         <path>C:\ti\ccsv7\tools\compiler\ti-cgt-arm_16.9.6.LTS\lib\</path>
         <kind>archive</kind>
         <file>rtsv7M4_T_le_v4SPD16_eabi.lib</file>
         <name>autoinit.obj</name>
      </input_file>
      <input_file id="fl-ec">
         <path>C:\ti\ccsv7\tools\compiler\ti-cgt-arm_16.9.6.LTS\lib\</path>
         <kind>archive</kind>
         <file>rtsv7M4_T_le_v4SPD16_eabi.lib</file>
         <name>cpy_tbl.obj</name>
      </input_file>
      <input_file id="fl-ed">
         <path>C:\ti\ccsv7\tools\compiler\ti-cgt-arm_16.9.6.LTS\lib\</path>
         <kind>archive</kind>
         <file>rtsv7M4_T_le_v4SPD16_eabi.lib</file>
         <name>ctype.obj</name>
      </input_file>
      <input_file id="fl-ee">
         <path>C:\ti\ccsv7\tools\compiler\ti-cgt-arm_16.9.6.LTS\lib\</path>
         <kind>archive</kind>
         <file>rtsv7M4_T_le_v4SPD16_eabi.lib</file>
         <name>ltoa.obj</name>
      </input_file>
      <input_file id="fl-ef">
         <path>C:\ti\ccsv7\tools\compiler\ti-cgt-arm_16.9.6.LTS\lib\</path>
         <kind>archive</kind>
         <file>rtsv7M4_T_le_v4SPD16_eabi.lib</file>
         <name>memccpy.obj</name>
      </input_file>
      <input_file id="fl-f0">
         <path>C:\ti\ccsv7\tools\compiler\ti-cgt-arm_16.9.6.LTS\lib\</path>
         <kind>archive</kind>
         <file>rtsv7M4_T_le_v4SPD16_eabi.lib</file>
         <name>s_frexp.obj</name>
      </input_file>
      <input_file id="fl-f1">
         <path>C:\ti\ccsv7\tools\compiler\ti-cgt-arm_16.9.6.LTS\lib\</path>
         <kind>archive</kind>
         <file>rtsv7M4_T_le_v4SPD16_eabi.lib</file>
         <name>s_scalbn.obj</name>
      </input_file>
      <input_file id="fl-f2">
         <path>C:\ti\ccsv7\tools\compiler\ti-cgt-arm_16.9.6.LTS\lib\</path>
         <kind>archive</kind>
         <file>rtsv7M4_T_le_v4SPD16_eabi.lib</file>
         <name>startup.obj</name>
      </input_file>
      <input_file id="fl-f3">
         <path>C:\ti\ccsv7\tools\compiler\ti-cgt-arm_16.9.6.LTS\lib\</path>
         <kind>archive</kind>
         <file>rtsv7M4_T_le_v4SPD16_eabi.lib</file>
         <name>strchr.obj</name>
      </input_file>
      <input_file id="fl-f4">
         <path>C:\ti\ccsv7\tools\compiler\ti-cgt-arm_16.9.6.LTS\lib\</path>
         <kind>archive</kind>
         <file>rtsv7M4_T_le_v4SPD16_eabi.lib</file>
         <name>strcspn.obj</name>
      </input_file>
      <input_file id="fl-f5">
         <path>C:\ti\ccsv7\tools\compiler\ti-cgt-arm_16.9.6.LTS\lib\</path>
         <kind>archive</kind>
         <file>rtsv7M4_T_le_v4SPD16_eabi.lib</file>
         <name>strlen.obj</name>
      </input_file>
      <input_file id="fl-f6">
         <path>C:\ti\ccsv7\tools\compiler\ti-cgt-arm_16.9.6.LTS\lib\</path>
         <kind>archive</kind>
         <file>rtsv7M4_T_le_v4SPD16_eabi.lib</file>
         <name>strspn.obj</name>
      </input_file>
      <input_file id="fl-f7">
         <path>C:\ti\ccsv7\tools\compiler\ti-cgt-arm_16.9.6.LTS\lib\</path>
         <kind>archive</kind>
         <file>rtsv7M4_T_le_v4SPD16_eabi.lib</file>
         <name>ull_div_t2.obj</name>
      </input_file>
      <input_file id="fl-f8">
         <path>C:\ti\ccsv7\tools\compiler\ti-cgt-arm_16.9.6.LTS\lib\</path>
         <kind>archive</kind>
         <file>rtsv7M4_T_le_v4SPD16_eabi.lib</file>
         <name>errno.obj</name>
      </input_file>
      <input_file id="fl-f9">
         <path>C:\ti\ccsv7\tools\compiler\ti-cgt-arm_16.9.6.LTS\lib\</path>
         <kind>archive</kind>
         <file>rtsv7M4_T_le_v4SPD16_eabi.lib</file>
         <name>s_copysign.obj</name>
      </input_file>
   </input_file_list>
   <object_component_list>
      <object_component id="oc-f">
         <name>.intvecs</name>
         <load_address>0x0</load_address>
         <run_address>0x0</run_address>
         <size>0x208</size>
         <input_file_ref idref="fl-a"/>
      </object_component>
      <object_component id="oc-3d">
         <name>.text</name>
         <load_address>0x208</load_address>
         <run_address>0x208</run_address>
         <size>0x118c</size>
         <input_file_ref idref="fl-6"/>
      </object_component>
      <object_component id="oc-28d">
         <name>.text</name>
         <load_address>0x1394</load_address>
         <run_address>0x1394</run_address>
         <size>0x113e</size>
         <input_file_ref idref="fl-e8"/>
      </object_component>
      <object_component id="oc-69">
         <name>.text</name>
         <load_address>0x24d2</load_address>
         <run_address>0x24d2</run_address>
         <size>0x2</size>
         <input_file_ref idref="fl-de"/>
      </object_component>
      <object_component id="oc-9e">
         <name>.text</name>
         <load_address>0x24d4</load_address>
         <run_address>0x24d4</run_address>
         <size>0xa44</size>
         <input_file_ref idref="fl-4"/>
      </object_component>
      <object_component id="oc-37">
         <name>.text</name>
         <load_address>0x2f18</load_address>
         <run_address>0x2f18</run_address>
         <size>0x9fc</size>
         <input_file_ref idref="fl-b"/>
      </object_component>
      <object_component id="oc-2c4">
         <name>.text:SysCtlClockFreqSet</name>
         <load_address>0x3914</load_address>
         <run_address>0x3914</run_address>
         <size>0x200</size>
         <input_file_ref idref="fl-15"/>
      </object_component>
      <object_component id="oc-3a3">
         <name>.text</name>
         <load_address>0x3b14</load_address>
         <run_address>0x3b14</run_address>
         <size>0x1f4</size>
         <input_file_ref idref="fl-f7"/>
      </object_component>
      <object_component id="oc-17a">
         <name>.text</name>
         <load_address>0x3d08</load_address>
         <run_address>0x3d08</run_address>
         <size>0x1b6</size>
         <input_file_ref idref="fl-d5"/>
      </object_component>
      <object_component id="oc-1e8">
         <name>.text</name>
         <load_address>0x3ebe</load_address>
         <run_address>0x3ebe</run_address>
         <size>0x2</size>
         <input_file_ref idref="fl-f2"/>
      </object_component>
      <object_component id="oc-18a">
         <name>.text</name>
         <load_address>0x3ec0</load_address>
         <run_address>0x3ec0</run_address>
         <size>0x16c</size>
         <input_file_ref idref="fl-5"/>
      </object_component>
      <object_component id="oc-149">
         <name>.text</name>
         <load_address>0x402c</load_address>
         <run_address>0x402c</run_address>
         <size>0x140</size>
         <input_file_ref idref="fl-7"/>
      </object_component>
      <object_component id="oc-163">
         <name>.text</name>
         <load_address>0x416c</load_address>
         <run_address>0x416c</run_address>
         <size>0x136</size>
         <input_file_ref idref="fl-d7"/>
      </object_component>
      <object_component id="oc-253">
         <name>.text:GPIOPadConfigSet</name>
         <load_address>0x42a2</load_address>
         <run_address>0x42a2</run_address>
         <size>0x132</size>
         <input_file_ref idref="fl-12"/>
      </object_component>
      <object_component id="oc-168">
         <name>.text</name>
         <load_address>0x43d4</load_address>
         <run_address>0x43d4</run_address>
         <size>0xfc</size>
         <input_file_ref idref="fl-d8"/>
      </object_component>
      <object_component id="oc-3ba">
         <name>.text</name>
         <load_address>0x44d0</load_address>
         <run_address>0x44d0</run_address>
         <size>0xfc</size>
         <input_file_ref idref="fl-f1"/>
      </object_component>
      <object_component id="oc-a4">
         <name>.text</name>
         <load_address>0x45cc</load_address>
         <run_address>0x45cc</run_address>
         <size>0xc4</size>
         <input_file_ref idref="fl-8"/>
      </object_component>
      <object_component id="oc-14f">
         <name>.text</name>
         <load_address>0x4690</load_address>
         <run_address>0x4690</run_address>
         <size>0xbc</size>
         <input_file_ref idref="fl-3"/>
      </object_component>
      <object_component id="oc-51">
         <name>.text</name>
         <load_address>0x474c</load_address>
         <run_address>0x474c</run_address>
         <size>0x9c</size>
         <input_file_ref idref="fl-dc"/>
      </object_component>
      <object_component id="oc-172">
         <name>.text:__aeabi_cdcmple</name>
         <load_address>0x47e8</load_address>
         <run_address>0x47e8</run_address>
         <size>0x86</size>
         <input_file_ref idref="fl-d6"/>
      </object_component>
      <object_component id="oc-16d">
         <name>.text:__aeabi_cdrcmple</name>
         <load_address>0x486e</load_address>
         <run_address>0x486e</run_address>
         <size>0x86</size>
         <input_file_ref idref="fl-d6"/>
      </object_component>
      <object_component id="oc-5d">
         <name>.text</name>
         <load_address>0x48f4</load_address>
         <run_address>0x48f4</run_address>
         <size>0x7a</size>
         <input_file_ref idref="fl-dd"/>
      </object_component>
      <object_component id="oc-75">
         <name>.text</name>
         <load_address>0x4970</load_address>
         <run_address>0x4970</run_address>
         <size>0x70</size>
         <input_file_ref idref="fl-eb"/>
      </object_component>
      <object_component id="oc-de">
         <name>.text:IntEnable</name>
         <load_address>0x49e0</load_address>
         <run_address>0x49e0</run_address>
         <size>0x68</size>
         <input_file_ref idref="fl-14"/>
      </object_component>
      <object_component id="oc-12">
         <name>.text:decompress:lzss</name>
         <load_address>0x4a48</load_address>
         <run_address>0x4a48</run_address>
         <size>0x68</size>
         <input_file_ref idref="fl-d1"/>
      </object_component>
      <object_component id="oc-3b4">
         <name>.text</name>
         <load_address>0x4ab0</load_address>
         <run_address>0x4ab0</run_address>
         <size>0x64</size>
         <input_file_ref idref="fl-f0"/>
      </object_component>
      <object_component id="oc-19c">
         <name>.text:TimerConfigure</name>
         <load_address>0x4b14</load_address>
         <run_address>0x4b14</run_address>
         <size>0x60</size>
         <input_file_ref idref="fl-17"/>
      </object_component>
      <object_component id="oc-143">
         <name>.text</name>
         <load_address>0x4b74</load_address>
         <run_address>0x4b74</run_address>
         <size>0x60</size>
         <input_file_ref idref="fl-e0"/>
      </object_component>
      <object_component id="oc-24">
         <name>.text</name>
         <load_address>0x4bd4</load_address>
         <run_address>0x4bd4</run_address>
         <size>0x54</size>
         <input_file_ref idref="fl-d0"/>
      </object_component>
      <object_component id="oc-81">
         <name>.text</name>
         <load_address>0x4c28</load_address>
         <run_address>0x4c28</run_address>
         <size>0x54</size>
         <input_file_ref idref="fl-d4"/>
      </object_component>
      <object_component id="oc-3ae">
         <name>.text</name>
         <load_address>0x4c7c</load_address>
         <run_address>0x4c7c</run_address>
         <size>0x54</size>
         <input_file_ref idref="fl-ee"/>
      </object_component>
      <object_component id="oc-308">
         <name>.text:I2CMasterInitExpClk</name>
         <load_address>0x4cd0</load_address>
         <run_address>0x4cd0</run_address>
         <size>0x4c</size>
         <input_file_ref idref="fl-13"/>
      </object_component>
      <object_component id="oc-3c6">
         <name>.text</name>
         <load_address>0x4d1c</load_address>
         <run_address>0x4d1c</run_address>
         <size>0x4c</size>
         <input_file_ref idref="fl-ea"/>
      </object_component>
      <object_component id="oc-1e2">
         <name>.text</name>
         <load_address>0x4d68</load_address>
         <run_address>0x4d68</run_address>
         <size>0x4c</size>
         <input_file_ref idref="fl-ec"/>
      </object_component>
      <object_component id="oc-ba">
         <name>.text:GPIOPinConfigure</name>
         <load_address>0x4db4</load_address>
         <run_address>0x4db4</run_address>
         <size>0x48</size>
         <input_file_ref idref="fl-12"/>
      </object_component>
      <object_component id="oc-3f3">
         <name>.text:_SysCtlFrequencyGet</name>
         <load_address>0x4dfc</load_address>
         <run_address>0x4dfc</run_address>
         <size>0x48</size>
         <input_file_ref idref="fl-15"/>
      </object_component>
      <object_component id="oc-224">
         <name>.text</name>
         <load_address>0x4e44</load_address>
         <run_address>0x4e44</run_address>
         <size>0x48</size>
         <input_file_ref idref="fl-d9"/>
      </object_component>
      <object_component id="oc-c6">
         <name>.text:UARTConfigSetExpClk</name>
         <load_address>0x4e8c</load_address>
         <run_address>0x4e8c</run_address>
         <size>0x46</size>
         <input_file_ref idref="fl-18"/>
      </object_component>
      <object_component id="oc-185">
         <name>.text</name>
         <load_address>0x4ed2</load_address>
         <run_address>0x4ed2</run_address>
         <size>0x44</size>
         <input_file_ref idref="fl-da"/>
      </object_component>
      <object_component id="oc-215">
         <name>.text</name>
         <load_address>0x4f18</load_address>
         <run_address>0x4f18</run_address>
         <size>0x40</size>
         <input_file_ref idref="fl-e4"/>
      </object_component>
      <object_component id="oc-b4">
         <name>.text:SysCtlPeripheralReady</name>
         <load_address>0x4f58</load_address>
         <run_address>0x4f58</run_address>
         <size>0x38</size>
         <input_file_ref idref="fl-15"/>
      </object_component>
      <object_component id="oc-ae">
         <name>.text:SysCtlPeripheralEnable</name>
         <load_address>0x4f90</load_address>
         <run_address>0x4f90</run_address>
         <size>0x34</size>
         <input_file_ref idref="fl-15"/>
      </object_component>
      <object_component id="oc-31">
         <name>.text</name>
         <load_address>0x4fc4</load_address>
         <run_address>0x4fc4</run_address>
         <size>0x34</size>
         <input_file_ref idref="fl-9"/>
      </object_component>
      <object_component id="oc-229">
         <name>.text</name>
         <load_address>0x4ff8</load_address>
         <run_address>0x4ff8</run_address>
         <size>0x2e</size>
         <input_file_ref idref="fl-db"/>
      </object_component>
      <object_component id="oc-24d">
         <name>.text:GPIODirModeSet</name>
         <load_address>0x5026</load_address>
         <run_address>0x5026</run_address>
         <size>0x2a</size>
         <input_file_ref idref="fl-12"/>
      </object_component>
      <object_component id="oc-36c">
         <name>.text</name>
         <load_address>0x5050</load_address>
         <run_address>0x5050</run_address>
         <size>0x2a</size>
         <input_file_ref idref="fl-f6"/>
      </object_component>
      <object_component id="oc-372">
         <name>.text</name>
         <load_address>0x507a</load_address>
         <run_address>0x507a</run_address>
         <size>0x24</size>
         <input_file_ref idref="fl-f4"/>
      </object_component>
      <object_component id="oc-25a">
         <name>.text:UARTDisable</name>
         <load_address>0x50a0</load_address>
         <run_address>0x50a0</run_address>
         <size>0x20</size>
         <input_file_ref idref="fl-18"/>
      </object_component>
      <object_component id="oc-3ed">
         <name>.text:_SysCtlMemTimingGet</name>
         <load_address>0x50c0</load_address>
         <run_address>0x50c0</run_address>
         <size>0x20</size>
         <input_file_ref idref="fl-15"/>
      </object_component>
      <object_component id="oc-15e">
         <name>.text</name>
         <load_address>0x50e0</load_address>
         <run_address>0x50e0</run_address>
         <size>0x20</size>
         <input_file_ref idref="fl-e6"/>
      </object_component>
      <object_component id="oc-3cc">
         <name>.text</name>
         <load_address>0x5100</load_address>
         <run_address>0x5100</run_address>
         <size>0x1c</size>
         <input_file_ref idref="fl-ef"/>
      </object_component>
      <object_component id="oc-239">
         <name>.text:GPIOPinTypeGPIOOutput</name>
         <load_address>0x511c</load_address>
         <run_address>0x511c</run_address>
         <size>0x18</size>
         <input_file_ref idref="fl-12"/>
      </object_component>
      <object_component id="oc-7b">
         <name>.text</name>
         <load_address>0x5134</load_address>
         <run_address>0x5134</run_address>
         <size>0x18</size>
         <input_file_ref idref="fl-e9"/>
      </object_component>
      <object_component id="oc-21b">
         <name>.text</name>
         <load_address>0x514c</load_address>
         <run_address>0x514c</run_address>
         <size>0x18</size>
         <input_file_ref idref="fl-e2"/>
      </object_component>
      <object_component id="oc-1a2">
         <name>.text:TimerControlEvent</name>
         <load_address>0x5164</load_address>
         <run_address>0x5164</run_address>
         <size>0x16</size>
         <input_file_ref idref="fl-17"/>
      </object_component>
      <object_component id="oc-3c0">
         <name>.text</name>
         <load_address>0x517a</load_address>
         <run_address>0x517a</run_address>
         <size>0x16</size>
         <input_file_ref idref="fl-f3"/>
      </object_component>
      <object_component id="oc-2a0">
         <name>.text:SysCtlResetCauseClear</name>
         <load_address>0x5190</load_address>
         <run_address>0x5190</run_address>
         <size>0x14</size>
         <input_file_ref idref="fl-15"/>
      </object_component>
      <object_component id="oc-92">
         <name>.text:SysTickEnable</name>
         <load_address>0x51a4</load_address>
         <run_address>0x51a4</run_address>
         <size>0x14</size>
         <input_file_ref idref="fl-16"/>
      </object_component>
      <object_component id="oc-98">
         <name>.text:SysTickIntEnable</name>
         <load_address>0x51b8</load_address>
         <run_address>0x51b8</run_address>
         <size>0x14</size>
         <input_file_ref idref="fl-16"/>
      </object_component>
      <object_component id="oc-260">
         <name>.text:UARTEnable</name>
         <load_address>0x51cc</load_address>
         <run_address>0x51cc</run_address>
         <size>0x14</size>
         <input_file_ref idref="fl-18"/>
      </object_component>
      <object_component id="oc-353">
         <name>.text</name>
         <load_address>0x51e0</load_address>
         <run_address>0x51e0</run_address>
         <size>0x14</size>
         <input_file_ref idref="fl-e7"/>
      </object_component>
      <object_component id="oc-44c">
         <name>.text</name>
         <load_address>0x51f4</load_address>
         <run_address>0x51f4</run_address>
         <size>0x14</size>
         <input_file_ref idref="fl-f9"/>
      </object_component>
      <object_component id="oc-201">
         <name>.text</name>
         <load_address>0x5208</load_address>
         <run_address>0x5208</run_address>
         <size>0x14</size>
         <input_file_ref idref="fl-e3"/>
      </object_component>
      <object_component id="oc-3a8">
         <name>.text</name>
         <load_address>0x521c</load_address>
         <run_address>0x521c</run_address>
         <size>0x14</size>
         <input_file_ref idref="fl-f5"/>
      </object_component>
      <object_component id="oc-11a">
         <name>.text:GPIOPinTypeGPIOInput</name>
         <load_address>0x5230</load_address>
         <run_address>0x5230</run_address>
         <size>0x12</size>
         <input_file_ref idref="fl-12"/>
      </object_component>
      <object_component id="oc-2fc">
         <name>.text:GPIOPinTypeI2C</name>
         <load_address>0x5242</load_address>
         <run_address>0x5242</run_address>
         <size>0x12</size>
         <input_file_ref idref="fl-12"/>
      </object_component>
      <object_component id="oc-302">
         <name>.text:GPIOPinTypeI2CSCL</name>
         <load_address>0x5254</load_address>
         <run_address>0x5254</run_address>
         <size>0x12</size>
         <input_file_ref idref="fl-12"/>
      </object_component>
      <object_component id="oc-190">
         <name>.text:GPIOPinTypeTimer</name>
         <load_address>0x5266</load_address>
         <run_address>0x5266</run_address>
         <size>0x12</size>
         <input_file_ref idref="fl-12"/>
      </object_component>
      <object_component id="oc-c0">
         <name>.text:GPIOPinTypeUART</name>
         <load_address>0x5278</load_address>
         <run_address>0x5278</run_address>
         <size>0x12</size>
         <input_file_ref idref="fl-12"/>
      </object_component>
      <object_component id="oc-1ae">
         <name>.text:TimerLoadSet</name>
         <load_address>0x528a</load_address>
         <run_address>0x528a</run_address>
         <size>0x12</size>
         <input_file_ref idref="fl-17"/>
      </object_component>
      <object_component id="oc-2d7">
         <name>.text:TimerMatchSet</name>
         <load_address>0x529c</load_address>
         <run_address>0x529c</run_address>
         <size>0x12</size>
         <input_file_ref idref="fl-17"/>
      </object_component>
      <object_component id="oc-2dd">
         <name>.text:TimerPrescaleMatchSet</name>
         <load_address>0x52ae</load_address>
         <run_address>0x52ae</run_address>
         <size>0x12</size>
         <input_file_ref idref="fl-17"/>
      </object_component>
      <object_component id="oc-1b4">
         <name>.text:TimerPrescaleSet</name>
         <load_address>0x52c0</load_address>
         <run_address>0x52c0</run_address>
         <size>0x12</size>
         <input_file_ref idref="fl-17"/>
      </object_component>
      <object_component id="oc-2ca">
         <name>.text:FPUEnable</name>
         <load_address>0x52d4</load_address>
         <run_address>0x52d4</run_address>
         <size>0x10</size>
         <input_file_ref idref="fl-11"/>
      </object_component>
      <object_component id="oc-2d0">
         <name>.text:IntMasterEnable</name>
         <load_address>0x52e4</load_address>
         <run_address>0x52e4</run_address>
         <size>0x10</size>
         <input_file_ref idref="fl-14"/>
      </object_component>
      <object_component id="oc-8c">
         <name>.text:SysTickPeriodSet</name>
         <load_address>0x52f4</load_address>
         <run_address>0x52f4</run_address>
         <size>0x10</size>
         <input_file_ref idref="fl-16"/>
      </object_component>
      <object_component id="oc-20f">
         <name>.text</name>
         <load_address>0x5304</load_address>
         <run_address>0x5304</run_address>
         <size>0x10</size>
         <input_file_ref idref="fl-e5"/>
      </object_component>
      <object_component id="oc-1ba">
         <name>.text:TimerEnable</name>
         <load_address>0x5314</load_address>
         <run_address>0x5314</run_address>
         <size>0xe</size>
         <input_file_ref idref="fl-17"/>
      </object_component>
      <object_component id="oc-10e">
         <name>.text:UARTCharGetNonBlocking</name>
         <load_address>0x5322</load_address>
         <run_address>0x5322</run_address>
         <size>0xe</size>
         <input_file_ref idref="fl-18"/>
      </object_component>
      <object_component id="oc-f3">
         <name>.text:UARTCharPutNonBlocking</name>
         <load_address>0x5330</load_address>
         <run_address>0x5330</run_address>
         <size>0xe</size>
         <input_file_ref idref="fl-18"/>
      </object_component>
      <object_component id="oc-114">
         <name>.text:UARTCharsAvail</name>
         <load_address>0x533e</load_address>
         <run_address>0x533e</run_address>
         <size>0xe</size>
         <input_file_ref idref="fl-18"/>
      </object_component>
      <object_component id="oc-2a6">
         <name>.text:WatchdogLockState</name>
         <load_address>0x534c</load_address>
         <run_address>0x534c</run_address>
         <size>0xe</size>
         <input_file_ref idref="fl-19"/>
      </object_component>
      <object_component id="oc-18">
         <name>.text:decompress:none</name>
         <load_address>0x535a</load_address>
         <run_address>0x535a</run_address>
         <size>0xe</size>
         <input_file_ref idref="fl-d2"/>
      </object_component>
      <object_component id="oc-404">
         <name>.text:CPUcpsie</name>
         <load_address>0x5368</load_address>
         <run_address>0x5368</run_address>
         <size>0xc</size>
         <input_file_ref idref="fl-1a"/>
      </object_component>
      <object_component id="oc-29a">
         <name>.text:SysCtlResetCauseGet</name>
         <load_address>0x5374</load_address>
         <run_address>0x5374</run_address>
         <size>0xc</size>
         <input_file_ref idref="fl-15"/>
      </object_component>
      <object_component id="oc-2ac">
         <name>.text:WatchdogUnlock</name>
         <load_address>0x5380</load_address>
         <run_address>0x5380</run_address>
         <size>0xc</size>
         <input_file_ref idref="fl-19"/>
      </object_component>
      <object_component id="oc-1e">
         <name>.text:decompress:ZI</name>
         <load_address>0x538c</load_address>
         <run_address>0x538c</run_address>
         <size>0xc</size>
         <input_file_ref idref="fl-d3"/>
      </object_component>
      <object_component id="oc-2b">
         <name>.text</name>
         <load_address>0x5398</load_address>
         <run_address>0x5398</run_address>
         <size>0xc</size>
         <input_file_ref idref="fl-a"/>
      </object_component>
      <object_component id="oc-411">
         <name>.text:I2CMasterEnable</name>
         <load_address>0x53a4</load_address>
         <run_address>0x53a4</run_address>
         <size>0xa</size>
         <input_file_ref idref="fl-13"/>
      </object_component>
      <object_component id="oc-137">
         <name>.text:TimerIntStatus</name>
         <load_address>0x53ae</load_address>
         <run_address>0x53ae</run_address>
         <size>0xa</size>
         <input_file_ref idref="fl-17"/>
      </object_component>
      <object_component id="oc-155">
         <name>.text:TimerValueGet</name>
         <load_address>0x53b8</load_address>
         <run_address>0x53b8</run_address>
         <size>0xa</size>
         <input_file_ref idref="fl-17"/>
      </object_component>
      <object_component id="oc-cc">
         <name>.text:UARTFIFOEnable</name>
         <load_address>0x53c2</load_address>
         <run_address>0x53c2</run_address>
         <size>0xa</size>
         <input_file_ref idref="fl-18"/>
      </object_component>
      <object_component id="oc-102">
         <name>.text:UARTIntStatus</name>
         <load_address>0x53cc</load_address>
         <run_address>0x53cc</run_address>
         <size>0xa</size>
         <input_file_ref idref="fl-18"/>
      </object_component>
      <object_component id="oc-2be">
         <name>.text:WatchdogEnable</name>
         <load_address>0x53d6</load_address>
         <run_address>0x53d6</run_address>
         <size>0xa</size>
         <input_file_ref idref="fl-19"/>
      </object_component>
      <object_component id="oc-2b8">
         <name>.text:WatchdogResetEnable</name>
         <load_address>0x53e0</load_address>
         <run_address>0x53e0</run_address>
         <size>0xa</size>
         <input_file_ref idref="fl-19"/>
      </object_component>
      <object_component id="oc-320">
         <name>.text:I2CMasterBusy</name>
         <load_address>0x53ea</load_address>
         <run_address>0x53ea</run_address>
         <size>0x8</size>
         <input_file_ref idref="fl-13"/>
      </object_component>
      <object_component id="oc-30e">
         <name>.text:I2CMasterSlaveAddrSet</name>
         <load_address>0x53f2</load_address>
         <run_address>0x53f2</run_address>
         <size>0x8</size>
         <input_file_ref idref="fl-13"/>
      </object_component>
      <object_component id="oc-1a8">
         <name>.text:TimerIntEnable</name>
         <load_address>0x53fa</load_address>
         <run_address>0x53fa</run_address>
         <size>0x8</size>
         <input_file_ref idref="fl-17"/>
      </object_component>
      <object_component id="oc-d8">
         <name>.text:UARTIntEnable</name>
         <load_address>0x5402</load_address>
         <run_address>0x5402</run_address>
         <size>0x8</size>
         <input_file_ref idref="fl-18"/>
      </object_component>
      <object_component id="oc-233">
         <name>.text:GPIOPinWrite</name>
         <load_address>0x540a</load_address>
         <run_address>0x540a</run_address>
         <size>0x6</size>
         <input_file_ref idref="fl-12"/>
      </object_component>
      <object_component id="oc-196">
         <name>.text:TimerClockSourceSet</name>
         <load_address>0x5410</load_address>
         <run_address>0x5410</run_address>
         <size>0x6</size>
         <input_file_ref idref="fl-17"/>
      </object_component>
      <object_component id="oc-d2">
         <name>.text:UARTFIFOLevelSet</name>
         <load_address>0x5416</load_address>
         <run_address>0x5416</run_address>
         <size>0x6</size>
         <input_file_ref idref="fl-18"/>
      </object_component>
      <object_component id="oc-31a">
         <name>.text:I2CMasterControl</name>
         <load_address>0x541c</load_address>
         <run_address>0x541c</run_address>
         <size>0x4</size>
         <input_file_ref idref="fl-13"/>
      </object_component>
      <object_component id="oc-326">
         <name>.text:I2CMasterDataGet</name>
         <load_address>0x5420</load_address>
         <run_address>0x5420</run_address>
         <size>0x4</size>
         <input_file_ref idref="fl-13"/>
      </object_component>
      <object_component id="oc-314">
         <name>.text:I2CMasterDataPut</name>
         <load_address>0x5424</load_address>
         <run_address>0x5424</run_address>
         <size>0x4</size>
         <input_file_ref idref="fl-13"/>
      </object_component>
      <object_component id="oc-13d">
         <name>.text:TimerIntClear</name>
         <load_address>0x5428</load_address>
         <run_address>0x5428</run_address>
         <size>0x4</size>
         <input_file_ref idref="fl-17"/>
      </object_component>
      <object_component id="oc-1c0">
         <name>.text:TimerSynchronize</name>
         <load_address>0x542c</load_address>
         <run_address>0x542c</run_address>
         <size>0x4</size>
         <input_file_ref idref="fl-17"/>
      </object_component>
      <object_component id="oc-108">
         <name>.text:UARTIntClear</name>
         <load_address>0x5430</load_address>
         <run_address>0x5430</run_address>
         <size>0x4</size>
         <input_file_ref idref="fl-18"/>
      </object_component>
      <object_component id="oc-2b2">
         <name>.text:WatchdogReloadSet</name>
         <load_address>0x5434</load_address>
         <run_address>0x5434</run_address>
         <size>0x4</size>
         <input_file_ref idref="fl-19"/>
      </object_component>
      <object_component id="oc-6f">
         <name>.text</name>
         <load_address>0x5438</load_address>
         <run_address>0x5438</run_address>
         <size>0x4</size>
         <input_file_ref idref="fl-df"/>
      </object_component>
      <object_component id="oc-3fc">
         <name>.const:g_pppui32XTALtoVCO</name>
         <load_address>0x543c</load_address>
         <run_address>0x543c</run_address>
         <size>0x1b0</size>
         <input_file_ref idref="fl-15"/>
      </object_component>
      <object_component id="oc-37f">
         <name>.const:.string</name>
         <load_address>0x55ec</load_address>
         <run_address>0x55ec</run_address>
         <size>0x120</size>
         <input_file_ref idref="fl-4"/>
      </object_component>
      <object_component id="oc-367">
         <name>.const:.string:_ctypes_</name>
         <load_address>0x570c</load_address>
         <run_address>0x570c</run_address>
         <size>0x101</size>
         <input_file_ref idref="fl-ed"/>
      </object_component>
      <object_component id="oc-248">
         <name>.const:g_pui32GPIOBaseAddrs</name>
         <load_address>0x5810</load_address>
         <run_address>0x5810</run_address>
         <size>0x90</size>
         <input_file_ref idref="fl-12"/>
      </object_component>
      <object_component id="oc-26b">
         <name>.const</name>
         <load_address>0x58a0</load_address>
         <run_address>0x58a0</run_address>
         <size>0x70</size>
         <input_file_ref idref="fl-14"/>
      </object_component>
      <object_component id="oc-3f9">
         <name>.const:g_pui32Xtals</name>
         <load_address>0x5910</load_address>
         <run_address>0x5910</run_address>
         <size>0x6c</size>
         <input_file_ref idref="fl-15"/>
      </object_component>
      <object_component id="oc-17f">
         <name>.const:.string:$P$T0$1</name>
         <load_address>0x597c</load_address>
         <run_address>0x597c</run_address>
         <size>0x64</size>
         <input_file_ref idref="fl-6"/>
      </object_component>
      <object_component id="oc-466">
         <name>.const:g_sXTALtoMEMTIM</name>
         <load_address>0x59e0</load_address>
         <run_address>0x59e0</run_address>
         <size>0x30</size>
         <input_file_ref idref="fl-15"/>
      </object_component>
      <object_component id="oc-3ff">
         <name>.const</name>
         <load_address>0x5a10</load_address>
         <run_address>0x5a10</run_address>
         <size>0x8</size>
         <input_file_ref idref="fl-15"/>
      </object_component>
      <object_component id="oc-4af">
         <name>.cinit..data.load</name>
         <load_address>0x5a18</load_address>
         <run_address>0x5a18</run_address>
         <size>0x69</size>
      </object_component>
      <object_component id="oc-4ad">
         <name>__TI_handler_table</name>
         <load_address>0x5a84</load_address>
         <run_address>0x5a84</run_address>
         <size>0xc</size>
      </object_component>
      <object_component id="oc-4b0">
         <name>.cinit..bss.load</name>
         <load_address>0x5a90</load_address>
         <run_address>0x5a90</run_address>
         <size>0x8</size>
      </object_component>
      <object_component id="oc-4ae">
         <name>__TI_cinit_table</name>
         <load_address>0x5a98</load_address>
         <run_address>0x5a98</run_address>
         <size>0x10</size>
      </object_component>
      <object_component id="oc-2e3">
         <name>.data</name>
         <load_address>0x20004628</load_address>
         <run_address>0x20004628</run_address>
         <size>0x4</size>
         <input_file_ref idref="fl-3"/>
      </object_component>
      <object_component id="oc-221">
         <name>.data:commands</name>
         <load_address>0x200045a0</load_address>
         <run_address>0x200045a0</run_address>
         <size>0x24</size>
         <input_file_ref idref="fl-4"/>
      </object_component>
      <object_component id="oc-22e">
         <name>.data:usage</name>
         <load_address>0x200045c4</load_address>
         <run_address>0x200045c4</run_address>
         <size>0x24</size>
         <input_file_ref idref="fl-4"/>
      </object_component>
      <object_component id="oc-207">
         <name>.data</name>
         <load_address>0x20004620</load_address>
         <run_address>0x20004620</run_address>
         <size>0x8</size>
         <input_file_ref idref="fl-4"/>
      </object_component>
      <object_component id="oc-177">
         <name>.data</name>
         <load_address>0x2000460c</load_address>
         <run_address>0x2000460c</run_address>
         <size>0x9</size>
         <input_file_ref idref="fl-6"/>
      </object_component>
      <object_component id="oc-182">
         <name>.data:rollingAverage</name>
         <load_address>0x20002630</load_address>
         <run_address>0x20002630</run_address>
         <size>0x1f70</size>
         <input_file_ref idref="fl-6"/>
      </object_component>
      <object_component id="oc-23f">
         <name>.data</name>
         <load_address>0x200045fd</load_address>
         <run_address>0x200045fd</run_address>
         <size>0x2</size>
         <input_file_ref idref="fl-8"/>
      </object_component>
      <object_component id="oc-120">
         <name>.data</name>
         <load_address>0x200045e8</load_address>
         <run_address>0x200045e8</run_address>
         <size>0x15</size>
         <input_file_ref idref="fl-b"/>
      </object_component>
      <object_component id="oc-1f2">
         <name>.data:$O1$$</name>
         <load_address>0x20004600</load_address>
         <run_address>0x20004600</run_address>
         <size>0xc</size>
         <input_file_ref idref="fl-d4"/>
      </object_component>
      <object_component id="oc-87">
         <name>.data</name>
         <load_address>0x20004630</load_address>
         <run_address>0x20004630</run_address>
         <size>0x4</size>
         <input_file_ref idref="fl-e1"/>
      </object_component>
      <object_component id="oc-378">
         <name>.data</name>
         <load_address>0x20004634</load_address>
         <run_address>0x20004634</run_address>
         <size>0x4</size>
         <input_file_ref idref="fl-e4"/>
      </object_component>
      <object_component id="oc-1f5">
         <name>.data:$O1$$</name>
         <load_address>0x20004618</load_address>
         <run_address>0x20004618</run_address>
         <size>0x8</size>
         <input_file_ref idref="fl-e7"/>
      </object_component>
      <object_component id="oc-452">
         <name>.data</name>
         <load_address>0x2000462c</load_address>
         <run_address>0x2000462c</run_address>
         <size>0x4</size>
         <input_file_ref idref="fl-f8"/>
      </object_component>
      <object_component id="oc-20a">
         <name>.bss:buffer</name>
         <uninitialized>true</uninitialized>
         <run_address>0x20002040</run_address>
         <size>0x3f4</size>
         <input_file_ref idref="fl-4"/>
      </object_component>
      <object_component id="oc-20d">
         <name>.bss:holster$1</name>
         <uninitialized>true</uninitialized>
         <run_address>0x20002434</run_address>
         <size>0x68</size>
         <input_file_ref idref="fl-4"/>
      </object_component>
      <object_component id="oc-20e">
         <name>.bss:line$2</name>
         <uninitialized>true</uninitialized>
         <run_address>0x2000249c</run_address>
         <size>0x68</size>
         <input_file_ref idref="fl-4"/>
      </object_component>
      <object_component id="oc-15b">
         <name>.bss:stringBuilder</name>
         <uninitialized>true</uninitialized>
         <run_address>0x2000256c</run_address>
         <size>0x68</size>
         <input_file_ref idref="fl-6"/>
      </object_component>
      <object_component id="oc-e4">
         <name>.bss:uartwriteBuffer_0</name>
         <uninitialized>true</uninitialized>
         <run_address>0x20001020</run_address>
         <size>0x408</size>
         <input_file_ref idref="fl-b"/>
      </object_component>
      <object_component id="oc-e7">
         <name>.bss:uartreadBuffer_0</name>
         <uninitialized>true</uninitialized>
         <run_address>0x20000000</run_address>
         <size>0x408</size>
         <input_file_ref idref="fl-b"/>
      </object_component>
      <object_component id="oc-ea">
         <name>.bss:uartwriteBuffer_3</name>
         <uninitialized>true</uninitialized>
         <run_address>0x20001428</run_address>
         <size>0x408</size>
         <input_file_ref idref="fl-b"/>
      </object_component>
      <object_component id="oc-ed">
         <name>.bss:uartreadBuffer_3</name>
         <uninitialized>true</uninitialized>
         <run_address>0x20000408</run_address>
         <size>0x408</size>
         <input_file_ref idref="fl-b"/>
      </object_component>
      <object_component id="oc-f0">
         <name>.bss:uartwriteBuffer_4</name>
         <uninitialized>true</uninitialized>
         <run_address>0x20001830</run_address>
         <size>0x408</size>
         <input_file_ref idref="fl-b"/>
      </object_component>
      <object_component id="oc-f9">
         <name>.bss:uartreadBuffer_4</name>
         <uninitialized>true</uninitialized>
         <run_address>0x20000810</run_address>
         <size>0x408</size>
         <input_file_ref idref="fl-b"/>
      </object_component>
      <object_component id="oc-fc">
         <name>.bss:uartwriteBuffer_6</name>
         <uninitialized>true</uninitialized>
         <run_address>0x20001c38</run_address>
         <size>0x408</size>
         <input_file_ref idref="fl-b"/>
      </object_component>
      <object_component id="oc-ff">
         <name>.bss:uartreadBuffer_6</name>
         <uninitialized>true</uninitialized>
         <run_address>0x20000c18</run_address>
         <size>0x408</size>
         <input_file_ref idref="fl-b"/>
      </object_component>
      <object_component id="oc-124">
         <name>.bss:message$1</name>
         <uninitialized>true</uninitialized>
         <run_address>0x200025d4</run_address>
         <size>0x54</size>
         <input_file_ref idref="fl-b"/>
      </object_component>
      <object_component id="oc-123">
         <name>.bss</name>
         <uninitialized>true</uninitialized>
         <run_address>0x20002628</run_address>
         <size>0x4</size>
         <input_file_ref idref="fl-b"/>
      </object_component>
      <object_component id="oc-125">
         <name>.bss:message$5</name>
         <uninitialized>true</uninitialized>
         <run_address>0x20002504</run_address>
         <size>0x68</size>
         <input_file_ref idref="fl-b"/>
      </object_component>
      <object_component id="oc-aa">
         <name>.common:SYS_CLK_FREQ_ACTUAL</name>
         <uninitialized>true</uninitialized>
         <run_address>0x2000262c</run_address>
         <size>0x4</size>
      </object_component>
      <object_component id="oc-2a">
         <name>.stack</name>
         <uninitialized>true</uninitialized>
         <run_address>0x20004638</run_address>
         <size>0x0</size>
         <input_file_ref idref="fl-d0"/>
      </object_component>
      <object_component id="oc-4b1">
         <name>.stack</name>
         <uninitialized>true</uninitialized>
         <run_address>0x20004638</run_address>
         <size>0x0</size>
      </object_component>
      <object_component id="oc-2e4">
         <name>.debug_info</name>
         <load_address>0x0</load_address>
         <run_address>0x0</run_address>
         <size>0xf8</size>
         <input_file_ref idref="fl-3"/>
      </object_component>
      <object_component id="oc-151">
         <name>.debug_info</name>
         <load_address>0xf8</load_address>
         <run_address>0xf8</run_address>
         <size>0x367</size>
         <input_file_ref idref="fl-3"/>
      </object_component>
      <object_component id="oc-12d">
         <name>.debug_info</name>
         <load_address>0x45f</load_address>
         <run_address>0x45f</run_address>
         <size>0x8b</size>
         <input_file_ref idref="fl-3"/>
      </object_component>
      <object_component id="oc-128">
         <name>.debug_info</name>
         <load_address>0x4ea</load_address>
         <run_address>0x4ea</run_address>
         <size>0x18b</size>
         <input_file_ref idref="fl-3"/>
      </object_component>
      <object_component id="oc-232">
         <name>.debug_info</name>
         <load_address>0x675</load_address>
         <run_address>0x675</run_address>
         <size>0x5ff</size>
         <input_file_ref idref="fl-4"/>
      </object_component>
      <object_component id="oc-222">
         <name>.debug_info</name>
         <load_address>0xc74</load_address>
         <run_address>0xc74</run_address>
         <size>0x102</size>
         <input_file_ref idref="fl-4"/>
      </object_component>
      <object_component id="oc-22f">
         <name>.debug_info</name>
         <load_address>0xd76</load_address>
         <run_address>0xd76</run_address>
         <size>0xfc</size>
         <input_file_ref idref="fl-4"/>
      </object_component>
      <object_component id="oc-20b">
         <name>.debug_info</name>
         <load_address>0xe72</load_address>
         <run_address>0xe72</run_address>
         <size>0xfe</size>
         <input_file_ref idref="fl-4"/>
      </object_component>
      <object_component id="oc-208">
         <name>.debug_info</name>
         <load_address>0xf70</load_address>
         <run_address>0xf70</run_address>
         <size>0x13a</size>
         <input_file_ref idref="fl-4"/>
      </object_component>
      <object_component id="oc-9f">
         <name>.debug_info</name>
         <load_address>0x10aa</load_address>
         <run_address>0x10aa</run_address>
         <size>0xb80</size>
         <input_file_ref idref="fl-4"/>
      </object_component>
      <object_component id="oc-1d9">
         <name>.debug_info</name>
         <load_address>0x1c2a</load_address>
         <run_address>0x1c2a</run_address>
         <size>0x2c</size>
         <input_file_ref idref="fl-4"/>
      </object_component>
      <object_component id="oc-32d">
         <name>.debug_info</name>
         <load_address>0x1c56</load_address>
         <run_address>0x1c56</run_address>
         <size>0x532</size>
         <input_file_ref idref="fl-5"/>
      </object_component>
      <object_component id="oc-18c">
         <name>.debug_info</name>
         <load_address>0x2188</load_address>
         <run_address>0x2188</run_address>
         <size>0x40d</size>
         <input_file_ref idref="fl-5"/>
      </object_component>
      <object_component id="oc-1c7">
         <name>.debug_info</name>
         <load_address>0x2595</load_address>
         <run_address>0x2595</run_address>
         <size>0x7e0</size>
         <input_file_ref idref="fl-6"/>
      </object_component>
      <object_component id="oc-15c">
         <name>.debug_info</name>
         <load_address>0x2d75</load_address>
         <run_address>0x2d75</run_address>
         <size>0x10c</size>
         <input_file_ref idref="fl-6"/>
      </object_component>
      <object_component id="oc-178">
         <name>.debug_info</name>
         <load_address>0x2e81</load_address>
         <run_address>0x2e81</run_address>
         <size>0x142</size>
         <input_file_ref idref="fl-6"/>
      </object_component>
      <object_component id="oc-183">
         <name>.debug_info</name>
         <load_address>0x2fc3</load_address>
         <run_address>0x2fc3</run_address>
         <size>0x10e</size>
         <input_file_ref idref="fl-6"/>
      </object_component>
      <object_component id="oc-180">
         <name>.debug_info</name>
         <load_address>0x30d1</load_address>
         <run_address>0x30d1</run_address>
         <size>0x100</size>
         <input_file_ref idref="fl-6"/>
      </object_component>
      <object_component id="oc-3f">
         <name>.debug_info</name>
         <load_address>0x31d1</load_address>
         <run_address>0x31d1</run_address>
         <size>0xe42</size>
         <input_file_ref idref="fl-6"/>
      </object_component>
      <object_component id="oc-2f6">
         <name>.debug_info</name>
         <load_address>0x4013</load_address>
         <run_address>0x4013</run_address>
         <size>0xc6</size>
         <input_file_ref idref="fl-6"/>
      </object_component>
      <object_component id="oc-295">
         <name>.debug_info</name>
         <load_address>0x40d9</load_address>
         <run_address>0x40d9</run_address>
         <size>0x4e</size>
         <input_file_ref idref="fl-6"/>
      </object_component>
      <object_component id="oc-ab">
         <name>.debug_info</name>
         <load_address>0x4127</load_address>
         <run_address>0x4127</run_address>
         <size>0x5ff</size>
         <input_file_ref idref="fl-7"/>
      </object_component>
      <object_component id="oc-14a">
         <name>.debug_info</name>
         <load_address>0x4726</load_address>
         <run_address>0x4726</run_address>
         <size>0x406</size>
         <input_file_ref idref="fl-7"/>
      </object_component>
      <object_component id="oc-240">
         <name>.debug_info</name>
         <load_address>0x4b2c</load_address>
         <run_address>0x4b2c</run_address>
         <size>0x133</size>
         <input_file_ref idref="fl-8"/>
      </object_component>
      <object_component id="oc-a5">
         <name>.debug_info</name>
         <load_address>0x4c5f</load_address>
         <run_address>0x4c5f</run_address>
         <size>0x353</size>
         <input_file_ref idref="fl-8"/>
      </object_component>
      <object_component id="oc-34">
         <name>.debug_info</name>
         <load_address>0x4fb2</load_address>
         <run_address>0x4fb2</run_address>
         <size>0x241</size>
         <input_file_ref idref="fl-9"/>
      </object_component>
      <object_component id="oc-4c">
         <name>.debug_info</name>
         <load_address>0x51f3</load_address>
         <run_address>0x51f3</run_address>
         <size>0x84</size>
         <input_file_ref idref="fl-9"/>
      </object_component>
      <object_component id="oc-45">
         <name>.debug_info</name>
         <load_address>0x5277</load_address>
         <run_address>0x5277</run_address>
         <size>0x3b2</size>
         <input_file_ref idref="fl-a"/>
      </object_component>
      <object_component id="oc-10">
         <name>.debug_info</name>
         <load_address>0x5629</load_address>
         <run_address>0x5629</run_address>
         <size>0x11d</size>
         <input_file_ref idref="fl-a"/>
      </object_component>
      <object_component id="oc-2e">
         <name>.debug_info</name>
         <load_address>0x5746</load_address>
         <run_address>0x5746</run_address>
         <size>0x29e</size>
         <input_file_ref idref="fl-a"/>
      </object_component>
      <object_component id="oc-127">
         <name>.debug_info</name>
         <load_address>0x59e4</load_address>
         <run_address>0x59e4</run_address>
         <size>0x66f</size>
         <input_file_ref idref="fl-b"/>
      </object_component>
      <object_component id="oc-121">
         <name>.debug_info</name>
         <load_address>0x6053</load_address>
         <run_address>0x6053</run_address>
         <size>0x147</size>
         <input_file_ref idref="fl-b"/>
      </object_component>
      <object_component id="oc-e5">
         <name>.debug_info</name>
         <load_address>0x619a</load_address>
         <run_address>0x619a</run_address>
         <size>0x114</size>
         <input_file_ref idref="fl-b"/>
      </object_component>
      <object_component id="oc-e8">
         <name>.debug_info</name>
         <load_address>0x62ae</load_address>
         <run_address>0x62ae</run_address>
         <size>0x112</size>
         <input_file_ref idref="fl-b"/>
      </object_component>
      <object_component id="oc-eb">
         <name>.debug_info</name>
         <load_address>0x63c0</load_address>
         <run_address>0x63c0</run_address>
         <size>0x114</size>
         <input_file_ref idref="fl-b"/>
      </object_component>
      <object_component id="oc-ee">
         <name>.debug_info</name>
         <load_address>0x64d4</load_address>
         <run_address>0x64d4</run_address>
         <size>0x112</size>
         <input_file_ref idref="fl-b"/>
      </object_component>
      <object_component id="oc-f1">
         <name>.debug_info</name>
         <load_address>0x65e6</load_address>
         <run_address>0x65e6</run_address>
         <size>0x114</size>
         <input_file_ref idref="fl-b"/>
      </object_component>
      <object_component id="oc-fa">
         <name>.debug_info</name>
         <load_address>0x66fa</load_address>
         <run_address>0x66fa</run_address>
         <size>0x112</size>
         <input_file_ref idref="fl-b"/>
      </object_component>
      <object_component id="oc-fd">
         <name>.debug_info</name>
         <load_address>0x680c</load_address>
         <run_address>0x680c</run_address>
         <size>0x114</size>
         <input_file_ref idref="fl-b"/>
      </object_component>
      <object_component id="oc-100">
         <name>.debug_info</name>
         <load_address>0x6920</load_address>
         <run_address>0x6920</run_address>
         <size>0x112</size>
         <input_file_ref idref="fl-b"/>
      </object_component>
      <object_component id="oc-38">
         <name>.debug_info</name>
         <load_address>0x6a32</load_address>
         <run_address>0x6a32</run_address>
         <size>0x102d</size>
         <input_file_ref idref="fl-b"/>
      </object_component>
      <object_component id="oc-132">
         <name>.debug_info</name>
         <load_address>0x7a5f</load_address>
         <run_address>0x7a5f</run_address>
         <size>0xaa</size>
         <input_file_ref idref="fl-b"/>
      </object_component>
      <object_component id="oc-2ce">
         <name>.debug_info</name>
         <load_address>0x7b09</load_address>
         <run_address>0x7b09</run_address>
         <size>0x20d</size>
         <input_file_ref idref="fl-11"/>
      </object_component>
      <object_component id="oc-24c">
         <name>.debug_info</name>
         <load_address>0x7d16</load_address>
         <run_address>0x7d16</run_address>
         <size>0x240</size>
         <input_file_ref idref="fl-12"/>
      </object_component>
      <object_component id="oc-249">
         <name>.debug_info</name>
         <load_address>0x7f56</load_address>
         <run_address>0x7f56</run_address>
         <size>0x15b</size>
         <input_file_ref idref="fl-12"/>
      </object_component>
      <object_component id="oc-234">
         <name>.debug_info</name>
         <load_address>0x80b1</load_address>
         <run_address>0x80b1</run_address>
         <size>0x2a3</size>
         <input_file_ref idref="fl-12"/>
      </object_component>
      <object_component id="oc-24e">
         <name>.debug_info</name>
         <load_address>0x8354</load_address>
         <run_address>0x8354</run_address>
         <size>0x2b3</size>
         <input_file_ref idref="fl-12"/>
      </object_component>
      <object_component id="oc-254">
         <name>.debug_info</name>
         <load_address>0x8607</load_address>
         <run_address>0x8607</run_address>
         <size>0x316</size>
         <input_file_ref idref="fl-12"/>
      </object_component>
      <object_component id="oc-c1">
         <name>.debug_info</name>
         <load_address>0x891d</load_address>
         <run_address>0x891d</run_address>
         <size>0x27b</size>
         <input_file_ref idref="fl-12"/>
      </object_component>
      <object_component id="oc-191">
         <name>.debug_info</name>
         <load_address>0x8b98</load_address>
         <run_address>0x8b98</run_address>
         <size>0x27d</size>
         <input_file_ref idref="fl-12"/>
      </object_component>
      <object_component id="oc-303">
         <name>.debug_info</name>
         <load_address>0x8e15</load_address>
         <run_address>0x8e15</run_address>
         <size>0x27f</size>
         <input_file_ref idref="fl-12"/>
      </object_component>
      <object_component id="oc-2fd">
         <name>.debug_info</name>
         <load_address>0x9094</load_address>
         <run_address>0x9094</run_address>
         <size>0x279</size>
         <input_file_ref idref="fl-12"/>
      </object_component>
      <object_component id="oc-23a">
         <name>.debug_info</name>
         <load_address>0x930d</load_address>
         <run_address>0x930d</run_address>
         <size>0x2b7</size>
         <input_file_ref idref="fl-12"/>
      </object_component>
      <object_component id="oc-11b">
         <name>.debug_info</name>
         <load_address>0x95c4</load_address>
         <run_address>0x95c4</run_address>
         <size>0x285</size>
         <input_file_ref idref="fl-12"/>
      </object_component>
      <object_component id="oc-bb">
         <name>.debug_info</name>
         <load_address>0x9849</load_address>
         <run_address>0x9849</run_address>
         <size>0x280</size>
         <input_file_ref idref="fl-12"/>
      </object_component>
      <object_component id="oc-418">
         <name>.debug_info</name>
         <load_address>0x9ac9</load_address>
         <run_address>0x9ac9</run_address>
         <size>0x231</size>
         <input_file_ref idref="fl-13"/>
      </object_component>
      <object_component id="oc-311">
         <name>.debug_info</name>
         <load_address>0x9cfa</load_address>
         <run_address>0x9cfa</run_address>
         <size>0x2ce</size>
         <input_file_ref idref="fl-13"/>
      </object_component>
      <object_component id="oc-414">
         <name>.debug_info</name>
         <load_address>0x9fc8</load_address>
         <run_address>0x9fc8</run_address>
         <size>0x24e</size>
         <input_file_ref idref="fl-13"/>
      </object_component>
      <object_component id="oc-30b">
         <name>.debug_info</name>
         <load_address>0xa216</load_address>
         <run_address>0xa216</run_address>
         <size>0x2d5</size>
         <input_file_ref idref="fl-13"/>
      </object_component>
      <object_component id="oc-317">
         <name>.debug_info</name>
         <load_address>0xa4eb</load_address>
         <run_address>0xa4eb</run_address>
         <size>0x27e</size>
         <input_file_ref idref="fl-13"/>
      </object_component>
      <object_component id="oc-329">
         <name>.debug_info</name>
         <load_address>0xa769</load_address>
         <run_address>0xa769</run_address>
         <size>0x254</size>
         <input_file_ref idref="fl-13"/>
      </object_component>
      <object_component id="oc-31d">
         <name>.debug_info</name>
         <load_address>0xa9bd</load_address>
         <run_address>0xa9bd</run_address>
         <size>0x27e</size>
         <input_file_ref idref="fl-13"/>
      </object_component>
      <object_component id="oc-323">
         <name>.debug_info</name>
         <load_address>0xac3b</load_address>
         <run_address>0xac3b</run_address>
         <size>0x24e</size>
         <input_file_ref idref="fl-13"/>
      </object_component>
      <object_component id="oc-26f">
         <name>.debug_info</name>
         <load_address>0xae89</load_address>
         <run_address>0xae89</run_address>
         <size>0x20e</size>
         <input_file_ref idref="fl-14"/>
      </object_component>
      <object_component id="oc-26c">
         <name>.debug_info</name>
         <load_address>0xb097</load_address>
         <run_address>0xb097</run_address>
         <size>0x210</size>
         <input_file_ref idref="fl-14"/>
      </object_component>
      <object_component id="oc-2d4">
         <name>.debug_info</name>
         <load_address>0xb2a7</load_address>
         <run_address>0xb2a7</run_address>
         <size>0x23e</size>
         <input_file_ref idref="fl-14"/>
      </object_component>
      <object_component id="oc-e2">
         <name>.debug_info</name>
         <load_address>0xb4e5</load_address>
         <run_address>0xb4e5</run_address>
         <size>0x268</size>
         <input_file_ref idref="fl-14"/>
      </object_component>
      <object_component id="oc-246">
         <name>.debug_info</name>
         <load_address>0xb74d</load_address>
         <run_address>0xb74d</run_address>
         <size>0x298</size>
         <input_file_ref idref="fl-15"/>
      </object_component>
      <object_component id="oc-3fa">
         <name>.debug_info</name>
         <load_address>0xb9e5</load_address>
         <run_address>0xb9e5</run_address>
         <size>0x14d</size>
         <input_file_ref idref="fl-15"/>
      </object_component>
      <object_component id="oc-3fd">
         <name>.debug_info</name>
         <load_address>0xbb32</load_address>
         <run_address>0xbb32</run_address>
         <size>0x159</size>
         <input_file_ref idref="fl-15"/>
      </object_component>
      <object_component id="oc-467">
         <name>.debug_info</name>
         <load_address>0xbc8b</load_address>
         <run_address>0xbc8b</run_address>
         <size>0x153</size>
         <input_file_ref idref="fl-15"/>
      </object_component>
      <object_component id="oc-400">
         <name>.debug_info</name>
         <load_address>0xbdde</load_address>
         <run_address>0xbdde</run_address>
         <size>0x160</size>
         <input_file_ref idref="fl-15"/>
      </object_component>
      <object_component id="oc-29b">
         <name>.debug_info</name>
         <load_address>0xbf3e</load_address>
         <run_address>0xbf3e</run_address>
         <size>0x231</size>
         <input_file_ref idref="fl-15"/>
      </object_component>
      <object_component id="oc-2a1">
         <name>.debug_info</name>
         <load_address>0xc16f</load_address>
         <run_address>0xc16f</run_address>
         <size>0x26b</size>
         <input_file_ref idref="fl-15"/>
      </object_component>
      <object_component id="oc-b5">
         <name>.debug_info</name>
         <load_address>0xc3da</load_address>
         <run_address>0xc3da</run_address>
         <size>0x27f</size>
         <input_file_ref idref="fl-15"/>
      </object_component>
      <object_component id="oc-af">
         <name>.debug_info</name>
         <load_address>0xc659</load_address>
         <run_address>0xc659</run_address>
         <size>0x27d</size>
         <input_file_ref idref="fl-15"/>
      </object_component>
      <object_component id="oc-3ee">
         <name>.debug_info</name>
         <load_address>0xc8d6</load_address>
         <run_address>0xc8d6</run_address>
         <size>0x270</size>
         <input_file_ref idref="fl-15"/>
      </object_component>
      <object_component id="oc-3f4">
         <name>.debug_info</name>
         <load_address>0xcb46</load_address>
         <run_address>0xcb46</run_address>
         <size>0x2ba</size>
         <input_file_ref idref="fl-15"/>
      </object_component>
      <object_component id="oc-2c5">
         <name>.debug_info</name>
         <load_address>0xce00</load_address>
         <run_address>0xce00</run_address>
         <size>0x49a</size>
         <input_file_ref idref="fl-15"/>
      </object_component>
      <object_component id="oc-38e">
         <name>.debug_info</name>
         <load_address>0xd29a</load_address>
         <run_address>0xd29a</run_address>
         <size>0x5f</size>
         <input_file_ref idref="fl-15"/>
      </object_component>
      <object_component id="oc-1fe">
         <name>.debug_info</name>
         <load_address>0xd2f9</load_address>
         <run_address>0xd2f9</run_address>
         <size>0x19d</size>
         <input_file_ref idref="fl-16"/>
      </object_component>
      <object_component id="oc-8d">
         <name>.debug_info</name>
         <load_address>0xd496</load_address>
         <run_address>0xd496</run_address>
         <size>0x261</size>
         <input_file_ref idref="fl-16"/>
      </object_component>
      <object_component id="oc-99">
         <name>.debug_info</name>
         <load_address>0xd6f7</load_address>
         <run_address>0xd6f7</run_address>
         <size>0x227</size>
         <input_file_ref idref="fl-16"/>
      </object_component>
      <object_component id="oc-93">
         <name>.debug_info</name>
         <load_address>0xd91e</load_address>
         <run_address>0xd91e</run_address>
         <size>0x221</size>
         <input_file_ref idref="fl-16"/>
      </object_component>
      <object_component id="oc-28b">
         <name>.debug_info</name>
         <load_address>0xdb3f</load_address>
         <run_address>0xdb3f</run_address>
         <size>0x223</size>
         <input_file_ref idref="fl-17"/>
      </object_component>
      <object_component id="oc-157">
         <name>.debug_info</name>
         <load_address>0xdd62</load_address>
         <run_address>0xdd62</run_address>
         <size>0x28a</size>
         <input_file_ref idref="fl-17"/>
      </object_component>
      <object_component id="oc-1c2">
         <name>.debug_info</name>
         <load_address>0xdfec</load_address>
         <run_address>0xdfec</run_address>
         <size>0x290</size>
         <input_file_ref idref="fl-17"/>
      </object_component>
      <object_component id="oc-1b6">
         <name>.debug_info</name>
         <load_address>0xe27c</load_address>
         <run_address>0xe27c</run_address>
         <size>0x2c2</size>
         <input_file_ref idref="fl-17"/>
      </object_component>
      <object_component id="oc-2df">
         <name>.debug_info</name>
         <load_address>0xe53e</load_address>
         <run_address>0xe53e</run_address>
         <size>0x2cc</size>
         <input_file_ref idref="fl-17"/>
      </object_component>
      <object_component id="oc-2d9">
         <name>.debug_info</name>
         <load_address>0xe80a</load_address>
         <run_address>0xe80a</run_address>
         <size>0x2bc</size>
         <input_file_ref idref="fl-17"/>
      </object_component>
      <object_component id="oc-1b0">
         <name>.debug_info</name>
         <load_address>0xeac6</load_address>
         <run_address>0xeac6</run_address>
         <size>0x2ba</size>
         <input_file_ref idref="fl-17"/>
      </object_component>
      <object_component id="oc-139">
         <name>.debug_info</name>
         <load_address>0xed80</load_address>
         <run_address>0xed80</run_address>
         <size>0x284</size>
         <input_file_ref idref="fl-17"/>
      </object_component>
      <object_component id="oc-1aa">
         <name>.debug_info</name>
         <load_address>0xf004</load_address>
         <run_address>0xf004</run_address>
         <size>0x294</size>
         <input_file_ref idref="fl-17"/>
      </object_component>
      <object_component id="oc-13f">
         <name>.debug_info</name>
         <load_address>0xf298</load_address>
         <run_address>0xf298</run_address>
         <size>0x292</size>
         <input_file_ref idref="fl-17"/>
      </object_component>
      <object_component id="oc-1bc">
         <name>.debug_info</name>
         <load_address>0xf52a</load_address>
         <run_address>0xf52a</run_address>
         <size>0x27f</size>
         <input_file_ref idref="fl-17"/>
      </object_component>
      <object_component id="oc-1a4">
         <name>.debug_info</name>
         <load_address>0xf7a9</load_address>
         <run_address>0xf7a9</run_address>
         <size>0x2c4</size>
         <input_file_ref idref="fl-17"/>
      </object_component>
      <object_component id="oc-19e">
         <name>.debug_info</name>
         <load_address>0xfa6d</load_address>
         <run_address>0xfa6d</run_address>
         <size>0x28c</size>
         <input_file_ref idref="fl-17"/>
      </object_component>
      <object_component id="oc-198">
         <name>.debug_info</name>
         <load_address>0xfcf9</load_address>
         <run_address>0xfcf9</run_address>
         <size>0x296</size>
         <input_file_ref idref="fl-17"/>
      </object_component>
      <object_component id="oc-267">
         <name>.debug_info</name>
         <load_address>0xff8f</load_address>
         <run_address>0xff8f</run_address>
         <size>0x227</size>
         <input_file_ref idref="fl-18"/>
      </object_component>
      <object_component id="oc-103">
         <name>.debug_info</name>
         <load_address>0x101b6</load_address>
         <run_address>0x101b6</run_address>
         <size>0x27f</size>
         <input_file_ref idref="fl-18"/>
      </object_component>
      <object_component id="oc-d9">
         <name>.debug_info</name>
         <load_address>0x10435</load_address>
         <run_address>0x10435</run_address>
         <size>0x28f</size>
         <input_file_ref idref="fl-18"/>
      </object_component>
      <object_component id="oc-109">
         <name>.debug_info</name>
         <load_address>0x106c4</load_address>
         <run_address>0x106c4</run_address>
         <size>0x28d</size>
         <input_file_ref idref="fl-18"/>
      </object_component>
[...]
      </symbol>
      <symbol id="sm-455">
         <name>GPIOPinTypeI2C</name>
         <value>0x5243</value>
         <object_component_ref idref="oc-2fc"/>
      </symbol>
      <symbol id="sm-456">
         <name>GPIOPinTypeGPIOInput</name>
         <value>0x5231</value>
         <object_component_ref idref="oc-11a"/>
      </symbol>
      <symbol id="sm-457">
         <name>GPIOPinTypeUART</name>
         <value>0x5279</value>
         <object_component_ref idref="oc-c0"/>
      </symbol>
      <symbol id="sm-458">
         <name>GPIOPinTypeGPIOOutput</name>
         <value>0x511d</value>
         <object_component_ref idref="oc-239"/>
      </symbol>
      <symbol id="sm-459">
         <name>GPIODirModeSet</name>
         <value>0x5027</value>
         <object_component_ref idref="oc-24d"/>
      </symbol>
      <symbol id="sm-45a">
         <name>GPIOPinWrite</name>
         <value>0x540b</value>
         <object_component_ref idref="oc-233"/>
      </symbol>
      <symbol id="sm-45b">
         <name>GPIOPadConfigSet</name>
         <value>0x42a3</value>
         <object_component_ref idref="oc-253"/>
      </symbol>
      <symbol id="sm-45c">
         <name>GPIOPinTypeTimer</name>
         <value>0x5267</value>
         <object_component_ref idref="oc-190"/>
      </symbol>
      <symbol id="sm-49d">
         <name>I2CMasterDataPut</name>
         <value>0x5425</value>
         <object_component_ref idref="oc-314"/>
      </symbol>
      <symbol id="sm-49e">
         <name>I2CMasterInitExpClk</name>
         <value>0x4cd1</value>
         <object_component_ref idref="oc-308"/>
      </symbol>
      <symbol id="sm-49f">
         <name>I2CMasterSlaveAddrSet</name>
         <value>0x53f3</value>
         <object_component_ref idref="oc-30e"/>
      </symbol>
      <symbol id="sm-4a0">
         <name>I2CMasterDataGet</name>
         <value>0x5421</value>
         <object_component_ref idref="oc-326"/>
      </symbol>
      <symbol id="sm-4a1">
         <name>I2CMasterControl</name>
         <value>0x541d</value>
         <object_component_ref idref="oc-31a"/>
      </symbol>
      <symbol id="sm-4a2">
         <name>I2CMasterBusy</name>
         <value>0x53eb</value>
         <object_component_ref idref="oc-320"/>
      </symbol>
      <symbol id="sm-4a3">
         <name>I2CMasterEnable</name>
         <value>0x53a5</value>
         <object_component_ref idref="oc-411"/>
      </symbol>
      <symbol id="sm-4d3">
         <name>IntEnable</name>
         <value>0x49e1</value>
         <object_component_ref idref="oc-de"/>
      </symbol>
      <symbol id="sm-4d4">
         <name>IntMasterEnable</name>
         <value>0x52e5</value>
         <object_component_ref idref="oc-2d0"/>
      </symbol>
      <symbol id="sm-562">
         <name>SysCtlResetCauseGet</name>
         <value>0x5375</value>
         <object_component_ref idref="oc-29a"/>
      </symbol>
      <symbol id="sm-563">
         <name>SysCtlPeripheralEnable</name>
         <value>0x4f91</value>
         <object_component_ref idref="oc-ae"/>
      </symbol>
      <symbol id="sm-564">
         <name>SysCtlPeripheralReady</name>
         <value>0x4f59</value>
         <object_component_ref idref="oc-b4"/>
      </symbol>
      <symbol id="sm-565">
         <name>SysCtlResetCauseClear</name>
         <value>0x5191</value>
         <object_component_ref idref="oc-2a0"/>
      </symbol>
      <symbol id="sm-566">
         <name>SysCtlClockFreqSet</name>
         <value>0x3915</value>
         <object_component_ref idref="oc-2c4"/>
      </symbol>
      <symbol id="sm-589">
         <name>SysTickEnable</name>
         <value>0x51a5</value>
         <object_component_ref idref="oc-92"/>
      </symbol>
      <symbol id="sm-58a">
         <name>SysTickIntEnable</name>
         <value>0x51b9</value>
         <object_component_ref idref="oc-98"/>
      </symbol>
      <symbol id="sm-58b">
         <name>SysTickPeriodSet</name>
         <value>0x52f5</value>
         <object_component_ref idref="oc-8c"/>
      </symbol>
      <symbol id="sm-5ff">
         <name>TimerMatchSet</name>
         <value>0x529d</value>
         <object_component_ref idref="oc-2d7"/>
      </symbol>
      <symbol id="sm-600">
         <name>TimerLoadSet</name>
         <value>0x528b</value>
         <object_component_ref idref="oc-1ae"/>
      </symbol>
      <symbol id="sm-601">
         <name>TimerEnable</name>
         <value>0x5315</value>
         <object_component_ref idref="oc-1ba"/>
      </symbol>
      <symbol id="sm-602">
         <name>TimerIntStatus</name>
         <value>0x53af</value>
         <object_component_ref idref="oc-137"/>
      </symbol>
      <symbol id="sm-603">
         <name>TimerValueGet</name>
         <value>0x53b9</value>
         <object_component_ref idref="oc-155"/>
      </symbol>
      <symbol id="sm-604">
         <name>TimerPrescaleSet</name>
         <value>0x52c1</value>
         <object_component_ref idref="oc-1b4"/>
      </symbol>
      <symbol id="sm-605">
         <name>TimerIntEnable</name>
         <value>0x53fb</value>
         <object_component_ref idref="oc-1a8"/>
      </symbol>
      <symbol id="sm-606">
         <name>TimerClockSourceSet</name>
         <value>0x5411</value>
         <object_component_ref idref="oc-196"/>
      </symbol>
      <symbol id="sm-607">
         <name>TimerPrescaleMatchSet</name>
         <value>0x52af</value>
         <object_component_ref idref="oc-2dd"/>
      </symbol>
      <symbol id="sm-608">
         <name>TimerConfigure</name>
         <value>0x4b15</value>
         <object_component_ref idref="oc-19c"/>
      </symbol>
      <symbol id="sm-609">
         <name>TimerControlEvent</name>
         <value>0x5165</value>
         <object_component_ref idref="oc-1a2"/>
      </symbol>
      <symbol id="sm-60a">
         <name>TimerIntClear</name>
         <value>0x5429</value>
         <object_component_ref idref="oc-13d"/>
      </symbol>
      <symbol id="sm-60b">
         <name>TimerSynchronize</name>
         <value>0x542d</value>
         <object_component_ref idref="oc-1c0"/>
      </symbol>
      <symbol id="sm-66c">
         <name>UARTCharPutNonBlocking</name>
         <value>0x5331</value>
         <object_component_ref idref="oc-f3"/>
      </symbol>
      <symbol id="sm-66d">
         <name>UARTConfigSetExpClk</name>
         <value>0x4e8d</value>
         <object_component_ref idref="oc-c6"/>
      </symbol>
      <symbol id="sm-66e">
         <name>UARTDisable</name>
         <value>0x50a1</value>
         <object_component_ref idref="oc-25a"/>
      </symbol>
      <symbol id="sm-66f">
         <name>UARTIntEnable</name>
         <value>0x5403</value>
         <object_component_ref idref="oc-d8"/>
      </symbol>
      <symbol id="sm-670">
         <name>UARTCharsAvail</name>
         <value>0x533f</value>
         <object_component_ref idref="oc-114"/>
      </symbol>
      <symbol id="sm-671">
         <name>UARTCharGetNonBlocking</name>
         <value>0x5323</value>
         <object_component_ref idref="oc-10e"/>
      </symbol>
      <symbol id="sm-672">
         <name>UARTEnable</name>
         <value>0x51cd</value>
         <object_component_ref idref="oc-260"/>
      </symbol>
      <symbol id="sm-673">
         <name>UARTFIFOEnable</name>
         <value>0x53c3</value>
         <object_component_ref idref="oc-cc"/>
      </symbol>
      <symbol id="sm-674">
         <name>UARTIntClear</name>
         <value>0x5431</value>
         <object_component_ref idref="oc-108"/>
      </symbol>
      <symbol id="sm-675">
         <name>UARTIntStatus</name>
         <value>0x53cd</value>
         <object_component_ref idref="oc-102"/>
      </symbol>
      <symbol id="sm-676">
         <name>UARTFIFOLevelSet</name>
         <value>0x5417</value>
         <object_component_ref idref="oc-d2"/>
      </symbol>
      <symbol id="sm-6a5">
         <name>WatchdogUnlock</name>
         <value>0x5381</value>
         <object_component_ref idref="oc-2ac"/>
      </symbol>
      <symbol id="sm-6a6">
         <name>WatchdogLockState</name>
         <value>0x534d</value>
         <object_component_ref idref="oc-2a6"/>
      </symbol>
      <symbol id="sm-6a7">
         <name>WatchdogReloadSet</name>
         <value>0x5435</value>
         <object_component_ref idref="oc-2b2"/>
      </symbol>
      <symbol id="sm-6a8">
         <name>WatchdogResetEnable</name>
         <value>0x53e1</value>
         <object_component_ref idref="oc-2b8"/>
      </symbol>
      <symbol id="sm-6a9">
         <name>WatchdogEnable</name>
         <value>0x53d7</value>
         <object_component_ref idref="oc-2be"/>
      </symbol>
      <symbol id="sm-6b3">
         <name>CPUcpsie</name>
         <value>0x5369</value>
         <object_component_ref idref="oc-404"/>
      </symbol>
      <symbol id="sm-6c4">
         <name>_c_int00</name>
         <value>0x4bd5</value>
         <object_component_ref idref="oc-24"/>
      </symbol>
      <symbol id="sm-6c5">
         <name>__stack</name>
         <value>0x20004638</value>
         <object_component_ref idref="oc-2a"/>
      </symbol>
      <symbol id="sm-6e3">
         <name>__TI_decompress_lzss</name>
         <value>0x4a49</value>
         <object_component_ref idref="oc-12"/>
      </symbol>
      <symbol id="sm-6fa">
         <name>__TI_decompress_none</name>
         <value>0x535b</value>
         <object_component_ref idref="oc-18"/>
      </symbol>
      <symbol id="sm-70c">
         <name>__TI_zero_init</name>
         <value>0x538d</value>
         <object_component_ref idref="oc-1e"/>
      </symbol>
      <symbol id="sm-72d">
         <name>C$$EXIT</name>
         <value>0x4c29</value>
         <object_component_ref idref="oc-81"/>
      </symbol>
      <symbol id="sm-72e">
         <name>abort</name>
         <value>0x4c2d</value>
         <object_component_ref idref="oc-81"/>
      </symbol>
      <symbol id="sm-72f">
         <name>exit</name>
         <value>0x4c35</value>
         <object_component_ref idref="oc-81"/>
      </symbol>
      <symbol id="sm-730">
         <name>__TI_dtors_ptr</name>
         <value>0x20004604</value>
         <object_component_ref idref="oc-1f2"/>
      </symbol>
      <symbol id="sm-731">
         <name>__TI_cleanup_ptr</name>
         <value>0x20004600</value>
         <object_component_ref idref="oc-1f2"/>
      </symbol>
      <symbol id="sm-732">
         <name>__TI_enable_exit_profile_output</name>
         <value>0x20004608</value>
         <object_component_ref idref="oc-1f2"/>
      </symbol>
      <symbol id="sm-749">
         <name>__aeabi_dsub</name>
         <value>0x3d09</value>
         <object_component_ref idref="oc-17a"/>
      </symbol>
      <symbol id="sm-74a">
         <name>__aeabi_dadd</name>
         <value>0x3d13</value>
         <object_component_ref idref="oc-17a"/>
      </symbol>
      <symbol id="sm-76c">
         <name>__aeabi_cdcmpeq</name>
         <value>0x47e9</value>
         <object_component_ref idref="oc-172"/>
      </symbol>
      <symbol id="sm-76d">
         <name>__aeabi_cdcmple</name>
         <value>0x47e9</value>
         <object_component_ref idref="oc-172"/>
      </symbol>
      <symbol id="sm-76e">
         <name>__aeabi_cdrcmple</name>
         <value>0x486f</value>
         <object_component_ref idref="oc-16d"/>
      </symbol>
      <symbol id="sm-782">
         <name>__aeabi_ddiv</name>
         <value>0x416d</value>
         <object_component_ref idref="oc-163"/>
      </symbol>
      <symbol id="sm-78d">
         <name>__aeabi_dmul</name>
         <value>0x43d5</value>
         <object_component_ref idref="oc-168"/>
      </symbol>
      <symbol id="sm-797">
         <name>__aeabi_d2iz</name>
         <value>0x4e45</value>
         <object_component_ref idref="oc-224"/>
      </symbol>
      <symbol id="sm-7a1">
         <name>__aeabi_d2uiz</name>
         <value>0x4ed3</value>
         <object_component_ref idref="oc-185"/>
      </symbol>
      <symbol id="sm-7ab">
         <name>__aeabi_i2d</name>
         <value>0x4ff9</value>
         <object_component_ref idref="oc-229"/>
      </symbol>
      <symbol id="sm-7c6">
         <name>memcpy</name>
         <value>0x474d</value>
         <object_component_ref idref="oc-51"/>
      </symbol>
      <symbol id="sm-7c7">
         <name>__aeabi_memcpy</name>
         <value>0x474d</value>
         <object_component_ref idref="oc-51"/>
      </symbol>
      <symbol id="sm-7c8">
         <name>__aeabi_memcpy8</name>
         <value>0x474d</value>
         <object_component_ref idref="oc-51"/>
      </symbol>
      <symbol id="sm-7c9">
         <name>__aeabi_memcpy4</name>
         <value>0x474d</value>
         <object_component_ref idref="oc-51"/>
      </symbol>
      <symbol id="sm-7d8">
         <name>__aeabi_memset</name>
         <value>0x48f7</value>
         <object_component_ref idref="oc-5d"/>
      </symbol>
      <symbol id="sm-7d9">
         <name>memset</name>
         <value>0x48fd</value>
         <object_component_ref idref="oc-5d"/>
      </symbol>
      <symbol id="sm-7da">
         <name>__aeabi_memset8</name>
         <value>0x48f7</value>
         <object_component_ref idref="oc-5d"/>
      </symbol>
      <symbol id="sm-7db">
         <name>__aeabi_memset4</name>
         <value>0x48f7</value>
         <object_component_ref idref="oc-5d"/>
      </symbol>
      <symbol id="sm-7dc">
         <name>__aeabi_memclr8</name>
         <value>0x48f5</value>
         <object_component_ref idref="oc-5d"/>
      </symbol>
      <symbol id="sm-7dd">
         <name>__aeabi_memclr4</name>
         <value>0x48f5</value>
         <object_component_ref idref="oc-5d"/>
      </symbol>
      <symbol id="sm-7de">
         <name>__aeabi_memclr</name>
         <value>0x48f5</value>
         <object_component_ref idref="oc-5d"/>
      </symbol>
      <symbol id="sm-7e8">
         <name>__mpu_init</name>
         <value>0x24d3</value>
         <object_component_ref idref="oc-69"/>
      </symbol>
      <symbol id="sm-7f2">
         <name>_system_pre_init</name>
         <value>0x5439</value>
         <object_component_ref idref="oc-6f"/>
      </symbol>
      <symbol id="sm-80b">
         <name>sprintf</name>
         <value>0x4b75</value>
         <object_component_ref idref="oc-143"/>
      </symbol>
      <symbol id="sm-813">
         <name>main_func_sp</name>
         <value>0x20004630</value>
         <object_component_ref idref="oc-87"/>
      </symbol>
      <symbol id="sm-822">
         <name>strcmp</name>
         <value>0x514d</value>
         <object_component_ref idref="oc-21b"/>
      </symbol>
      <symbol id="sm-830">
         <name>strcpy</name>
         <value>0x5209</value>
         <object_component_ref idref="oc-201"/>
      </symbol>
      <symbol id="sm-848">
         <name>strtok</name>
         <value>0x4f19</value>
         <object_component_ref idref="oc-215"/>
      </symbol>
      <symbol id="sm-857">
         <name>tolower</name>
         <value>0x5305</value>
         <object_component_ref idref="oc-20f"/>
      </symbol>
      <symbol id="sm-861">
         <name>__aeabi_ui2d</name>
         <value>0x50e1</value>
         <object_component_ref idref="oc-15e"/>
      </symbol>
      <symbol id="sm-87a">
         <name>_nop</name>
         <value>0x51ef</value>
         <object_component_ref idref="oc-353"/>
      </symbol>
      <symbol id="sm-87b">
         <name>_lock</name>
         <value>0x20004618</value>
         <object_component_ref idref="oc-1f5"/>
      </symbol>
      <symbol id="sm-87c">
         <name>_unlock</name>
         <value>0x2000461c</value>
         <object_component_ref idref="oc-1f5"/>
      </symbol>
      <symbol id="sm-87d">
         <name>_register_lock</name>
         <value>0x51e7</value>
         <object_component_ref idref="oc-353"/>
      </symbol>
      <symbol id="sm-87e">
         <name>_register_unlock</name>
         <value>0x51e1</value>
         <object_component_ref idref="oc-353"/>
      </symbol>
      <symbol id="sm-97f">
         <name>__TI_printfi</name>
         <value>0x1bd9</value>
         <object_component_ref idref="oc-28d"/>
      </symbol>
      <symbol id="sm-993">
         <name>_args_main</name>
         <value>0x5135</value>
         <object_component_ref idref="oc-7b"/>
      </symbol>
      <symbol id="sm-9a9">
         <name>atoi</name>
         <value>0x4d1d</value>
         <object_component_ref idref="oc-3c6"/>
      </symbol>
      <symbol id="sm-9d3">
         <name>__TI_auto_init</name>
         <value>0x4971</value>
         <object_component_ref idref="oc-75"/>
      </symbol>
      <symbol id="sm-9ed">
         <name>copy_in</name>
         <value>0x4d69</value>
         <object_component_ref idref="oc-1e2"/>
      </symbol>
      <symbol id="sm-9f8">
         <name>_ctypes_</name>
         <value>0x570c</value>
         <object_component_ref idref="oc-367"/>
      </symbol>
      <symbol id="sm-a07">
         <name>ltoa</name>
         <value>0x4c7d</value>
         <object_component_ref idref="oc-3ae"/>
      </symbol>
      <symbol id="sm-a17">
         <name>memccpy</name>
         <value>0x5101</value>
         <object_component_ref idref="oc-3cc"/>
      </symbol>
      <symbol id="sm-a32">
         <name>frexpl</name>
         <value>0x4ab1</value>
         <object_component_ref idref="oc-3b4"/>
      </symbol>
      <symbol id="sm-a33">
         <name>frexp</name>
         <value>0x4ab1</value>
         <object_component_ref idref="oc-3b4"/>
      </symbol>
      <symbol id="sm-a50">
         <name>scalbn</name>
         <value>0x44d1</value>
         <object_component_ref idref="oc-3ba"/>
      </symbol>
      <symbol id="sm-a51">
         <name>scalbnl</name>
         <value>0x44d1</value>
         <object_component_ref idref="oc-3ba"/>
      </symbol>
      <symbol id="sm-a52">
         <name>ldexpl</name>
         <value>0x44d1</value>
         <object_component_ref idref="oc-3ba"/>
      </symbol>
      <symbol id="sm-a53">
         <name>ldexp</name>
         <value>0x44d1</value>
         <object_component_ref idref="oc-3ba"/>
      </symbol>
      <symbol id="sm-a5d">
         <name>_system_post_cinit</name>
         <value>0x3ebf</value>
         <object_component_ref idref="oc-1e8"/>
      </symbol>
      <symbol id="sm-a6d">
         <name>strchr</name>
         <value>0x517b</value>
         <object_component_ref idref="oc-3c0"/>
      </symbol>
      <symbol id="sm-a7e">
         <name>strcspn</name>
         <value>0x507b</value>
         <object_component_ref idref="oc-372"/>
      </symbol>
      <symbol id="sm-a8c">
         <name>strlen</name>
         <value>0x521d</value>
         <object_component_ref idref="oc-3a8"/>
      </symbol>
      <symbol id="sm-a9e">
         <name>strspn</name>
         <value>0x5051</value>
         <object_component_ref idref="oc-36c"/>
      </symbol>
      <symbol id="sm-aba">
         <name>__aeabi_uldivmod</name>
         <value>0x3b15</value>
         <object_component_ref idref="oc-3a3"/>
      </symbol>
      <symbol id="sm-ac2">
         <name>errno</name>
         <value>0x2000462c</value>
         <object_component_ref idref="oc-452"/>
      </symbol>
      <symbol id="sm-acc">
         <name>copysign</name>
         <value>0x51f5</value>
         <object_component_ref idref="oc-44c"/>
      </symbol>
      <symbol id="sm-acd">
         <name>copysignl</name>
         <value>0x51f5</value>
         <object_component_ref idref="oc-44c"/>
      </symbol>
      <symbol id="sm-ace">
         <name>__TI_static_base__</name>
         <value>0x0</value>
      </symbol>
      <symbol id="sm-ad1">
         <name>SHT$$INIT_ARRAY$$Limit</name>
         <value>0x0</value>
      </symbol>
      <symbol id="sm-ad2">
         <name>SHT$$INIT_ARRAY$$Base</name>
         <value>0x0</value>
      </symbol>
   </symbol_table>
   <title>Link successful</title>
</link_info>
