******************************************************************************
                  TI ARM Linker PC v16.9.6                     
******************************************************************************
>> Linked Mon Feb 05 09:49:12 2018

OUTPUT FILE NAME:   <Sync_Interface.out>
ENTRY POINT SYMBOL: "_c_int00"  address: 00004889


MEMORY CONFIGURATION

         name            origin    length      used     unused   attr    fill
----------------------  --------  ---------  --------  --------  ----  --------
  FLASH                 00000000   00100000  000056c8  000fa938  R  X
  SRAM                  20000000   00040000  00004824  0003b7dc  RW X


SEGMENT ALLOCATION MAP

run origin  load origin   length   init length attrs members
----------  ----------- ---------- ----------- ----- -------
00000000    00000000    000056c8   000056c8    r-x
  00000000    00000000    00000208   00000208    r-- .intvecs
  00000208    00000208    00004eb0   00004eb0    r-x .text
  000050b8    000050b8    00000590   00000590    r-- .const
  00005648    00005648    00000080   00000080    r-- .cinit
20000000    20000000    00004824   00000000    rw-
  20000000    20000000    00002630   00000000    rw- .bss
  20002630    20002630    00001ff4   00000000    rw- .data
  20004624    20004624    00000200   00000000    rw- .stack


SECTION ALLOCATION MAP

 output                                  attributes/
section   page    origin      length       input sections
--------  ----  ----------  ----------   ----------------
.intvecs   0    00000000    00000208     
                  00000000    00000208     tm4c1294ncpdt_startup_ccs.obj (.intvecs)

.text      0    00000208    00004eb0     
                  00000208    00001188     latency.obj (.text)
                  00001390    0000113e     rtsv7M4_T_le_v4SPD16_eabi.lib : _printfi.obj (.text)
                  000024ce    00000002                                   : mpu_init.obj (.text)
                  000024d0    000009d4     uart_io.obj (.text)
                  00002ea4    000007d4     command.obj (.text)
                  00003678    00000200     driverlib.lib : sysctl.obj (.text:SysCtlClockFreqSet)
                  00003878    000001f4     rtsv7M4_T_le_v4SPD16_eabi.lib : ull_div_t2.obj (.text)
                  00003a6c    000001b6                                   : fd_add_t2.obj (.text)
                  00003c22    00000002                                   : startup.obj (.text)
                  00003c24    0000016c     i2c_io.obj (.text)
                  00003d90    0000014c     main.obj (.text)
                  00003edc    00000136     rtsv7M4_T_le_v4SPD16_eabi.lib : fd_div_t2.obj (.text)
                  00004012    00000132     driverlib.lib : gpio.obj (.text:GPIOPadConfigSet)
                  00004144    000000fc     rtsv7M4_T_le_v4SPD16_eabi.lib : fd_mul_t2.obj (.text)
                  00004240    000000fc                                   : s_scalbn.obj (.text)
                  0000433c    000000c4     pps_leds.obj (.text)
                  00004400    0000009c     rtsv7M4_T_le_v4SPD16_eabi.lib : memcpy_t2.obj (.text)
                  0000449c    00000086                                   : fd_cmp_t2.obj (.text:__aeabi_cdcmple)
                  00004522    00000086                                   : fd_cmp_t2.obj (.text:__aeabi_cdrcmple)
                  000045a8    0000007a                                   : memset_t2.obj (.text)
                  00004622    00000002     --HOLE-- [fill = 0]
                  00004624    00000070                                   : autoinit.obj (.text)
                  00004694    00000068     driverlib.lib : interrupt.obj (.text:IntEnable)
                  000046fc    00000068     rtsv7M4_T_le_v4SPD16_eabi.lib : copy_decompress_lzss.obj (.text:decompress:lzss)
                  00004764    00000064                                   : s_frexp.obj (.text)
                  000047c8    00000060     driverlib.lib : timer.obj (.text:TimerConfigure)
                  00004828    00000060     rtsv7M4_T_le_v4SPD16_eabi.lib : sprintf.obj (.text)
                  00004888    00000054                                   : boot.obj (.text)
                  000048dc    00000054                                   : exit.obj (.text)
                  00004930    00000054                                   : ltoa.obj (.text)
                  00004984    0000004c     driverlib.lib : i2c.obj (.text:I2CMasterInitExpClk)
                  000049d0    0000004c     rtsv7M4_T_le_v4SPD16_eabi.lib : atoi.obj (.text)
                  00004a1c    0000004c                                   : cpy_tbl.obj (.text)
                  00004a68    00000048     driverlib.lib : gpio.obj (.text:GPIOPinConfigure)
                  00004ab0    00000048                   : sysctl.obj (.text:_SysCtlFrequencyGet)
                  00004af8    00000048     rtsv7M4_T_le_v4SPD16_eabi.lib : fd_toi_t2.obj (.text)
                  00004b40    00000046     driverlib.lib : uart.obj (.text:UARTConfigSetExpClk)
                  00004b86    00000044     rtsv7M4_T_le_v4SPD16_eabi.lib : fd_tou_t2.obj (.text)
                  00004bca    00000002     --HOLE-- [fill = 0]
                  00004bcc    00000040                                   : strtok.obj (.text)
                  00004c0c    00000038     driverlib.lib : sysctl.obj (.text:SysCtlPeripheralReady)
                  00004c44    00000034                   : sysctl.obj (.text:SysCtlPeripheralEnable)
                  00004c78    00000034     system_tick.obj (.text)
                  00004cac    0000002e     rtsv7M4_T_le_v4SPD16_eabi.lib : i_tofd_t2.obj (.text)
                  00004cda    0000002a     driverlib.lib : gpio.obj (.text:GPIODirModeSet)
                  00004d04    0000002a     rtsv7M4_T_le_v4SPD16_eabi.lib : strspn.obj (.text)
                  00004d2e    00000024                                   : strcspn.obj (.text)
                  00004d52    00000002     --HOLE-- [fill = 0]
                  00004d54    00000020     driverlib.lib : uart.obj (.text:UARTDisable)
                  00004d74    00000020                   : sysctl.obj (.text:_SysCtlMemTimingGet)
                  00004d94    00000020     rtsv7M4_T_le_v4SPD16_eabi.lib : u_tofd_t2.obj (.text)
                  00004db4    0000001c                                   : memccpy.obj (.text)
                  00004dd0    00000018     driverlib.lib : gpio.obj (.text:GPIOPinTypeGPIOOutput)
                  00004de8    00000018     rtsv7M4_T_le_v4SPD16_eabi.lib : args_main.obj (.text)
                  00004e00    00000018                                   : strcmp.obj (.text)
                  00004e18    00000016     driverlib.lib : timer.obj (.text:TimerControlEvent)
                  00004e2e    00000016     rtsv7M4_T_le_v4SPD16_eabi.lib : strchr.obj (.text)
                  00004e44    00000014     driverlib.lib : sysctl.obj (.text:SysCtlResetCauseClear)
                  00004e58    00000014                   : systick.obj (.text:SysTickEnable)
                  00004e6c    00000014                   : systick.obj (.text:SysTickIntEnable)
                  00004e80    00000014                   : uart.obj (.text:UARTEnable)
                  00004e94    00000014     rtsv7M4_T_le_v4SPD16_eabi.lib : _lock.obj (.text)
                  00004ea8    00000014                                   : s_copysign.obj (.text)
                  00004ebc    00000014                                   : strcpy.obj (.text)
                  00004ed0    00000014                                   : strlen.obj (.text)
                  00004ee4    00000012     driverlib.lib : gpio.obj (.text:GPIOPinTypeI2C)
                  00004ef6    00000012                   : gpio.obj (.text:GPIOPinTypeI2CSCL)
                  00004f08    00000012                   : gpio.obj (.text:GPIOPinTypeTimer)
                  00004f1a    00000012                   : gpio.obj (.text:GPIOPinTypeUART)
                  00004f2c    00000012                   : timer.obj (.text:TimerLoadSet)
                  00004f3e    00000012                   : timer.obj (.text:TimerPrescaleSet)
                  00004f50    00000010                   : fpu.obj (.text:FPUEnable)
                  00004f60    00000010                   : interrupt.obj (.text:IntMasterEnable)
                  00004f70    00000010                   : systick.obj (.text:SysTickPeriodSet)
                  00004f80    00000010     rtsv7M4_T_le_v4SPD16_eabi.lib : tolower.obj (.text)
                  00004f90    0000000e     driverlib.lib : timer.obj (.text:TimerEnable)
                  00004f9e    0000000e                   : uart.obj (.text:UARTCharGetNonBlocking)
                  00004fac    0000000e                   : uart.obj (.text:UARTCharPutNonBlocking)
                  00004fba    0000000e                   : uart.obj (.text:UARTCharsAvail)
                  00004fc8    0000000e                   : watchdog.obj (.text:WatchdogLockState)
                  00004fd6    0000000e     rtsv7M4_T_le_v4SPD16_eabi.lib : copy_decompress_none.obj (.text:decompress:none)
                  00004fe4    0000000c     driverlib.lib : cpu.obj (.text:CPUcpsie)
                  00004ff0    0000000c                   : sysctl.obj (.text:SysCtlResetCauseGet)
                  00004ffc    0000000c                   : watchdog.obj (.text:WatchdogUnlock)
                  00005008    0000000c     rtsv7M4_T_le_v4SPD16_eabi.lib : copy_zero_init.obj (.text:decompress:ZI)
                  00005014    0000000c     tm4c1294ncpdt_startup_ccs.obj (.text)
                  00005020    0000000a     driverlib.lib : i2c.obj (.text:I2CMasterEnable)
                  0000502a    0000000a                   : timer.obj (.text:TimerIntStatus)
                  00005034    0000000a                   : timer.obj (.text:TimerValueGet)
                  0000503e    0000000a                   : uart.obj (.text:UARTFIFOEnable)
                  00005048    0000000a                   : uart.obj (.text:UARTIntStatus)
                  00005052    0000000a                   : watchdog.obj (.text:WatchdogEnable)
                  0000505c    0000000a                   : watchdog.obj (.text:WatchdogResetEnable)
                  00005066    00000008                   : i2c.obj (.text:I2CMasterBusy)
                  0000506e    00000008                   : i2c.obj (.text:I2CMasterSlaveAddrSet)
                  00005076    00000008                   : timer.obj (.text:TimerIntEnable)
                  0000507e    00000008                   : uart.obj (.text:UARTIntEnable)
                  00005086    00000006                   : gpio.obj (.text:GPIOPinWrite)
                  0000508c    00000006                   : timer.obj (.text:TimerClockSourceSet)
                  00005092    00000006                   : uart.obj (.text:UARTFIFOLevelSet)
                  00005098    00000004                   : i2c.obj (.text:I2CMasterControl)
                  0000509c    00000004                   : i2c.obj (.text:I2CMasterDataGet)
                  000050a0    00000004                   : i2c.obj (.text:I2CMasterDataPut)
                  000050a4    00000004                   : timer.obj (.text:TimerIntClear)
                  000050a8    00000004                   : timer.obj (.text:TimerSynchronize)
                  000050ac    00000004                   : uart.obj (.text:UARTIntClear)
                  000050b0    00000004                   : watchdog.obj (.text:WatchdogReloadSet)
                  000050b4    00000004     rtsv7M4_T_le_v4SPD16_eabi.lib : pre_init.obj (.text)

.const     0    000050b8    00000590     
                  000050b8    000001b0     driverlib.lib : sysctl.obj (.const:g_pppui32XTALtoVCO)
                  00005268    00000101     rtsv7M4_T_le_v4SPD16_eabi.lib : ctype.obj (.const:.string:_ctypes_)
                  00005369    00000003     --HOLE-- [fill = 0]
                  0000536c    000000d4     command.obj (.const:.string)
                  00005440    00000090     driverlib.lib : gpio.obj (.const:g_pui32GPIOBaseAddrs)
                  000054d0    00000070                   : interrupt.obj (.const)
                  00005540    0000006c                   : sysctl.obj (.const:g_pui32Xtals)
                  000055ac    00000064     latency.obj (.const:.string:$P$T0$1)
                  00005610    00000030     driverlib.lib : sysctl.obj (.const:g_sXTALtoMEMTIM)
                  00005640    00000008                   : sysctl.obj (.const)

.cinit     0    00005648    00000080     
                  00005648    00000059     (.cinit..data.load) [load image, compression = lzss]
                  000056a1    00000003     --HOLE-- [fill = 0]
                  000056a4    0000000c     (__TI_handler_table)
                  000056b0    00000008     (.cinit..bss.load) [load image, compression = zero_init]
                  000056b8    00000010     (__TI_cinit_table)

.init_array 
*          0    00000000    00000000     UNINITIALIZED

.bss       0    20000000    00002630     UNINITIALIZED
                  20000000    00000408     uart_io.obj (.bss:uartreadBuffer_0)
                  20000408    00000408     uart_io.obj (.bss:uartreadBuffer_3)
                  20000810    00000408     uart_io.obj (.bss:uartreadBuffer_4)
                  20000c18    00000408     uart_io.obj (.bss:uartreadBuffer_6)
                  20001020    00000408     uart_io.obj (.bss:uartwriteBuffer_0)
                  20001428    00000408     uart_io.obj (.bss:uartwriteBuffer_3)
                  20001830    00000408     uart_io.obj (.bss:uartwriteBuffer_4)
                  20001c38    00000408     uart_io.obj (.bss:uartwriteBuffer_6)
                  20002040    000003f4     command.obj (.bss:buffer)
                  20002434    00000068     command.obj (.bss:holster$1)
                  2000249c    00000068     command.obj (.bss:line$2)
                  20002504    00000068     uart_io.obj (.bss:message$5)
                  2000256c    00000068     latency.obj (.bss:stringBuilder)
                  200025d4    00000054     uart_io.obj (.bss:message$1)
                  20002628    00000004     uart_io.obj (.bss)
                  2000262c    00000004     (.common:SYS_CLK_FREQ_ACTUAL)

.data      0    20002630    00001ff4     UNINITIALIZED
                  20002630    00001f70     latency.obj (.data:rollingAverage)
                  200045a0    0000001c     command.obj (.data:commands)
                  200045bc    0000001c     command.obj (.data:usage)
                  200045d8    00000015     uart_io.obj (.data)
                  200045ed    00000002     pps_leds.obj (.data)
                  200045ef    00000001     --HOLE--
                  200045f0    0000000c     rtsv7M4_T_le_v4SPD16_eabi.lib : exit.obj (.data:$O1$$)
                  200045fc    00000009     latency.obj (.data)
                  20004605    00000003     --HOLE--
                  20004608    00000008     rtsv7M4_T_le_v4SPD16_eabi.lib : _lock.obj (.data:$O1$$)
                  20004610    00000008     command.obj (.data)
                  20004618    00000004     rtsv7M4_T_le_v4SPD16_eabi.lib : errno.obj (.data)
                  2000461c    00000004                                   : stkdepth_vars.obj (.data)
                  20004620    00000004                                   : strtok.obj (.data)

.stack     0    20004624    00000200     UNINITIALIZED
                  20004624    00000200     --HOLE--

MODULE SUMMARY

       Module                          code    ro data   rw data
       ------                          ----    -------   -------
    .\
       latency.obj                     4488    100       8161   
       uart_io.obj                     2516    0         8469   
       command.obj                     2004    212       1284   
       tm4c1294ncpdt_startup_ccs.obj   12      520       0      
       i2c_io.obj                      364     0         0      
       main.obj                        332     0         4      
       pps_leds.obj                    196     0         2      
       system_tick.obj                 52      0         0      
    +--+-------------------------------+-------+---------+---------+
       Total:                          9964    832       17920  
                                                                
    C:/ti/TivaWare_C_Series-2.1.4.178/driverlib/ccs/Debug/driverlib.lib
       sysctl.obj                      756     596       0      
       gpio.obj                        522     144       0      
       interrupt.obj                   120     112       0      
       timer.obj                       210     0         0      
       uart.obj                        202     0         0      
       i2c.obj                         114     0         0      
       systick.obj                     56      0         0      
       watchdog.obj                    50      0         0      
       fpu.obj                         16      0         0      
       cpu.obj                         12      0         0      
    +--+-------------------------------+-------+---------+---------+
       Total:                          2058    852       0      
                                                                
    C:\ti\ccsv7\tools\compiler\ti-cgt-arm_16.9.6.LTS\lib\rtsv7M4_T_le_v4SPD16_eabi.lib
       _printfi.obj                    4414    0         0      
       ull_div_t2.obj                  500     0         0      
       fd_add_t2.obj                   438     0         0      
       fd_div_t2.obj                   310     0         0      
       fd_cmp_t2.obj                   268     0         0      
       ctype.obj                       0       257       0      
       fd_mul_t2.obj                   252     0         0      
       s_scalbn.obj                    252     0         0      
       memcpy_t2.obj                   156     0         0      
       memset_t2.obj                   122     0         0      
       autoinit.obj                    112     0         0      
       copy_decompress_lzss.obj        104     0         0      
       s_frexp.obj                     100     0         0      
       exit.obj                        84      0         12     
       sprintf.obj                     96      0         0      
       boot.obj                        84      0         0      
       ltoa.obj                        84      0         0      
       atoi.obj                        76      0         0      
       cpy_tbl.obj                     76      0         0      
       fd_toi_t2.obj                   72      0         0      
       fd_tou_t2.obj                   68      0         0      
       strtok.obj                      64      0         4      
       i_tofd_t2.obj                   46      0         0      
       strspn.obj                      42      0         0      
       strcspn.obj                     36      0         0      
       u_tofd_t2.obj                   32      0         0      
       _lock.obj                       20      0         8      
       memccpy.obj                     28      0         0      
       args_main.obj                   24      0         0      
       strcmp.obj                      24      0         0      
       strchr.obj                      22      0         0      
       s_copysign.obj                  20      0         0      
       strcpy.obj                      20      0         0      
       strlen.obj                      20      0         0      
       tolower.obj                     16      0         0      
       copy_decompress_none.obj        14      0         0      
       copy_zero_init.obj              12      0         0      
       errno.obj                       0       0         4      
       pre_init.obj                    4       0         0      
       stkdepth_vars.obj               0       0         4      
       mpu_init.obj                    2       0         0      
       startup.obj                     2       0         0      
    +--+-------------------------------+-------+---------+---------+
       Total:                          8116    257       32     
                                                                
       Stack:                          0       0         512    
       Linker Generated:               0       125       0      
    +--+-------------------------------+-------+---------+---------+
       Grand Total:                    20138   2066      18464  


LINKER GENERATED COPY TABLES

__TI_cinit_table @ 000056b8 records: 2, size/record: 8, table size: 16
	.data: load addr=00005648, load size=00000059 bytes, run addr=20002630, run size=00001ff4 bytes, compression=lzss
	.bss: load addr=000056b0, load size=00000008 bytes, run addr=20000000, run size=00002630 bytes, compression=zero_init


LINKER GENERATED HANDLER TABLE

__TI_handler_table @ 000056a4 records: 3, size/record: 4, table size: 12
	index: 0, handler: __TI_decompress_lzss
	index: 1, handler: __TI_decompress_none
	index: 2, handler: __TI_zero_init


GLOBAL SYMBOLS: SORTED ALPHABETICALLY BY Name 

address   name                           
-------   ----                           
000048dd  C$$EXIT                        
00004fe5  CPUcpsie                       
00002fe7  CommandInterpreter             
00004f51  FPUEnable                      
00004cdb  GPIODirModeSet                 
00004013  GPIOPadConfigSet               
00004a69  GPIOPinConfigure               
00004dd1  GPIOPinTypeGPIOOutput          
00004ee5  GPIOPinTypeI2C                 
00004ef7  GPIOPinTypeI2CSCL              
00004f09  GPIOPinTypeTimer               
00004f1b  GPIOPinTypeUART                
00005087  GPIOPinWrite                   
200045dc  GPS_base                       
00005067  I2CMasterBusy                  
00005099  I2CMasterControl               
0000509d  I2CMasterDataGet               
000050a1  I2CMasterDataPut               
00005021  I2CMasterEnable                
00004985  I2CMasterInitExpClk            
0000506f  I2CMasterSlaveAddrSet          
00004c93  ISR_SysTick                    
0000021d  ISR_TIMER0_A                   
0000029d  ISR_TIMER2_A                   
000003a5  ISR_TIMER2_B                   
000028d5  ISR_UART0                      
000029a9  ISR_UART3                      
00002a65  ISR_UART4                      
00002b15  ISR_UART6                      
00004695  IntEnable                      
00004f61  IntMasterEnable                
00003e3f  InterruptConfigFaultISR        
0000433d  PPSDirectkReceived             
00004351  PPSFeedbackReceived            
000043a9  PPSLEDsInit                    
00004365  PPSLEDsService                 
00005015  ResetISR                       
UNDEFED   SHT$$INIT_ARRAY$$Base          
UNDEFED   SHT$$INIT_ARRAY$$Limit         
2000262c  SYS_CLK_FREQ_ACTUAL            
00003679  SysCtlClockFreqSet             
00004c45  SysCtlPeripheralEnable         
00004c0d  SysCtlPeripheralReady          
00004e45  SysCtlResetCauseClear          
00004ff1  SysCtlResetCauseGet            
00004e59  SysTickEnable                  
00004c79  SysTickInit                    
00004e6d  SysTickIntEnable               
00004f71  SysTickPeriodSet               
0000508d  TimerClockSourceSet            
000047c9  TimerConfigure                 
00004e19  TimerControlEvent              
00004f91  TimerEnable                    
000050a5  TimerIntClear                  
00005077  TimerIntEnable                 
0000502b  TimerIntStatus                 
00004f2d  TimerLoadSet                   
00004f3f  TimerPrescaleSet               
000050a9  TimerSynchronize               
00005035  TimerValueGet                  
00004f9f  UARTCharGetNonBlocking         
00004fad  UARTCharPutNonBlocking         
00004fbb  UARTCharsAvail                 
00004b41  UARTConfigSetExpClk            
00004d55  UARTDisable                    
00004e81  UARTEnable                     
0000503f  UARTFIFOEnable                 
00005093  UARTFIFOLevelSet               
00002857  UARTGetch                      
000025cd  UARTInit                       
000050ad  UARTIntClear                   
0000507f  UARTIntEnable                  
00005049  UARTIntStatus                  
00002539  UARTPrint                      
00002559  UARTPrint_i32                  
00002781  UARTPutch                      
00002bf1  UARTTransferGPSData            
00002d71  UARTTransferLineData           
00005053  WatchdogEnable                 
00004fc9  WatchdogLockState              
000050b1  WatchdogReloadSet              
0000505d  WatchdogResetEnable            
00004ffd  WatchdogUnlock                 
20004824  __STACK_END                    
00000200  __STACK_SIZE                   
20004824  __STACK_TOP                    
000056b8  __TI_CINIT_Base                
000056c8  __TI_CINIT_Limit               
000056a4  __TI_Handler_Table_Base        
000056b0  __TI_Handler_Table_Limit       
00004625  __TI_auto_init                 
200045f0  __TI_cleanup_ptr               
000046fd  __TI_decompress_lzss           
00004fd7  __TI_decompress_none           
200045f4  __TI_dtors_ptr                 
200045f8  __TI_enable_exit_profile_output
ffffffff  __TI_pprof_out_hndl            
00001bd5  __TI_printfi                   
ffffffff  __TI_prof_data_size            
ffffffff  __TI_prof_data_start           
00000000  __TI_static_base__             
00005009  __TI_zero_init                 
0000449d  __aeabi_cdcmpeq                
0000449d  __aeabi_cdcmple                
00004523  __aeabi_cdrcmple               
00004af9  __aeabi_d2iz                   
00004b87  __aeabi_d2uiz                  
00003a77  __aeabi_dadd                   
00003edd  __aeabi_ddiv                   
00004145  __aeabi_dmul                   
00003a6d  __aeabi_dsub                   
00004cad  __aeabi_i2d                    
000045a9  __aeabi_memclr                 
000045a9  __aeabi_memclr4                
000045a9  __aeabi_memclr8                
00004401  __aeabi_memcpy                 
00004401  __aeabi_memcpy4                
00004401  __aeabi_memcpy8                
000045ab  __aeabi_memset                 
000045ab  __aeabi_memset4                
000045ab  __aeabi_memset8                
00004d95  __aeabi_ui2d                   
00003879  __aeabi_uldivmod               
ffffffff  __binit__                      
ffffffff  __c_args__                     
000024cf  __mpu_init                     
20004624  __stack                        
00004de9  _args_main                     
00004889  _c_int00                       
00005268  _ctypes_                       
20004608  _lock                          
00004ea3  _nop                           
00004e9b  _register_lock                 
00004e95  _register_unlock               
00003c23  _system_post_cinit             
000050b5  _system_pre_init               
2000460c  _unlock                        
000048e1  abort                          
000049d1  atoi                           
ffffffff  binit                          
00004a1d  copy_in                        
00004ea9  copysign                       
00004ea9  copysignl                      
20004618  errno                          
00003035  execute                        
000048e9  exit                           
00004765  frexp                          
00004765  frexpl                         
00000000  g_pfnVectors                   
00003c25  i2cInit                        
00003e0f  init                           
000011b5  latencyInit                    
00004241  ldexp                          
00004241  ldexpl                         
00004931  ltoa                           
00003d91  main                           
2000461c  main_func_sp                   
00000209  measureLatency                 
00004db5  memccpy                        
00004401  memcpy                         
000045b1  memset                         
0000128d  resetAverages                  
00004241  scalbn                         
00004241  scalbnl                        
200045d8  show_gps                       
200045d9  show_line                      
00004829  sprintf                        
00004e2f  strchr                         
00004e01  strcmp                         
00004ebd  strcpy                         
00004d2f  strcspn                        
00004ed1  strlen                         
00004d05  strspn                         
00004bcd  strtok                         
00003cb3  temperature                    
00004f81  tolower                        
00002831  uartHasData                    
00003dc5  wdtInit                        


GLOBAL SYMBOLS: SORTED BY Symbol Address 

address   name                           
-------   ----                           
00000000  __TI_static_base__             
00000000  g_pfnVectors                   
00000200  __STACK_SIZE                   
00000209  measureLatency                 
0000021d  ISR_TIMER0_A                   
0000029d  ISR_TIMER2_A                   
000003a5  ISR_TIMER2_B                   
000011b5  latencyInit                    
0000128d  resetAverages                  
00001bd5  __TI_printfi                   
000024cf  __mpu_init                     
00002539  UARTPrint                      
00002559  UARTPrint_i32                  
000025cd  UARTInit                       
00002781  UARTPutch                      
00002831  uartHasData                    
00002857  UARTGetch                      
000028d5  ISR_UART0                      
000029a9  ISR_UART3                      
00002a65  ISR_UART4                      
00002b15  ISR_UART6                      
00002bf1  UARTTransferGPSData            
00002d71  UARTTransferLineData           
00002fe7  CommandInterpreter             
00003035  execute                        
00003679  SysCtlClockFreqSet             
00003879  __aeabi_uldivmod               
00003a6d  __aeabi_dsub                   
00003a77  __aeabi_dadd                   
00003c23  _system_post_cinit             
00003c25  i2cInit                        
00003cb3  temperature                    
00003d91  main                           
00003dc5  wdtInit                        
00003e0f  init                           
00003e3f  InterruptConfigFaultISR        
00003edd  __aeabi_ddiv                   
00004013  GPIOPadConfigSet               
00004145  __aeabi_dmul                   
00004241  ldexp                          
00004241  ldexpl                         
00004241  scalbn                         
00004241  scalbnl                        
0000433d  PPSDirectkReceived             
00004351  PPSFeedbackReceived            
00004365  PPSLEDsService                 
000043a9  PPSLEDsInit                    
00004401  __aeabi_memcpy                 
00004401  __aeabi_memcpy4                
00004401  __aeabi_memcpy8                
00004401  memcpy                         
0000449d  __aeabi_cdcmpeq                
0000449d  __aeabi_cdcmple                
00004523  __aeabi_cdrcmple               
000045a9  __aeabi_memclr                 
000045a9  __aeabi_memclr4                
000045a9  __aeabi_memclr8                
000045ab  __aeabi_memset                 
000045ab  __aeabi_memset4                
000045ab  __aeabi_memset8                
000045b1  memset                         
00004625  __TI_auto_init                 
00004695  IntEnable                      
000046fd  __TI_decompress_lzss           
00004765  frexp                          
00004765  frexpl                         
000047c9  TimerConfigure                 
00004829  sprintf                        
00004889  _c_int00                       
000048dd  C$$EXIT                        
000048e1  abort                          
000048e9  exit                           
00004931  ltoa                           
00004985  I2CMasterInitExpClk            
000049d1  atoi                           
00004a1d  copy_in                        
00004a69  GPIOPinConfigure               
00004af9  __aeabi_d2iz                   
00004b41  UARTConfigSetExpClk            
00004b87  __aeabi_d2uiz                  
00004bcd  strtok                         
00004c0d  SysCtlPeripheralReady          
00004c45  SysCtlPeripheralEnable         
00004c79  SysTickInit                    
00004c93  ISR_SysTick                    
00004cad  __aeabi_i2d                    
00004cdb  GPIODirModeSet                 
00004d05  strspn                         
00004d2f  strcspn                        
00004d55  UARTDisable                    
00004d95  __aeabi_ui2d                   
00004db5  memccpy                        
00004dd1  GPIOPinTypeGPIOOutput          
00004de9  _args_main                     
00004e01  strcmp                         
00004e19  TimerControlEvent              
00004e2f  strchr                         
00004e45  SysCtlResetCauseClear          
00004e59  SysTickEnable                  
00004e6d  SysTickIntEnable               
00004e81  UARTEnable                     
00004e95  _register_unlock               
00004e9b  _register_lock                 
00004ea3  _nop                           
00004ea9  copysign                       
00004ea9  copysignl                      
00004ebd  strcpy                         
00004ed1  strlen                         
00004ee5  GPIOPinTypeI2C                 
00004ef7  GPIOPinTypeI2CSCL              
00004f09  GPIOPinTypeTimer               
00004f1b  GPIOPinTypeUART                
00004f2d  TimerLoadSet                   
00004f3f  TimerPrescaleSet               
00004f51  FPUEnable                      
00004f61  IntMasterEnable                
00004f71  SysTickPeriodSet               
00004f81  tolower                        
00004f91  TimerEnable                    
00004f9f  UARTCharGetNonBlocking         
00004fad  UARTCharPutNonBlocking         
00004fbb  UARTCharsAvail                 
00004fc9  WatchdogLockState              
00004fd7  __TI_decompress_none           
00004fe5  CPUcpsie                       
00004ff1  SysCtlResetCauseGet            
00004ffd  WatchdogUnlock                 
00005009  __TI_zero_init                 
00005015  ResetISR                       
00005021  I2CMasterEnable                
0000502b  TimerIntStatus                 
00005035  TimerValueGet                  
0000503f  UARTFIFOEnable                 
00005049  UARTIntStatus                  
00005053  WatchdogEnable                 
0000505d  WatchdogResetEnable            
00005067  I2CMasterBusy                  
0000506f  I2CMasterSlaveAddrSet          
00005077  TimerIntEnable                 
0000507f  UARTIntEnable                  
00005087  GPIOPinWrite                   
0000508d  TimerClockSourceSet            
00005093  UARTFIFOLevelSet               
00005099  I2CMasterControl               
0000509d  I2CMasterDataGet               
000050a1  I2CMasterDataPut               
000050a5  TimerIntClear                  
000050a9  TimerSynchronize               
000050ad  UARTIntClear                   
000050b1  WatchdogReloadSet              
000050b5  _system_pre_init               
00005268  _ctypes_                       
000056a4  __TI_Handler_Table_Base        
000056b0  __TI_Handler_Table_Limit       
000056b8  __TI_CINIT_Base                
000056c8  __TI_CINIT_Limit               
2000262c  SYS_CLK_FREQ_ACTUAL            
200045d8  show_gps                       
200045d9  show_line                      
200045dc  GPS_base                       
200045f0  __TI_cleanup_ptr               
200045f4  __TI_dtors_ptr                 
200045f8  __TI_enable_exit_profile_output
20004608  _lock                          
2000460c  _unlock                        
20004618  errno                          
2000461c  main_func_sp                   
20004624  __stack                        
20004824  __STACK_END                    
20004824  __STACK_TOP                    
ffffffff  __TI_pprof_out_hndl            
ffffffff  __TI_prof_data_size            
ffffffff  __TI_prof_data_start           
ffffffff  __binit__                      
ffffffff  __c_args__                     
ffffffff  binit                          
UNDEFED   SHT$$INIT_ARRAY$$Base          
UNDEFED   SHT$$INIT_ARRAY$$Limit         

[178 symbols]
