******************************************************************************
                  TI ARM Linker PC v16.9.6                     
******************************************************************************
>> Linked Mon Mar 05 19:33:33 2018

OUTPUT FILE NAME:   <Sync_Interface.out>
ENTRY POINT SYMBOL: "_c_int00"  address: 0000529d


MEMORY CONFIGURATION

         name            origin    length      used     unused   attr    fill
----------------------  --------  ---------  --------  --------  ----  --------
  FLASH                 00000000   00100000  00006170  000f9e90  R  X
  SRAM                  20000000   00040000  0000489c  0003b764  RW X


SEGMENT ALLOCATION MAP

run origin  load origin   length   init length attrs members
----------  ----------- ---------- ----------- ----- -------
00000000    00000000    00006170   00006170    r-x
  00000000    00000000    00000208   00000208    r-- .intvecs
  00000208    00000208    000058f4   000058f4    r-x .text
  00005afc    00005afc    000005dc   000005dc    r-- .const
  000060d8    000060d8    00000098   00000098    r-- .cinit
20000000    20000000    0000489c   00000000    rw-
  20000000    20000000    00002630   00000000    rw- .bss
  20002630    20002630    0000206c   00000000    rw- .data
  2000469c    2000469c    00000200   00000000    rw- .stack


SECTION ALLOCATION MAP

 output                                  attributes/
section   page    origin      length       input sections
--------  ----  ----------  ----------   ----------------
.intvecs   0    00000000    00000208     
                  00000000    00000208     tm4c1294ncpdt_startup_ccs.obj (.intvecs)

.text      0    00000208    000058f4     
                  00000208    00001168     latency.obj (.text)
                  00001370    0000113e     rtsv7M4_T_le_v4SPD16_eabi.lib : _printfi.obj (.text)
                  000024ae    00000002                                   : mpu_init.obj (.text)
                  000024b0    00000bb8     uart_io.obj (.text)
                  00003068    00000af8     command.obj (.text)
                  00003b60    0000047c     UART_controller.obj (.text)
                  00003fdc    00000200     driverlib.lib : sysctl.obj (.text:SysCtlClockFreqSet)
                  000041dc    000001f4     rtsv7M4_T_le_v4SPD16_eabi.lib : ull_div_t2.obj (.text)
                  000043d0    000001b6                                   : fd_add_t2.obj (.text)
                  00004586    00000002                                   : startup.obj (.text)
                  00004588    0000016c     i2c_io.obj (.text)
                  000046f4    00000140     main.obj (.text)
                  00004834    00000136     rtsv7M4_T_le_v4SPD16_eabi.lib : fd_div_t2.obj (.text)
                  0000496a    00000132     driverlib.lib : gpio.obj (.text:GPIOPadConfigSet)
                  00004a9c    000000fc     rtsv7M4_T_le_v4SPD16_eabi.lib : fd_mul_t2.obj (.text)
                  00004b98    000000fc                                   : s_scalbn.obj (.text)
                  00004c94    000000c4     pps_leds.obj (.text)
                  00004d58    000000bc     clock.obj (.text)
                  00004e14    0000009c     rtsv7M4_T_le_v4SPD16_eabi.lib : memcpy_t2.obj (.text)
                  00004eb0    00000086                                   : fd_cmp_t2.obj (.text:__aeabi_cdcmple)
                  00004f36    00000086                                   : fd_cmp_t2.obj (.text:__aeabi_cdrcmple)
                  00004fbc    0000007a                                   : memset_t2.obj (.text)
                  00005036    00000002     --HOLE-- [fill = 0]
                  00005038    00000070                                   : autoinit.obj (.text)
                  000050a8    00000068     driverlib.lib : interrupt.obj (.text:IntEnable)
                  00005110    00000068     rtsv7M4_T_le_v4SPD16_eabi.lib : copy_decompress_lzss.obj (.text:decompress:lzss)
                  00005178    00000064                                   : s_frexp.obj (.text)
                  000051dc    00000060     driverlib.lib : timer.obj (.text:TimerConfigure)
                  0000523c    00000060     rtsv7M4_T_le_v4SPD16_eabi.lib : sprintf.obj (.text)
                  0000529c    00000054                                   : boot.obj (.text)
                  000052f0    00000054                                   : exit.obj (.text)
                  00005344    00000054                                   : ltoa.obj (.text)
                  00005398    0000004c     driverlib.lib : i2c.obj (.text:I2CMasterInitExpClk)
                  000053e4    0000004c     rtsv7M4_T_le_v4SPD16_eabi.lib : atoi.obj (.text)
                  00005430    0000004c                                   : cpy_tbl.obj (.text)
                  0000547c    00000048     driverlib.lib : gpio.obj (.text:GPIOPinConfigure)
                  000054c4    00000048                   : sysctl.obj (.text:_SysCtlFrequencyGet)
                  0000550c    00000048     rtsv7M4_T_le_v4SPD16_eabi.lib : fd_toi_t2.obj (.text)
                  00005554    00000046     driverlib.lib : uart.obj (.text:UARTConfigSetExpClk)
                  0000559a    00000044     rtsv7M4_T_le_v4SPD16_eabi.lib : fd_tou_t2.obj (.text)
                  000055de    00000002     --HOLE-- [fill = 0]
                  000055e0    00000040                                   : strtok.obj (.text)
                  00005620    00000038     driverlib.lib : sysctl.obj (.text:SysCtlPeripheralReady)
                  00005658    00000034                   : sysctl.obj (.text:SysCtlPeripheralEnable)
                  0000568c    0000002e     rtsv7M4_T_le_v4SPD16_eabi.lib : i_tofd_t2.obj (.text)
                  000056ba    00000002     --HOLE-- [fill = 0]
                  000056bc    0000002c     system_tick.obj (.text)
                  000056e8    0000002a     driverlib.lib : gpio.obj (.text:GPIODirModeSet)
                  00005712    0000002a     rtsv7M4_T_le_v4SPD16_eabi.lib : strspn.obj (.text)
                  0000573c    00000024                                   : strcspn.obj (.text)
                  00005760    00000020     driverlib.lib : uart.obj (.text:UARTDisable)
                  00005780    00000020                   : sysctl.obj (.text:_SysCtlMemTimingGet)
                  000057a0    00000020     rtsv7M4_T_le_v4SPD16_eabi.lib : u_tofd_t2.obj (.text)
                  000057c0    0000001c                                   : memccpy.obj (.text)
                  000057dc    00000018     driverlib.lib : gpio.obj (.text:GPIOPinTypeGPIOOutput)
                  000057f4    00000018     rtsv7M4_T_le_v4SPD16_eabi.lib : args_main.obj (.text)
                  0000580c    00000018                                   : strcmp.obj (.text)
                  00005824    00000016     driverlib.lib : timer.obj (.text:TimerControlEvent)
                  0000583a    00000016     rtsv7M4_T_le_v4SPD16_eabi.lib : strchr.obj (.text)
                  00005850    00000014     driverlib.lib : sysctl.obj (.text:SysCtlResetCauseClear)
                  00005864    00000014                   : systick.obj (.text:SysTickEnable)
                  00005878    00000014                   : systick.obj (.text:SysTickIntEnable)
                  0000588c    00000014                   : uart.obj (.text:UARTEnable)
                  000058a0    00000014     rtsv7M4_T_le_v4SPD16_eabi.lib : _lock.obj (.text)
                  000058b4    00000014                                   : s_copysign.obj (.text)
                  000058c8    00000014                                   : strcpy.obj (.text)
                  000058dc    00000014                                   : strlen.obj (.text)
                  000058f0    00000012     driverlib.lib : gpio.obj (.text:GPIOPinTypeGPIOInput)
                  00005902    00000012                   : gpio.obj (.text:GPIOPinTypeI2C)
                  00005914    00000012                   : gpio.obj (.text:GPIOPinTypeI2CSCL)
                  00005926    00000012                   : gpio.obj (.text:GPIOPinTypeTimer)
                  00005938    00000012                   : gpio.obj (.text:GPIOPinTypeUART)
                  0000594a    00000012                   : timer.obj (.text:TimerLoadSet)
                  0000595c    00000012                   : timer.obj (.text:TimerMatchSet)
                  0000596e    00000012                   : timer.obj (.text:TimerPrescaleMatchSet)
                  00005980    00000012                   : timer.obj (.text:TimerPrescaleSet)
                  00005992    00000002     --HOLE-- [fill = 0]
                  00005994    00000010                   : fpu.obj (.text:FPUEnable)
                  000059a4    00000010                   : interrupt.obj (.text:IntMasterEnable)
                  000059b4    00000010                   : systick.obj (.text:SysTickPeriodSet)
                  000059c4    00000010     rtsv7M4_T_le_v4SPD16_eabi.lib : tolower.obj (.text)
                  000059d4    0000000e     driverlib.lib : timer.obj (.text:TimerEnable)
                  000059e2    0000000e                   : uart.obj (.text:UARTCharGetNonBlocking)
                  000059f0    0000000e                   : uart.obj (.text:UARTCharPutNonBlocking)
                  000059fe    0000000e                   : uart.obj (.text:UARTCharsAvail)
                  00005a0c    0000000e                   : watchdog.obj (.text:WatchdogLockState)
                  00005a1a    0000000e     rtsv7M4_T_le_v4SPD16_eabi.lib : copy_decompress_none.obj (.text:decompress:none)
                  00005a28    0000000c     driverlib.lib : cpu.obj (.text:CPUcpsie)
                  00005a34    0000000c                   : sysctl.obj (.text:SysCtlResetCauseGet)
                  00005a40    0000000c                   : watchdog.obj (.text:WatchdogUnlock)
                  00005a4c    0000000c     rtsv7M4_T_le_v4SPD16_eabi.lib : copy_zero_init.obj (.text:decompress:ZI)
                  00005a58    0000000c     tm4c1294ncpdt_startup_ccs.obj (.text)
                  00005a64    0000000a     driverlib.lib : i2c.obj (.text:I2CMasterEnable)
                  00005a6e    0000000a                   : timer.obj (.text:TimerIntStatus)
                  00005a78    0000000a                   : timer.obj (.text:TimerValueGet)
                  00005a82    0000000a                   : uart.obj (.text:UARTFIFOEnable)
                  00005a8c    0000000a                   : uart.obj (.text:UARTIntStatus)
                  00005a96    0000000a                   : watchdog.obj (.text:WatchdogEnable)
                  00005aa0    0000000a                   : watchdog.obj (.text:WatchdogResetEnable)
                  00005aaa    00000008                   : i2c.obj (.text:I2CMasterBusy)
                  00005ab2    00000008                   : i2c.obj (.text:I2CMasterSlaveAddrSet)
                  00005aba    00000008                   : timer.obj (.text:TimerIntEnable)
                  00005ac2    00000008                   : uart.obj (.text:UARTIntEnable)
                  00005aca    00000006                   : gpio.obj (.text:GPIOPinWrite)
                  00005ad0    00000006                   : timer.obj (.text:TimerClockSourceSet)
                  00005ad6    00000006                   : uart.obj (.text:UARTFIFOLevelSet)
                  00005adc    00000004                   : i2c.obj (.text:I2CMasterControl)
                  00005ae0    00000004                   : i2c.obj (.text:I2CMasterDataGet)
                  00005ae4    00000004                   : i2c.obj (.text:I2CMasterDataPut)
                  00005ae8    00000004                   : timer.obj (.text:TimerIntClear)
                  00005aec    00000004                   : timer.obj (.text:TimerSynchronize)
                  00005af0    00000004                   : uart.obj (.text:UARTIntClear)
                  00005af4    00000004                   : watchdog.obj (.text:WatchdogReloadSet)
                  00005af8    00000004     rtsv7M4_T_le_v4SPD16_eabi.lib : pre_init.obj (.text)

.const     0    00005afc    000005dc     
                  00005afc    000001b0     driverlib.lib : sysctl.obj (.const:g_pppui32XTALtoVCO)
                  00005cac    00000120     command.obj (.const:.string)
                  00005dcc    00000101     rtsv7M4_T_le_v4SPD16_eabi.lib : ctype.obj (.const:.string:_ctypes_)
                  00005ecd    00000003     --HOLE-- [fill = 0]
                  00005ed0    00000090     driverlib.lib : gpio.obj (.const:g_pui32GPIOBaseAddrs)
                  00005f60    00000070                   : interrupt.obj (.const)
                  00005fd0    0000006c                   : sysctl.obj (.const:g_pui32Xtals)
                  0000603c    00000064     latency.obj (.const:.string:$P$T0$1)
                  000060a0    00000030     driverlib.lib : sysctl.obj (.const:g_sXTALtoMEMTIM)
                  000060d0    00000008                   : sysctl.obj (.const)

.cinit     0    000060d8    00000098     
                  000060d8    00000072     (.cinit..data.load) [load image, compression = lzss]
                  0000614a    00000002     --HOLE-- [fill = 0]
                  0000614c    0000000c     (__TI_handler_table)
                  00006158    00000008     (.cinit..bss.load) [load image, compression = zero_init]
                  00006160    00000010     (__TI_cinit_table)

.init_array 
*          0    00000000    00000000     UNINITIALIZED

.bss       0    20000000    00002630     UNINITIALIZED
                  20000000    00000408     uart_io.obj (.bss:uartreadBuffer_0)
                  20000408    00000408     uart_io.obj (.bss:uartreadBuffer_3)
                  20000810    00000408     uart_io.obj (.bss:uartreadBuffer_4)
                  20000c18    00000408     uart_io.obj (.bss:uartreadBuffer_6)
                  20001020    00000408     uart_io.obj (.bss:uartwriteBuffer_0)
                  20001428    00000408     uart_io.obj (.bss:uartwriteBuffer_3)
                  20001830    00000408     uart_io.obj (.bss:uartwriteBuffer_4)
                  20001c38    00000408     uart_io.obj (.bss:uartwriteBuffer_6)
                  20002040    000003f4     command.obj (.bss:buffer)
                  20002434    00000068     command.obj (.bss:holster$1)
                  2000249c    00000068     command.obj (.bss:line$2)
                  20002504    00000068     uart_io.obj (.bss:message$5)
                  2000256c    00000068     latency.obj (.bss:stringBuilder)
                  200025d4    00000054     uart_io.obj (.bss:message$1)
                  20002628    00000004     uart_io.obj (.bss)
                  2000262c    00000004     (.common:SYS_CLK_FREQ_ACTUAL)

.data      0    20002630    0000206c     UNINITIALIZED
                  20002630    00001f70     latency.obj (.data:rollingAverage)
                  200045a0    00000050     uart_io.obj (.data:UARTDisableList)
                  200045f0    00000024     command.obj (.data:commands)
                  20004614    00000024     command.obj (.data:usage)
                  20004638    00000015     uart_io.obj (.data)
                  2000464d    00000002     pps_leds.obj (.data)
                  2000464f    00000001     --HOLE--
                  20004650    00000014     UART_controller.obj (.data)
                  20004664    0000000c     rtsv7M4_T_le_v4SPD16_eabi.lib : exit.obj (.data:$O1$$)
                  20004670    00000009     latency.obj (.data)
                  20004679    00000003     --HOLE--
                  2000467c    00000008     rtsv7M4_T_le_v4SPD16_eabi.lib : _lock.obj (.data:$O1$$)
                  20004684    00000008     command.obj (.data)
                  2000468c    00000004     clock.obj (.data)
                  20004690    00000004     rtsv7M4_T_le_v4SPD16_eabi.lib : errno.obj (.data)
                  20004694    00000004                                   : stkdepth_vars.obj (.data)
                  20004698    00000004                                   : strtok.obj (.data)

.stack     0    2000469c    00000200     UNINITIALIZED
                  2000469c    00000200     --HOLE--

MODULE SUMMARY

       Module                          code    ro data   rw data
       ------                          ----    -------   -------
    .\
       latency.obj                     4456    100       8161   
       uart_io.obj                     3000    0         8549   
       command.obj                     2808    288       1300   
       UART_controller.obj             1148    0         20     
       tm4c1294ncpdt_startup_ccs.obj   12      520       0      
       i2c_io.obj                      364     0         0      
       main.obj                        320     0         4      
       pps_leds.obj                    196     0         2      
       clock.obj                       188     0         4      
       system_tick.obj                 44      0         0      
    +--+-------------------------------+-------+---------+---------+
       Total:                          12536   908       18040  
                                                                
    C:/ti/TivaWare_C_Series-2.1.4.178/driverlib/ccs/Debug/driverlib.lib
       sysctl.obj                      756     596       0      
       gpio.obj                        540     144       0      
       timer.obj                       246     0         0      
       interrupt.obj                   120     112       0      
       uart.obj                        202     0         0      
       i2c.obj                         114     0         0      
       systick.obj                     56      0         0      
       watchdog.obj                    50      0         0      
       fpu.obj                         16      0         0      
       cpu.obj                         12      0         0      
    +--+-------------------------------+-------+---------+---------+
       Total:                          2112    852       0      
                                                                
    C:\ti\ccsv7\tools\compiler\ti-cgt-arm_16.9.6.LTS\lib\rtsv7M4_T_le_v4SPD16_eabi.lib
       _printfi.obj                    4414    0         0      
       ull_div_t2.obj                  500     0         0      
       fd_add_t2.obj                   438     0         0      
       fd_div_t2.obj                   310     0         0      
       fd_cmp_t2.obj                   268     0         0      
       ctype.obj                       0       257       0      
       fd_mul_t2.obj                   252     0         0      
       s_scalbn.obj                    252     0         0      
       memcpy_t2.obj                   156     0         0      
       memset_t2.obj                   122     0         0      
       autoinit.obj                    112     0         0      
       copy_decompress_lzss.obj        104     0         0      
       s_frexp.obj                     100     0         0      
       exit.obj                        84      0         12     
       sprintf.obj                     96      0         0      
       boot.obj                        84      0         0      
       ltoa.obj                        84      0         0      
       atoi.obj                        76      0         0      
       cpy_tbl.obj                     76      0         0      
       fd_toi_t2.obj                   72      0         0      
       fd_tou_t2.obj                   68      0         0      
       strtok.obj                      64      0         4      
       i_tofd_t2.obj                   46      0         0      
       strspn.obj                      42      0         0      
       strcspn.obj                     36      0         0      
       u_tofd_t2.obj                   32      0         0      
       _lock.obj                       20      0         8      
       memccpy.obj                     28      0         0      
       args_main.obj                   24      0         0      
       strcmp.obj                      24      0         0      
       strchr.obj                      22      0         0      
       s_copysign.obj                  20      0         0      
       strcpy.obj                      20      0         0      
       strlen.obj                      20      0         0      
       tolower.obj                     16      0         0      
       copy_decompress_none.obj        14      0         0      
       copy_zero_init.obj              12      0         0      
       errno.obj                       0       0         4      
       pre_init.obj                    4       0         0      
       stkdepth_vars.obj               0       0         4      
       mpu_init.obj                    2       0         0      
       startup.obj                     2       0         0      
    +--+-------------------------------+-------+---------+---------+
       Total:                          8116    257       32     
                                                                
       Stack:                          0       0         512    
       Linker Generated:               0       150       0      
    +--+-------------------------------+-------+---------+---------+
       Grand Total:                    22764   2167      18584  


LINKER GENERATED COPY TABLES

__TI_cinit_table @ 00006160 records: 2, size/record: 8, table size: 16
	.data: load addr=000060d8, load size=00000072 bytes, run addr=20002630, run size=0000206c bytes, compression=lzss
	.bss: load addr=00006158, load size=00000008 bytes, run addr=20000000, run size=00002630 bytes, compression=zero_init


LINKER GENERATED HANDLER TABLE

__TI_handler_table @ 0000614c records: 3, size/record: 4, table size: 12
	index: 0, handler: __TI_decompress_lzss
	index: 1, handler: __TI_decompress_none
	index: 2, handler: __TI_zero_init


GLOBAL SYMBOLS: SORTED ALPHABETICALLY BY Name 

address   name                           
-------   ----                           
000052f1  C$$EXIT                        
00005a29  CPUcpsie                       
000031ab  CommandInterpreter             
00005995  FPUEnable                      
000056e9  GPIODirModeSet                 
0000496b  GPIOPadConfigSet               
0000547d  GPIOPinConfigure               
000058f1  GPIOPinTypeGPIOInput           
000057dd  GPIOPinTypeGPIOOutput          
00005903  GPIOPinTypeI2C                 
00005915  GPIOPinTypeI2CSCL              
00005927  GPIOPinTypeTimer               
00005939  GPIOPinTypeUART                
00005acb  GPIOPinWrite                   
2000463c  GPS_base                       
00005aab  I2CMasterBusy                  
00005add  I2CMasterControl               
00005ae1  I2CMasterDataGet               
00005ae5  I2CMasterDataPut               
00005a65  I2CMasterEnable                
00005399  I2CMasterInitExpClk            
00005ab3  I2CMasterSlaveAddrSet          
000056d7  ISR_SysTick                    
0000021d  ISR_TIMER0_A                   
0000029d  ISR_TIMER2_A                   
000003a9  ISR_TIMER2_B                   
00002a95  ISR_UART0                      
00002b45  ISR_UART3                      
00002bf5  ISR_UART4                      
00002ca5  ISR_UART6                      
000050a9  IntEnable                      
000059a5  IntMasterEnable                
00004795  InterruptConfigFaultISR        
00004c95  PPSDirectkReceived             
00004ca9  PPSFeedbackReceived            
00004d01  PPSLEDsInit                    
00004cbd  PPSLEDsService                 
00005a59  ResetISR                       
UNDEFED   SHT$$INIT_ARRAY$$Base          
UNDEFED   SHT$$INIT_ARRAY$$Limit         
2000262c  SYS_CLK_FREQ_ACTUAL            
00003fdd  SysCtlClockFreqSet             
00005659  SysCtlPeripheralEnable         
00005621  SysCtlPeripheralReady          
00005851  SysCtlResetCauseClear          
00005a35  SysCtlResetCauseGet            
00005865  SysTickEnable                  
000056bd  SysTickInit                    
00005879  SysTickIntEnable               
000059b5  SysTickPeriodSet               
00005ad1  TimerClockSourceSet            
000051dd  TimerConfigure                 
00005825  TimerControlEvent              
000059d5  TimerEnable                    
00005ae9  TimerIntClear                  
00005abb  TimerIntEnable                 
00005a6f  TimerIntStatus                 
0000594b  TimerLoadSet                   
0000595d  TimerMatchSet                  
0000596f  TimerPrescaleMatchSet          
00005981  TimerPrescaleSet               
00005aed  TimerSynchronize               
00005a79  TimerValueGet                  
000059e3  UARTCharGetNonBlocking         
000059f1  UARTCharPutNonBlocking         
000059ff  UARTCharsAvail                 
0000274b  UARTClearBuffers               
00005555  UARTConfigSetExpClk            
00003005  UARTConnect                    
00005761  UARTDisable                    
0000278d  UARTDisableBase                
00002ff5  UARTDisconnect                 
0000588d  UARTEnable                     
000027f1  UARTEnableBase                 
00005a83  UARTFIFOEnable                 
00005ad7  UARTFIFOLevelSet               
000029e9  UARTGetch                      
00002a29  UARTGetchElev                  
00002a75  UARTGetchElev_NB               
00003b61  UARTHandler                    
000025ab  UARTInit                       
00005af1  UARTIntClear                   
00005ac3  UARTIntEnable                  
00005a8d  UARTIntStatus                  
00002519  UARTPrint                      
00002539  UARTPrint_i32                  
00002885  UARTPutch                      
00002901  UARTPutchElev                  
00002d8d  UARTTransferGPSData            
00002f11  UARTTransferLineData           
00005a97  WatchdogEnable                 
00005a0d  WatchdogLockState              
00005af5  WatchdogReloadSet              
00005aa1  WatchdogResetEnable            
00005a41  WatchdogUnlock                 
2000489c  __STACK_END                    
00000200  __STACK_SIZE                   
2000489c  __STACK_TOP                    
00006160  __TI_CINIT_Base                
00006170  __TI_CINIT_Limit               
0000614c  __TI_Handler_Table_Base        
00006158  __TI_Handler_Table_Limit       
00005039  __TI_auto_init                 
20004664  __TI_cleanup_ptr               
00005111  __TI_decompress_lzss           
00005a1b  __TI_decompress_none           
20004668  __TI_dtors_ptr                 
2000466c  __TI_enable_exit_profile_output
ffffffff  __TI_pprof_out_hndl            
00001bb5  __TI_printfi                   
ffffffff  __TI_prof_data_size            
ffffffff  __TI_prof_data_start           
00000000  __TI_static_base__             
00005a4d  __TI_zero_init                 
00004eb1  __aeabi_cdcmpeq                
00004eb1  __aeabi_cdcmple                
00004f37  __aeabi_cdrcmple               
0000550d  __aeabi_d2iz                   
0000559b  __aeabi_d2uiz                  
000043db  __aeabi_dadd                   
00004835  __aeabi_ddiv                   
00004a9d  __aeabi_dmul                   
000043d1  __aeabi_dsub                   
0000568d  __aeabi_i2d                    
00004fbd  __aeabi_memclr                 
00004fbd  __aeabi_memclr4                
00004fbd  __aeabi_memclr8                
00004e15  __aeabi_memcpy                 
00004e15  __aeabi_memcpy4                
00004e15  __aeabi_memcpy8                
00004fbf  __aeabi_memset                 
00004fbf  __aeabi_memset4                
00004fbf  __aeabi_memset8                
000057a1  __aeabi_ui2d                   
000041dd  __aeabi_uldivmod               
ffffffff  __binit__                      
ffffffff  __c_args__                     
000024af  __mpu_init                     
2000469c  __stack                        
000057f5  _args_main                     
0000529d  _c_int00                       
00005dcc  _ctypes_                       
2000467c  _lock                          
000058af  _nop                           
000058a7  _register_lock                 
000058a1  _register_unlock               
00004587  _system_post_cinit             
00005af9  _system_pre_init               
20004680  _unlock                        
000052f5  abort                          
000053e5  atoi                           
ffffffff  binit                          
00003e2d  bridgeGPS22Line                
00003b99  bridgePC2Line                  
00004dc3  clockConnect                   
00004db7  clockDisconnect                
00004d59  clockInit                      
00004ddb  clockSync                      
00005431  copy_in                        
000058b5  copysign                       
000058b5  copysignl                      
20004690  errno                          
000031f9  execute                        
000052fd  exit                           
00005179  frexp                          
00005179  frexpl                         
00000000  g_pfnVectors                   
00004589  i2cInit                        
00004765  init                           
00001195  latencyInit                    
00004b99  ldexp                          
00004b99  ldexpl                         
00005345  ltoa                           
000046f5  main                           
20004694  main_func_sp                   
00000209  measureLatency                 
000057c1  memccpy                        
00004e15  memcpy                         
00004fc5  memset                         
0000126d  resetAverages                  
00004b99  scalbn                         
00004b99  scalbnl                        
20004638  show_gps                       
20004639  show_line                      
0000523d  sprintf                        
0000583b  strchr                         
0000580d  strcmp                         
000058c9  strcpy                         
0000573d  strcspn                        
000058dd  strlen                         
00005713  strspn                         
000055e1  strtok                         
00004617  temperature                    
000059c5  tolower                        
000029a9  uartHasData                    
00003e71  unBridgeGPS2FromLine           
00003bdf  unBridgePCFromLine             
0000471b  wdtInit                        


GLOBAL SYMBOLS: SORTED BY Symbol Address 

address   name                           
-------   ----                           
00000000  __TI_static_base__             
00000000  g_pfnVectors                   
00000200  __STACK_SIZE                   
00000209  measureLatency                 
0000021d  ISR_TIMER0_A                   
0000029d  ISR_TIMER2_A                   
000003a9  ISR_TIMER2_B                   
00001195  latencyInit                    
0000126d  resetAverages                  
00001bb5  __TI_printfi                   
000024af  __mpu_init                     
00002519  UARTPrint                      
00002539  UARTPrint_i32                  
000025ab  UARTInit                       
0000274b  UARTClearBuffers               
0000278d  UARTDisableBase                
000027f1  UARTEnableBase                 
00002885  UARTPutch                      
00002901  UARTPutchElev                  
000029a9  uartHasData                    
000029e9  UARTGetch                      
00002a29  UARTGetchElev                  
00002a75  UARTGetchElev_NB               
00002a95  ISR_UART0                      
00002b45  ISR_UART3                      
00002bf5  ISR_UART4                      
00002ca5  ISR_UART6                      
00002d8d  UARTTransferGPSData            
00002f11  UARTTransferLineData           
00002ff5  UARTDisconnect                 
00003005  UARTConnect                    
000031ab  CommandInterpreter             
000031f9  execute                        
00003b61  UARTHandler                    
00003b99  bridgePC2Line                  
00003bdf  unBridgePCFromLine             
00003e2d  bridgeGPS22Line                
00003e71  unBridgeGPS2FromLine           
00003fdd  SysCtlClockFreqSet             
000041dd  __aeabi_uldivmod               
000043d1  __aeabi_dsub                   
000043db  __aeabi_dadd                   
00004587  _system_post_cinit             
00004589  i2cInit                        
00004617  temperature                    
000046f5  main                           
0000471b  wdtInit                        
00004765  init                           
00004795  InterruptConfigFaultISR        
00004835  __aeabi_ddiv                   
0000496b  GPIOPadConfigSet               
00004a9d  __aeabi_dmul                   
00004b99  ldexp                          
00004b99  ldexpl                         
00004b99  scalbn                         
00004b99  scalbnl                        
00004c95  PPSDirectkReceived             
00004ca9  PPSFeedbackReceived            
00004cbd  PPSLEDsService                 
00004d01  PPSLEDsInit                    
00004d59  clockInit                      
00004db7  clockDisconnect                
00004dc3  clockConnect                   
00004ddb  clockSync                      
00004e15  __aeabi_memcpy                 
00004e15  __aeabi_memcpy4                
00004e15  __aeabi_memcpy8                
00004e15  memcpy                         
00004eb1  __aeabi_cdcmpeq                
00004eb1  __aeabi_cdcmple                
00004f37  __aeabi_cdrcmple               
00004fbd  __aeabi_memclr                 
00004fbd  __aeabi_memclr4                
00004fbd  __aeabi_memclr8                
00004fbf  __aeabi_memset                 
00004fbf  __aeabi_memset4                
00004fbf  __aeabi_memset8                
00004fc5  memset                         
00005039  __TI_auto_init                 
000050a9  IntEnable                      
00005111  __TI_decompress_lzss           
00005179  frexp                          
00005179  frexpl                         
000051dd  TimerConfigure                 
0000523d  sprintf                        
0000529d  _c_int00                       
000052f1  C$$EXIT                        
000052f5  abort                          
000052fd  exit                           
00005345  ltoa                           
00005399  I2CMasterInitExpClk            
000053e5  atoi                           
00005431  copy_in                        
0000547d  GPIOPinConfigure               
0000550d  __aeabi_d2iz                   
00005555  UARTConfigSetExpClk            
0000559b  __aeabi_d2uiz                  
000055e1  strtok                         
00005621  SysCtlPeripheralReady          
00005659  SysCtlPeripheralEnable         
0000568d  __aeabi_i2d                    
000056bd  SysTickInit                    
000056d7  ISR_SysTick                    
000056e9  GPIODirModeSet                 
00005713  strspn                         
0000573d  strcspn                        
00005761  UARTDisable                    
000057a1  __aeabi_ui2d                   
000057c1  memccpy                        
000057dd  GPIOPinTypeGPIOOutput          
000057f5  _args_main                     
0000580d  strcmp                         
00005825  TimerControlEvent              
0000583b  strchr                         
00005851  SysCtlResetCauseClear          
00005865  SysTickEnable                  
00005879  SysTickIntEnable               
0000588d  UARTEnable                     
000058a1  _register_unlock               
000058a7  _register_lock                 
000058af  _nop                           
000058b5  copysign                       
000058b5  copysignl                      
000058c9  strcpy                         
000058dd  strlen                         
000058f1  GPIOPinTypeGPIOInput           
00005903  GPIOPinTypeI2C                 
00005915  GPIOPinTypeI2CSCL              
00005927  GPIOPinTypeTimer               
00005939  GPIOPinTypeUART                
0000594b  TimerLoadSet                   
0000595d  TimerMatchSet                  
0000596f  TimerPrescaleMatchSet          
00005981  TimerPrescaleSet               
00005995  FPUEnable                      
000059a5  IntMasterEnable                
000059b5  SysTickPeriodSet               
000059c5  tolower                        
000059d5  TimerEnable                    
000059e3  UARTCharGetNonBlocking         
000059f1  UARTCharPutNonBlocking         
000059ff  UARTCharsAvail                 
00005a0d  WatchdogLockState              
00005a1b  __TI_decompress_none           
00005a29  CPUcpsie                       
00005a35  SysCtlResetCauseGet            
00005a41  WatchdogUnlock                 
00005a4d  __TI_zero_init                 
00005a59  ResetISR                       
00005a65  I2CMasterEnable                
00005a6f  TimerIntStatus                 
00005a79  TimerValueGet                  
00005a83  UARTFIFOEnable                 
00005a8d  UARTIntStatus                  
00005a97  WatchdogEnable                 
00005aa1  WatchdogResetEnable            
00005aab  I2CMasterBusy                  
00005ab3  I2CMasterSlaveAddrSet          
00005abb  TimerIntEnable                 
00005ac3  UARTIntEnable                  
00005acb  GPIOPinWrite                   
00005ad1  TimerClockSourceSet            
00005ad7  UARTFIFOLevelSet               
00005add  I2CMasterControl               
00005ae1  I2CMasterDataGet               
00005ae5  I2CMasterDataPut               
00005ae9  TimerIntClear                  
00005aed  TimerSynchronize               
00005af1  UARTIntClear                   
00005af5  WatchdogReloadSet              
00005af9  _system_pre_init               
00005dcc  _ctypes_                       
0000614c  __TI_Handler_Table_Base        
00006158  __TI_Handler_Table_Limit       
00006160  __TI_CINIT_Base                
00006170  __TI_CINIT_Limit               
2000262c  SYS_CLK_FREQ_ACTUAL            
20004638  show_gps                       
20004639  show_line                      
2000463c  GPS_base                       
20004664  __TI_cleanup_ptr               
20004668  __TI_dtors_ptr                 
2000466c  __TI_enable_exit_profile_output
2000467c  _lock                          
20004680  _unlock                        
20004690  errno                          
20004694  main_func_sp                   
2000469c  __stack                        
2000489c  __STACK_END                    
2000489c  __STACK_TOP                    
ffffffff  __TI_pprof_out_hndl            
ffffffff  __TI_prof_data_size            
ffffffff  __TI_prof_data_start           
ffffffff  __binit__                      
ffffffff  __c_args__                     
ffffffff  binit                          
UNDEFED   SHT$$INIT_ARRAY$$Base          
UNDEFED   SHT$$INIT_ARRAY$$Limit         

[198 symbols]
