******************************************************************************
                  TI ARM Linker PC v16.9.6                     
******************************************************************************
>> Linked Fri Mar 09 01:28:25 2018

OUTPUT FILE NAME:   <Sync_Interface.out>
ENTRY POINT SYMBOL: "_c_int00"  address: 0000584d


MEMORY CONFIGURATION

         name            origin    length      used     unused   attr    fill
----------------------  --------  ---------  --------  --------  ----  --------
  FLASH                 00000000   00100000  000068d4  000f972c  R  X
  SRAM                  20000000   00040000  0000489c  0003b764  RW X


SEGMENT ALLOCATION MAP

run origin  load origin   length   init length attrs members
----------  ----------- ---------- ----------- ----- -------
00000000    00000000    000068d8   000068d8    r-x
  00000000    00000000    00000208   00000208    r-- .intvecs
  00000208    00000208    00006048   00006048    r-x .text
  00006250    00006250    000005ec   000005ec    r-- .const
  00006840    00006840    00000098   00000098    r-- .cinit
20000000    20000000    0000489c   00000000    rw-
  20000000    20000000    00002630   00000000    rw- .bss
  20002630    20002630    0000206c   00000000    rw- .data
  2000469c    2000469c    00000200   00000000    rw- .stack


SECTION ALLOCATION MAP

 output                                  attributes/
section   page    origin      length       input sections
--------  ----  ----------  ----------   ----------------
.intvecs   0    00000000    00000208     
                  00000000    00000208     tm4c1294ncpdt_startup_ccs.obj (.intvecs)

.text      0    00000208    00006048     
                  00000208    00001168     latency.obj (.text)
                  00001370    0000113e     rtsv7M4_T_le_v4SPD16_eabi.lib : _printfi.obj (.text)
                  000024ae    00000002                                   : mpu_init.obj (.text)
                  000024b0    00000e14     command.obj (.text)
                  000032c4    00000bf4     uart_io.obj (.text)
                  00003eb8    0000050c     UART_controller.obj (.text)
                  000043c4    00000200     driverlib.lib : sysctl.obj (.text:SysCtlClockFreqSet)
                  000045c4    000001f4     rtsv7M4_T_le_v4SPD16_eabi.lib : ull_div_t2.obj (.text)
                  000047b8    000001b6                                   : fd_add_t2.obj (.text)
                  0000496e    00000002                                   : startup.obj (.text)
                  00004970    0000016c     i2c_io.obj (.text)
                  00004adc    0000015c     main.obj (.text)
                  00004c38    00000136     rtsv7M4_T_le_v4SPD16_eabi.lib : fd_div_t2.obj (.text)
                  00004d6e    00000132     driverlib.lib : gpio.obj (.text:GPIOPadConfigSet)
                  00004ea0    000000fc     rtsv7M4_T_le_v4SPD16_eabi.lib : fd_mul_t2.obj (.text)
                  00004f9c    000000fc                                   : s_scalbn.obj (.text)
                  00005098    000000e8     eeprom_io.obj (.text)
                  00005180    000000c4     driverlib.lib : eeprom.obj (.text:EEPROMProgram)
                  00005244    000000c4     pps_leds.obj (.text)
                  00005308    000000bc     clock.obj (.text)
                  000053c4    0000009c     rtsv7M4_T_le_v4SPD16_eabi.lib : memcpy_t2.obj (.text)
                  00005460    00000086                                   : fd_cmp_t2.obj (.text:__aeabi_cdcmple)
                  000054e6    00000086                                   : fd_cmp_t2.obj (.text:__aeabi_cdrcmple)
                  0000556c    0000007a                                   : memset_t2.obj (.text)
                  000055e6    00000002     --HOLE-- [fill = 0]
                  000055e8    00000070                                   : autoinit.obj (.text)
                  00005658    00000068     driverlib.lib : interrupt.obj (.text:IntEnable)
                  000056c0    00000068     rtsv7M4_T_le_v4SPD16_eabi.lib : copy_decompress_lzss.obj (.text:decompress:lzss)
                  00005728    00000064                                   : s_frexp.obj (.text)
                  0000578c    00000060     driverlib.lib : timer.obj (.text:TimerConfigure)
                  000057ec    00000060     rtsv7M4_T_le_v4SPD16_eabi.lib : sprintf.obj (.text)
                  0000584c    00000054                                   : boot.obj (.text)
                  000058a0    00000054                                   : exit.obj (.text)
                  000058f4    00000054                                   : ltoa.obj (.text)
                  00005948    00000050     driverlib.lib : sysctl.obj (.text:SysCtlPeripheralReset)
                  00005998    0000004c                   : i2c.obj (.text:I2CMasterInitExpClk)
                  000059e4    0000004c     rtsv7M4_T_le_v4SPD16_eabi.lib : atoi.obj (.text)
                  00005a30    0000004c                                   : cpy_tbl.obj (.text)
                  00005a7c    00000048     driverlib.lib : gpio.obj (.text:GPIOPinConfigure)
                  00005ac4    00000048                   : sysctl.obj (.text:_SysCtlFrequencyGet)
                  00005b0c    00000048     rtsv7M4_T_le_v4SPD16_eabi.lib : fd_toi_t2.obj (.text)
                  00005b54    00000046     driverlib.lib : uart.obj (.text:UARTConfigSetExpClk)
                  00005b9a    00000044     rtsv7M4_T_le_v4SPD16_eabi.lib : fd_tou_t2.obj (.text)
                  00005bde    00000042     driverlib.lib : crc.obj (.text:CRCDataProcess)
                  00005c20    00000040                   : eeprom.obj (.text:EEPROMInit)
                  00005c60    00000040     rtsv7M4_T_le_v4SPD16_eabi.lib : strtok.obj (.text)
                  00005ca0    0000003c     driverlib.lib : eeprom.obj (.text:_EEPROMSectorMaskSet)
                  00005cdc    00000038                   : eeprom.obj (.text:EEPROMRead)
                  00005d14    00000038                   : sysctl.obj (.text:SysCtlPeripheralReady)
                  00005d4c    00000034                   : sysctl.obj (.text:SysCtlPeripheralEnable)
                  00005d80    00000034                   : eeprom.obj (.text:_EEPROMSectorMaskClear)
                  00005db4    0000002e     rtsv7M4_T_le_v4SPD16_eabi.lib : i_tofd_t2.obj (.text)
                  00005de2    00000002     --HOLE-- [fill = 0]
                  00005de4    0000002c     system_tick.obj (.text)
                  00005e10    0000002a     driverlib.lib : gpio.obj (.text:GPIODirModeSet)
                  00005e3a    0000002a     rtsv7M4_T_le_v4SPD16_eabi.lib : strspn.obj (.text)
                  00005e64    00000024                                   : strcspn.obj (.text)
                  00005e88    00000020     driverlib.lib : uart.obj (.text:UARTDisable)
                  00005ea8    00000020                   : sysctl.obj (.text:_SysCtlMemTimingGet)
                  00005ec8    00000020     rtsv7M4_T_le_v4SPD16_eabi.lib : u_tofd_t2.obj (.text)
                  00005ee8    0000001c                                   : memccpy.obj (.text)
                  00005f04    00000018     driverlib.lib : gpio.obj (.text:GPIOPinTypeGPIOOutput)
                  00005f1c    00000018     rtsv7M4_T_le_v4SPD16_eabi.lib : args_main.obj (.text)
                  00005f34    00000018                                   : strcmp.obj (.text)
                  00005f4c    00000016     driverlib.lib : timer.obj (.text:TimerControlEvent)
                  00005f62    00000016     rtsv7M4_T_le_v4SPD16_eabi.lib : strchr.obj (.text)
                  00005f78    00000014     driverlib.lib : sysctl.obj (.text:SysCtlResetCauseClear)
                  00005f8c    00000014                   : systick.obj (.text:SysTickEnable)
                  00005fa0    00000014                   : systick.obj (.text:SysTickIntEnable)
                  00005fb4    00000014                   : uart.obj (.text:UARTEnable)
                  00005fc8    00000014     rtsv7M4_T_le_v4SPD16_eabi.lib : _lock.obj (.text)
                  00005fdc    00000014                                   : s_copysign.obj (.text)
                  00005ff0    00000014                                   : strcpy.obj (.text)
                  00006004    00000014                                   : strlen.obj (.text)
                  00006018    00000012     driverlib.lib : gpio.obj (.text:GPIOPinTypeGPIOInput)
                  0000602a    00000012                   : gpio.obj (.text:GPIOPinTypeI2C)
                  0000603c    00000012                   : gpio.obj (.text:GPIOPinTypeI2CSCL)
                  0000604e    00000012                   : gpio.obj (.text:GPIOPinTypeTimer)
                  00006060    00000012                   : gpio.obj (.text:GPIOPinTypeUART)
                  00006072    00000012                   : timer.obj (.text:TimerLoadSet)
                  00006084    00000012                   : timer.obj (.text:TimerMatchSet)
                  00006096    00000012                   : timer.obj (.text:TimerPrescaleMatchSet)
                  000060a8    00000012                   : timer.obj (.text:TimerPrescaleSet)
                  000060ba    00000002     --HOLE-- [fill = 0]
                  000060bc    00000010                   : fpu.obj (.text:FPUEnable)
                  000060cc    00000010                   : interrupt.obj (.text:IntMasterEnable)
                  000060dc    00000010                   : systick.obj (.text:SysTickPeriodSet)
                  000060ec    00000010                   : eeprom.obj (.text:_EEPROMWaitForDone)
                  000060fc    00000010     rtsv7M4_T_le_v4SPD16_eabi.lib : tolower.obj (.text)
                  0000610c    0000000e     driverlib.lib : crc.obj (.text:CRCResultRead)
                  0000611a    0000000e                   : timer.obj (.text:TimerEnable)
                  00006128    0000000e                   : uart.obj (.text:UARTCharGetNonBlocking)
                  00006136    0000000e                   : uart.obj (.text:UARTCharPutNonBlocking)
                  00006144    0000000e                   : uart.obj (.text:UARTCharsAvail)
                  00006152    0000000e                   : watchdog.obj (.text:WatchdogLockState)
                  00006160    0000000e     rtsv7M4_T_le_v4SPD16_eabi.lib : copy_decompress_none.obj (.text:decompress:none)
                  0000616e    0000000c     driverlib.lib : cpu.obj (.text:CPUcpsie)
                  0000617a    00000002     --HOLE-- [fill = 0]
                  0000617c    0000000c                   : sysctl.obj (.text:SysCtlResetCauseGet)
                  00006188    0000000c                   : watchdog.obj (.text:WatchdogUnlock)
                  00006194    0000000c     rtsv7M4_T_le_v4SPD16_eabi.lib : copy_zero_init.obj (.text:decompress:ZI)
                  000061a0    0000000c     tm4c1294ncpdt_startup_ccs.obj (.text)
                  000061ac    0000000a     driverlib.lib : i2c.obj (.text:I2CMasterEnable)
                  000061b6    0000000a                   : timer.obj (.text:TimerIntStatus)
                  000061c0    0000000a                   : timer.obj (.text:TimerValueGet)
                  000061ca    0000000a                   : uart.obj (.text:UARTFIFOEnable)
                  000061d4    0000000a                   : uart.obj (.text:UARTIntStatus)
                  000061de    0000000a                   : watchdog.obj (.text:WatchdogEnable)
                  000061e8    0000000a                   : watchdog.obj (.text:WatchdogResetEnable)
                  000061f2    00000008                   : i2c.obj (.text:I2CMasterBusy)
                  000061fa    00000008                   : i2c.obj (.text:I2CMasterSlaveAddrSet)
                  00006202    00000008                   : timer.obj (.text:TimerIntEnable)
                  0000620a    00000008                   : uart.obj (.text:UARTIntEnable)
                  00006212    00000006                   : crc.obj (.text:CRCConfigSet)
                  00006218    00000006                   : gpio.obj (.text:GPIOPinWrite)
                  0000621e    00000006                   : sysctl.obj (.text:SysCtlDelay)
                  00006224    00000006                   : timer.obj (.text:TimerClockSourceSet)
                  0000622a    00000006                   : uart.obj (.text:UARTFIFOLevelSet)
                  00006230    00000004                   : i2c.obj (.text:I2CMasterControl)
                  00006234    00000004                   : i2c.obj (.text:I2CMasterDataGet)
                  00006238    00000004                   : i2c.obj (.text:I2CMasterDataPut)
                  0000623c    00000004                   : timer.obj (.text:TimerIntClear)
                  00006240    00000004                   : timer.obj (.text:TimerSynchronize)
                  00006244    00000004                   : uart.obj (.text:UARTIntClear)
                  00006248    00000004                   : watchdog.obj (.text:WatchdogReloadSet)
                  0000624c    00000004     rtsv7M4_T_le_v4SPD16_eabi.lib : pre_init.obj (.text)

.const     0    00006250    000005ec     
                  00006250    000001b0     driverlib.lib : sysctl.obj (.const:g_pppui32XTALtoVCO)
                  00006400    00000130     command.obj (.const:.string)
                  00006530    00000101     rtsv7M4_T_le_v4SPD16_eabi.lib : ctype.obj (.const:.string:_ctypes_)
                  00006631    00000003     --HOLE-- [fill = 0]
                  00006634    00000090     driverlib.lib : gpio.obj (.const:g_pui32GPIOBaseAddrs)
                  000066c4    00000070                   : interrupt.obj (.const)
                  00006734    0000006c                   : sysctl.obj (.const:g_pui32Xtals)
                  000067a0    00000064     latency.obj (.const:.string:$P$T0$1)
                  00006804    00000030     driverlib.lib : sysctl.obj (.const:g_sXTALtoMEMTIM)
                  00006834    00000008                   : sysctl.obj (.const)

.cinit     0    00006840    00000098     
                  00006840    00000070     (.cinit..data.load) [load image, compression = lzss]
                  000068b0    0000000c     (__TI_handler_table)
                  000068bc    00000004     --HOLE-- [fill = 0]
                  000068c0    00000008     (.cinit..bss.load) [load image, compression = zero_init]
                  000068c8    00000010     (__TI_cinit_table)

.init_array 
*          0    00000000    00000000     UNINITIALIZED

.bss       0    20000000    00002630     UNINITIALIZED
                  20000000    00000408     uart_io.obj (.bss:uartreadBuffer_0)
                  20000408    00000408     uart_io.obj (.bss:uartreadBuffer_3)
                  20000810    00000408     uart_io.obj (.bss:uartreadBuffer_4)
                  20000c18    00000408     uart_io.obj (.bss:uartreadBuffer_6)
                  20001020    00000408     uart_io.obj (.bss:uartwriteBuffer_0)
                  20001428    00000408     uart_io.obj (.bss:uartwriteBuffer_3)
                  20001830    00000408     uart_io.obj (.bss:uartwriteBuffer_4)
                  20001c38    00000408     uart_io.obj (.bss:uartwriteBuffer_6)
                  20002040    000003f4     command.obj (.bss:buffer)
                  20002434    00000068     command.obj (.bss:holster$1)
                  2000249c    00000068     command.obj (.bss:line$2)
                  20002504    00000068     uart_io.obj (.bss:message$5)
                  2000256c    00000068     latency.obj (.bss:stringBuilder)
                  200025d4    00000054     uart_io.obj (.bss:message$1)
                  20002628    00000004     uart_io.obj (.bss)
                  2000262c    00000004     (.common:SYS_CLK_FREQ_ACTUAL)

.data      0    20002630    0000206c     UNINITIALIZED
                  20002630    00001f70     latency.obj (.data:rollingAverage)
                  200045a0    00000050     uart_io.obj (.data:UARTDisableList)
                  200045f0    00000024     command.obj (.data:commands)
                  20004614    00000024     command.obj (.data:usage)
                  20004638    00000015     uart_io.obj (.data)
                  2000464d    00000002     pps_leds.obj (.data)
                  2000464f    00000001     --HOLE--
                  20004650    00000014     UART_controller.obj (.data)
                  20004664    0000000c     rtsv7M4_T_le_v4SPD16_eabi.lib : exit.obj (.data:$O1$$)
                  20004670    00000009     latency.obj (.data)
                  20004679    00000003     --HOLE--
                  2000467c    00000008     rtsv7M4_T_le_v4SPD16_eabi.lib : _lock.obj (.data:$O1$$)
                  20004684    00000008     command.obj (.data)
                  2000468c    00000004     clock.obj (.data)
                  20004690    00000004     rtsv7M4_T_le_v4SPD16_eabi.lib : errno.obj (.data)
                  20004694    00000004                                   : stkdepth_vars.obj (.data)
                  20004698    00000004                                   : strtok.obj (.data)

.stack     0    2000469c    00000200     UNINITIALIZED
                  2000469c    00000200     --HOLE--

MODULE SUMMARY

       Module                          code    ro data   rw data
       ------                          ----    -------   -------
    .\
       latency.obj                     4456    100       8161   
       uart_io.obj                     3060    0         8549   
       command.obj                     3604    304       1300   
       UART_controller.obj             1292    0         20     
       tm4c1294ncpdt_startup_ccs.obj   12      520       0      
       i2c_io.obj                      364     0         0      
       main.obj                        348     0         4      
       eeprom_io.obj                   232     0         0      
       pps_leds.obj                    196     0         2      
       clock.obj                       188     0         4      
       system_tick.obj                 44      0         0      
    +--+-------------------------------+-------+---------+---------+
       Total:                          13796   924       18040  
                                                                
    C:/ti/TivaWare_C_Series-2.1.4.178/driverlib/ccs/Debug/driverlib.lib
       sysctl.obj                      842     596       0      
       gpio.obj                        540     144       0      
       eeprom.obj                      444     0         0      
       timer.obj                       246     0         0      
       interrupt.obj                   120     112       0      
       uart.obj                        202     0         0      
       i2c.obj                         114     0         0      
       crc.obj                         86      0         0      
       systick.obj                     56      0         0      
       watchdog.obj                    50      0         0      
       fpu.obj                         16      0         0      
       cpu.obj                         12      0         0      
    +--+-------------------------------+-------+---------+---------+
       Total:                          2728    852       0      
                                                                
    C:\ti\ccsv7\tools\compiler\ti-cgt-arm_16.9.6.LTS\lib\rtsv7M4_T_le_v4SPD16_eabi.lib
       _printfi.obj                    4414    0         0      
       ull_div_t2.obj                  500     0         0      
       fd_add_t2.obj                   438     0         0      
       fd_div_t2.obj                   310     0         0      
       fd_cmp_t2.obj                   268     0         0      
       ctype.obj                       0       257       0      
       fd_mul_t2.obj                   252     0         0      
       s_scalbn.obj                    252     0         0      
       memcpy_t2.obj                   156     0         0      
       memset_t2.obj                   122     0         0      
       autoinit.obj                    112     0         0      
       copy_decompress_lzss.obj        104     0         0      
       s_frexp.obj                     100     0         0      
       exit.obj                        84      0         12     
       sprintf.obj                     96      0         0      
       boot.obj                        84      0         0      
       ltoa.obj                        84      0         0      
       atoi.obj                        76      0         0      
       cpy_tbl.obj                     76      0         0      
       fd_toi_t2.obj                   72      0         0      
       fd_tou_t2.obj                   68      0         0      
       strtok.obj                      64      0         4      
       i_tofd_t2.obj                   46      0         0      
       strspn.obj                      42      0         0      
       strcspn.obj                     36      0         0      
       u_tofd_t2.obj                   32      0         0      
       _lock.obj                       20      0         8      
       memccpy.obj                     28      0         0      
       args_main.obj                   24      0         0      
       strcmp.obj                      24      0         0      
       strchr.obj                      22      0         0      
       s_copysign.obj                  20      0         0      
       strcpy.obj                      20      0         0      
       strlen.obj                      20      0         0      
       tolower.obj                     16      0         0      
       copy_decompress_none.obj        14      0         0      
       copy_zero_init.obj              12      0         0      
       errno.obj                       0       0         4      
       pre_init.obj                    4       0         0      
       stkdepth_vars.obj               0       0         4      
       mpu_init.obj                    2       0         0      
       startup.obj                     2       0         0      
    +--+-------------------------------+-------+---------+---------+
       Total:                          8116    257       32     
                                                                
       Stack:                          0       0         512    
       Linker Generated:               0       148       0      
    +--+-------------------------------+-------+---------+---------+
       Grand Total:                    24640   2181      18584  


LINKER GENERATED COPY TABLES

__TI_cinit_table @ 000068c8 records: 2, size/record: 8, table size: 16
	.data: load addr=00006840, load size=00000070 bytes, run addr=20002630, run size=0000206c bytes, compression=lzss
	.bss: load addr=000068c0, load size=00000008 bytes, run addr=20000000, run size=00002630 bytes, compression=zero_init


LINKER GENERATED HANDLER TABLE

__TI_handler_table @ 000068b0 records: 3, size/record: 4, table size: 12
	index: 0, handler: __TI_decompress_lzss
	index: 1, handler: __TI_decompress_none
	index: 2, handler: __TI_zero_init


GLOBAL SYMBOLS: SORTED ALPHABETICALLY BY Name 

address   name                           
-------   ----                           
000058a1  C$$EXIT                        
0000616f  CPUcpsie                       
00006213  CRCConfigSet                   
00005bdf  CRCDataProcess                 
0000610d  CRCResultRead                  
000025f3  CommandInterpreter             
00005099  EEPROMIOInit                   
00005c21  EEPROMInit                     
00005181  EEPROMProgram                  
00005cdd  EEPROMRead                     
000060bd  FPUEnable                      
00005e11  GPIODirModeSet                 
00004d6f  GPIOPadConfigSet               
00005a7d  GPIOPinConfigure               
00006019  GPIOPinTypeGPIOInput           
00005f05  GPIOPinTypeGPIOOutput          
0000602b  GPIOPinTypeI2C                 
0000603d  GPIOPinTypeI2CSCL              
0000604f  GPIOPinTypeTimer               
00006061  GPIOPinTypeUART                
00006219  GPIOPinWrite                   
2000463c  GPS_base                       
000061f3  I2CMasterBusy                  
00006231  I2CMasterControl               
00006235  I2CMasterDataGet               
00006239  I2CMasterDataPut               
000061ad  I2CMasterEnable                
00005999  I2CMasterInitExpClk            
000061fb  I2CMasterSlaveAddrSet          
00005dff  ISR_SysTick                    
0000021d  ISR_TIMER0_A                   
0000029d  ISR_TIMER2_A                   
000003a9  ISR_TIMER2_B                   
000038e5  ISR_UART0                      
00003995  ISR_UART3                      
00003a45  ISR_UART4                      
00003af5  ISR_UART6                      
00005659  IntEnable                      
000060cd  IntMasterEnable                
00004b99  InterruptConfigFaultISR        
00005245  PPSDirectkReceived             
00005259  PPSFeedbackReceived            
000052b1  PPSLEDsInit                    
0000526d  PPSLEDsService                 
000061a1  ResetISR                       
UNDEFED   SHT$$INIT_ARRAY$$Base          
UNDEFED   SHT$$INIT_ARRAY$$Limit         
2000262c  SYS_CLK_FREQ_ACTUAL            
000043c5  SysCtlClockFreqSet             
0000621f  SysCtlDelay                    
00005d4d  SysCtlPeripheralEnable         
00005d15  SysCtlPeripheralReady          
00005949  SysCtlPeripheralReset          
00005f79  SysCtlResetCauseClear          
0000617d  SysCtlResetCauseGet            
00005f8d  SysTickEnable                  
00005de5  SysTickInit                    
00005fa1  SysTickIntEnable               
000060dd  SysTickPeriodSet               
00006225  TimerClockSourceSet            
0000578d  TimerConfigure                 
00005f4d  TimerControlEvent              
0000611b  TimerEnable                    
0000623d  TimerIntClear                  
00006203  TimerIntEnable                 
000061b7  TimerIntStatus                 
00006073  TimerLoadSet                   
00006085  TimerMatchSet                  
00006097  TimerPrescaleMatchSet          
000060a9  TimerPrescaleSet               
00006241  TimerSynchronize               
000061c1  TimerValueGet                  
00006129  UARTCharGetNonBlocking         
00006137  UARTCharPutNonBlocking         
00006145  UARTCharsAvail                 
0000355f  UARTClearBuffers               
00005b55  UARTConfigSetExpClk            
00003e55  UARTConnect                    
00005e89  UARTDisable                    
000035a1  UARTDisableBase                
00003e45  UARTDisconnect                 
00005fb5  UARTEnable                     
00003605  UARTEnableBase                 
000061cb  UARTFIFOEnable                 
0000622b  UARTFIFOLevelSet               
0000382b  UARTGetch                      
00003871  UARTGetchElev                  
000038b7  UARTGetchElev_NB               
00003eb9  UARTHandler                    
000033bf  UARTInit                       
00006245  UARTIntClear                   
0000620b  UARTIntEnable                  
000061d5  UARTIntStatus                  
0000332d  UARTPrint                      
0000334d  UARTPrint_i32                  
00003699  UARTPutch                      
00003715  UARTPutchElev                  
00003bdd  UARTTransferGPSData            
00003d61  UARTTransferLineData           
000061df  WatchdogEnable                 
00006153  WatchdogLockState              
00006249  WatchdogReloadSet              
000061e9  WatchdogResetEnable            
00006189  WatchdogUnlock                 
2000489c  __STACK_END                    
00000200  __STACK_SIZE                   
2000489c  __STACK_TOP                    
000068c8  __TI_CINIT_Base                
000068d8  __TI_CINIT_Limit               
000068b0  __TI_Handler_Table_Base        
000068bc  __TI_Handler_Table_Limit       
000055e9  __TI_auto_init                 
20004664  __TI_cleanup_ptr               
000056c1  __TI_decompress_lzss           
00006161  __TI_decompress_none           
20004668  __TI_dtors_ptr                 
2000466c  __TI_enable_exit_profile_output
ffffffff  __TI_pprof_out_hndl            
00001bb5  __TI_printfi                   
ffffffff  __TI_prof_data_size            
ffffffff  __TI_prof_data_start           
00000000  __TI_static_base__             
00006195  __TI_zero_init                 
00005461  __aeabi_cdcmpeq                
00005461  __aeabi_cdcmple                
000054e7  __aeabi_cdrcmple               
00005b0d  __aeabi_d2iz                   
00005b9b  __aeabi_d2uiz                  
000047c3  __aeabi_dadd                   
00004c39  __aeabi_ddiv                   
00004ea1  __aeabi_dmul                   
000047b9  __aeabi_dsub                   
00005db5  __aeabi_i2d                    
0000556d  __aeabi_memclr                 
0000556d  __aeabi_memclr4                
0000556d  __aeabi_memclr8                
000053c5  __aeabi_memcpy                 
000053c5  __aeabi_memcpy4                
000053c5  __aeabi_memcpy8                
0000556f  __aeabi_memset                 
0000556f  __aeabi_memset4                
0000556f  __aeabi_memset8                
00005ec9  __aeabi_ui2d                   
000045c5  __aeabi_uldivmod               
ffffffff  __binit__                      
ffffffff  __c_args__                     
000024af  __mpu_init                     
2000469c  __stack                        
00005f1d  _args_main                     
0000584d  _c_int00                       
00006530  _ctypes_                       
2000467c  _lock                          
00005fd7  _nop                           
00005fcf  _register_lock                 
00005fc9  _register_unlock               
0000496f  _system_post_cinit             
0000624d  _system_pre_init               
20004680  _unlock                        
000058a5  abort                          
000059e5  atoi                           
ffffffff  binit                          
00004191  bridgeGPS22Line                
00003ef1  bridgePC2Line                  
00005373  clockConnect                   
00005367  clockDisconnect                
00005309  clockInit                      
0000538b  clockSync                      
00005a31  copy_in                        
00005fdd  copysign                       
00005fdd  copysignl                      
20004690  errno                          
00002641  execute                        
000058ad  exit                           
00005729  frexp                          
00005729  frexpl                         
00000000  g_pfnVectors                   
00005115  getVerifiedValue               
00004971  i2cInit                        
00004b61  init                           
00001195  latencyInit                    
00004f9d  ldexp                          
00004f9d  ldexpl                         
000058f5  ltoa                           
00004add  main                           
20004694  main_func_sp                   
00000209  measureLatency                 
00005ee9  memccpy                        
000053c5  memcpy                         
00005575  memset                         
0000126d  resetAverages                  
00004f9d  scalbn                         
00004f9d  scalbnl                        
00003069  setUp                          
20004638  show_gps                       
20004639  show_line                      
000057ed  sprintf                        
00005f63  strchr                         
00005f35  strcmp                         
00005ff1  strcpy                         
00005e65  strcspn                        
00006005  strlen                         
00005e3b  strspn                         
00005c61  strtok                         
000049ff  temperature                    
000060fd  tolower                        
000037d5  uartHasData                    
000041e1  unBridgeGPS2FromLine           
00003f37  unBridgePCFromLine             
00004b17  wdtInit                        
000050bd  writeWithVerification          


GLOBAL SYMBOLS: SORTED BY Symbol Address 

address   name                           
-------   ----                           
00000000  __TI_static_base__             
00000000  g_pfnVectors                   
00000200  __STACK_SIZE                   
00000209  measureLatency                 
0000021d  ISR_TIMER0_A                   
0000029d  ISR_TIMER2_A                   
000003a9  ISR_TIMER2_B                   
00001195  latencyInit                    
0000126d  resetAverages                  
00001bb5  __TI_printfi                   
000024af  __mpu_init                     
000025f3  CommandInterpreter             
00002641  execute                        
00003069  setUp                          
0000332d  UARTPrint                      
0000334d  UARTPrint_i32                  
000033bf  UARTInit                       
0000355f  UARTClearBuffers               
000035a1  UARTDisableBase                
00003605  UARTEnableBase                 
00003699  UARTPutch                      
00003715  UARTPutchElev                  
000037d5  uartHasData                    
0000382b  UARTGetch                      
00003871  UARTGetchElev                  
000038b7  UARTGetchElev_NB               
000038e5  ISR_UART0                      
00003995  ISR_UART3                      
00003a45  ISR_UART4                      
00003af5  ISR_UART6                      
00003bdd  UARTTransferGPSData            
00003d61  UARTTransferLineData           
00003e45  UARTDisconnect                 
00003e55  UARTConnect                    
00003eb9  UARTHandler                    
00003ef1  bridgePC2Line                  
00003f37  unBridgePCFromLine             
00004191  bridgeGPS22Line                
000041e1  unBridgeGPS2FromLine           
000043c5  SysCtlClockFreqSet             
000045c5  __aeabi_uldivmod               
000047b9  __aeabi_dsub                   
000047c3  __aeabi_dadd                   
0000496f  _system_post_cinit             
00004971  i2cInit                        
000049ff  temperature                    
00004add  main                           
00004b17  wdtInit                        
00004b61  init                           
00004b99  InterruptConfigFaultISR        
00004c39  __aeabi_ddiv                   
00004d6f  GPIOPadConfigSet               
00004ea1  __aeabi_dmul                   
00004f9d  ldexp                          
00004f9d  ldexpl                         
00004f9d  scalbn                         
00004f9d  scalbnl                        
00005099  EEPROMIOInit                   
000050bd  writeWithVerification          
00005115  getVerifiedValue               
00005181  EEPROMProgram                  
00005245  PPSDirectkReceived             
00005259  PPSFeedbackReceived            
0000526d  PPSLEDsService                 
000052b1  PPSLEDsInit                    
00005309  clockInit                      
00005367  clockDisconnect                
00005373  clockConnect                   
0000538b  clockSync                      
000053c5  __aeabi_memcpy                 
000053c5  __aeabi_memcpy4                
000053c5  __aeabi_memcpy8                
000053c5  memcpy                         
00005461  __aeabi_cdcmpeq                
00005461  __aeabi_cdcmple                
000054e7  __aeabi_cdrcmple               
0000556d  __aeabi_memclr                 
0000556d  __aeabi_memclr4                
0000556d  __aeabi_memclr8                
0000556f  __aeabi_memset                 
0000556f  __aeabi_memset4                
0000556f  __aeabi_memset8                
00005575  memset                         
000055e9  __TI_auto_init                 
00005659  IntEnable                      
000056c1  __TI_decompress_lzss           
00005729  frexp                          
00005729  frexpl                         
0000578d  TimerConfigure                 
000057ed  sprintf                        
0000584d  _c_int00                       
000058a1  C$$EXIT                        
000058a5  abort                          
000058ad  exit                           
000058f5  ltoa                           
00005949  SysCtlPeripheralReset          
00005999  I2CMasterInitExpClk            
000059e5  atoi                           
00005a31  copy_in                        
00005a7d  GPIOPinConfigure               
00005b0d  __aeabi_d2iz                   
00005b55  UARTConfigSetExpClk            
00005b9b  __aeabi_d2uiz                  
00005bdf  CRCDataProcess                 
00005c21  EEPROMInit                     
00005c61  strtok                         
00005cdd  EEPROMRead                     
00005d15  SysCtlPeripheralReady          
00005d4d  SysCtlPeripheralEnable         
00005db5  __aeabi_i2d                    
00005de5  SysTickInit                    
00005dff  ISR_SysTick                    
00005e11  GPIODirModeSet                 
00005e3b  strspn                         
00005e65  strcspn                        
00005e89  UARTDisable                    
00005ec9  __aeabi_ui2d                   
00005ee9  memccpy                        
00005f05  GPIOPinTypeGPIOOutput          
00005f1d  _args_main                     
00005f35  strcmp                         
00005f4d  TimerControlEvent              
00005f63  strchr                         
00005f79  SysCtlResetCauseClear          
00005f8d  SysTickEnable                  
00005fa1  SysTickIntEnable               
00005fb5  UARTEnable                     
00005fc9  _register_unlock               
00005fcf  _register_lock                 
00005fd7  _nop                           
00005fdd  copysign                       
00005fdd  copysignl                      
00005ff1  strcpy                         
00006005  strlen                         
00006019  GPIOPinTypeGPIOInput           
0000602b  GPIOPinTypeI2C                 
0000603d  GPIOPinTypeI2CSCL              
0000604f  GPIOPinTypeTimer               
00006061  GPIOPinTypeUART                
00006073  TimerLoadSet                   
00006085  TimerMatchSet                  
00006097  TimerPrescaleMatchSet          
000060a9  TimerPrescaleSet               
000060bd  FPUEnable                      
000060cd  IntMasterEnable                
000060dd  SysTickPeriodSet               
000060fd  tolower                        
0000610d  CRCResultRead                  
0000611b  TimerEnable                    
00006129  UARTCharGetNonBlocking         
00006137  UARTCharPutNonBlocking         
00006145  UARTCharsAvail                 
00006153  WatchdogLockState              
00006161  __TI_decompress_none           
0000616f  CPUcpsie                       
0000617d  SysCtlResetCauseGet            
00006189  WatchdogUnlock                 
00006195  __TI_zero_init                 
000061a1  ResetISR                       
000061ad  I2CMasterEnable                
000061b7  TimerIntStatus                 
000061c1  TimerValueGet                  
000061cb  UARTFIFOEnable                 
000061d5  UARTIntStatus                  
000061df  WatchdogEnable                 
000061e9  WatchdogResetEnable            
000061f3  I2CMasterBusy                  
000061fb  I2CMasterSlaveAddrSet          
00006203  TimerIntEnable                 
0000620b  UARTIntEnable                  
00006213  CRCConfigSet                   
00006219  GPIOPinWrite                   
0000621f  SysCtlDelay                    
00006225  TimerClockSourceSet            
0000622b  UARTFIFOLevelSet               
00006231  I2CMasterControl               
00006235  I2CMasterDataGet               
00006239  I2CMasterDataPut               
0000623d  TimerIntClear                  
00006241  TimerSynchronize               
00006245  UARTIntClear                   
00006249  WatchdogReloadSet              
0000624d  _system_pre_init               
00006530  _ctypes_                       
000068b0  __TI_Handler_Table_Base        
000068bc  __TI_Handler_Table_Limit       
000068c8  __TI_CINIT_Base                
000068d8  __TI_CINIT_Limit               
2000262c  SYS_CLK_FREQ_ACTUAL            
20004638  show_gps                       
20004639  show_line                      
2000463c  GPS_base                       
20004664  __TI_cleanup_ptr               
20004668  __TI_dtors_ptr                 
2000466c  __TI_enable_exit_profile_output
2000467c  _lock                          
20004680  _unlock                        
20004690  errno                          
20004694  main_func_sp                   
2000469c  __stack                        
2000489c  __STACK_END                    
2000489c  __STACK_TOP                    
ffffffff  __TI_pprof_out_hndl            
ffffffff  __TI_prof_data_size            
ffffffff  __TI_prof_data_start           
ffffffff  __binit__                      
ffffffff  __c_args__                     
ffffffff  binit                          
UNDEFED   SHT$$INIT_ARRAY$$Base          
UNDEFED   SHT$$INIT_ARRAY$$Limit         

[210 symbols]
