******************************************************************************
                  TI ARM Linker PC v16.9.6                     
******************************************************************************
>> Linked Sun Feb 04 23:17:08 2018

OUTPUT FILE NAME:   <Sync_Interface.out>
ENTRY POINT SYMBOL: "_c_int00"  address: 00004ce5


MEMORY CONFIGURATION

         name            origin    length      used     unused   attr    fill
----------------------  --------  ---------  --------  --------  ----  --------
  FLASH                 00000000   00100000  00005ca8  000fa358  R  X
  SRAM                  20000000   00040000  00004834  0003b7cc  RW X


SEGMENT ALLOCATION MAP

run origin  load origin   length   init length attrs members
----------  ----------- ---------- ----------- ----- -------
00000000    00000000    00005ca8   00005ca8    r-x
  00000000    00000000    00000208   00000208    r-- .intvecs
  00000208    00000208    000053d0   000053d0    r-x .text
  000055d8    000055d8    00000640   00000640    r-- .const
  00005c18    00005c18    00000090   00000090    r-- .cinit
20000000    20000000    00004834   00000000    rw-
  20000000    20000000    00002630   00000000    rw- .bss
  20002630    20002630    00002004   00000000    rw- .data
  20004634    20004634    00000200   00000000    rw- .stack


SECTION ALLOCATION MAP

 output                                  attributes/
section   page    origin      length       input sections
--------  ----  ----------  ----------   ----------------
.intvecs   0    00000000    00000208     
                  00000000    00000208     tm4c1294ncpdt_startup_ccs.obj (.intvecs)

.text      0    00000208    000053d0     
                  00000208    00001188     latency.obj (.text)
                  00001390    0000113e     rtsv7M4_T_le_v4SPD16_eabi.lib : _printfi.obj (.text)
                  000024ce    00000002                                   : mpu_init.obj (.text)
                  000024d0    00000a10     command.obj (.text)
                  00002ee0    000009d4     uart_io.obj (.text)
                  000038b4    00000200     driverlib.lib : sysctl.obj (.text:SysCtlClockFreqSet)
                  00003ab4    000001f4     rtsv7M4_T_le_v4SPD16_eabi.lib : ull_div_t2.obj (.text)
                  00003ca8    000001b6                                   : fd_add_t2.obj (.text)
                  00003e5e    00000002                                   : startup.obj (.text)
                  00003e60    00000170     main.obj (.text)
                  00003fd0    0000016c     i2c_io.obj (.text)
                  0000413c    00000136     rtsv7M4_T_le_v4SPD16_eabi.lib : fd_div_t2.obj (.text)
                  00004272    00000002     --HOLE-- [fill = 0]
                  00004274    00000134                                   : strtol.obj (.text)
                  000043a8    00000132     driverlib.lib : gpio.obj (.text:GPIOPadConfigSet)
                  000044da    000000fc     rtsv7M4_T_le_v4SPD16_eabi.lib : fd_mul_t2.obj (.text)
                  000045d6    00000002     --HOLE-- [fill = 0]
                  000045d8    000000fc                                   : s_scalbn.obj (.text)
                  000046d4    000000c4     pps_leds.obj (.text)
                  00004798    000000c4     pwm.obj (.text)
                  0000485c    0000009c     rtsv7M4_T_le_v4SPD16_eabi.lib : memcpy_t2.obj (.text)
                  000048f8    00000086                                   : fd_cmp_t2.obj (.text:__aeabi_cdcmple)
                  0000497e    00000086                                   : fd_cmp_t2.obj (.text:__aeabi_cdrcmple)
                  00004a04    0000007a                                   : memset_t2.obj (.text)
                  00004a7e    00000002     --HOLE-- [fill = 0]
                  00004a80    00000070                                   : autoinit.obj (.text)
                  00004af0    00000068     driverlib.lib : interrupt.obj (.text:IntEnable)
                  00004b58    00000068     rtsv7M4_T_le_v4SPD16_eabi.lib : copy_decompress_lzss.obj (.text:decompress:lzss)
                  00004bc0    00000064                                   : s_frexp.obj (.text)
                  00004c24    00000060     driverlib.lib : timer.obj (.text:TimerConfigure)
                  00004c84    00000060     rtsv7M4_T_le_v4SPD16_eabi.lib : sprintf.obj (.text)
                  00004ce4    00000054                                   : boot.obj (.text)
                  00004d38    00000054                                   : exit.obj (.text)
                  00004d8c    00000054                                   : ltoa.obj (.text)
                  00004de0    0000004c     driverlib.lib : i2c.obj (.text:I2CMasterInitExpClk)
                  00004e2c    0000004c     rtsv7M4_T_le_v4SPD16_eabi.lib : atoi.obj (.text)
                  00004e78    0000004c                                   : cpy_tbl.obj (.text)
                  00004ec4    00000048     driverlib.lib : gpio.obj (.text:GPIOPinConfigure)
                  00004f0c    00000048                   : sysctl.obj (.text:_SysCtlFrequencyGet)
                  00004f54    00000048     rtsv7M4_T_le_v4SPD16_eabi.lib : fd_toi_t2.obj (.text)
                  00004f9c    00000046     driverlib.lib : uart.obj (.text:UARTConfigSetExpClk)
                  00004fe2    00000044     rtsv7M4_T_le_v4SPD16_eabi.lib : fd_tou_t2.obj (.text)
                  00005026    00000002     --HOLE-- [fill = 0]
                  00005028    00000040                                   : strtok.obj (.text)
                  00005068    00000038     driverlib.lib : sysctl.obj (.text:SysCtlPeripheralReady)
                  000050a0    00000034                   : sysctl.obj (.text:SysCtlPeripheralEnable)
                  000050d4    00000034     system_tick.obj (.text)
                  00005108    0000002e     rtsv7M4_T_le_v4SPD16_eabi.lib : i_tofd_t2.obj (.text)
                  00005136    0000002a     driverlib.lib : gpio.obj (.text:GPIODirModeSet)
                  00005160    0000002a     rtsv7M4_T_le_v4SPD16_eabi.lib : strspn.obj (.text)
                  0000518a    00000024                                   : strcspn.obj (.text)
                  000051ae    00000022     driverlib.lib : pwm.obj (.text:PWMGenConfigure)
                  000051d0    00000020                   : uart.obj (.text:UARTDisable)
                  000051f0    00000020                   : sysctl.obj (.text:_SysCtlMemTimingGet)
                  00005210    00000020     rtsv7M4_T_le_v4SPD16_eabi.lib : u_tofd_t2.obj (.text)
                  00005230    0000001e     driverlib.lib : pwm.obj (.text:PWMPulseWidthGet)
                  0000524e    0000001e                   : pwm.obj (.text:PWMPulseWidthSet)
                  0000526c    0000001c     rtsv7M4_T_le_v4SPD16_eabi.lib : memccpy.obj (.text)
                  00005288    00000018     driverlib.lib : gpio.obj (.text:GPIOPinTypeGPIOOutput)
                  000052a0    00000018     rtsv7M4_T_le_v4SPD16_eabi.lib : args_main.obj (.text)
                  000052b8    00000018                                   : strcmp.obj (.text)
                  000052d0    00000016     driverlib.lib : timer.obj (.text:TimerControlEvent)
                  000052e6    00000016     rtsv7M4_T_le_v4SPD16_eabi.lib : strchr.obj (.text)
                  000052fc    00000014     driverlib.lib : pwm.obj (.text:PWMClockSet)
                  00005310    00000014                   : sysctl.obj (.text:SysCtlResetCauseClear)
                  00005324    00000014                   : systick.obj (.text:SysTickEnable)
                  00005338    00000014                   : systick.obj (.text:SysTickIntEnable)
                  0000534c    00000014                   : uart.obj (.text:UARTEnable)
                  00005360    00000014     rtsv7M4_T_le_v4SPD16_eabi.lib : _lock.obj (.text)
                  00005374    00000014                                   : s_copysign.obj (.text)
                  00005388    00000014                                   : strcpy.obj (.text)
                  0000539c    00000014                                   : strlen.obj (.text)
                  000053b0    00000012     driverlib.lib : gpio.obj (.text:GPIOPinTypeI2C)
                  000053c2    00000012                   : gpio.obj (.text:GPIOPinTypeI2CSCL)
                  000053d4    00000012                   : gpio.obj (.text:GPIOPinTypePWM)
                  000053e6    00000012                   : gpio.obj (.text:GPIOPinTypeTimer)
                  000053f8    00000012                   : gpio.obj (.text:GPIOPinTypeUART)
                  0000540a    00000012                   : pwm.obj (.text:PWMGenPeriodGet)
                  0000541c    00000012                   : pwm.obj (.text:PWMOutputState)
                  0000542e    00000012                   : timer.obj (.text:TimerLoadSet)
                  00005440    00000012                   : timer.obj (.text:TimerPrescaleSet)
                  00005452    00000002     --HOLE-- [fill = 0]
                  00005454    00000010                   : fpu.obj (.text:FPUEnable)
                  00005464    00000010                   : interrupt.obj (.text:IntMasterEnable)
                  00005474    00000010                   : pwm.obj (.text:PWMGenPeriodSet)
                  00005484    00000010                   : systick.obj (.text:SysTickPeriodSet)
                  00005494    00000010     rtsv7M4_T_le_v4SPD16_eabi.lib : tolower.obj (.text)
                  000054a4    0000000e     driverlib.lib : timer.obj (.text:TimerEnable)
                  000054b2    0000000e                   : uart.obj (.text:UARTCharGetNonBlocking)
                  000054c0    0000000e                   : uart.obj (.text:UARTCharPutNonBlocking)
                  000054ce    0000000e                   : uart.obj (.text:UARTCharsAvail)
                  000054dc    0000000e                   : watchdog.obj (.text:WatchdogLockState)
                  000054ea    0000000e     rtsv7M4_T_le_v4SPD16_eabi.lib : copy_decompress_none.obj (.text:decompress:none)
                  000054f8    0000000c     driverlib.lib : cpu.obj (.text:CPUcpsie)
                  00005504    0000000c                   : pwm.obj (.text:PWMGenEnable)
                  00005510    0000000c                   : sysctl.obj (.text:SysCtlResetCauseGet)
                  0000551c    0000000c                   : watchdog.obj (.text:WatchdogUnlock)
                  00005528    0000000c     rtsv7M4_T_le_v4SPD16_eabi.lib : copy_zero_init.obj (.text:decompress:ZI)
                  00005534    0000000c     tm4c1294ncpdt_startup_ccs.obj (.text)
                  00005540    0000000a     driverlib.lib : i2c.obj (.text:I2CMasterEnable)
                  0000554a    0000000a                   : timer.obj (.text:TimerIntStatus)
                  00005554    0000000a                   : timer.obj (.text:TimerValueGet)
                  0000555e    0000000a                   : uart.obj (.text:UARTFIFOEnable)
                  00005568    0000000a                   : uart.obj (.text:UARTIntStatus)
                  00005572    0000000a                   : watchdog.obj (.text:WatchdogEnable)
                  0000557c    0000000a                   : watchdog.obj (.text:WatchdogResetEnable)
                  00005586    00000008                   : i2c.obj (.text:I2CMasterBusy)
                  0000558e    00000008                   : i2c.obj (.text:I2CMasterSlaveAddrSet)
                  00005596    00000008                   : timer.obj (.text:TimerIntEnable)
                  0000559e    00000008                   : uart.obj (.text:UARTIntEnable)
                  000055a6    00000006                   : gpio.obj (.text:GPIOPinWrite)
                  000055ac    00000006                   : timer.obj (.text:TimerClockSourceSet)
                  000055b2    00000006                   : uart.obj (.text:UARTFIFOLevelSet)
                  000055b8    00000004                   : i2c.obj (.text:I2CMasterControl)
                  000055bc    00000004                   : i2c.obj (.text:I2CMasterDataGet)
                  000055c0    00000004                   : i2c.obj (.text:I2CMasterDataPut)
                  000055c4    00000004                   : timer.obj (.text:TimerIntClear)
                  000055c8    00000004                   : timer.obj (.text:TimerSynchronize)
                  000055cc    00000004                   : uart.obj (.text:UARTIntClear)
                  000055d0    00000004                   : watchdog.obj (.text:WatchdogReloadSet)
                  000055d4    00000004     rtsv7M4_T_le_v4SPD16_eabi.lib : pre_init.obj (.text)

.const     0    000055d8    00000640     
                  000055d8    000001b0     driverlib.lib : sysctl.obj (.const:g_pppui32XTALtoVCO)
                  00005788    00000184     command.obj (.const:.string)
                  0000590c    00000101     rtsv7M4_T_le_v4SPD16_eabi.lib : ctype.obj (.const:.string:_ctypes_)
                  00005a0d    00000003     --HOLE-- [fill = 0]
                  00005a10    00000090     driverlib.lib : gpio.obj (.const:g_pui32GPIOBaseAddrs)
                  00005aa0    00000070                   : interrupt.obj (.const)
                  00005b10    0000006c                   : sysctl.obj (.const:g_pui32Xtals)
                  00005b7c    00000064     latency.obj (.const:.string:$P$T0$1)
                  00005be0    00000030     driverlib.lib : sysctl.obj (.const:g_sXTALtoMEMTIM)
                  00005c10    00000008                   : sysctl.obj (.const)

.cinit     0    00005c18    00000090     
                  00005c18    00000066     (.cinit..data.load) [load image, compression = lzss]
                  00005c7e    00000002     --HOLE-- [fill = 0]
                  00005c80    0000000c     (__TI_handler_table)
                  00005c8c    00000004     --HOLE-- [fill = 0]
                  00005c90    00000008     (.cinit..bss.load) [load image, compression = zero_init]
                  00005c98    00000010     (__TI_cinit_table)

.init_array 
*          0    00000000    00000000     UNINITIALIZED

.bss       0    20000000    00002630     UNINITIALIZED
                  20000000    00000408     uart_io.obj (.bss:uartreadBuffer_0)
                  20000408    00000408     uart_io.obj (.bss:uartreadBuffer_3)
                  20000810    00000408     uart_io.obj (.bss:uartreadBuffer_4)
                  20000c18    00000408     uart_io.obj (.bss:uartreadBuffer_6)
                  20001020    00000408     uart_io.obj (.bss:uartwriteBuffer_0)
                  20001428    00000408     uart_io.obj (.bss:uartwriteBuffer_3)
                  20001830    00000408     uart_io.obj (.bss:uartwriteBuffer_4)
                  20001c38    00000408     uart_io.obj (.bss:uartwriteBuffer_6)
                  20002040    000003f4     command.obj (.bss:buffer)
                  20002434    00000068     command.obj (.bss:holster$1)
                  2000249c    00000068     command.obj (.bss:line$2)
                  20002504    00000068     uart_io.obj (.bss:message$5)
                  2000256c    00000068     latency.obj (.bss:stringBuilder)
                  200025d4    00000054     uart_io.obj (.bss:message$1)
                  20002628    00000004     uart_io.obj (.bss)
                  2000262c    00000004     (.common:SYS_CLK_FREQ_ACTUAL)

.data      0    20002630    00002004     UNINITIALIZED
                  20002630    00001f70     latency.obj (.data:rollingAverage)
                  200045a0    00000024     command.obj (.data:commands)
                  200045c4    00000024     command.obj (.data:usage)
                  200045e8    00000015     uart_io.obj (.data)
                  200045fd    00000002     pps_leds.obj (.data)
                  200045ff    00000001     --HOLE--
                  20004600    0000000c     rtsv7M4_T_le_v4SPD16_eabi.lib : exit.obj (.data:$O1$$)
                  2000460c    00000009     latency.obj (.data)
                  20004615    00000003     --HOLE--
                  20004618    00000008     rtsv7M4_T_le_v4SPD16_eabi.lib : _lock.obj (.data:$O1$$)
                  20004620    00000008     command.obj (.data)
                  20004628    00000004     rtsv7M4_T_le_v4SPD16_eabi.lib : errno.obj (.data)
                  2000462c    00000004                                   : stkdepth_vars.obj (.data)
                  20004630    00000004                                   : strtok.obj (.data)

.stack     0    20004634    00000200     UNINITIALIZED
                  20004634    00000200     --HOLE--

MODULE SUMMARY

       Module                          code    ro data   rw data
       ------                          ----    -------   -------
    .\
       latency.obj                     4488    100       8161   
       uart_io.obj                     2516    0         8469   
       command.obj                     2576    388       1300   
       tm4c1294ncpdt_startup_ccs.obj   12      520       0      
       main.obj                        368     0         4      
       i2c_io.obj                      364     0         0      
       pps_leds.obj                    196     0         2      
       pwm.obj                         196     0         0      
       system_tick.obj                 52      0         0      
    +--+-------------------------------+-------+---------+---------+
       Total:                          10768   1008      17936  
                                                                
    C:/ti/TivaWare_C_Series-2.1.4.178/driverlib/ccs/Debug/driverlib.lib
       sysctl.obj                      756     596       0      
       gpio.obj                        540     144       0      
       interrupt.obj                   120     112       0      
       timer.obj                       210     0         0      
       uart.obj                        202     0         0      
       pwm.obj                         178     0         0      
       i2c.obj                         114     0         0      
       systick.obj                     56      0         0      
       watchdog.obj                    50      0         0      
       fpu.obj                         16      0         0      
       cpu.obj                         12      0         0      
    +--+-------------------------------+-------+---------+---------+
       Total:                          2254    852       0      
                                                                
    C:\ti\ccsv7\tools\compiler\ti-cgt-arm_16.9.6.LTS\lib\rtsv7M4_T_le_v4SPD16_eabi.lib
       _printfi.obj                    4414    0         0      
       ull_div_t2.obj                  500     0         0      
       fd_add_t2.obj                   438     0         0      
       fd_div_t2.obj                   310     0         0      
       strtol.obj                      308     0         0      
       fd_cmp_t2.obj                   268     0         0      
       ctype.obj                       0       257       0      
       fd_mul_t2.obj                   252     0         0      
       s_scalbn.obj                    252     0         0      
       memcpy_t2.obj                   156     0         0      
       memset_t2.obj                   122     0         0      
       autoinit.obj                    112     0         0      
       copy_decompress_lzss.obj        104     0         0      
       s_frexp.obj                     100     0         0      
       exit.obj                        84      0         12     
       sprintf.obj                     96      0         0      
       boot.obj                        84      0         0      
       ltoa.obj                        84      0         0      
       atoi.obj                        76      0         0      
       cpy_tbl.obj                     76      0         0      
       fd_toi_t2.obj                   72      0         0      
       fd_tou_t2.obj                   68      0         0      
       strtok.obj                      64      0         4      
       i_tofd_t2.obj                   46      0         0      
       strspn.obj                      42      0         0      
       strcspn.obj                     36      0         0      
       u_tofd_t2.obj                   32      0         0      
       _lock.obj                       20      0         8      
       memccpy.obj                     28      0         0      
       args_main.obj                   24      0         0      
       strcmp.obj                      24      0         0      
       strchr.obj                      22      0         0      
       s_copysign.obj                  20      0         0      
       strcpy.obj                      20      0         0      
       strlen.obj                      20      0         0      
       tolower.obj                     16      0         0      
       copy_decompress_none.obj        14      0         0      
       copy_zero_init.obj              12      0         0      
       errno.obj                       0       0         4      
       pre_init.obj                    4       0         0      
       stkdepth_vars.obj               0       0         4      
       mpu_init.obj                    2       0         0      
       startup.obj                     2       0         0      
    +--+-------------------------------+-------+---------+---------+
       Total:                          8424    257       32     
                                                                
       Stack:                          0       0         512    
       Linker Generated:               0       138       0      
    +--+-------------------------------+-------+---------+---------+
       Grand Total:                    21446   2255      18480  


LINKER GENERATED COPY TABLES

__TI_cinit_table @ 00005c98 records: 2, size/record: 8, table size: 16
	.data: load addr=00005c18, load size=00000066 bytes, run addr=20002630, run size=00002004 bytes, compression=lzss
	.bss: load addr=00005c90, load size=00000008 bytes, run addr=20000000, run size=00002630 bytes, compression=zero_init


LINKER GENERATED HANDLER TABLE

__TI_handler_table @ 00005c80 records: 3, size/record: 4, table size: 12
	index: 0, handler: __TI_decompress_lzss
	index: 1, handler: __TI_decompress_none
	index: 2, handler: __TI_zero_init


GLOBAL SYMBOLS: SORTED ALPHABETICALLY BY Name 

address   name                           
-------   ----                           
00004d39  C$$EXIT                        
000054f9  CPUcpsie                       
00002613  CommandInterpreter             
00005455  FPUEnable                      
00005137  GPIODirModeSet                 
000043a9  GPIOPadConfigSet               
00004ec5  GPIOPinConfigure               
00005289  GPIOPinTypeGPIOOutput          
000053b1  GPIOPinTypeI2C                 
000053c3  GPIOPinTypeI2CSCL              
000053d5  GPIOPinTypePWM                 
000053e7  GPIOPinTypeTimer               
000053f9  GPIOPinTypeUART                
000055a7  GPIOPinWrite                   
200045ec  GPS_base                       
00005587  I2CMasterBusy                  
000055b9  I2CMasterControl               
000055bd  I2CMasterDataGet               
000055c1  I2CMasterDataPut               
00005541  I2CMasterEnable                
00004de1  I2CMasterInitExpClk            
0000558f  I2CMasterSlaveAddrSet          
000050ef  ISR_SysTick                    
0000021d  ISR_TIMER0_A                   
0000029d  ISR_TIMER2_A                   
000003a5  ISR_TIMER2_B                   
000032e5  ISR_UART0                      
000033b9  ISR_UART3                      
00003475  ISR_UART4                      
00003525  ISR_UART6                      
00004af1  IntEnable                      
00005465  IntMasterEnable                
00003f09  InterruptConfigFaultISR        
000046d5  PPSDirectkReceived             
000046e9  PPSFeedbackReceived            
00004741  PPSLEDsInit                    
000046fd  PPSLEDsService                 
000052fd  PWMClockSet                    
000051af  PWMGenConfigure                
00005505  PWMGenEnable                   
0000540b  PWMGenPeriodGet                
00005475  PWMGenPeriodSet                
00004799  PWMInit                        
0000541d  PWMOutputState                 
000047fd  PWMPeriodSet                   
00004821  PWMPeriodeGet                  
0000483d  PWMPulseGet                    
0000482d  PWMPulseSet                    
00005231  PWMPulseWidthGet               
0000524f  PWMPulseWidthSet               
00005535  ResetISR                       
UNDEFED   SHT$$INIT_ARRAY$$Base          
UNDEFED   SHT$$INIT_ARRAY$$Limit         
2000262c  SYS_CLK_FREQ_ACTUAL            
000038b5  SysCtlClockFreqSet             
000050a1  SysCtlPeripheralEnable         
00005069  SysCtlPeripheralReady          
00005311  SysCtlResetCauseClear          
00005511  SysCtlResetCauseGet            
00005325  SysTickEnable                  
000050d5  SysTickInit                    
00005339  SysTickIntEnable               
00005485  SysTickPeriodSet               
000055ad  TimerClockSourceSet            
00004c25  TimerConfigure                 
000052d1  TimerControlEvent              
000054a5  TimerEnable                    
000055c5  TimerIntClear                  
00005597  TimerIntEnable                 
0000554b  TimerIntStatus                 
0000542f  TimerLoadSet                   
00005441  TimerPrescaleSet               
000055c9  TimerSynchronize               
00005555  TimerValueGet                  
000054b3  UARTCharGetNonBlocking         
000054c1  UARTCharPutNonBlocking         
000054cf  UARTCharsAvail                 
00004f9d  UARTConfigSetExpClk            
000051d1  UARTDisable                    
0000534d  UARTEnable                     
0000555f  UARTFIFOEnable                 
000055b3  UARTFIFOLevelSet               
00003267  UARTGetch                      
00002fdd  UARTInit                       
000055cd  UARTIntClear                   
0000559f  UARTIntEnable                  
00005569  UARTIntStatus                  
00002f49  UARTPrint                      
00002f69  UARTPrint_i32                  
00003191  UARTPutch                      
00003601  UARTTransferGPSData            
00003781  UARTTransferLineData           
00005573  WatchdogEnable                 
000054dd  WatchdogLockState              
000055d1  WatchdogReloadSet              
0000557d  WatchdogResetEnable            
0000551d  WatchdogUnlock                 
20004834  __STACK_END                    
00000200  __STACK_SIZE                   
20004834  __STACK_TOP                    
00005c98  __TI_CINIT_Base                
00005ca8  __TI_CINIT_Limit               
00005c80  __TI_Handler_Table_Base        
00005c8c  __TI_Handler_Table_Limit       
00004a81  __TI_auto_init                 
20004600  __TI_cleanup_ptr               
00004b59  __TI_decompress_lzss           
000054eb  __TI_decompress_none           
20004604  __TI_dtors_ptr                 
20004608  __TI_enable_exit_profile_output
ffffffff  __TI_pprof_out_hndl            
00001bd5  __TI_printfi                   
ffffffff  __TI_prof_data_size            
ffffffff  __TI_prof_data_start           
00000000  __TI_static_base__             
00005529  __TI_zero_init                 
000048f9  __aeabi_cdcmpeq                
000048f9  __aeabi_cdcmple                
0000497f  __aeabi_cdrcmple               
00004f55  __aeabi_d2iz                   
00004fe3  __aeabi_d2uiz                  
00003cb3  __aeabi_dadd                   
0000413d  __aeabi_ddiv                   
000044db  __aeabi_dmul                   
00003ca9  __aeabi_dsub                   
00005109  __aeabi_i2d                    
00004a05  __aeabi_memclr                 
00004a05  __aeabi_memclr4                
00004a05  __aeabi_memclr8                
0000485d  __aeabi_memcpy                 
0000485d  __aeabi_memcpy4                
0000485d  __aeabi_memcpy8                
00004a07  __aeabi_memset                 
00004a07  __aeabi_memset4                
00004a07  __aeabi_memset8                
00005211  __aeabi_ui2d                   
00003ab5  __aeabi_uldivmod               
ffffffff  __binit__                      
ffffffff  __c_args__                     
000024cf  __mpu_init                     
20004634  __stack                        
000052a1  _args_main                     
00004ce5  _c_int00                       
0000590c  _ctypes_                       
20004618  _lock                          
0000536f  _nop                           
00005367  _register_lock                 
00005361  _register_unlock               
00003e5f  _system_post_cinit             
000055d5  _system_pre_init               
2000461c  _unlock                        
00004d3d  abort                          
00004e2d  atoi                           
ffffffff  binit                          
00004e79  copy_in                        
00005375  copysign                       
00005375  copysignl                      
20004628  errno                          
00002661  execute                        
00004d45  exit                           
00004bc1  frexp                          
00004bc1  frexpl                         
00000000  g_pfnVectors                   
00003fd1  i2cInit                        
00003edd  init                           
000011b5  latencyInit                    
000045d9  ldexp                          
000045d9  ldexpl                         
00004d8d  ltoa                           
00003e61  main                           
2000462c  main_func_sp                   
00000209  measureLatency                 
0000526d  memccpy                        
0000485d  memcpy                         
00004a0d  memset                         
00003e87  pulse                          
0000128d  resetAverages                  
000045d9  scalbn                         
000045d9  scalbnl                        
200045e8  show_gps                       
200045e9  show_line                      
00004c85  sprintf                        
000052e7  strchr                         
000052b9  strcmp                         
00005389  strcpy                         
0000518b  strcspn                        
0000539d  strlen                         
00005161  strspn                         
00005029  strtok                         
00004275  strtol                         
0000405f  temperature                    
00005495  tolower                        
00003241  uartHasData                    
00003e93  wdtInit                        


GLOBAL SYMBOLS: SORTED BY Symbol Address 

address   name                           
-------   ----                           
00000000  __TI_static_base__             
00000000  g_pfnVectors                   
00000200  __STACK_SIZE                   
00000209  measureLatency                 
0000021d  ISR_TIMER0_A                   
0000029d  ISR_TIMER2_A                   
000003a5  ISR_TIMER2_B                   
000011b5  latencyInit                    
0000128d  resetAverages                  
00001bd5  __TI_printfi                   
000024cf  __mpu_init                     
00002613  CommandInterpreter             
00002661  execute                        
00002f49  UARTPrint                      
00002f69  UARTPrint_i32                  
00002fdd  UARTInit                       
00003191  UARTPutch                      
00003241  uartHasData                    
00003267  UARTGetch                      
000032e5  ISR_UART0                      
000033b9  ISR_UART3                      
00003475  ISR_UART4                      
00003525  ISR_UART6                      
00003601  UARTTransferGPSData            
00003781  UARTTransferLineData           
000038b5  SysCtlClockFreqSet             
00003ab5  __aeabi_uldivmod               
00003ca9  __aeabi_dsub                   
00003cb3  __aeabi_dadd                   
00003e5f  _system_post_cinit             
00003e61  main                           
00003e87  pulse                          
00003e93  wdtInit                        
00003edd  init                           
00003f09  InterruptConfigFaultISR        
00003fd1  i2cInit                        
0000405f  temperature                    
0000413d  __aeabi_ddiv                   
00004275  strtol                         
000043a9  GPIOPadConfigSet               
000044db  __aeabi_dmul                   
000045d9  ldexp                          
000045d9  ldexpl                         
000045d9  scalbn                         
000045d9  scalbnl                        
000046d5  PPSDirectkReceived             
000046e9  PPSFeedbackReceived            
000046fd  PPSLEDsService                 
00004741  PPSLEDsInit                    
00004799  PWMInit                        
000047fd  PWMPeriodSet                   
00004821  PWMPeriodeGet                  
0000482d  PWMPulseSet                    
0000483d  PWMPulseGet                    
0000485d  __aeabi_memcpy                 
0000485d  __aeabi_memcpy4                
0000485d  __aeabi_memcpy8                
0000485d  memcpy                         
000048f9  __aeabi_cdcmpeq                
000048f9  __aeabi_cdcmple                
0000497f  __aeabi_cdrcmple               
00004a05  __aeabi_memclr                 
00004a05  __aeabi_memclr4                
00004a05  __aeabi_memclr8                
00004a07  __aeabi_memset                 
00004a07  __aeabi_memset4                
00004a07  __aeabi_memset8                
00004a0d  memset                         
00004a81  __TI_auto_init                 
00004af1  IntEnable                      
00004b59  __TI_decompress_lzss           
00004bc1  frexp                          
00004bc1  frexpl                         
00004c25  TimerConfigure                 
00004c85  sprintf                        
00004ce5  _c_int00                       
00004d39  C$$EXIT                        
00004d3d  abort                          
00004d45  exit                           
00004d8d  ltoa                           
00004de1  I2CMasterInitExpClk            
00004e2d  atoi                           
00004e79  copy_in                        
00004ec5  GPIOPinConfigure               
00004f55  __aeabi_d2iz                   
00004f9d  UARTConfigSetExpClk            
00004fe3  __aeabi_d2uiz                  
00005029  strtok                         
00005069  SysCtlPeripheralReady          
000050a1  SysCtlPeripheralEnable         
000050d5  SysTickInit                    
000050ef  ISR_SysTick                    
00005109  __aeabi_i2d                    
00005137  GPIODirModeSet                 
00005161  strspn                         
0000518b  strcspn                        
000051af  PWMGenConfigure                
000051d1  UARTDisable                    
00005211  __aeabi_ui2d                   
00005231  PWMPulseWidthGet               
0000524f  PWMPulseWidthSet               
0000526d  memccpy                        
00005289  GPIOPinTypeGPIOOutput          
000052a1  _args_main                     
000052b9  strcmp                         
000052d1  TimerControlEvent              
000052e7  strchr                         
000052fd  PWMClockSet                    
00005311  SysCtlResetCauseClear          
00005325  SysTickEnable                  
00005339  SysTickIntEnable               
0000534d  UARTEnable                     
00005361  _register_unlock               
00005367  _register_lock                 
0000536f  _nop                           
00005375  copysign                       
00005375  copysignl                      
00005389  strcpy                         
0000539d  strlen                         
000053b1  GPIOPinTypeI2C                 
000053c3  GPIOPinTypeI2CSCL              
000053d5  GPIOPinTypePWM                 
000053e7  GPIOPinTypeTimer               
000053f9  GPIOPinTypeUART                
0000540b  PWMGenPeriodGet                
0000541d  PWMOutputState                 
0000542f  TimerLoadSet                   
00005441  TimerPrescaleSet               
00005455  FPUEnable                      
00005465  IntMasterEnable                
00005475  PWMGenPeriodSet                
00005485  SysTickPeriodSet               
00005495  tolower                        
000054a5  TimerEnable                    
000054b3  UARTCharGetNonBlocking         
000054c1  UARTCharPutNonBlocking         
000054cf  UARTCharsAvail                 
000054dd  WatchdogLockState              
000054eb  __TI_decompress_none           
000054f9  CPUcpsie                       
00005505  PWMGenEnable                   
00005511  SysCtlResetCauseGet            
0000551d  WatchdogUnlock                 
00005529  __TI_zero_init                 
00005535  ResetISR                       
00005541  I2CMasterEnable                
0000554b  TimerIntStatus                 
00005555  TimerValueGet                  
0000555f  UARTFIFOEnable                 
00005569  UARTIntStatus                  
00005573  WatchdogEnable                 
0000557d  WatchdogResetEnable            
00005587  I2CMasterBusy                  
0000558f  I2CMasterSlaveAddrSet          
00005597  TimerIntEnable                 
0000559f  UARTIntEnable                  
000055a7  GPIOPinWrite                   
000055ad  TimerClockSourceSet            
000055b3  UARTFIFOLevelSet               
000055b9  I2CMasterControl               
000055bd  I2CMasterDataGet               
000055c1  I2CMasterDataPut               
000055c5  TimerIntClear                  
000055c9  TimerSynchronize               
000055cd  UARTIntClear                   
000055d1  WatchdogReloadSet              
000055d5  _system_pre_init               
0000590c  _ctypes_                       
00005c80  __TI_Handler_Table_Base        
00005c8c  __TI_Handler_Table_Limit       
00005c98  __TI_CINIT_Base                
00005ca8  __TI_CINIT_Limit               
2000262c  SYS_CLK_FREQ_ACTUAL            
200045e8  show_gps                       
200045e9  show_line                      
200045ec  GPS_base                       
20004600  __TI_cleanup_ptr               
20004604  __TI_dtors_ptr                 
20004608  __TI_enable_exit_profile_output
20004618  _lock                          
2000461c  _unlock                        
20004628  errno                          
2000462c  main_func_sp                   
20004634  __stack                        
20004834  __STACK_END                    
20004834  __STACK_TOP                    
ffffffff  __TI_pprof_out_hndl            
ffffffff  __TI_prof_data_size            
ffffffff  __TI_prof_data_start           
ffffffff  __binit__                      
ffffffff  __c_args__                     
ffffffff  binit                          
UNDEFED   SHT$$INIT_ARRAY$$Base          
UNDEFED   SHT$$INIT_ARRAY$$Limit         

[194 symbols]
