<?xml version="1.0"?>
<link_info>
   <banner>TI ARM Linker PC v16.9.6.LTS</banner>
   <copyright>Copyright (c) 1996-2017 Texas Instruments Incorporated</copyright>
   <link_time>0x5a0d9b77</link_time>
   <link_errors>0x0</link_errors>
   <output_file>Sync_Interface.out</output_file>
   <entry_point>
      <name>_c_int00</name>
      <address>0x3789</address>
   </entry_point>
   <input_file_list>
      <input_file id="fl-2">
         <path>.\</path>
         <kind>object</kind>
         <file>command.obj</file>
         <name>command.obj</name>
      </input_file>
      <input_file id="fl-3">
         <path>.\</path>
         <kind>object</kind>
         <file>i2c_io.obj</file>
         <name>i2c_io.obj</name>
      </input_file>
      <input_file id="fl-4">
         <path>.\</path>
         <kind>object</kind>
         <file>latency.obj</file>
         <name>latency.obj</name>
      </input_file>
      <input_file id="fl-5">
         <path>.\</path>
         <kind>object</kind>
         <file>main.obj</file>
         <name>main.obj</name>
      </input_file>
      <input_file id="fl-6">
         <path>.\</path>
         <kind>object</kind>
         <file>pwm.obj</file>
         <name>pwm.obj</name>
      </input_file>
      <input_file id="fl-7">
         <path>.\</path>
         <kind>object</kind>
         <file>system_tick.obj</file>
         <name>system_tick.obj</name>
      </input_file>
      <input_file id="fl-8">
         <path>.\</path>
         <kind>object</kind>
         <file>tm4c1294ncpdt_startup_ccs.obj</file>
         <name>tm4c1294ncpdt_startup_ccs.obj</name>
      </input_file>
      <input_file id="fl-9">
         <path>.\</path>
         <kind>object</kind>
         <file>uart_io.obj</file>
         <name>uart_io.obj</name>
      </input_file>
      <input_file id="fl-e">
         <kind>object</kind>
         <file>&lt;internal&gt;</file>
         <name>&lt;internal&gt;</name>
      </input_file>
      <input_file id="fl-f">
         <path>C:\ti\TivaWare_C_Series-2.1.3.156\driverlib\ccs\Debug\</path>
         <kind>archive</kind>
         <file>driverlib.lib</file>
         <name>fpu.obj</name>
      </input_file>
      <input_file id="fl-10">
         <path>C:\ti\TivaWare_C_Series-2.1.3.156\driverlib\ccs\Debug\</path>
         <kind>archive</kind>
         <file>driverlib.lib</file>
         <name>gpio.obj</name>
      </input_file>
      <input_file id="fl-11">
         <path>C:\ti\TivaWare_C_Series-2.1.3.156\driverlib\ccs\Debug\</path>
         <kind>archive</kind>
         <file>driverlib.lib</file>
         <name>i2c.obj</name>
      </input_file>
      <input_file id="fl-12">
         <path>C:\ti\TivaWare_C_Series-2.1.3.156\driverlib\ccs\Debug\</path>
         <kind>archive</kind>
         <file>driverlib.lib</file>
         <name>interrupt.obj</name>
      </input_file>
      <input_file id="fl-13">
         <path>C:\ti\TivaWare_C_Series-2.1.3.156\driverlib\ccs\Debug\</path>
         <kind>archive</kind>
         <file>driverlib.lib</file>
         <name>pwm.obj</name>
      </input_file>
      <input_file id="fl-14">
         <path>C:\ti\TivaWare_C_Series-2.1.3.156\driverlib\ccs\Debug\</path>
         <kind>archive</kind>
         <file>driverlib.lib</file>
         <name>sysctl.obj</name>
      </input_file>
      <input_file id="fl-15">
         <path>C:\ti\TivaWare_C_Series-2.1.3.156\driverlib\ccs\Debug\</path>
         <kind>archive</kind>
         <file>driverlib.lib</file>
         <name>systick.obj</name>
      </input_file>
      <input_file id="fl-16">
         <path>C:\ti\TivaWare_C_Series-2.1.3.156\driverlib\ccs\Debug\</path>
         <kind>archive</kind>
         <file>driverlib.lib</file>
         <name>timer.obj</name>
      </input_file>
      <input_file id="fl-17">
         <path>C:\ti\TivaWare_C_Series-2.1.3.156\driverlib\ccs\Debug\</path>
         <kind>archive</kind>
         <file>driverlib.lib</file>
         <name>uart.obj</name>
      </input_file>
      <input_file id="fl-18">
         <path>C:\ti\TivaWare_C_Series-2.1.3.156\driverlib\ccs\Debug\</path>
         <kind>archive</kind>
         <file>driverlib.lib</file>
         <name>cpu.obj</name>
      </input_file>
      <input_file id="fl-ce">
         <path>C:\ti\ccsv7\tools\compiler\ti-cgt-arm_16.9.6.LTS\lib\</path>
         <kind>archive</kind>
         <file>rtsv7M4_T_le_v4SPD16_eabi.lib</file>
         <name>boot.obj</name>
      </input_file>
      <input_file id="fl-cf">
         <path>C:\ti\ccsv7\tools\compiler\ti-cgt-arm_16.9.6.LTS\lib\</path>
         <kind>archive</kind>
         <file>rtsv7M4_T_le_v4SPD16_eabi.lib</file>
         <name>copy_decompress_lzss.obj</name>
      </input_file>
      <input_file id="fl-d0">
         <path>C:\ti\ccsv7\tools\compiler\ti-cgt-arm_16.9.6.LTS\lib\</path>
         <kind>archive</kind>
         <file>rtsv7M4_T_le_v4SPD16_eabi.lib</file>
         <name>copy_decompress_none.obj</name>
      </input_file>
      <input_file id="fl-d1">
         <path>C:\ti\ccsv7\tools\compiler\ti-cgt-arm_16.9.6.LTS\lib\</path>
         <kind>archive</kind>
         <file>rtsv7M4_T_le_v4SPD16_eabi.lib</file>
         <name>copy_zero_init.obj</name>
      </input_file>
      <input_file id="fl-d2">
         <path>C:\ti\ccsv7\tools\compiler\ti-cgt-arm_16.9.6.LTS\lib\</path>
         <kind>archive</kind>
         <file>rtsv7M4_T_le_v4SPD16_eabi.lib</file>
         <name>errno.obj</name>
      </input_file>
      <input_file id="fl-d3">
         <path>C:\ti\ccsv7\tools\compiler\ti-cgt-arm_16.9.6.LTS\lib\</path>
         <kind>archive</kind>
         <file>rtsv7M4_T_le_v4SPD16_eabi.lib</file>
         <name>exit.obj</name>
      </input_file>
      <input_file id="fl-d4">
         <path>C:\ti\ccsv7\tools\compiler\ti-cgt-arm_16.9.6.LTS\lib\</path>
         <kind>archive</kind>
         <file>rtsv7M4_T_le_v4SPD16_eabi.lib</file>
         <name>fd_add_t2.obj</name>
      </input_file>
      <input_file id="fl-d5">
         <path>C:\ti\ccsv7\tools\compiler\ti-cgt-arm_16.9.6.LTS\lib\</path>
         <kind>archive</kind>
         <file>rtsv7M4_T_le_v4SPD16_eabi.lib</file>
         <name>fd_div_t2.obj</name>
      </input_file>
      <input_file id="fl-d6">
         <path>C:\ti\ccsv7\tools\compiler\ti-cgt-arm_16.9.6.LTS\lib\</path>
         <kind>archive</kind>
         <file>rtsv7M4_T_le_v4SPD16_eabi.lib</file>
         <name>fd_mul_t2.obj</name>
      </input_file>
      <input_file id="fl-d7">
         <path>C:\ti\ccsv7\tools\compiler\ti-cgt-arm_16.9.6.LTS\lib\</path>
         <kind>archive</kind>
         <file>rtsv7M4_T_le_v4SPD16_eabi.lib</file>
         <name>fd_toi_t2.obj</name>
      </input_file>
      <input_file id="fl-d8">
         <path>C:\ti\ccsv7\tools\compiler\ti-cgt-arm_16.9.6.LTS\lib\</path>
         <kind>archive</kind>
         <file>rtsv7M4_T_le_v4SPD16_eabi.lib</file>
         <name>i_tofd_t2.obj</name>
      </input_file>
      <input_file id="fl-d9">
         <path>C:\ti\ccsv7\tools\compiler\ti-cgt-arm_16.9.6.LTS\lib\</path>
         <kind>archive</kind>
         <file>rtsv7M4_T_le_v4SPD16_eabi.lib</file>
         <name>memcpy_t2.obj</name>
      </input_file>
      <input_file id="fl-da">
         <path>C:\ti\ccsv7\tools\compiler\ti-cgt-arm_16.9.6.LTS\lib\</path>
         <kind>archive</kind>
         <file>rtsv7M4_T_le_v4SPD16_eabi.lib</file>
         <name>memset_t2.obj</name>
      </input_file>
      <input_file id="fl-db">
         <path>C:\ti\ccsv7\tools\compiler\ti-cgt-arm_16.9.6.LTS\lib\</path>
         <kind>archive</kind>
         <file>rtsv7M4_T_le_v4SPD16_eabi.lib</file>
         <name>mpu_init.obj</name>
      </input_file>
      <input_file id="fl-dc">
         <path>C:\ti\ccsv7\tools\compiler\ti-cgt-arm_16.9.6.LTS\lib\</path>
         <kind>archive</kind>
         <file>rtsv7M4_T_le_v4SPD16_eabi.lib</file>
         <name>pre_init.obj</name>
      </input_file>
      <input_file id="fl-dd">
         <path>C:\ti\ccsv7\tools\compiler\ti-cgt-arm_16.9.6.LTS\lib\</path>
         <kind>archive</kind>
         <file>rtsv7M4_T_le_v4SPD16_eabi.lib</file>
         <name>sprintf.obj</name>
      </input_file>
      <input_file id="fl-de">
         <path>C:\ti\ccsv7\tools\compiler\ti-cgt-arm_16.9.6.LTS\lib\</path>
         <kind>archive</kind>
         <file>rtsv7M4_T_le_v4SPD16_eabi.lib</file>
         <name>stkdepth_vars.obj</name>
      </input_file>
      <input_file id="fl-df">
         <path>C:\ti\ccsv7\tools\compiler\ti-cgt-arm_16.9.6.LTS\lib\</path>
         <kind>archive</kind>
         <file>rtsv7M4_T_le_v4SPD16_eabi.lib</file>
         <name>strcmp.obj</name>
      </input_file>
      <input_file id="fl-e0">
         <path>C:\ti\ccsv7\tools\compiler\ti-cgt-arm_16.9.6.LTS\lib\</path>
         <kind>archive</kind>
         <file>rtsv7M4_T_le_v4SPD16_eabi.lib</file>
         <name>strcpy.obj</name>
      </input_file>
      <input_file id="fl-e1">
         <path>C:\ti\ccsv7\tools\compiler\ti-cgt-arm_16.9.6.LTS\lib\</path>
         <kind>archive</kind>
         <file>rtsv7M4_T_le_v4SPD16_eabi.lib</file>
         <name>strtok.obj</name>
      </input_file>
      <input_file id="fl-e2">
         <path>C:\ti\ccsv7\tools\compiler\ti-cgt-arm_16.9.6.LTS\lib\</path>
         <kind>archive</kind>
         <file>rtsv7M4_T_le_v4SPD16_eabi.lib</file>
         <name>strtol.obj</name>
      </input_file>
      <input_file id="fl-e3">
         <path>C:\ti\ccsv7\tools\compiler\ti-cgt-arm_16.9.6.LTS\lib\</path>
         <kind>archive</kind>
         <file>rtsv7M4_T_le_v4SPD16_eabi.lib</file>
         <name>tolower.obj</name>
      </input_file>
      <input_file id="fl-e4">
         <path>C:\ti\ccsv7\tools\compiler\ti-cgt-arm_16.9.6.LTS\lib\</path>
         <kind>archive</kind>
         <file>rtsv7M4_T_le_v4SPD16_eabi.lib</file>
         <name>u_tofd_t2.obj</name>
      </input_file>
      <input_file id="fl-e5">
         <path>C:\ti\ccsv7\tools\compiler\ti-cgt-arm_16.9.6.LTS\lib\</path>
         <kind>archive</kind>
         <file>rtsv7M4_T_le_v4SPD16_eabi.lib</file>
         <name>_lock.obj</name>
      </input_file>
      <input_file id="fl-e6">
         <path>C:\ti\ccsv7\tools\compiler\ti-cgt-arm_16.9.6.LTS\lib\</path>
         <kind>archive</kind>
         <file>rtsv7M4_T_le_v4SPD16_eabi.lib</file>
         <name>_printfi.obj</name>
      </input_file>
      <input_file id="fl-e7">
         <path>C:\ti\ccsv7\tools\compiler\ti-cgt-arm_16.9.6.LTS\lib\</path>
         <kind>archive</kind>
         <file>rtsv7M4_T_le_v4SPD16_eabi.lib</file>
         <name>args_main.obj</name>
      </input_file>
      <input_file id="fl-e8">
         <path>C:\ti\ccsv7\tools\compiler\ti-cgt-arm_16.9.6.LTS\lib\</path>
         <kind>archive</kind>
         <file>rtsv7M4_T_le_v4SPD16_eabi.lib</file>
         <name>atoi.obj</name>
      </input_file>
      <input_file id="fl-e9">
         <path>C:\ti\ccsv7\tools\compiler\ti-cgt-arm_16.9.6.LTS\lib\</path>
         <kind>archive</kind>
         <file>rtsv7M4_T_le_v4SPD16_eabi.lib</file>
         <name>autoinit.obj</name>
      </input_file>
      <input_file id="fl-ea">
         <path>C:\ti\ccsv7\tools\compiler\ti-cgt-arm_16.9.6.LTS\lib\</path>
         <kind>archive</kind>
         <file>rtsv7M4_T_le_v4SPD16_eabi.lib</file>
         <name>cpy_tbl.obj</name>
      </input_file>
      <input_file id="fl-eb">
         <path>C:\ti\ccsv7\tools\compiler\ti-cgt-arm_16.9.6.LTS\lib\</path>
         <kind>archive</kind>
         <file>rtsv7M4_T_le_v4SPD16_eabi.lib</file>
         <name>ctype.obj</name>
      </input_file>
      <input_file id="fl-ec">
         <path>C:\ti\ccsv7\tools\compiler\ti-cgt-arm_16.9.6.LTS\lib\</path>
         <kind>archive</kind>
         <file>rtsv7M4_T_le_v4SPD16_eabi.lib</file>
         <name>fd_cmp_t2.obj</name>
      </input_file>
      <input_file id="fl-ed">
         <path>C:\ti\ccsv7\tools\compiler\ti-cgt-arm_16.9.6.LTS\lib\</path>
         <kind>archive</kind>
         <file>rtsv7M4_T_le_v4SPD16_eabi.lib</file>
         <name>ltoa.obj</name>
      </input_file>
      <input_file id="fl-ee">
         <path>C:\ti\ccsv7\tools\compiler\ti-cgt-arm_16.9.6.LTS\lib\</path>
         <kind>archive</kind>
         <file>rtsv7M4_T_le_v4SPD16_eabi.lib</file>
         <name>memccpy.obj</name>
      </input_file>
      <input_file id="fl-ef">
         <path>C:\ti\ccsv7\tools\compiler\ti-cgt-arm_16.9.6.LTS\lib\</path>
         <kind>archive</kind>
         <file>rtsv7M4_T_le_v4SPD16_eabi.lib</file>
         <name>s_frexp.obj</name>
      </input_file>
      <input_file id="fl-f0">
         <path>C:\ti\ccsv7\tools\compiler\ti-cgt-arm_16.9.6.LTS\lib\</path>
         <kind>archive</kind>
         <file>rtsv7M4_T_le_v4SPD16_eabi.lib</file>
         <name>s_scalbn.obj</name>
      </input_file>
      <input_file id="fl-f1">
         <path>C:\ti\ccsv7\tools\compiler\ti-cgt-arm_16.9.6.LTS\lib\</path>
         <kind>archive</kind>
         <file>rtsv7M4_T_le_v4SPD16_eabi.lib</file>
         <name>startup.obj</name>
      </input_file>
      <input_file id="fl-f2">
         <path>C:\ti\ccsv7\tools\compiler\ti-cgt-arm_16.9.6.LTS\lib\</path>
         <kind>archive</kind>
         <file>rtsv7M4_T_le_v4SPD16_eabi.lib</file>
         <name>strchr.obj</name>
      </input_file>
      <input_file id="fl-f3">
         <path>C:\ti\ccsv7\tools\compiler\ti-cgt-arm_16.9.6.LTS\lib\</path>
         <kind>archive</kind>
         <file>rtsv7M4_T_le_v4SPD16_eabi.lib</file>
         <name>strcspn.obj</name>
      </input_file>
      <input_file id="fl-f4">
         <path>C:\ti\ccsv7\tools\compiler\ti-cgt-arm_16.9.6.LTS\lib\</path>
         <kind>archive</kind>
         <file>rtsv7M4_T_le_v4SPD16_eabi.lib</file>
         <name>strlen.obj</name>
      </input_file>
      <input_file id="fl-f5">
         <path>C:\ti\ccsv7\tools\compiler\ti-cgt-arm_16.9.6.LTS\lib\</path>
         <kind>archive</kind>
         <file>rtsv7M4_T_le_v4SPD16_eabi.lib</file>
         <name>strspn.obj</name>
      </input_file>
      <input_file id="fl-f6">
         <path>C:\ti\ccsv7\tools\compiler\ti-cgt-arm_16.9.6.LTS\lib\</path>
         <kind>archive</kind>
         <file>rtsv7M4_T_le_v4SPD16_eabi.lib</file>
         <name>ull_div_t2.obj</name>
      </input_file>
      <input_file id="fl-f7">
         <path>C:\ti\ccsv7\tools\compiler\ti-cgt-arm_16.9.6.LTS\lib\</path>
         <kind>archive</kind>
         <file>rtsv7M4_T_le_v4SPD16_eabi.lib</file>
         <name>s_copysign.obj</name>
      </input_file>
   </input_file_list>
   <object_component_list>
      <object_component id="oc-f">
         <name>.intvecs</name>
         <load_address>0x0</load_address>
         <run_address>0x0</run_address>
         <size>0x208</size>
         <input_file_ref idref="fl-8"/>
      </object_component>
      <object_component id="oc-24d">
         <name>.text</name>
         <load_address>0x208</load_address>
         <run_address>0x208</run_address>
         <size>0x113e</size>
         <input_file_ref idref="fl-e6"/>
      </object_component>
      <object_component id="oc-69">
         <name>.text</name>
         <load_address>0x1346</load_address>
         <run_address>0x1346</run_address>
         <size>0x2</size>
         <input_file_ref idref="fl-db"/>
      </object_component>
      <object_component id="oc-9e">
         <name>.text</name>
         <load_address>0x1348</load_address>
         <run_address>0x1348</run_address>
         <size>0x6f0</size>
         <input_file_ref idref="fl-2"/>
      </object_component>
      <object_component id="oc-37">
         <name>.text</name>
         <load_address>0x1a38</load_address>
         <run_address>0x1a38</run_address>
         <size>0x5bc</size>
         <input_file_ref idref="fl-9"/>
      </object_component>
      <object_component id="oc-3d">
         <name>.text</name>
         <load_address>0x1ff4</load_address>
         <run_address>0x1ff4</run_address>
         <size>0x4ec</size>
         <input_file_ref idref="fl-4"/>
      </object_component>
      <object_component id="oc-356">
         <name>.text</name>
         <load_address>0x24e0</load_address>
         <run_address>0x24e0</run_address>
         <size>0x1f4</size>
         <input_file_ref idref="fl-f6"/>
      </object_component>
      <object_component id="oc-25a">
         <name>.text:SysCtlClockFreqSet</name>
         <load_address>0x26d4</load_address>
         <run_address>0x26d4</run_address>
         <size>0x1ec</size>
         <input_file_ref idref="fl-14"/>
      </object_component>
      <object_component id="oc-1ed">
         <name>.text</name>
         <load_address>0x28c0</load_address>
         <run_address>0x28c0</run_address>
         <size>0x1b6</size>
         <input_file_ref idref="fl-d4"/>
      </object_component>
      <object_component id="oc-1a9">
         <name>.text</name>
         <load_address>0x2a76</load_address>
         <run_address>0x2a76</run_address>
         <size>0x2</size>
         <input_file_ref idref="fl-f1"/>
      </object_component>
      <object_component id="oc-1e2">
         <name>.text</name>
         <load_address>0x2a78</load_address>
         <run_address>0x2a78</run_address>
         <size>0x16c</size>
         <input_file_ref idref="fl-3"/>
      </object_component>
      <object_component id="oc-13e">
         <name>.text</name>
         <load_address>0x2be4</load_address>
         <run_address>0x2be4</run_address>
         <size>0x136</size>
         <input_file_ref idref="fl-d5"/>
      </object_component>
      <object_component id="oc-1f7">
         <name>.text</name>
         <load_address>0x2d1c</load_address>
         <run_address>0x2d1c</run_address>
         <size>0x134</size>
         <input_file_ref idref="fl-e2"/>
      </object_component>
      <object_component id="oc-21e">
         <name>.text:GPIOPadConfigSet</name>
         <load_address>0x2e50</load_address>
         <run_address>0x2e50</run_address>
         <size>0x132</size>
         <input_file_ref idref="fl-10"/>
      </object_component>
      <object_component id="oc-1f2">
         <name>.text</name>
         <load_address>0x2f82</load_address>
         <run_address>0x2f82</run_address>
         <size>0xfc</size>
         <input_file_ref idref="fl-d6"/>
      </object_component>
      <object_component id="oc-377">
         <name>.text</name>
         <load_address>0x3080</load_address>
         <run_address>0x3080</run_address>
         <size>0xfc</size>
         <input_file_ref idref="fl-f0"/>
      </object_component>
      <object_component id="oc-1fd">
         <name>.text</name>
         <load_address>0x317c</load_address>
         <run_address>0x317c</run_address>
         <size>0xc4</size>
         <input_file_ref idref="fl-6"/>
      </object_component>
      <object_component id="oc-12d">
         <name>.text</name>
         <load_address>0x3240</load_address>
         <run_address>0x3240</run_address>
         <size>0xc0</size>
         <input_file_ref idref="fl-5"/>
      </object_component>
      <object_component id="oc-51">
         <name>.text</name>
         <load_address>0x3300</load_address>
         <run_address>0x3300</run_address>
         <size>0x9c</size>
         <input_file_ref idref="fl-d9"/>
      </object_component>
      <object_component id="oc-361">
         <name>.text:__aeabi_cdcmple</name>
         <load_address>0x339c</load_address>
         <run_address>0x339c</run_address>
         <size>0x86</size>
         <input_file_ref idref="fl-ec"/>
      </object_component>
      <object_component id="oc-366">
         <name>.text:__aeabi_cdrcmple</name>
         <load_address>0x3422</load_address>
         <run_address>0x3422</run_address>
         <size>0x86</size>
         <input_file_ref idref="fl-ec"/>
      </object_component>
      <object_component id="oc-5d">
         <name>.text</name>
         <load_address>0x34a8</load_address>
         <run_address>0x34a8</run_address>
         <size>0x7a</size>
         <input_file_ref idref="fl-da"/>
      </object_component>
      <object_component id="oc-75">
         <name>.text</name>
         <load_address>0x3524</load_address>
         <run_address>0x3524</run_address>
         <size>0x70</size>
         <input_file_ref idref="fl-e9"/>
      </object_component>
      <object_component id="oc-d8">
         <name>.text:IntEnable</name>
         <load_address>0x3594</load_address>
         <run_address>0x3594</run_address>
         <size>0x68</size>
         <input_file_ref idref="fl-12"/>
      </object_component>
      <object_component id="oc-12">
         <name>.text:decompress:lzss</name>
         <load_address>0x35fc</load_address>
         <run_address>0x35fc</run_address>
         <size>0x68</size>
         <input_file_ref idref="fl-cf"/>
      </object_component>
      <object_component id="oc-371">
         <name>.text</name>
         <load_address>0x3664</load_address>
         <run_address>0x3664</run_address>
         <size>0x64</size>
         <input_file_ref idref="fl-ef"/>
      </object_component>
      <object_component id="oc-15a">
         <name>.text:TimerConfigure</name>
         <load_address>0x36c8</load_address>
         <run_address>0x36c8</run_address>
         <size>0x60</size>
         <input_file_ref idref="fl-16"/>
      </object_component>
      <object_component id="oc-127">
         <name>.text</name>
         <load_address>0x3728</load_address>
         <run_address>0x3728</run_address>
         <size>0x60</size>
         <input_file_ref idref="fl-dd"/>
      </object_component>
      <object_component id="oc-24">
         <name>.text</name>
         <load_address>0x3788</load_address>
         <run_address>0x3788</run_address>
         <size>0x54</size>
         <input_file_ref idref="fl-ce"/>
      </object_component>
      <object_component id="oc-81">
         <name>.text</name>
         <load_address>0x37dc</load_address>
         <run_address>0x37dc</run_address>
         <size>0x54</size>
         <input_file_ref idref="fl-d3"/>
      </object_component>
      <object_component id="oc-36b">
         <name>.text</name>
         <load_address>0x3830</load_address>
         <run_address>0x3830</run_address>
         <size>0x54</size>
         <input_file_ref idref="fl-ed"/>
      </object_component>
      <object_component id="oc-2d4">
         <name>.text:I2CMasterInitExpClk</name>
         <load_address>0x3884</load_address>
         <run_address>0x3884</run_address>
         <size>0x4c</size>
         <input_file_ref idref="fl-11"/>
      </object_component>
      <object_component id="oc-383">
         <name>.text</name>
         <load_address>0x38d0</load_address>
         <run_address>0x38d0</run_address>
         <size>0x4c</size>
         <input_file_ref idref="fl-e8"/>
      </object_component>
      <object_component id="oc-1a3">
         <name>.text</name>
         <load_address>0x391c</load_address>
         <run_address>0x391c</run_address>
         <size>0x4c</size>
         <input_file_ref idref="fl-ea"/>
      </object_component>
      <object_component id="oc-b4">
         <name>.text:GPIOPinConfigure</name>
         <load_address>0x3968</load_address>
         <run_address>0x3968</run_address>
         <size>0x48</size>
         <input_file_ref idref="fl-10"/>
      </object_component>
      <object_component id="oc-3a8">
         <name>.text:_SysCtlFrequencyGet</name>
         <load_address>0x39b0</load_address>
         <run_address>0x39b0</run_address>
         <size>0x48</size>
         <input_file_ref idref="fl-14"/>
      </object_component>
      <object_component id="oc-143">
         <name>.text</name>
         <load_address>0x39f8</load_address>
         <run_address>0x39f8</run_address>
         <size>0x48</size>
         <input_file_ref idref="fl-d7"/>
      </object_component>
      <object_component id="oc-c0">
         <name>.text:UARTConfigSetExpClk</name>
         <load_address>0x3a40</load_address>
         <run_address>0x3a40</run_address>
         <size>0x46</size>
         <input_file_ref idref="fl-17"/>
      </object_component>
      <object_component id="oc-1d6">
         <name>.text</name>
         <load_address>0x3a88</load_address>
         <run_address>0x3a88</run_address>
         <size>0x40</size>
         <input_file_ref idref="fl-e1"/>
      </object_component>
      <object_component id="oc-ae">
         <name>.text:SysCtlPeripheralReady</name>
         <load_address>0x3ac8</load_address>
         <run_address>0x3ac8</run_address>
         <size>0x38</size>
         <input_file_ref idref="fl-14"/>
      </object_component>
      <object_component id="oc-a8">
         <name>.text:SysCtlPeripheralEnable</name>
         <load_address>0x3b00</load_address>
         <run_address>0x3b00</run_address>
         <size>0x34</size>
         <input_file_ref idref="fl-14"/>
      </object_component>
      <object_component id="oc-1e8">
         <name>.text</name>
         <load_address>0x3b34</load_address>
         <run_address>0x3b34</run_address>
         <size>0x2e</size>
         <input_file_ref idref="fl-d8"/>
      </object_component>
      <object_component id="oc-31">
         <name>.text</name>
         <load_address>0x3b64</load_address>
         <run_address>0x3b64</run_address>
         <size>0x2c</size>
         <input_file_ref idref="fl-7"/>
      </object_component>
      <object_component id="oc-218">
         <name>.text:GPIODirModeSet</name>
         <load_address>0x3b90</load_address>
         <run_address>0x3b90</run_address>
         <size>0x2a</size>
         <input_file_ref idref="fl-10"/>
      </object_component>
      <object_component id="oc-2b5">
         <name>.text</name>
         <load_address>0x3bba</load_address>
         <run_address>0x3bba</run_address>
         <size>0x2a</size>
         <input_file_ref idref="fl-f5"/>
      </object_component>
      <object_component id="oc-2bb">
         <name>.text</name>
         <load_address>0x3be4</load_address>
         <run_address>0x3be4</run_address>
         <size>0x24</size>
         <input_file_ref idref="fl-f3"/>
      </object_component>
      <object_component id="oc-30b">
         <name>.text:PWMGenConfigure</name>
         <load_address>0x3c08</load_address>
         <run_address>0x3c08</run_address>
         <size>0x22</size>
         <input_file_ref idref="fl-13"/>
      </object_component>
      <object_component id="oc-225">
         <name>.text:UARTDisable</name>
         <load_address>0x3c2c</load_address>
         <run_address>0x3c2c</run_address>
         <size>0x20</size>
         <input_file_ref idref="fl-17"/>
      </object_component>
      <object_component id="oc-3a2">
         <name>.text:_SysCtlMemTimingGet</name>
         <load_address>0x3c4c</load_address>
         <run_address>0x3c4c</run_address>
         <size>0x20</size>
         <input_file_ref idref="fl-14"/>
      </object_component>
      <object_component id="oc-139">
         <name>.text</name>
         <load_address>0x3c6c</load_address>
         <run_address>0x3c6c</run_address>
         <size>0x20</size>
         <input_file_ref idref="fl-e4"/>
      </object_component>
      <object_component id="oc-329">
         <name>.text:PWMPulseWidthGet</name>
         <load_address>0x3c8c</load_address>
         <run_address>0x3c8c</run_address>
         <size>0x1e</size>
         <input_file_ref idref="fl-13"/>
      </object_component>
      <object_component id="oc-317">
         <name>.text:PWMPulseWidthSet</name>
         <load_address>0x3caa</load_address>
         <run_address>0x3caa</run_address>
         <size>0x1e</size>
         <input_file_ref idref="fl-13"/>
      </object_component>
      <object_component id="oc-389">
         <name>.text</name>
         <load_address>0x3cc8</load_address>
         <run_address>0x3cc8</run_address>
         <size>0x1c</size>
         <input_file_ref idref="fl-ee"/>
      </object_component>
      <object_component id="oc-7b">
         <name>.text</name>
         <load_address>0x3ce4</load_address>
         <run_address>0x3ce4</run_address>
         <size>0x18</size>
         <input_file_ref idref="fl-e7"/>
      </object_component>
      <object_component id="oc-1dc">
         <name>.text</name>
         <load_address>0x3cfc</load_address>
         <run_address>0x3cfc</run_address>
         <size>0x18</size>
         <input_file_ref idref="fl-df"/>
      </object_component>
      <object_component id="oc-160">
         <name>.text:TimerControlEvent</name>
         <load_address>0x3d14</load_address>
         <run_address>0x3d14</run_address>
         <size>0x16</size>
         <input_file_ref idref="fl-16"/>
      </object_component>
      <object_component id="oc-37d">
         <name>.text</name>
         <load_address>0x3d2a</load_address>
         <run_address>0x3d2a</run_address>
         <size>0x16</size>
         <input_file_ref idref="fl-f2"/>
      </object_component>
      <object_component id="oc-2ff">
         <name>.text:PWMClockSet</name>
         <load_address>0x3d40</load_address>
         <run_address>0x3d40</run_address>
         <size>0x14</size>
         <input_file_ref idref="fl-13"/>
      </object_component>
      <object_component id="oc-92">
         <name>.text:SysTickEnable</name>
         <load_address>0x3d54</load_address>
         <run_address>0x3d54</run_address>
         <size>0x14</size>
         <input_file_ref idref="fl-15"/>
      </object_component>
      <object_component id="oc-98">
         <name>.text:SysTickIntEnable</name>
         <load_address>0x3d68</load_address>
         <run_address>0x3d68</run_address>
         <size>0x14</size>
         <input_file_ref idref="fl-15"/>
      </object_component>
      <object_component id="oc-22b">
         <name>.text:UARTEnable</name>
         <load_address>0x3d7c</load_address>
         <run_address>0x3d7c</run_address>
         <size>0x14</size>
         <input_file_ref idref="fl-17"/>
      </object_component>
      <object_component id="oc-29c">
         <name>.text</name>
         <load_address>0x3d90</load_address>
         <run_address>0x3d90</run_address>
         <size>0x14</size>
         <input_file_ref idref="fl-e5"/>
      </object_component>
      <object_component id="oc-40b">
         <name>.text</name>
         <load_address>0x3da4</load_address>
         <run_address>0x3da4</run_address>
         <size>0x14</size>
         <input_file_ref idref="fl-f7"/>
      </object_component>
      <object_component id="oc-1c2">
         <name>.text</name>
         <load_address>0x3db8</load_address>
         <run_address>0x3db8</run_address>
         <size>0x14</size>
         <input_file_ref idref="fl-e0"/>
      </object_component>
      <object_component id="oc-35b">
         <name>.text</name>
         <load_address>0x3dcc</load_address>
         <run_address>0x3dcc</run_address>
         <size>0x14</size>
         <input_file_ref idref="fl-f4"/>
      </object_component>
      <object_component id="oc-2c8">
         <name>.text:GPIOPinTypeI2C</name>
         <load_address>0x3de0</load_address>
         <run_address>0x3de0</run_address>
         <size>0x12</size>
         <input_file_ref idref="fl-10"/>
      </object_component>
      <object_component id="oc-2ce">
         <name>.text:GPIOPinTypeI2CSCL</name>
         <load_address>0x3df2</load_address>
         <run_address>0x3df2</run_address>
         <size>0x12</size>
         <input_file_ref idref="fl-10"/>
      </object_component>
      <object_component id="oc-305">
         <name>.text:GPIOPinTypePWM</name>
         <load_address>0x3e04</load_address>
         <run_address>0x3e04</run_address>
         <size>0x12</size>
         <input_file_ref idref="fl-10"/>
      </object_component>
      <object_component id="oc-14e">
         <name>.text:GPIOPinTypeTimer</name>
         <load_address>0x3e16</load_address>
         <run_address>0x3e16</run_address>
         <size>0x12</size>
         <input_file_ref idref="fl-10"/>
      </object_component>
      <object_component id="oc-ba">
         <name>.text:GPIOPinTypeUART</name>
         <load_address>0x3e28</load_address>
         <run_address>0x3e28</run_address>
         <size>0x12</size>
         <input_file_ref idref="fl-10"/>
      </object_component>
      <object_component id="oc-32f">
         <name>.text:PWMGenPeriodGet</name>
         <load_address>0x3e3a</load_address>
         <run_address>0x3e3a</run_address>
         <size>0x12</size>
         <input_file_ref idref="fl-13"/>
      </object_component>
      <object_component id="oc-31d">
         <name>.text:PWMOutputState</name>
         <load_address>0x3e4c</load_address>
         <run_address>0x3e4c</run_address>
         <size>0x12</size>
         <input_file_ref idref="fl-13"/>
      </object_component>
      <object_component id="oc-16c">
         <name>.text:TimerLoadSet</name>
         <load_address>0x3e5e</load_address>
         <run_address>0x3e5e</run_address>
         <size>0x12</size>
         <input_file_ref idref="fl-16"/>
      </object_component>
      <object_component id="oc-172">
         <name>.text:TimerPrescaleSet</name>
         <load_address>0x3e70</load_address>
         <run_address>0x3e70</run_address>
         <size>0x12</size>
         <input_file_ref idref="fl-16"/>
      </object_component>
      <object_component id="oc-260">
         <name>.text:FPUEnable</name>
         <load_address>0x3e84</load_address>
         <run_address>0x3e84</run_address>
         <size>0x10</size>
         <input_file_ref idref="fl-f"/>
      </object_component>
      <object_component id="oc-266">
         <name>.text:IntMasterEnable</name>
         <load_address>0x3e94</load_address>
         <run_address>0x3e94</run_address>
         <size>0x10</size>
         <input_file_ref idref="fl-12"/>
      </object_component>
      <object_component id="oc-311">
         <name>.text:PWMGenPeriodSet</name>
         <load_address>0x3ea4</load_address>
         <run_address>0x3ea4</run_address>
         <size>0x10</size>
         <input_file_ref idref="fl-13"/>
      </object_component>
      <object_component id="oc-8c">
         <name>.text:SysTickPeriodSet</name>
         <load_address>0x3eb4</load_address>
         <run_address>0x3eb4</run_address>
         <size>0x10</size>
         <input_file_ref idref="fl-15"/>
      </object_component>
      <object_component id="oc-1d0">
         <name>.text</name>
         <load_address>0x3ec4</load_address>
         <run_address>0x3ec4</run_address>
         <size>0x10</size>
         <input_file_ref idref="fl-e3"/>
      </object_component>
      <object_component id="oc-178">
         <name>.text:TimerEnable</name>
         <load_address>0x3ed4</load_address>
         <run_address>0x3ed4</run_address>
         <size>0xe</size>
         <input_file_ref idref="fl-16"/>
      </object_component>
      <object_component id="oc-fc">
         <name>.text:UARTCharGetNonBlocking</name>
         <load_address>0x3ee2</load_address>
         <run_address>0x3ee2</run_address>
         <size>0xe</size>
         <input_file_ref idref="fl-17"/>
      </object_component>
      <object_component id="oc-de">
         <name>.text:UARTCharPutNonBlocking</name>
         <load_address>0x3ef0</load_address>
         <run_address>0x3ef0</run_address>
         <size>0xe</size>
         <input_file_ref idref="fl-17"/>
      </object_component>
      <object_component id="oc-102">
         <name>.text:UARTCharsAvail</name>
         <load_address>0x3efe</load_address>
         <run_address>0x3efe</run_address>
         <size>0xe</size>
         <input_file_ref idref="fl-17"/>
      </object_component>
      <object_component id="oc-18">
         <name>.text:decompress:none</name>
         <load_address>0x3f0c</load_address>
         <run_address>0x3f0c</run_address>
         <size>0xe</size>
         <input_file_ref idref="fl-d0"/>
      </object_component>
      <object_component id="oc-3b9">
         <name>.text:CPUcpsie</name>
         <load_address>0x3f1a</load_address>
         <run_address>0x3f1a</run_address>
         <size>0xc</size>
         <input_file_ref idref="fl-18"/>
      </object_component>
      <object_component id="oc-323">
         <name>.text:PWMGenEnable</name>
         <load_address>0x3f26</load_address>
         <run_address>0x3f26</run_address>
         <size>0xc</size>
         <input_file_ref idref="fl-13"/>
      </object_component>
      <object_component id="oc-1e">
         <name>.text:decompress:ZI</name>
         <load_address>0x3f32</load_address>
         <run_address>0x3f32</run_address>
         <size>0xc</size>
         <input_file_ref idref="fl-d1"/>
      </object_component>
      <object_component id="oc-2b">
         <name>.text</name>
         <load_address>0x3f3e</load_address>
         <run_address>0x3f3e</run_address>
         <size>0xc</size>
         <input_file_ref idref="fl-8"/>
      </object_component>
      <object_component id="oc-3e2">
         <name>.text:I2CMasterEnable</name>
         <load_address>0x3f4a</load_address>
         <run_address>0x3f4a</run_address>
         <size>0xa</size>
         <input_file_ref idref="fl-11"/>
      </object_component>
      <object_component id="oc-11b">
         <name>.text:TimerIntStatus</name>
         <load_address>0x3f54</load_address>
         <run_address>0x3f54</run_address>
         <size>0xa</size>
         <input_file_ref idref="fl-16"/>
      </object_component>
      <object_component id="oc-133">
         <name>.text:TimerValueGet</name>
         <load_address>0x3f5e</load_address>
         <run_address>0x3f5e</run_address>
         <size>0xa</size>
         <input_file_ref idref="fl-16"/>
      </object_component>
      <object_component id="oc-c6">
         <name>.text:UARTFIFOEnable</name>
         <load_address>0x3f68</load_address>
         <run_address>0x3f68</run_address>
         <size>0xa</size>
         <input_file_ref idref="fl-17"/>
      </object_component>
      <object_component id="oc-ed">
         <name>.text:UARTIntStatus</name>
         <load_address>0x3f72</load_address>
         <run_address>0x3f72</run_address>
         <size>0xa</size>
         <input_file_ref idref="fl-17"/>
      </object_component>
      <object_component id="oc-2ec">
         <name>.text:I2CMasterBusy</name>
         <load_address>0x3f7c</load_address>
         <run_address>0x3f7c</run_address>
         <size>0x8</size>
         <input_file_ref idref="fl-11"/>
      </object_component>
      <object_component id="oc-2da">
         <name>.text:I2CMasterSlaveAddrSet</name>
         <load_address>0x3f84</load_address>
         <run_address>0x3f84</run_address>
         <size>0x8</size>
         <input_file_ref idref="fl-11"/>
      </object_component>
      <object_component id="oc-166">
         <name>.text:TimerIntEnable</name>
         <load_address>0x3f8c</load_address>
         <run_address>0x3f8c</run_address>
         <size>0x8</size>
         <input_file_ref idref="fl-16"/>
      </object_component>
      <object_component id="oc-d2">
         <name>.text:UARTIntEnable</name>
         <load_address>0x3f94</load_address>
         <run_address>0x3f94</run_address>
         <size>0x8</size>
         <input_file_ref idref="fl-17"/>
      </object_component>
      <object_component id="oc-154">
         <name>.text:TimerClockSourceSet</name>
         <load_address>0x3f9c</load_address>
         <run_address>0x3f9c</run_address>
         <size>0x6</size>
         <input_file_ref idref="fl-16"/>
      </object_component>
      <object_component id="oc-cc">
         <name>.text:UARTFIFOLevelSet</name>
         <load_address>0x3fa2</load_address>
         <run_address>0x3fa2</run_address>
         <size>0x6</size>
         <input_file_ref idref="fl-17"/>
      </object_component>
      <object_component id="oc-2e6">
         <name>.text:I2CMasterControl</name>
         <load_address>0x3fa8</load_address>
         <run_address>0x3fa8</run_address>
         <size>0x4</size>
         <input_file_ref idref="fl-11"/>
      </object_component>
      <object_component id="oc-2f2">
         <name>.text:I2CMasterDataGet</name>
         <load_address>0x3fac</load_address>
         <run_address>0x3fac</run_address>
         <size>0x4</size>
         <input_file_ref idref="fl-11"/>
      </object_component>
      <object_component id="oc-2e0">
         <name>.text:I2CMasterDataPut</name>
         <load_address>0x3fb0</load_address>
         <run_address>0x3fb0</run_address>
         <size>0x4</size>
         <input_file_ref idref="fl-11"/>
      </object_component>
      <object_component id="oc-121">
         <name>.text:TimerIntClear</name>
         <load_address>0x3fb4</load_address>
         <run_address>0x3fb4</run_address>
         <size>0x4</size>
         <input_file_ref idref="fl-16"/>
      </object_component>
      <object_component id="oc-17e">
         <name>.text:TimerSynchronize</name>
         <load_address>0x3fb8</load_address>
         <run_address>0x3fb8</run_address>
         <size>0x4</size>
         <input_file_ref idref="fl-16"/>
      </object_component>
      <object_component id="oc-f3">
         <name>.text:UARTIntClear</name>
         <load_address>0x3fbc</load_address>
         <run_address>0x3fbc</run_address>
         <size>0x4</size>
         <input_file_ref idref="fl-17"/>
      </object_component>
      <object_component id="oc-6f">
         <name>.text</name>
         <load_address>0x3fc0</load_address>
         <run_address>0x3fc0</run_address>
         <size>0x4</size>
         <input_file_ref idref="fl-dc"/>
      </object_component>
      <object_component id="oc-3b1">
         <name>.const:g_pppui32XTALtoVCO</name>
         <load_address>0x3fc4</load_address>
         <run_address>0x3fc4</run_address>
         <size>0x1b0</size>
         <input_file_ref idref="fl-14"/>
      </object_component>
      <object_component id="oc-2b0">
         <name>.const:.string:_ctypes_</name>
         <load_address>0x4174</load_address>
         <run_address>0x4174</run_address>
         <size>0x101</size>
         <input_file_ref idref="fl-eb"/>
      </object_component>
      <object_component id="oc-336">
         <name>.const:.string</name>
         <load_address>0x4278</load_address>
         <run_address>0x4278</run_address>
         <size>0xd8</size>
         <input_file_ref idref="fl-2"/>
      </object_component>
      <object_component id="oc-213">
         <name>.const:g_pui32GPIOBaseAddrs</name>
         <load_address>0x4350</load_address>
         <run_address>0x4350</run_address>
         <size>0x90</size>
         <input_file_ref idref="fl-10"/>
      </object_component>
      <object_component id="oc-236">
         <name>.const</name>
         <load_address>0x43e0</load_address>
         <run_address>0x43e0</run_address>
         <size>0x70</size>
         <input_file_ref idref="fl-12"/>
      </object_component>
      <object_component id="oc-3ae">
         <name>.const:g_pui32Xtals</name>
         <load_address>0x4450</load_address>
         <run_address>0x4450</run_address>
         <size>0x6c</size>
         <input_file_ref idref="fl-14"/>
      </object_component>
      <object_component id="oc-184">
         <name>.const:.string:$P$T0$1</name>
         <load_address>0x44bc</load_address>
         <run_address>0x44bc</run_address>
         <size>0x54</size>
         <input_file_ref idref="fl-4"/>
      </object_component>
      <object_component id="oc-420">
         <name>.const:g_sXTALtoMEMTIM</name>
         <load_address>0x4510</load_address>
         <run_address>0x4510</run_address>
         <size>0x30</size>
         <input_file_ref idref="fl-14"/>
      </object_component>
      <object_component id="oc-3b4">
         <name>.const</name>
         <load_address>0x4540</load_address>
         <run_address>0x4540</run_address>
         <size>0x8</size>
         <input_file_ref idref="fl-14"/>
      </object_component>
      <object_component id="oc-469">
         <name>.cinit..data.load</name>
         <load_address>0x4548</load_address>
         <run_address>0x4548</run_address>
         <size>0x3a</size>
      </object_component>
      <object_component id="oc-467">
         <name>__TI_handler_table</name>
         <load_address>0x4584</load_address>
         <run_address>0x4584</run_address>
         <size>0xc</size>
      </object_component>
      <object_component id="oc-46a">
         <name>.cinit..bss.load</name>
         <load_address>0x4590</load_address>
         <run_address>0x4590</run_address>
         <size>0x8</size>
      </object_component>
      <object_component id="oc-468">
         <name>__TI_cinit_table</name>
         <load_address>0x4598</load_address>
         <run_address>0x4598</run_address>
         <size>0x10</size>
      </object_component>
      <object_component id="oc-203">
         <name>.data:commands</name>
         <load_address>0x20000ba4</load_address>
         <run_address>0x20000ba4</run_address>
         <size>0x14</size>
         <input_file_ref idref="fl-2"/>
      </object_component>
      <object_component id="oc-206">
         <name>.data:usage</name>
         <load_address>0x20000bb8</load_address>
         <run_address>0x20000bb8</run_address>
         <size>0x14</size>
         <input_file_ref idref="fl-2"/>
      </object_component>
      <object_component id="oc-1c8">
         <name>.data</name>
         <load_address>0x20000be0</load_address>
         <run_address>0x20000be0</run_address>
         <size>0x8</size>
         <input_file_ref idref="fl-2"/>
      </object_component>
      <object_component id="oc-148">
         <name>.data</name>
         <load_address>0x20000be8</load_address>
         <run_address>0x20000be8</run_address>
         <size>0x8</size>
         <input_file_ref idref="fl-4"/>
      </object_component>
      <object_component id="oc-108">
         <name>.data</name>
         <load_address>0x20000bf0</load_address>
         <run_address>0x20000bf0</run_address>
         <size>0x5</size>
         <input_file_ref idref="fl-9"/>
      </object_component>
      <object_component id="oc-209">
         <name>.data</name>
         <load_address>0x20000bf8</load_address>
         <run_address>0x20000bf8</run_address>
         <size>0x4</size>
         <input_file_ref idref="fl-d2"/>
      </object_component>
      <object_component id="oc-1b3">
         <name>.data:$O1$$</name>
         <load_address>0x20000bcc</load_address>
         <run_address>0x20000bcc</run_address>
         <size>0xc</size>
         <input_file_ref idref="fl-d3"/>
      </object_component>
      <object_component id="oc-87">
         <name>.data</name>
         <load_address>0x20000bfc</load_address>
         <run_address>0x20000bfc</run_address>
         <size>0x4</size>
         <input_file_ref idref="fl-de"/>
      </object_component>
      <object_component id="oc-2c1">
         <name>.data</name>
         <load_address>0x20000c00</load_address>
         <run_address>0x20000c00</run_address>
         <size>0x4</size>
         <input_file_ref idref="fl-e1"/>
      </object_component>
      <object_component id="oc-1b6">
         <name>.data:$O1$$</name>
         <load_address>0x20000bd8</load_address>
         <run_address>0x20000bd8</run_address>
         <size>0x8</size>
         <input_file_ref idref="fl-e5"/>
      </object_component>
      <object_component id="oc-1cb">
         <name>.bss:buffer</name>
         <uninitialized>true</uninitialized>
         <run_address>0x20000000</run_address>
         <size>0x3f4</size>
         <input_file_ref idref="fl-2"/>
      </object_component>
      <object_component id="oc-1ce">
         <name>.bss:holster$1</name>
         <uninitialized>true</uninitialized>
         <run_address>0x20000814</run_address>
         <size>0x68</size>
         <input_file_ref idref="fl-2"/>
      </object_component>
      <object_component id="oc-1cf">
         <name>.bss:line$2</name>
         <uninitialized>true</uninitialized>
         <run_address>0x2000087c</run_address>
         <size>0x68</size>
         <input_file_ref idref="fl-2"/>
      </object_component>
      <object_component id="oc-14b">
         <name>.bss:stringBuilder</name>
         <uninitialized>true</uninitialized>
         <run_address>0x200008e4</run_address>
         <size>0x68</size>
         <input_file_ref idref="fl-4"/>
      </object_component>
      <object_component id="oc-e4">
         <name>.bss:uartwriteBuffer_0</name>
         <uninitialized>true</uninitialized>
         <run_address>0x20000604</run_address>
         <size>0x108</size>
         <input_file_ref idref="fl-9"/>
      </object_component>
      <object_component id="oc-f9">
         <name>.bss:uartreadBuffer_0</name>
         <uninitialized>true</uninitialized>
         <run_address>0x200003f4</run_address>
         <size>0x108</size>
         <input_file_ref idref="fl-9"/>
      </object_component>
      <object_component id="oc-e7">
         <name>.bss:uartwriteBuffer_4</name>
         <uninitialized>true</uninitialized>
         <run_address>0x2000070c</run_address>
         <size>0x108</size>
         <input_file_ref idref="fl-9"/>
      </object_component>
      <object_component id="oc-ea">
         <name>.bss:uartreadBuffer_4</name>
         <uninitialized>true</uninitialized>
         <run_address>0x200004fc</run_address>
         <size>0x108</size>
         <input_file_ref idref="fl-9"/>
      </object_component>
      <object_component id="oc-109">
         <name>.bss:message$1</name>
         <uninitialized>true</uninitialized>
         <run_address>0x2000094c</run_address>
         <size>0x54</size>
         <input_file_ref idref="fl-9"/>
      </object_component>
      <object_component id="oc-a4">
         <name>.common:SYS_CLK_FREQ_ACTUAL</name>
         <uninitialized>true</uninitialized>
         <run_address>0x200009a0</run_address>
         <size>0x4</size>
      </object_component>
      <object_component id="oc-2a">
         <name>.stack</name>
         <uninitialized>true</uninitialized>
         <run_address>0x200009a4</run_address>
         <size>0x0</size>
         <input_file_ref idref="fl-ce"/>
      </object_component>
      <object_component id="oc-46b">
         <name>.stack</name>
         <uninitialized>true</uninitialized>
         <run_address>0x200009a4</run_address>
         <size>0x0</size>
      </object_component>
      <object_component id="oc-20d">
         <name>.debug_info</name>
         <load_address>0x0</load_address>
         <run_address>0x0</run_address>
         <size>0x599</size>
         <input_file_ref idref="fl-2"/>
      </object_component>
      <object_component id="oc-204">
         <name>.debug_info</name>
         <load_address>0x599</load_address>
         <run_address>0x599</run_address>
         <size>0xf7</size>
         <input_file_ref idref="fl-2"/>
      </object_component>
      <object_component id="oc-207">
         <name>.debug_info</name>
         <load_address>0x690</load_address>
         <run_address>0x690</run_address>
         <size>0xf1</size>
         <input_file_ref idref="fl-2"/>
      </object_component>
      <object_component id="oc-1cc">
         <name>.debug_info</name>
         <load_address>0x781</load_address>
         <run_address>0x781</run_address>
         <size>0xf3</size>
         <input_file_ref idref="fl-2"/>
      </object_component>
      <object_component id="oc-1c9">
         <name>.debug_info</name>
         <load_address>0x874</load_address>
         <run_address>0x874</run_address>
         <size>0x12f</size>
         <input_file_ref idref="fl-2"/>
      </object_component>
      <object_component id="oc-9f">
         <name>.debug_info</name>
         <load_address>0x9a3</load_address>
         <run_address>0x9a3</run_address>
         <size>0xa09</size>
         <input_file_ref idref="fl-2"/>
      </object_component>
      <object_component id="oc-111">
         <name>.debug_info</name>
         <load_address>0x13ac</load_address>
         <run_address>0x13ac</run_address>
         <size>0x8b</size>
         <input_file_ref idref="fl-2"/>
      </object_component>
      <object_component id="oc-10c">
         <name>.debug_info</name>
         <load_address>0x1437</load_address>
         <run_address>0x1437</run_address>
         <size>0x18b</size>
         <input_file_ref idref="fl-2"/>
      </object_component>
      <object_component id="oc-19a">
         <name>.debug_info</name>
         <load_address>0x15c2</load_address>
         <run_address>0x15c2</run_address>
         <size>0x2c</size>
         <input_file_ref idref="fl-2"/>
      </object_component>
      <object_component id="oc-2f9">
         <name>.debug_info</name>
         <load_address>0x15ee</load_address>
         <run_address>0x15ee</run_address>
         <size>0x527</size>
         <input_file_ref idref="fl-3"/>
      </object_component>
      <object_component id="oc-1e4">
         <name>.debug_info</name>
         <load_address>0x1b15</load_address>
         <run_address>0x1b15</run_address>
         <size>0x402</size>
         <input_file_ref idref="fl-3"/>
      </object_component>
      <object_component id="oc-188">
         <name>.debug_info</name>
         <load_address>0x1f17</load_address>
         <run_address>0x1f17</run_address>
         <size>0x75c</size>
         <input_file_ref idref="fl-4"/>
      </object_component>
      <object_component id="oc-14c">
         <name>.debug_info</name>
         <load_address>0x2673</load_address>
         <run_address>0x2673</run_address>
         <size>0x101</size>
         <input_file_ref idref="fl-4"/>
      </object_component>
      <object_component id="oc-149">
         <name>.debug_info</name>
         <load_address>0x2774</load_address>
         <run_address>0x2774</run_address>
         <size>0x115</size>
         <input_file_ref idref="fl-4"/>
      </object_component>
      <object_component id="oc-185">
         <name>.debug_info</name>
         <load_address>0x2889</load_address>
         <run_address>0x2889</run_address>
         <size>0xf5</size>
         <input_file_ref idref="fl-4"/>
      </object_component>
      <object_component id="oc-3f">
         <name>.debug_info</name>
         <load_address>0x297e</load_address>
         <run_address>0x297e</run_address>
         <size>0x813</size>
         <input_file_ref idref="fl-4"/>
      </object_component>
      <object_component id="oc-255">
         <name>.debug_info</name>
         <load_address>0x3191</load_address>
         <run_address>0x3191</run_address>
         <size>0x4e</size>
         <input_file_ref idref="fl-4"/>
      </object_component>
      <object_component id="oc-a5">
         <name>.debug_info</name>
         <load_address>0x31df</load_address>
         <run_address>0x31df</run_address>
         <size>0x3a9</size>
         <input_file_ref idref="fl-5"/>
      </object_component>
      <object_component id="oc-12f">
         <name>.debug_info</name>
         <load_address>0x3588</load_address>
         <run_address>0x3588</run_address>
         <size>0x2e0</size>
         <input_file_ref idref="fl-5"/>
      </object_component>
      <object_component id="oc-1fe">
         <name>.debug_info</name>
         <load_address>0x3868</load_address>
         <run_address>0x3868</run_address>
         <size>0x41f</size>
         <input_file_ref idref="fl-6"/>
      </object_component>
      <object_component id="oc-33">
         <name>.debug_info</name>
         <load_address>0x3c87</load_address>
         <run_address>0x3c87</run_address>
         <size>0x206</size>
         <input_file_ref idref="fl-7"/>
      </object_component>
      <object_component id="oc-4c">
         <name>.debug_info</name>
         <load_address>0x3e8d</load_address>
         <run_address>0x3e8d</run_address>
         <size>0x84</size>
         <input_file_ref idref="fl-7"/>
      </object_component>
      <object_component id="oc-45">
         <name>.debug_info</name>
         <load_address>0x3f11</load_address>
         <run_address>0x3f11</run_address>
         <size>0x373</size>
         <input_file_ref idref="fl-8"/>
      </object_component>
      <object_component id="oc-10">
         <name>.debug_info</name>
         <load_address>0x4284</load_address>
         <run_address>0x4284</run_address>
         <size>0x112</size>
         <input_file_ref idref="fl-8"/>
      </object_component>
      <object_component id="oc-2c">
         <name>.debug_info</name>
         <load_address>0x4396</load_address>
         <run_address>0x4396</run_address>
         <size>0x293</size>
         <input_file_ref idref="fl-8"/>
      </object_component>
      <object_component id="oc-10b">
         <name>.debug_info</name>
         <load_address>0x4629</load_address>
         <run_address>0x4629</run_address>
         <size>0x5e5</size>
         <input_file_ref idref="fl-9"/>
      </object_component>
      <object_component id="oc-e5">
         <name>.debug_info</name>
         <load_address>0x4c0e</load_address>
         <run_address>0x4c0e</run_address>
         <size>0x109</size>
         <input_file_ref idref="fl-9"/>
      </object_component>
      <object_component id="oc-fa">
         <name>.debug_info</name>
         <load_address>0x4d17</load_address>
         <run_address>0x4d17</run_address>
         <size>0x107</size>
         <input_file_ref idref="fl-9"/>
      </object_component>
      <object_component id="oc-e8">
         <name>.debug_info</name>
         <load_address>0x4e1e</load_address>
         <run_address>0x4e1e</run_address>
         <size>0x109</size>
         <input_file_ref idref="fl-9"/>
      </object_component>
      <object_component id="oc-eb">
         <name>.debug_info</name>
         <load_address>0x4f27</load_address>
         <run_address>0x4f27</run_address>
         <size>0x107</size>
         <input_file_ref idref="fl-9"/>
      </object_component>
      <object_component id="oc-39">
         <name>.debug_info</name>
         <load_address>0x502e</load_address>
         <run_address>0x502e</run_address>
         <size>0xa56</size>
         <input_file_ref idref="fl-9"/>
      </object_component>
      <object_component id="oc-116">
         <name>.debug_info</name>
         <load_address>0x5a84</load_address>
         <run_address>0x5a84</run_address>
         <size>0xa5</size>
         <input_file_ref idref="fl-9"/>
      </object_component>
      <object_component id="oc-264">
         <name>.debug_info</name>
         <load_address>0x5b29</load_address>
         <run_address>0x5b29</run_address>
         <size>0x20d</size>
         <input_file_ref idref="fl-f"/>
      </object_component>
      <object_component id="oc-217">
         <name>.debug_info</name>
         <load_address>0x5d36</load_address>
         <run_address>0x5d36</run_address>
         <size>0x230</size>
         <input_file_ref idref="fl-10"/>
      </object_component>
      <object_component id="oc-214">
         <name>.debug_info</name>
         <load_address>0x5f66</load_address>
         <run_address>0x5f66</run_address>
         <size>0x15b</size>
         <input_file_ref idref="fl-10"/>
      </object_component>
      <object_component id="oc-219">
         <name>.debug_info</name>
         <load_address>0x60c1</load_address>
         <run_address>0x60c1</run_address>
         <size>0x2b3</size>
         <input_file_ref idref="fl-10"/>
      </object_component>
      <object_component id="oc-21f">
         <name>.debug_info</name>
         <load_address>0x6374</load_address>
         <run_address>0x6374</run_address>
         <size>0x316</size>
         <input_file_ref idref="fl-10"/>
      </object_component>
      <object_component id="oc-bb">
         <name>.debug_info</name>
         <load_address>0x668a</load_address>
         <run_address>0x668a</run_address>
         <size>0x27b</size>
         <input_file_ref idref="fl-10"/>
      </object_component>
      <object_component id="oc-14f">
         <name>.debug_info</name>
         <load_address>0x6905</load_address>
         <run_address>0x6905</run_address>
         <size>0x27d</size>
         <input_file_ref idref="fl-10"/>
      </object_component>
      <object_component id="oc-306">
         <name>.debug_info</name>
         <load_address>0x6b82</load_address>
         <run_address>0x6b82</run_address>
         <size>0x279</size>
         <input_file_ref idref="fl-10"/>
      </object_component>
      <object_component id="oc-2cf">
         <name>.debug_info</name>
         <load_address>0x6dfb</load_address>
         <run_address>0x6dfb</run_address>
         <size>0x27f</size>
         <input_file_ref idref="fl-10"/>
      </object_component>
      <object_component id="oc-2c9">
         <name>.debug_info</name>
         <load_address>0x707a</load_address>
         <run_address>0x707a</run_address>
         <size>0x279</size>
         <input_file_ref idref="fl-10"/>
      </object_component>
      <object_component id="oc-b5">
         <name>.debug_info</name>
         <load_address>0x72f3</load_address>
         <run_address>0x72f3</run_address>
         <size>0x280</size>
         <input_file_ref idref="fl-10"/>
      </object_component>
      <object_component id="oc-3e9">
         <name>.debug_info</name>
         <load_address>0x7573</load_address>
         <run_address>0x7573</run_address>
         <size>0x231</size>
         <input_file_ref idref="fl-11"/>
      </object_component>
      <object_component id="oc-2db">
         <name>.debug_info</name>
         <load_address>0x77a4</load_address>
         <run_address>0x77a4</run_address>
         <size>0x2ce</size>
         <input_file_ref idref="fl-11"/>
      </object_component>
      <object_component id="oc-3e3">
         <name>.debug_info</name>
         <load_address>0x7a72</load_address>
         <run_address>0x7a72</run_address>
         <size>0x24e</size>
         <input_file_ref idref="fl-11"/>
      </object_component>
      <object_component id="oc-2d5">
         <name>.debug_info</name>
         <load_address>0x7cc0</load_address>
         <run_address>0x7cc0</run_address>
         <size>0x2d5</size>
         <input_file_ref idref="fl-11"/>
      </object_component>
      <object_component id="oc-2e1">
         <name>.debug_info</name>
         <load_address>0x7f95</load_address>
         <run_address>0x7f95</run_address>
         <size>0x27e</size>
         <input_file_ref idref="fl-11"/>
      </object_component>
      <object_component id="oc-2f3">
         <name>.debug_info</name>
         <load_address>0x8213</load_address>
         <run_address>0x8213</run_address>
         <size>0x254</size>
         <input_file_ref idref="fl-11"/>
      </object_component>
      <object_component id="oc-2e7">
         <name>.debug_info</name>
         <load_address>0x8467</load_address>
         <run_address>0x8467</run_address>
         <size>0x27e</size>
         <input_file_ref idref="fl-11"/>
      </object_component>
      <object_component id="oc-2ed">
         <name>.debug_info</name>
         <load_address>0x86e5</load_address>
         <run_address>0x86e5</run_address>
         <size>0x24e</size>
         <input_file_ref idref="fl-11"/>
      </object_component>
      <object_component id="oc-23a">
         <name>.debug_info</name>
         <load_address>0x8933</load_address>
         <run_address>0x8933</run_address>
         <size>0x20e</size>
         <input_file_ref idref="fl-12"/>
      </object_component>
      <object_component id="oc-237">
         <name>.debug_info</name>
         <load_address>0x8b41</load_address>
         <run_address>0x8b41</run_address>
         <size>0x210</size>
         <input_file_ref idref="fl-12"/>
      </object_component>
      <object_component id="oc-267">
         <name>.debug_info</name>
         <load_address>0x8d51</load_address>
         <run_address>0x8d51</run_address>
         <size>0x23e</size>
         <input_file_ref idref="fl-12"/>
      </object_component>
      <object_component id="oc-d9">
         <name>.debug_info</name>
         <load_address>0x8f8f</load_address>
         <run_address>0x8f8f</run_address>
         <size>0x268</size>
         <input_file_ref idref="fl-12"/>
      </object_component>
      <object_component id="oc-3f4">
         <name>.debug_info</name>
         <load_address>0x91f7</load_address>
         <run_address>0x91f7</run_address>
         <size>0x1ed</size>
         <input_file_ref idref="fl-13"/>
      </object_component>
      <object_component id="oc-318">
         <name>.debug_info</name>
         <load_address>0x93e4</load_address>
         <run_address>0x93e4</run_address>
         <size>0x2f6</size>
         <input_file_ref idref="fl-13"/>
      </object_component>
      <object_component id="oc-32a">
         <name>.debug_info</name>
         <load_address>0x96da</load_address>
         <run_address>0x96da</run_address>
         <size>0x2dd</size>
         <input_file_ref idref="fl-13"/>
      </object_component>
      <object_component id="oc-31e">
         <name>.debug_info</name>
         <load_address>0x99b7</load_address>
         <run_address>0x99b7</run_address>
         <size>0x2c4</size>
         <input_file_ref idref="fl-13"/>
      </object_component>
      <object_component id="oc-312">
         <name>.debug_info</name>
         <load_address>0x9c7b</load_address>
         <run_address>0x9c7b</run_address>
         <size>0x2b6</size>
         <input_file_ref idref="fl-13"/>
      </object_component>
      <object_component id="oc-330">
         <name>.debug_info</name>
         <load_address>0x9f31</load_address>
         <run_address>0x9f31</run_address>
         <size>0x280</size>
         <input_file_ref idref="fl-13"/>
      </object_component>
      <object_component id="oc-324">
         <name>.debug_info</name>
         <load_address>0xa1b1</load_address>
         <run_address>0xa1b1</run_address>
         <size>0x276</size>
         <input_file_ref idref="fl-13"/>
      </object_component>
      <object_component id="oc-30c">
         <name>.debug_info</name>
         <load_address>0xa427</load_address>
         <run_address>0xa427</run_address>
         <size>0x2b3</size>
         <input_file_ref idref="fl-13"/>
      </object_component>
      <object_component id="oc-300">
         <name>.debug_info</name>
         <load_address>0xa6da</load_address>
         <run_address>0xa6da</run_address>
         <size>0x280</size>
         <input_file_ref idref="fl-13"/>
      </object_component>
      <object_component id="oc-211">
         <name>.debug_info</name>
         <load_address>0xa95a</load_address>
         <run_address>0xa95a</run_address>
         <size>0x298</size>
         <input_file_ref idref="fl-14"/>
      </object_component>
      <object_component id="oc-3af">
         <name>.debug_info</name>
         <load_address>0xabf2</load_address>
         <run_address>0xabf2</run_address>
         <size>0x14d</size>
         <input_file_ref idref="fl-14"/>
      </object_component>
      <object_component id="oc-3b2">
         <name>.debug_info</name>
         <load_address>0xad3f</load_address>
         <run_address>0xad3f</run_address>
         <size>0x159</size>
         <input_file_ref idref="fl-14"/>
      </object_component>
      <object_component id="oc-421">
         <name>.debug_info</name>
         <load_address>0xae98</load_address>
         <run_address>0xae98</run_address>
         <size>0x153</size>
         <input_file_ref idref="fl-14"/>
      </object_component>
      <object_component id="oc-3b5">
         <name>.debug_info</name>
         <load_address>0xafeb</load_address>
         <run_address>0xafeb</run_address>
         <size>0x160</size>
         <input_file_ref idref="fl-14"/>
      </object_component>
      <object_component id="oc-b0">
         <name>.debug_info</name>
         <load_address>0xb14b</load_address>
         <run_address>0xb14b</run_address>
         <size>0x27f</size>
         <input_file_ref idref="fl-14"/>
      </object_component>
      <object_component id="oc-aa">
         <name>.debug_info</name>
         <load_address>0xb3ca</load_address>
         <run_address>0xb3ca</run_address>
         <size>0x27d</size>
         <input_file_ref idref="fl-14"/>
      </object_component>
      <object_component id="oc-3a3">
         <name>.debug_info</name>
         <load_address>0xb647</load_address>
         <run_address>0xb647</run_address>
         <size>0x270</size>
         <input_file_ref idref="fl-14"/>
      </object_component>
      <object_component id="oc-3a9">
         <name>.debug_info</name>
         <load_address>0xb8b7</load_address>
         <run_address>0xb8b7</run_address>
         <size>0x2ba</size>
         <input_file_ref idref="fl-14"/>
      </object_component>
      <object_component id="oc-25b">
         <name>.debug_info</name>
         <load_address>0xbb71</load_address>
         <run_address>0xbb71</run_address>
         <size>0x47f</size>
         <input_file_ref idref="fl-14"/>
      </object_component>
      <object_component id="oc-341">
         <name>.debug_info</name>
         <load_address>0xbff0</load_address>
         <run_address>0xbff0</run_address>
         <size>0x5f</size>
         <input_file_ref idref="fl-14"/>
      </object_component>
      <object_component id="oc-1bf">
         <name>.debug_info</name>
         <load_address>0xc04f</load_address>
         <run_address>0xc04f</run_address>
         <size>0x19d</size>
         <input_file_ref idref="fl-15"/>
      </object_component>
      <object_component id="oc-8f">
         <name>.debug_info</name>
         <load_address>0xc1ec</load_address>
         <run_address>0xc1ec</run_address>
         <size>0x261</size>
         <input_file_ref idref="fl-15"/>
      </object_component>
      <object_component id="oc-9b">
         <name>.debug_info</name>
         <load_address>0xc44d</load_address>
         <run_address>0xc44d</run_address>
         <size>0x227</size>
         <input_file_ref idref="fl-15"/>
      </object_component>
      <object_component id="oc-95">
         <name>.debug_info</name>
         <load_address>0xc674</load_address>
         <run_address>0xc674</run_address>
         <size>0x221</size>
         <input_file_ref idref="fl-15"/>
      </object_component>
      <object_component id="oc-24b">
         <name>.debug_info</name>
         <load_address>0xc895</load_address>
         <run_address>0xc895</run_address>
         <size>0x223</size>
         <input_file_ref idref="fl-16"/>
      </object_component>
      <object_component id="oc-134">
         <name>.debug_info</name>
         <load_address>0xcab8</load_address>
         <run_address>0xcab8</run_address>
         <size>0x28a</size>
         <input_file_ref idref="fl-16"/>
      </object_component>
      <object_component id="oc-17f">
         <name>.debug_info</name>
         <load_address>0xcd42</load_address>
         <run_address>0xcd42</run_address>
         <size>0x290</size>
         <input_file_ref idref="fl-16"/>
      </object_component>
      <object_component id="oc-173">
         <name>.debug_info</name>
         <load_address>0xcfd2</load_address>
         <run_address>0xcfd2</run_address>
         <size>0x2c2</size>
         <input_file_ref idref="fl-16"/>
      </object_component>
      <object_component id="oc-16d">
         <name>.debug_info</name>
         <load_address>0xd294</load_address>
         <run_address>0xd294</run_address>
         <size>0x2ba</size>
         <input_file_ref idref="fl-16"/>
      </object_component>
      <object_component id="oc-11c">
         <name>.debug_info</name>
         <load_address>0xd54e</load_address>
         <run_address>0xd54e</run_address>
         <size>0x284</size>
         <input_file_ref idref="fl-16"/>
      </object_component>
      <object_component id="oc-167">
         <name>.debug_info</name>
         <load_address>0xd7d2</load_address>
         <run_address>0xd7d2</run_address>
         <size>0x294</size>
         <input_file_ref idref="fl-16"/>
      </object_component>
      <object_component id="oc-122">
         <name>.debug_info</name>
         <load_address>0xda66</load_address>
         <run_address>0xda66</run_address>
         <size>0x292</size>
         <input_file_ref idref="fl-16"/>
      </object_component>
      <object_component id="oc-179">
         <name>.debug_info</name>
         <load_address>0xdcf8</load_address>
         <run_address>0xdcf8</run_address>
         <size>0x27f</size>
         <input_file_ref idref="fl-16"/>
      </object_component>
      <object_component id="oc-161">
         <name>.debug_info</name>
         <load_address>0xdf77</load_address>
         <run_address>0xdf77</run_address>
         <size>0x2c4</size>
         <input_file_ref idref="fl-16"/>
      </object_component>
      <object_component id="oc-15b">
         <name>.debug_info</name>
         <load_address>0xe23b</load_address>
         <run_address>0xe23b</run_address>
         <size>0x28c</size>
         <input_file_ref idref="fl-16"/>
      </object_component>
      <object_component id="oc-155">
         <name>.debug_info</name>
         <load_address>0xe4c7</load_address>
         <run_address>0xe4c7</run_address>
         <size>0x296</size>
         <input_file_ref idref="fl-16"/>
      </object_component>
      <object_component id="oc-232">
         <name>.debug_info</name>
         <load_address>0xe75d</load_address>
         <run_address>0xe75d</run_address>
         <size>0x227</size>
         <input_file_ref idref="fl-17"/>
      </object_component>
      <object_component id="oc-ee">
         <name>.debug_info</name>
         <load_address>0xe984</load_address>
         <run_address>0xe984</run_address>
         <size>0x27f</size>
         <input_file_ref idref="fl-17"/>
      </object_component>
      <object_component id="oc-d3">
         <name>.debug_info</name>
         <load_address>0xec03</load_address>
         <run_address>0xec03</run_address>
         <size>0x28f</size>
         <input_file_ref idref="fl-17"/>
      </object_component>
      <object_component id="oc-f4">
         <name>.debug_info</name>
         <load_address>0xee92</load_address>
         <run_address>0xee92</run_address>
         <size>0x28d</size>
         <input_file_ref idref="fl-17"/>
      </object_component>
      <object_component id="oc-cd">
         <name>.debug_info</name>
         <load_address>0xf11f</load_address>
         <run_address>0xf11f</run_address>
         <size>0x2cf</size>
         <input_file_ref idref="fl-17"/>
      </object_component>
      <object_component id="oc-c7">
         <name>.debug_info</name>
         <load_address>0xf3ee</load_address>
         <run_address>0xf3ee</run_address>
         <size>0x24f</size>
         <input_file_ref idref="fl-17"/>
      </object_component>
      <object_component id="oc-22c">
         <name>.debug_info</name>
         <load_address>0xf63d</load_address>
         <run_address>0xf63d</run_address>
         <size>0x247</size>
         <input_file_ref idref="fl-17"/>
      </object_component>
      <object_component id="oc-226">
         <name>.debug_info</name>
         <load_address>0xf884</load_address>
         <run_address>0xf884</run_address>
         <size>0x249</size>
         <input_file_ref idref="fl-17"/>
      </object_component>
      <object_component id="oc-c1">
         <name>.debug_info</name>
         <load_address>0xfacd</load_address>
         <run_address>0xfacd</run_address>
         <size>0x326</size>
         <input_file_ref idref="fl-17"/>
      </object_component>
      <object_component id="oc-103">
         <name>.debug_info</name>
         <load_address>0xfdf3</load_address>
         <run_address>0xfdf3</run_address>
         <size>0x253</size>
         <input_file_ref idref="fl-17"/>
      </object_component>
      <object_component id="oc-df">
         <name>.debug_info</name>
         <load_address>0x10046</load_address>
         <run_address>0x10046</run_address>
         <size>0x28d</size>
         <input_file_ref idref="fl-17"/>
      </object_component>
      <object_component id="oc-fd">
         <name>.debug_info</name>
         <load_address>0x102d3</load_address>
         <run_address>0x102d3</run_address>
         <size>0x263</size>
         <input_file_ref idref="fl-17"/>
      </object_component>
      <object_component id="oc-3bc">
         <name>.debug_info</name>
         <load_address>0x10536</load_address>
         <run_address>0x10536</run_address>
         <size>0x212</size>
         <input_file_ref idref="fl-18"/>
      </object_component>
      <object_component id="oc-26">
         <name>.debug_info</name>
         <load_address>0x10748</load_address>
         <run_address>0x10748</run_address>
         <size>0x160</size>
         <input_file_ref idref="fl-ce"/>
      </object_component>
      <object_component id="oc-190">
         <name>.debug_info</name>
         <load_address>0x108a8</load_address>
         <run_address>0x108a8</run_address>
         <size>0x293</size>
         <input_file_ref idref="fl-cf"/>
      </object_component>
      <object_component id="oc-14">
         <name>.debug_info</name>
         <load_address>0x10b3b</load_address>
         <run_address>0x10b3b</run_address>
         <size>0x245</size>
         <input_file_ref idref="fl-cf"/>
      </object_component>
      <object_component id="oc-47">
         <name>.debug_info</name>
         <load_address>0x10d80</load_address>
         <run_address>0x10d80</run_address>
         <size>0x60</size>
         <input_file_ref idref="fl-cf"/>
      </object_component>
      <object_component id="oc-18b">
         <name>.debug_info</name>
         <load_address>0x10de0</load_address>
         <run_address>0x10de0</run_address>
         <size>0x46</size>
         <input_file_ref idref="fl-cf"/>
      </object_component>
      <object_component id="oc-5c">
         <name>.debug_info</name>
         <load_address>0x10e26</load_address>
         <run_address>0x10e26</run_address>
         <size>0x2da</size>
         <input_file_ref idref="fl-d0"/>
      </object_component>
      <object_component id="oc-19">
         <name>.debug_info</name>
         <load_address>0x11100</load_address>
         <run_address>0x11100</run_address>
         <size>0x1df</size>
         <input_file_ref idref="fl-d0"/>
      </object_component>
      <object_component id="oc-57">
         <name>.debug_info</name>
         <load_address>0x112df</load_address>
         <run_address>0x112df</run_address>
         <size>0x46</size>
         <input_file_ref idref="fl-d0"/>
      </object_component>
      <object_component id="oc-192">
         <name>.debug_info</name>
         <load_address>0x11325</load_address>
         <run_address>0x11325</run_address>
         <size>0x2c</size>
         <input_file_ref idref="fl-d0"/>
      </object_component>
      <object_component id="oc-68">
         <name>.debug_info</name>
         <load_address>0x11351</load_address>
         <run_address>0x11351</run_address>
         <size>0x2c9</size>
         <input_file_ref idref="fl-d1"/>
      </object_component>
      <object_component id="oc-21">
         <name>.debug_info</name>
         <load_address>0x1161a</load_address>
         <run_address>0x1161a</run_address>
         <size>0x1aa</size>
         <input_file_ref idref="fl-d1"/>
      </object_component>
      <object_component id="oc-63">
         <name>.debug_info</name>
         <load_address>0x117c4</load_address>
         <run_address>0x117c4</run_address>
         <size>0x46</size>
         <input_file_ref idref="fl-d1"/>
      </object_component>
      <object_component id="oc-20a">
         <name>.debug_info</name>
         <load_address>0x1180a</load_address>
         <run_address>0x1180a</run_address>
         <size>0xf3</size>
[...]
         <object_component_ref idref="oc-37"/>
      </symbol>
      <symbol id="sm-27d">
         <name>FPUEnable</name>
         <value>0x3e85</value>
         <object_component_ref idref="oc-260"/>
      </symbol>
      <symbol id="sm-2cf">
         <name>GPIOPinTypePWM</name>
         <value>0x3e05</value>
         <object_component_ref idref="oc-305"/>
      </symbol>
      <symbol id="sm-2d0">
         <name>GPIOPinConfigure</name>
         <value>0x3969</value>
         <object_component_ref idref="oc-b4"/>
      </symbol>
      <symbol id="sm-2d1">
         <name>GPIOPinTypeI2CSCL</name>
         <value>0x3df3</value>
         <object_component_ref idref="oc-2ce"/>
      </symbol>
      <symbol id="sm-2d2">
         <name>GPIOPinTypeI2C</name>
         <value>0x3de1</value>
         <object_component_ref idref="oc-2c8"/>
      </symbol>
      <symbol id="sm-2d3">
         <name>GPIOPinTypeUART</name>
         <value>0x3e29</value>
         <object_component_ref idref="oc-ba"/>
      </symbol>
      <symbol id="sm-2d4">
         <name>GPIODirModeSet</name>
         <value>0x3b91</value>
         <object_component_ref idref="oc-218"/>
      </symbol>
      <symbol id="sm-2d5">
         <name>GPIOPadConfigSet</name>
         <value>0x2e51</value>
         <object_component_ref idref="oc-21e"/>
      </symbol>
      <symbol id="sm-2d6">
         <name>GPIOPinTypeTimer</name>
         <value>0x3e17</value>
         <object_component_ref idref="oc-14e"/>
      </symbol>
      <symbol id="sm-317">
         <name>I2CMasterDataPut</name>
         <value>0x3fb1</value>
         <object_component_ref idref="oc-2e0"/>
      </symbol>
      <symbol id="sm-318">
         <name>I2CMasterInitExpClk</name>
         <value>0x3885</value>
         <object_component_ref idref="oc-2d4"/>
      </symbol>
      <symbol id="sm-319">
         <name>I2CMasterSlaveAddrSet</name>
         <value>0x3f85</value>
         <object_component_ref idref="oc-2da"/>
      </symbol>
      <symbol id="sm-31a">
         <name>I2CMasterDataGet</name>
         <value>0x3fad</value>
         <object_component_ref idref="oc-2f2"/>
      </symbol>
      <symbol id="sm-31b">
         <name>I2CMasterControl</name>
         <value>0x3fa9</value>
         <object_component_ref idref="oc-2e6"/>
      </symbol>
      <symbol id="sm-31c">
         <name>I2CMasterBusy</name>
         <value>0x3f7d</value>
         <object_component_ref idref="oc-2ec"/>
      </symbol>
      <symbol id="sm-31d">
         <name>I2CMasterEnable</name>
         <value>0x3f4b</value>
         <object_component_ref idref="oc-3e2"/>
      </symbol>
      <symbol id="sm-34d">
         <name>IntEnable</name>
         <value>0x3595</value>
         <object_component_ref idref="oc-d8"/>
      </symbol>
      <symbol id="sm-34e">
         <name>IntMasterEnable</name>
         <value>0x3e95</value>
         <object_component_ref idref="oc-266"/>
      </symbol>
      <symbol id="sm-395">
         <name>PWMGenPeriodSet</name>
         <value>0x3ea5</value>
         <object_component_ref idref="oc-311"/>
      </symbol>
      <symbol id="sm-396">
         <name>PWMClockSet</name>
         <value>0x3d41</value>
         <object_component_ref idref="oc-2ff"/>
      </symbol>
      <symbol id="sm-397">
         <name>PWMPulseWidthSet</name>
         <value>0x3cab</value>
         <object_component_ref idref="oc-317"/>
      </symbol>
      <symbol id="sm-398">
         <name>PWMGenPeriodGet</name>
         <value>0x3e3b</value>
         <object_component_ref idref="oc-32f"/>
      </symbol>
      <symbol id="sm-399">
         <name>PWMOutputState</name>
         <value>0x3e4d</value>
         <object_component_ref idref="oc-31d"/>
      </symbol>
      <symbol id="sm-39a">
         <name>PWMGenEnable</name>
         <value>0x3f27</value>
         <object_component_ref idref="oc-323"/>
      </symbol>
      <symbol id="sm-39b">
         <name>PWMGenConfigure</name>
         <value>0x3c09</value>
         <object_component_ref idref="oc-30b"/>
      </symbol>
      <symbol id="sm-39c">
         <name>PWMPulseWidthGet</name>
         <value>0x3c8d</value>
         <object_component_ref idref="oc-329"/>
      </symbol>
      <symbol id="sm-414">
         <name>SysCtlPeripheralEnable</name>
         <value>0x3b01</value>
         <object_component_ref idref="oc-a8"/>
      </symbol>
      <symbol id="sm-415">
         <name>SysCtlPeripheralReady</name>
         <value>0x3ac9</value>
         <object_component_ref idref="oc-ae"/>
      </symbol>
      <symbol id="sm-416">
         <name>SysCtlClockFreqSet</name>
         <value>0x26d5</value>
         <object_component_ref idref="oc-25a"/>
      </symbol>
      <symbol id="sm-439">
         <name>SysTickEnable</name>
         <value>0x3d55</value>
         <object_component_ref idref="oc-92"/>
      </symbol>
      <symbol id="sm-43a">
         <name>SysTickIntEnable</name>
         <value>0x3d69</value>
         <object_component_ref idref="oc-98"/>
      </symbol>
      <symbol id="sm-43b">
         <name>SysTickPeriodSet</name>
         <value>0x3eb5</value>
         <object_component_ref idref="oc-8c"/>
      </symbol>
      <symbol id="sm-49f">
         <name>TimerLoadSet</name>
         <value>0x3e5f</value>
         <object_component_ref idref="oc-16c"/>
      </symbol>
      <symbol id="sm-4a0">
         <name>TimerEnable</name>
         <value>0x3ed5</value>
         <object_component_ref idref="oc-178"/>
      </symbol>
      <symbol id="sm-4a1">
         <name>TimerIntStatus</name>
         <value>0x3f55</value>
         <object_component_ref idref="oc-11b"/>
      </symbol>
      <symbol id="sm-4a2">
         <name>TimerValueGet</name>
         <value>0x3f5f</value>
         <object_component_ref idref="oc-133"/>
      </symbol>
      <symbol id="sm-4a3">
         <name>TimerPrescaleSet</name>
         <value>0x3e71</value>
         <object_component_ref idref="oc-172"/>
      </symbol>
      <symbol id="sm-4a4">
         <name>TimerIntEnable</name>
         <value>0x3f8d</value>
         <object_component_ref idref="oc-166"/>
      </symbol>
      <symbol id="sm-4a5">
         <name>TimerClockSourceSet</name>
         <value>0x3f9d</value>
         <object_component_ref idref="oc-154"/>
      </symbol>
      <symbol id="sm-4a6">
         <name>TimerConfigure</name>
         <value>0x36c9</value>
         <object_component_ref idref="oc-15a"/>
      </symbol>
      <symbol id="sm-4a7">
         <name>TimerControlEvent</name>
         <value>0x3d15</value>
         <object_component_ref idref="oc-160"/>
      </symbol>
      <symbol id="sm-4a8">
         <name>TimerIntClear</name>
         <value>0x3fb5</value>
         <object_component_ref idref="oc-121"/>
      </symbol>
      <symbol id="sm-4a9">
         <name>TimerSynchronize</name>
         <value>0x3fb9</value>
         <object_component_ref idref="oc-17e"/>
      </symbol>
      <symbol id="sm-50a">
         <name>UARTCharPutNonBlocking</name>
         <value>0x3ef1</value>
         <object_component_ref idref="oc-de"/>
      </symbol>
      <symbol id="sm-50b">
         <name>UARTConfigSetExpClk</name>
         <value>0x3a41</value>
         <object_component_ref idref="oc-c0"/>
      </symbol>
      <symbol id="sm-50c">
         <name>UARTDisable</name>
         <value>0x3c2d</value>
         <object_component_ref idref="oc-225"/>
      </symbol>
      <symbol id="sm-50d">
         <name>UARTIntEnable</name>
         <value>0x3f95</value>
         <object_component_ref idref="oc-d2"/>
      </symbol>
      <symbol id="sm-50e">
         <name>UARTCharsAvail</name>
         <value>0x3eff</value>
         <object_component_ref idref="oc-102"/>
      </symbol>
      <symbol id="sm-50f">
         <name>UARTCharGetNonBlocking</name>
         <value>0x3ee3</value>
         <object_component_ref idref="oc-fc"/>
      </symbol>
      <symbol id="sm-510">
         <name>UARTEnable</name>
         <value>0x3d7d</value>
         <object_component_ref idref="oc-22b"/>
      </symbol>
      <symbol id="sm-511">
         <name>UARTFIFOEnable</name>
         <value>0x3f69</value>
         <object_component_ref idref="oc-c6"/>
      </symbol>
      <symbol id="sm-512">
         <name>UARTIntClear</name>
         <value>0x3fbd</value>
         <object_component_ref idref="oc-f3"/>
      </symbol>
      <symbol id="sm-513">
         <name>UARTIntStatus</name>
         <value>0x3f73</value>
         <object_component_ref idref="oc-ed"/>
      </symbol>
      <symbol id="sm-514">
         <name>UARTFIFOLevelSet</name>
         <value>0x3fa3</value>
         <object_component_ref idref="oc-cc"/>
      </symbol>
      <symbol id="sm-51e">
         <name>CPUcpsie</name>
         <value>0x3f1b</value>
         <object_component_ref idref="oc-3b9"/>
      </symbol>
      <symbol id="sm-52f">
         <name>_c_int00</name>
         <value>0x3789</value>
         <object_component_ref idref="oc-24"/>
      </symbol>
      <symbol id="sm-530">
         <name>__stack</name>
         <value>0x200009a4</value>
         <object_component_ref idref="oc-2a"/>
      </symbol>
      <symbol id="sm-54e">
         <name>__TI_decompress_lzss</name>
         <value>0x35fd</value>
         <object_component_ref idref="oc-12"/>
      </symbol>
      <symbol id="sm-565">
         <name>__TI_decompress_none</name>
         <value>0x3f0d</value>
         <object_component_ref idref="oc-18"/>
      </symbol>
      <symbol id="sm-577">
         <name>__TI_zero_init</name>
         <value>0x3f33</value>
         <object_component_ref idref="oc-1e"/>
      </symbol>
      <symbol id="sm-57f">
         <name>errno</name>
         <value>0x20000bf8</value>
         <object_component_ref idref="oc-209"/>
      </symbol>
      <symbol id="sm-5a0">
         <name>C$$EXIT</name>
         <value>0x37dd</value>
         <object_component_ref idref="oc-81"/>
      </symbol>
      <symbol id="sm-5a1">
         <name>abort</name>
         <value>0x37e1</value>
         <object_component_ref idref="oc-81"/>
      </symbol>
      <symbol id="sm-5a2">
         <name>exit</name>
         <value>0x37e9</value>
         <object_component_ref idref="oc-81"/>
      </symbol>
      <symbol id="sm-5a3">
         <name>__TI_dtors_ptr</name>
         <value>0x20000bd0</value>
         <object_component_ref idref="oc-1b3"/>
      </symbol>
      <symbol id="sm-5a4">
         <name>__TI_cleanup_ptr</name>
         <value>0x20000bcc</value>
         <object_component_ref idref="oc-1b3"/>
      </symbol>
      <symbol id="sm-5a5">
         <name>__TI_enable_exit_profile_output</name>
         <value>0x20000bd4</value>
         <object_component_ref idref="oc-1b3"/>
      </symbol>
      <symbol id="sm-5bc">
         <name>__aeabi_dsub</name>
         <value>0x28c1</value>
         <object_component_ref idref="oc-1ed"/>
      </symbol>
      <symbol id="sm-5bd">
         <name>__aeabi_dadd</name>
         <value>0x28cb</value>
         <object_component_ref idref="oc-1ed"/>
      </symbol>
      <symbol id="sm-5d1">
         <name>__aeabi_ddiv</name>
         <value>0x2be5</value>
         <object_component_ref idref="oc-13e"/>
      </symbol>
      <symbol id="sm-5dc">
         <name>__aeabi_dmul</name>
         <value>0x2f83</value>
         <object_component_ref idref="oc-1f2"/>
      </symbol>
      <symbol id="sm-5e6">
         <name>__aeabi_d2iz</name>
         <value>0x39f9</value>
         <object_component_ref idref="oc-143"/>
      </symbol>
      <symbol id="sm-5f0">
         <name>__aeabi_i2d</name>
         <value>0x3b35</value>
         <object_component_ref idref="oc-1e8"/>
      </symbol>
      <symbol id="sm-60b">
         <name>memcpy</name>
         <value>0x3301</value>
         <object_component_ref idref="oc-51"/>
      </symbol>
      <symbol id="sm-60c">
         <name>__aeabi_memcpy</name>
         <value>0x3301</value>
         <object_component_ref idref="oc-51"/>
      </symbol>
      <symbol id="sm-60d">
         <name>__aeabi_memcpy8</name>
         <value>0x3301</value>
         <object_component_ref idref="oc-51"/>
      </symbol>
      <symbol id="sm-60e">
         <name>__aeabi_memcpy4</name>
         <value>0x3301</value>
         <object_component_ref idref="oc-51"/>
      </symbol>
      <symbol id="sm-61d">
         <name>__aeabi_memset</name>
         <value>0x34ab</value>
         <object_component_ref idref="oc-5d"/>
      </symbol>
      <symbol id="sm-61e">
         <name>memset</name>
         <value>0x34b1</value>
         <object_component_ref idref="oc-5d"/>
      </symbol>
      <symbol id="sm-61f">
         <name>__aeabi_memset8</name>
         <value>0x34ab</value>
         <object_component_ref idref="oc-5d"/>
      </symbol>
      <symbol id="sm-620">
         <name>__aeabi_memset4</name>
         <value>0x34ab</value>
         <object_component_ref idref="oc-5d"/>
      </symbol>
      <symbol id="sm-621">
         <name>__aeabi_memclr8</name>
         <value>0x34a9</value>
         <object_component_ref idref="oc-5d"/>
      </symbol>
      <symbol id="sm-622">
         <name>__aeabi_memclr4</name>
         <value>0x34a9</value>
         <object_component_ref idref="oc-5d"/>
      </symbol>
      <symbol id="sm-623">
         <name>__aeabi_memclr</name>
         <value>0x34a9</value>
         <object_component_ref idref="oc-5d"/>
      </symbol>
      <symbol id="sm-62d">
         <name>__mpu_init</name>
         <value>0x1347</value>
         <object_component_ref idref="oc-69"/>
      </symbol>
      <symbol id="sm-637">
         <name>_system_pre_init</name>
         <value>0x3fc1</value>
         <object_component_ref idref="oc-6f"/>
      </symbol>
      <symbol id="sm-650">
         <name>sprintf</name>
         <value>0x3729</value>
         <object_component_ref idref="oc-127"/>
      </symbol>
      <symbol id="sm-658">
         <name>main_func_sp</name>
         <value>0x20000bfc</value>
         <object_component_ref idref="oc-87"/>
      </symbol>
      <symbol id="sm-667">
         <name>strcmp</name>
         <value>0x3cfd</value>
         <object_component_ref idref="oc-1dc"/>
      </symbol>
      <symbol id="sm-675">
         <name>strcpy</name>
         <value>0x3db9</value>
         <object_component_ref idref="oc-1c2"/>
      </symbol>
      <symbol id="sm-68d">
         <name>strtok</name>
         <value>0x3a89</value>
         <object_component_ref idref="oc-1d6"/>
      </symbol>
      <symbol id="sm-6b2">
         <name>strtol</name>
         <value>0x2d1d</value>
         <object_component_ref idref="oc-1f7"/>
      </symbol>
      <symbol id="sm-6c1">
         <name>tolower</name>
         <value>0x3ec5</value>
         <object_component_ref idref="oc-1d0"/>
      </symbol>
      <symbol id="sm-6cb">
         <name>__aeabi_ui2d</name>
         <value>0x3c6d</value>
         <object_component_ref idref="oc-139"/>
      </symbol>
      <symbol id="sm-6e4">
         <name>_nop</name>
         <value>0x3d9f</value>
         <object_component_ref idref="oc-29c"/>
      </symbol>
      <symbol id="sm-6e5">
         <name>_lock</name>
         <value>0x20000bd8</value>
         <object_component_ref idref="oc-1b6"/>
      </symbol>
      <symbol id="sm-6e6">
         <name>_unlock</name>
         <value>0x20000bdc</value>
         <object_component_ref idref="oc-1b6"/>
      </symbol>
      <symbol id="sm-6e7">
         <name>_register_lock</name>
         <value>0x3d97</value>
         <object_component_ref idref="oc-29c"/>
      </symbol>
      <symbol id="sm-6e8">
         <name>_register_unlock</name>
         <value>0x3d91</value>
         <object_component_ref idref="oc-29c"/>
      </symbol>
      <symbol id="sm-7e9">
         <name>__TI_printfi</name>
         <value>0xa4d</value>
         <object_component_ref idref="oc-24d"/>
      </symbol>
      <symbol id="sm-7fd">
         <name>_args_main</name>
         <value>0x3ce5</value>
         <object_component_ref idref="oc-7b"/>
      </symbol>
      <symbol id="sm-813">
         <name>atoi</name>
         <value>0x38d1</value>
         <object_component_ref idref="oc-383"/>
      </symbol>
      <symbol id="sm-83d">
         <name>__TI_auto_init</name>
         <value>0x3525</value>
         <object_component_ref idref="oc-75"/>
      </symbol>
      <symbol id="sm-857">
         <name>copy_in</name>
         <value>0x391d</value>
         <object_component_ref idref="oc-1a3"/>
      </symbol>
      <symbol id="sm-862">
         <name>_ctypes_</name>
         <value>0x4174</value>
         <object_component_ref idref="oc-2b0"/>
      </symbol>
      <symbol id="sm-884">
         <name>__aeabi_cdcmpeq</name>
         <value>0x339d</value>
         <object_component_ref idref="oc-361"/>
      </symbol>
      <symbol id="sm-885">
         <name>__aeabi_cdcmple</name>
         <value>0x339d</value>
         <object_component_ref idref="oc-361"/>
      </symbol>
      <symbol id="sm-886">
         <name>__aeabi_cdrcmple</name>
         <value>0x3423</value>
         <object_component_ref idref="oc-366"/>
      </symbol>
      <symbol id="sm-895">
         <name>ltoa</name>
         <value>0x3831</value>
         <object_component_ref idref="oc-36b"/>
      </symbol>
      <symbol id="sm-8a5">
         <name>memccpy</name>
         <value>0x3cc9</value>
         <object_component_ref idref="oc-389"/>
      </symbol>
      <symbol id="sm-8c0">
         <name>frexpl</name>
         <value>0x3665</value>
         <object_component_ref idref="oc-371"/>
      </symbol>
      <symbol id="sm-8c1">
         <name>frexp</name>
         <value>0x3665</value>
         <object_component_ref idref="oc-371"/>
      </symbol>
      <symbol id="sm-8de">
         <name>scalbn</name>
         <value>0x3081</value>
         <object_component_ref idref="oc-377"/>
      </symbol>
      <symbol id="sm-8df">
         <name>scalbnl</name>
         <value>0x3081</value>
         <object_component_ref idref="oc-377"/>
      </symbol>
      <symbol id="sm-8e0">
         <name>ldexpl</name>
         <value>0x3081</value>
         <object_component_ref idref="oc-377"/>
      </symbol>
      <symbol id="sm-8e1">
         <name>ldexp</name>
         <value>0x3081</value>
         <object_component_ref idref="oc-377"/>
      </symbol>
      <symbol id="sm-8eb">
         <name>_system_post_cinit</name>
         <value>0x2a77</value>
         <object_component_ref idref="oc-1a9"/>
      </symbol>
      <symbol id="sm-8fb">
         <name>strchr</name>
         <value>0x3d2b</value>
         <object_component_ref idref="oc-37d"/>
      </symbol>
      <symbol id="sm-90c">
         <name>strcspn</name>
         <value>0x3be5</value>
         <object_component_ref idref="oc-2bb"/>
      </symbol>
      <symbol id="sm-91a">
         <name>strlen</name>
         <value>0x3dcd</value>
         <object_component_ref idref="oc-35b"/>
      </symbol>
      <symbol id="sm-92c">
         <name>strspn</name>
         <value>0x3bbb</value>
         <object_component_ref idref="oc-2b5"/>
      </symbol>
      <symbol id="sm-948">
         <name>__aeabi_uldivmod</name>
         <value>0x24e1</value>
         <object_component_ref idref="oc-356"/>
      </symbol>
      <symbol id="sm-952">
         <name>copysign</name>
         <value>0x3da5</value>
         <object_component_ref idref="oc-40b"/>
      </symbol>
      <symbol id="sm-953">
         <name>copysignl</name>
         <value>0x3da5</value>
         <object_component_ref idref="oc-40b"/>
      </symbol>
      <symbol id="sm-954">
         <name>__TI_static_base__</name>
         <value>0x0</value>
      </symbol>
      <symbol id="sm-957">
         <name>SHT$$INIT_ARRAY$$Limit</name>
         <value>0x0</value>
      </symbol>
      <symbol id="sm-958">
         <name>SHT$$INIT_ARRAY$$Base</name>
         <value>0x0</value>
      </symbol>
   </symbol_table>
   <title>Link successful</title>
</link_info>
