******************************************************************************
                  TI ARM Linker PC v16.9.6                     
******************************************************************************
>> Linked Thu Nov 16 15:06:47 2017

OUTPUT FILE NAME:   <Sync_Interface.out>
ENTRY POINT SYMBOL: "_c_int00"  address: 00003789


MEMORY CONFIGURATION

         name            origin    length      used     unused   attr    fill
----------------------  --------  ---------  --------  --------  ----  --------
  FLASH                 00000000   00100000  000045a8  000fba58  R  X
  SRAM                  20000000   00040000  00000c04  0003f3fc  RW X


SEGMENT ALLOCATION MAP

run origin  load origin   length   init length attrs members
----------  ----------- ---------- ----------- ----- -------
00000000    00000000    000045a8   000045a8    r-x
  00000000    00000000    00000208   00000208    r-- .intvecs
  00000208    00000208    00003dbc   00003dbc    r-x .text
  00003fc4    00003fc4    00000584   00000584    r-- .const
  00004548    00004548    00000060   00000060    r-- .cinit
20000000    20000000    00000c04   00000000    rw-
  20000000    20000000    000009a4   00000000    rw- .bss
  200009a4    200009a4    00000200   00000000    rw- .stack
  20000ba4    20000ba4    00000060   00000000    rw- .data


SECTION ALLOCATION MAP

 output                                  attributes/
section   page    origin      length       input sections
--------  ----  ----------  ----------   ----------------
.intvecs   0    00000000    00000208     
                  00000000    00000208     tm4c1294ncpdt_startup_ccs.obj (.intvecs)

.text      0    00000208    00003dbc     
                  00000208    0000113e     rtsv7M4_T_le_v4SPD16_eabi.lib : _printfi.obj (.text)
                  00001346    00000002                                   : mpu_init.obj (.text)
                  00001348    000006f0     command.obj (.text)
                  00001a38    000005bc     uart_io.obj (.text)
                  00001ff4    000004ec     latency.obj (.text)
                  000024e0    000001f4     rtsv7M4_T_le_v4SPD16_eabi.lib : ull_div_t2.obj (.text)
                  000026d4    000001ec     driverlib.lib : sysctl.obj (.text:SysCtlClockFreqSet)
                  000028c0    000001b6     rtsv7M4_T_le_v4SPD16_eabi.lib : fd_add_t2.obj (.text)
                  00002a76    00000002                                   : startup.obj (.text)
                  00002a78    0000016c     i2c_io.obj (.text)
                  00002be4    00000136     rtsv7M4_T_le_v4SPD16_eabi.lib : fd_div_t2.obj (.text)
                  00002d1a    00000002     --HOLE-- [fill = 0]
                  00002d1c    00000134                                   : strtol.obj (.text)
                  00002e50    00000132     driverlib.lib : gpio.obj (.text:GPIOPadConfigSet)
                  00002f82    000000fc     rtsv7M4_T_le_v4SPD16_eabi.lib : fd_mul_t2.obj (.text)
                  0000307e    00000002     --HOLE-- [fill = 0]
                  00003080    000000fc                                   : s_scalbn.obj (.text)
                  0000317c    000000c4     pwm.obj (.text)
                  00003240    000000c0     main.obj (.text)
                  00003300    0000009c     rtsv7M4_T_le_v4SPD16_eabi.lib : memcpy_t2.obj (.text)
                  0000339c    00000086                                   : fd_cmp_t2.obj (.text:__aeabi_cdcmple)
                  00003422    00000086                                   : fd_cmp_t2.obj (.text:__aeabi_cdrcmple)
                  000034a8    0000007a                                   : memset_t2.obj (.text)
                  00003522    00000002     --HOLE-- [fill = 0]
                  00003524    00000070                                   : autoinit.obj (.text)
                  00003594    00000068     driverlib.lib : interrupt.obj (.text:IntEnable)
                  000035fc    00000068     rtsv7M4_T_le_v4SPD16_eabi.lib : copy_decompress_lzss.obj (.text:decompress:lzss)
                  00003664    00000064                                   : s_frexp.obj (.text)
                  000036c8    00000060     driverlib.lib : timer.obj (.text:TimerConfigure)
                  00003728    00000060     rtsv7M4_T_le_v4SPD16_eabi.lib : sprintf.obj (.text)
                  00003788    00000054                                   : boot.obj (.text)
                  000037dc    00000054                                   : exit.obj (.text)
                  00003830    00000054                                   : ltoa.obj (.text)
                  00003884    0000004c     driverlib.lib : i2c.obj (.text:I2CMasterInitExpClk)
                  000038d0    0000004c     rtsv7M4_T_le_v4SPD16_eabi.lib : atoi.obj (.text)
                  0000391c    0000004c                                   : cpy_tbl.obj (.text)
                  00003968    00000048     driverlib.lib : gpio.obj (.text:GPIOPinConfigure)
                  000039b0    00000048                   : sysctl.obj (.text:_SysCtlFrequencyGet)
                  000039f8    00000048     rtsv7M4_T_le_v4SPD16_eabi.lib : fd_toi_t2.obj (.text)
                  00003a40    00000046     driverlib.lib : uart.obj (.text:UARTConfigSetExpClk)
                  00003a86    00000002     --HOLE-- [fill = 0]
                  00003a88    00000040     rtsv7M4_T_le_v4SPD16_eabi.lib : strtok.obj (.text)
                  00003ac8    00000038     driverlib.lib : sysctl.obj (.text:SysCtlPeripheralReady)
                  00003b00    00000034                   : sysctl.obj (.text:SysCtlPeripheralEnable)
                  00003b34    0000002e     rtsv7M4_T_le_v4SPD16_eabi.lib : i_tofd_t2.obj (.text)
                  00003b62    00000002     --HOLE-- [fill = 0]
                  00003b64    0000002c     system_tick.obj (.text)
                  00003b90    0000002a     driverlib.lib : gpio.obj (.text:GPIODirModeSet)
                  00003bba    0000002a     rtsv7M4_T_le_v4SPD16_eabi.lib : strspn.obj (.text)
                  00003be4    00000024                                   : strcspn.obj (.text)
                  00003c08    00000022     driverlib.lib : pwm.obj (.text:PWMGenConfigure)
                  00003c2a    00000002     --HOLE-- [fill = 0]
                  00003c2c    00000020                   : uart.obj (.text:UARTDisable)
                  00003c4c    00000020                   : sysctl.obj (.text:_SysCtlMemTimingGet)
                  00003c6c    00000020     rtsv7M4_T_le_v4SPD16_eabi.lib : u_tofd_t2.obj (.text)
                  00003c8c    0000001e     driverlib.lib : pwm.obj (.text:PWMPulseWidthGet)
                  00003caa    0000001e                   : pwm.obj (.text:PWMPulseWidthSet)
                  00003cc8    0000001c     rtsv7M4_T_le_v4SPD16_eabi.lib : memccpy.obj (.text)
                  00003ce4    00000018                                   : args_main.obj (.text)
                  00003cfc    00000018                                   : strcmp.obj (.text)
                  00003d14    00000016     driverlib.lib : timer.obj (.text:TimerControlEvent)
                  00003d2a    00000016     rtsv7M4_T_le_v4SPD16_eabi.lib : strchr.obj (.text)
                  00003d40    00000014     driverlib.lib : pwm.obj (.text:PWMClockSet)
                  00003d54    00000014                   : systick.obj (.text:SysTickEnable)
                  00003d68    00000014                   : systick.obj (.text:SysTickIntEnable)
                  00003d7c    00000014                   : uart.obj (.text:UARTEnable)
                  00003d90    00000014     rtsv7M4_T_le_v4SPD16_eabi.lib : _lock.obj (.text)
                  00003da4    00000014                                   : s_copysign.obj (.text)
                  00003db8    00000014                                   : strcpy.obj (.text)
                  00003dcc    00000014                                   : strlen.obj (.text)
                  00003de0    00000012     driverlib.lib : gpio.obj (.text:GPIOPinTypeI2C)
                  00003df2    00000012                   : gpio.obj (.text:GPIOPinTypeI2CSCL)
                  00003e04    00000012                   : gpio.obj (.text:GPIOPinTypePWM)
                  00003e16    00000012                   : gpio.obj (.text:GPIOPinTypeTimer)
                  00003e28    00000012                   : gpio.obj (.text:GPIOPinTypeUART)
                  00003e3a    00000012                   : pwm.obj (.text:PWMGenPeriodGet)
                  00003e4c    00000012                   : pwm.obj (.text:PWMOutputState)
                  00003e5e    00000012                   : timer.obj (.text:TimerLoadSet)
                  00003e70    00000012                   : timer.obj (.text:TimerPrescaleSet)
                  00003e82    00000002     --HOLE-- [fill = 0]
                  00003e84    00000010                   : fpu.obj (.text:FPUEnable)
                  00003e94    00000010                   : interrupt.obj (.text:IntMasterEnable)
                  00003ea4    00000010                   : pwm.obj (.text:PWMGenPeriodSet)
                  00003eb4    00000010                   : systick.obj (.text:SysTickPeriodSet)
                  00003ec4    00000010     rtsv7M4_T_le_v4SPD16_eabi.lib : tolower.obj (.text)
                  00003ed4    0000000e     driverlib.lib : timer.obj (.text:TimerEnable)
                  00003ee2    0000000e                   : uart.obj (.text:UARTCharGetNonBlocking)
                  00003ef0    0000000e                   : uart.obj (.text:UARTCharPutNonBlocking)
                  00003efe    0000000e                   : uart.obj (.text:UARTCharsAvail)
                  00003f0c    0000000e     rtsv7M4_T_le_v4SPD16_eabi.lib : copy_decompress_none.obj (.text:decompress:none)
                  00003f1a    0000000c     driverlib.lib : cpu.obj (.text:CPUcpsie)
                  00003f26    0000000c                   : pwm.obj (.text:PWMGenEnable)
                  00003f32    0000000c     rtsv7M4_T_le_v4SPD16_eabi.lib : copy_zero_init.obj (.text:decompress:ZI)
                  00003f3e    0000000c     tm4c1294ncpdt_startup_ccs.obj (.text)
                  00003f4a    0000000a     driverlib.lib : i2c.obj (.text:I2CMasterEnable)
                  00003f54    0000000a                   : timer.obj (.text:TimerIntStatus)
                  00003f5e    0000000a                   : timer.obj (.text:TimerValueGet)
                  00003f68    0000000a                   : uart.obj (.text:UARTFIFOEnable)
                  00003f72    0000000a                   : uart.obj (.text:UARTIntStatus)
                  00003f7c    00000008                   : i2c.obj (.text:I2CMasterBusy)
                  00003f84    00000008                   : i2c.obj (.text:I2CMasterSlaveAddrSet)
                  00003f8c    00000008                   : timer.obj (.text:TimerIntEnable)
                  00003f94    00000008                   : uart.obj (.text:UARTIntEnable)
                  00003f9c    00000006                   : timer.obj (.text:TimerClockSourceSet)
                  00003fa2    00000006                   : uart.obj (.text:UARTFIFOLevelSet)
                  00003fa8    00000004                   : i2c.obj (.text:I2CMasterControl)
                  00003fac    00000004                   : i2c.obj (.text:I2CMasterDataGet)
                  00003fb0    00000004                   : i2c.obj (.text:I2CMasterDataPut)
                  00003fb4    00000004                   : timer.obj (.text:TimerIntClear)
                  00003fb8    00000004                   : timer.obj (.text:TimerSynchronize)
                  00003fbc    00000004                   : uart.obj (.text:UARTIntClear)
                  00003fc0    00000004     rtsv7M4_T_le_v4SPD16_eabi.lib : pre_init.obj (.text)

.const     0    00003fc4    00000584     
                  00003fc4    000001b0     driverlib.lib : sysctl.obj (.const:g_pppui32XTALtoVCO)
                  00004174    00000101     rtsv7M4_T_le_v4SPD16_eabi.lib : ctype.obj (.const:.string:_ctypes_)
                  00004275    00000003     --HOLE-- [fill = 0]
                  00004278    000000d8     command.obj (.const:.string)
                  00004350    00000090     driverlib.lib : gpio.obj (.const:g_pui32GPIOBaseAddrs)
                  000043e0    00000070                   : interrupt.obj (.const)
                  00004450    0000006c                   : sysctl.obj (.const:g_pui32Xtals)
                  000044bc    00000054     latency.obj (.const:.string:$P$T0$1)
                  00004510    00000030     driverlib.lib : sysctl.obj (.const:g_sXTALtoMEMTIM)
                  00004540    00000008                   : sysctl.obj (.const)

.cinit     0    00004548    00000060     
                  00004548    0000003a     (.cinit..data.load) [load image, compression = lzss]
                  00004582    00000002     --HOLE-- [fill = 0]
                  00004584    0000000c     (__TI_handler_table)
                  00004590    00000008     (.cinit..bss.load) [load image, compression = zero_init]
                  00004598    00000010     (__TI_cinit_table)

.init_array 
*          0    00000000    00000000     UNINITIALIZED

.bss       0    20000000    000009a4     UNINITIALIZED
                  20000000    000003f4     command.obj (.bss:buffer)
                  200003f4    00000108     uart_io.obj (.bss:uartreadBuffer_0)
                  200004fc    00000108     uart_io.obj (.bss:uartreadBuffer_4)
                  20000604    00000108     uart_io.obj (.bss:uartwriteBuffer_0)
                  2000070c    00000108     uart_io.obj (.bss:uartwriteBuffer_4)
                  20000814    00000068     command.obj (.bss:holster$1)
                  2000087c    00000068     command.obj (.bss:line$2)
                  200008e4    00000068     latency.obj (.bss:stringBuilder)
                  2000094c    00000054     uart_io.obj (.bss:message$1)
                  200009a0    00000004     (.common:SYS_CLK_FREQ_ACTUAL)

.stack     0    200009a4    00000200     UNINITIALIZED
                  200009a4    00000200     --HOLE--

.data      0    20000ba4    00000060     UNINITIALIZED
                  20000ba4    00000014     command.obj (.data:commands)
                  20000bb8    00000014     command.obj (.data:usage)
                  20000bcc    0000000c     rtsv7M4_T_le_v4SPD16_eabi.lib : exit.obj (.data:$O1$$)
                  20000bd8    00000008                                   : _lock.obj (.data:$O1$$)
                  20000be0    00000008     command.obj (.data)
                  20000be8    00000008     latency.obj (.data)
                  20000bf0    00000005     uart_io.obj (.data)
                  20000bf5    00000003     --HOLE--
                  20000bf8    00000004     rtsv7M4_T_le_v4SPD16_eabi.lib : errno.obj (.data)
                  20000bfc    00000004                                   : stkdepth_vars.obj (.data)
                  20000c00    00000004                                   : strtok.obj (.data)

MODULE SUMMARY

       Module                          code    ro data   rw data
       ------                          ----    -------   -------
    .\
       command.obj                     1776    216       1268   
       uart_io.obj                     1468    0         1145   
       latency.obj                     1260    84        112    
       tm4c1294ncpdt_startup_ccs.obj   12      520       0      
       i2c_io.obj                      364     0         0      
       main.obj                        192     0         4      
       pwm.obj                         196     0         0      
       system_tick.obj                 44      0         0      
    +--+-------------------------------+-------+---------+---------+
       Total:                          5312    820       2529   
                                                                
    C:/ti/TivaWare_C_Series-2.1.3.156/driverlib/ccs/Debug/driverlib.lib
       sysctl.obj                      704     596       0      
       gpio.obj                        510     144       0      
       interrupt.obj                   120     112       0      
       timer.obj                       210     0         0      
       uart.obj                        202     0         0      
       pwm.obj                         178     0         0      
       i2c.obj                         114     0         0      
       systick.obj                     56      0         0      
       fpu.obj                         16      0         0      
       cpu.obj                         12      0         0      
    +--+-------------------------------+-------+---------+---------+
       Total:                          2122    852       0      
                                                                
    C:\ti\ccsv7\tools\compiler\ti-cgt-arm_16.9.6.LTS\lib\rtsv7M4_T_le_v4SPD16_eabi.lib
       _printfi.obj                    4414    0         0      
       ull_div_t2.obj                  500     0         0      
       fd_add_t2.obj                   438     0         0      
       fd_div_t2.obj                   310     0         0      
       strtol.obj                      308     0         0      
       fd_cmp_t2.obj                   268     0         0      
       ctype.obj                       0       257       0      
       fd_mul_t2.obj                   252     0         0      
       s_scalbn.obj                    252     0         0      
       memcpy_t2.obj                   156     0         0      
       memset_t2.obj                   122     0         0      
       autoinit.obj                    112     0         0      
       copy_decompress_lzss.obj        104     0         0      
       s_frexp.obj                     100     0         0      
       exit.obj                        84      0         12     
       sprintf.obj                     96      0         0      
       boot.obj                        84      0         0      
       ltoa.obj                        84      0         0      
       atoi.obj                        76      0         0      
       cpy_tbl.obj                     76      0         0      
       fd_toi_t2.obj                   72      0         0      
       strtok.obj                      64      0         4      
       i_tofd_t2.obj                   46      0         0      
       strspn.obj                      42      0         0      
       strcspn.obj                     36      0         0      
       u_tofd_t2.obj                   32      0         0      
       _lock.obj                       20      0         8      
       memccpy.obj                     28      0         0      
       args_main.obj                   24      0         0      
       strcmp.obj                      24      0         0      
       strchr.obj                      22      0         0      
       s_copysign.obj                  20      0         0      
       strcpy.obj                      20      0         0      
       strlen.obj                      20      0         0      
       tolower.obj                     16      0         0      
       copy_decompress_none.obj        14      0         0      
       copy_zero_init.obj              12      0         0      
       errno.obj                       0       0         4      
       pre_init.obj                    4       0         0      
       stkdepth_vars.obj               0       0         4      
       mpu_init.obj                    2       0         0      
       startup.obj                     2       0         0      
    +--+-------------------------------+-------+---------+---------+
       Total:                          8356    257       32     
                                                                
       Stack:                          0       0         512    
       Linker Generated:               0       94        0      
    +--+-------------------------------+-------+---------+---------+
       Grand Total:                    15790   2023      3073   


LINKER GENERATED COPY TABLES

__TI_cinit_table @ 00004598 records: 2, size/record: 8, table size: 16
	.data: load addr=00004548, load size=0000003a bytes, run addr=20000ba4, run size=00000060 bytes, compression=lzss
	.bss: load addr=00004590, load size=00000008 bytes, run addr=20000000, run size=000009a4 bytes, compression=zero_init


LINKER GENERATED HANDLER TABLE

__TI_handler_table @ 00004584 records: 3, size/record: 4, table size: 12
	index: 0, handler: __TI_decompress_lzss
	index: 1, handler: __TI_decompress_none
	index: 2, handler: __TI_zero_init


GLOBAL SYMBOLS: SORTED ALPHABETICALLY BY Name 

address   name                           
-------   ----                           
000037dd  C$$EXIT                        
00003f1b  CPUcpsie                       
0000148b  CommandInterpreter             
00003e85  FPUEnable                      
00003b91  GPIODirModeSet                 
00002e51  GPIOPadConfigSet               
00003969  GPIOPinConfigure               
00003de1  GPIOPinTypeI2C                 
00003df3  GPIOPinTypeI2CSCL              
00003e05  GPIOPinTypePWM                 
00003e17  GPIOPinTypeTimer               
00003e29  GPIOPinTypeUART                
00003f7d  I2CMasterBusy                  
00003fa9  I2CMasterControl               
00003fad  I2CMasterDataGet               
00003fb1  I2CMasterDataPut               
00003f4b  I2CMasterEnable                
00003885  I2CMasterInitExpClk            
00003f85  I2CMasterSlaveAddrSet          
00003b7f  ISR_SysTick                    
00001ff5  ISR_TIMER0_A                   
00002075  ISR_TIMER2_A                   
000020f9  ISR_TIMER2_B                   
00001d01  ISR_UART0                      
00001ddd  ISR_UART4                      
00003595  IntEnable                      
00003e95  IntMasterEnable                
00003281  InterruptConfigFaultISR        
00003d41  PWMClockSet                    
00003c09  PWMGenConfigure                
00003f27  PWMGenEnable                   
00003e3b  PWMGenPeriodGet                
00003ea5  PWMGenPeriodSet                
0000317d  PWMInit                        
00003e4d  PWMOutputState                 
000031e1  PWMPeriodSet                   
00003205  PWMPeriodeGet                  
00003221  PWMPulseGet                    
00003211  PWMPulseSet                    
00003c8d  PWMPulseWidthGet               
00003cab  PWMPulseWidthSet               
00003f3f  ResetISR                       
UNDEFED   SHT$$INIT_ARRAY$$Base          
UNDEFED   SHT$$INIT_ARRAY$$Limit         
200009a0  SYS_CLK_FREQ_ACTUAL            
000026d5  SysCtlClockFreqSet             
00003b01  SysCtlPeripheralEnable         
00003ac9  SysCtlPeripheralReady          
00003d55  SysTickEnable                  
00003b65  SysTickInit                    
00003d69  SysTickIntEnable               
00003eb5  SysTickPeriodSet               
00003f9d  TimerClockSourceSet            
000036c9  TimerConfigure                 
00003d15  TimerControlEvent              
00003ed5  TimerEnable                    
00003fb5  TimerIntClear                  
00003f8d  TimerIntEnable                 
00003f55  TimerIntStatus                 
00003e5f  TimerLoadSet                   
00003e71  TimerPrescaleSet               
00003fb9  TimerSynchronize               
00003f5f  TimerValueGet                  
00003ee3  UARTCharGetNonBlocking         
00003ef1  UARTCharPutNonBlocking         
00003eff  UARTCharsAvail                 
00003a41  UARTConfigSetExpClk            
00003c2d  UARTDisable                    
00003d7d  UARTEnable                     
00003f69  UARTFIFOEnable                 
00003fa3  UARTFIFOLevelSet               
00001caf  UARTGetch                      
00001b0d  UARTInit                       
00003fbd  UARTIntClear                   
00003f95  UARTIntEnable                  
00003f73  UARTIntStatus                  
00001a79  UARTPrint                      
00001a99  UARTPrint_i32                  
00001beb  UARTPutch                      
00001ea1  UARTTransferGPSData            
20000ba4  __STACK_END                    
00000200  __STACK_SIZE                   
20000ba4  __STACK_TOP                    
00004598  __TI_CINIT_Base                
000045a8  __TI_CINIT_Limit               
00004584  __TI_Handler_Table_Base        
00004590  __TI_Handler_Table_Limit       
00003525  __TI_auto_init                 
20000bcc  __TI_cleanup_ptr               
000035fd  __TI_decompress_lzss           
00003f0d  __TI_decompress_none           
20000bd0  __TI_dtors_ptr                 
20000bd4  __TI_enable_exit_profile_output
ffffffff  __TI_pprof_out_hndl            
00000a4d  __TI_printfi                   
ffffffff  __TI_prof_data_size            
ffffffff  __TI_prof_data_start           
00000000  __TI_static_base__             
00003f33  __TI_zero_init                 
0000339d  __aeabi_cdcmpeq                
0000339d  __aeabi_cdcmple                
00003423  __aeabi_cdrcmple               
000039f9  __aeabi_d2iz                   
000028cb  __aeabi_dadd                   
00002be5  __aeabi_ddiv                   
00002f83  __aeabi_dmul                   
000028c1  __aeabi_dsub                   
00003b35  __aeabi_i2d                    
000034a9  __aeabi_memclr                 
000034a9  __aeabi_memclr4                
000034a9  __aeabi_memclr8                
00003301  __aeabi_memcpy                 
00003301  __aeabi_memcpy4                
00003301  __aeabi_memcpy8                
000034ab  __aeabi_memset                 
000034ab  __aeabi_memset4                
000034ab  __aeabi_memset8                
00003c6d  __aeabi_ui2d                   
000024e1  __aeabi_uldivmod               
ffffffff  __binit__                      
ffffffff  __c_args__                     
00001347  __mpu_init                     
200009a4  __stack                        
00003ce5  _args_main                     
00003789  _c_int00                       
00004174  _ctypes_                       
20000bd8  _lock                          
00003d9f  _nop                           
00003d97  _register_lock                 
00003d91  _register_unlock               
00002a77  _system_post_cinit             
00003fc1  _system_pre_init               
20000bdc  _unlock                        
000037e1  abort                          
000038d1  atoi                           
ffffffff  binit                          
0000391d  copy_in                        
00003da5  copysign                       
00003da5  copysignl                      
20000bf8  errno                          
000037e9  exit                           
00003665  frexp                          
00003665  frexpl                         
00000000  g_pfnVectors                   
00002a79  i2cInit                        
0000325d  init                           
000022eb  latencyInit                    
00003081  ldexp                          
00003081  ldexpl                         
00003831  ltoa                           
00003241  main                           
20000bfc  main_func_sp                   
00003cc9  memccpy                        
00003301  memcpy                         
000034b1  memset                         
00003251  pulse                          
00003081  scalbn                         
00003081  scalbnl                        
00003729  sprintf                        
00003d2b  strchr                         
00003cfd  strcmp                         
00003db9  strcpy                         
00003be5  strcspn                        
00003dcd  strlen                         
00003bbb  strspn                         
00003a89  strtok                         
00002d1d  strtol                         
00002b07  temperature                    
00003ec5  tolower                        
00001c89  uartHasData                    


GLOBAL SYMBOLS: SORTED BY Symbol Address 

address   name                           
-------   ----                           
00000000  __TI_static_base__             
00000000  g_pfnVectors                   
00000200  __STACK_SIZE                   
00000a4d  __TI_printfi                   
00001347  __mpu_init                     
0000148b  CommandInterpreter             
00001a79  UARTPrint                      
00001a99  UARTPrint_i32                  
00001b0d  UARTInit                       
00001beb  UARTPutch                      
00001c89  uartHasData                    
00001caf  UARTGetch                      
00001d01  ISR_UART0                      
00001ddd  ISR_UART4                      
00001ea1  UARTTransferGPSData            
00001ff5  ISR_TIMER0_A                   
00002075  ISR_TIMER2_A                   
000020f9  ISR_TIMER2_B                   
000022eb  latencyInit                    
000024e1  __aeabi_uldivmod               
000026d5  SysCtlClockFreqSet             
000028c1  __aeabi_dsub                   
000028cb  __aeabi_dadd                   
00002a77  _system_post_cinit             
00002a79  i2cInit                        
00002b07  temperature                    
00002be5  __aeabi_ddiv                   
00002d1d  strtol                         
00002e51  GPIOPadConfigSet               
00002f83  __aeabi_dmul                   
00003081  ldexp                          
00003081  ldexpl                         
00003081  scalbn                         
00003081  scalbnl                        
0000317d  PWMInit                        
000031e1  PWMPeriodSet                   
00003205  PWMPeriodeGet                  
00003211  PWMPulseSet                    
00003221  PWMPulseGet                    
00003241  main                           
00003251  pulse                          
0000325d  init                           
00003281  InterruptConfigFaultISR        
00003301  __aeabi_memcpy                 
00003301  __aeabi_memcpy4                
00003301  __aeabi_memcpy8                
00003301  memcpy                         
0000339d  __aeabi_cdcmpeq                
0000339d  __aeabi_cdcmple                
00003423  __aeabi_cdrcmple               
000034a9  __aeabi_memclr                 
000034a9  __aeabi_memclr4                
000034a9  __aeabi_memclr8                
000034ab  __aeabi_memset                 
000034ab  __aeabi_memset4                
000034ab  __aeabi_memset8                
000034b1  memset                         
00003525  __TI_auto_init                 
00003595  IntEnable                      
000035fd  __TI_decompress_lzss           
00003665  frexp                          
00003665  frexpl                         
000036c9  TimerConfigure                 
00003729  sprintf                        
00003789  _c_int00                       
000037dd  C$$EXIT                        
000037e1  abort                          
000037e9  exit                           
00003831  ltoa                           
00003885  I2CMasterInitExpClk            
000038d1  atoi                           
0000391d  copy_in                        
00003969  GPIOPinConfigure               
000039f9  __aeabi_d2iz                   
00003a41  UARTConfigSetExpClk            
00003a89  strtok                         
00003ac9  SysCtlPeripheralReady          
00003b01  SysCtlPeripheralEnable         
00003b35  __aeabi_i2d                    
00003b65  SysTickInit                    
00003b7f  ISR_SysTick                    
00003b91  GPIODirModeSet                 
00003bbb  strspn                         
00003be5  strcspn                        
00003c09  PWMGenConfigure                
00003c2d  UARTDisable                    
00003c6d  __aeabi_ui2d                   
00003c8d  PWMPulseWidthGet               
00003cab  PWMPulseWidthSet               
00003cc9  memccpy                        
00003ce5  _args_main                     
00003cfd  strcmp                         
00003d15  TimerControlEvent              
00003d2b  strchr                         
00003d41  PWMClockSet                    
00003d55  SysTickEnable                  
00003d69  SysTickIntEnable               
00003d7d  UARTEnable                     
00003d91  _register_unlock               
00003d97  _register_lock                 
00003d9f  _nop                           
00003da5  copysign                       
00003da5  copysignl                      
00003db9  strcpy                         
00003dcd  strlen                         
00003de1  GPIOPinTypeI2C                 
00003df3  GPIOPinTypeI2CSCL              
00003e05  GPIOPinTypePWM                 
00003e17  GPIOPinTypeTimer               
00003e29  GPIOPinTypeUART                
00003e3b  PWMGenPeriodGet                
00003e4d  PWMOutputState                 
00003e5f  TimerLoadSet                   
00003e71  TimerPrescaleSet               
00003e85  FPUEnable                      
00003e95  IntMasterEnable                
00003ea5  PWMGenPeriodSet                
00003eb5  SysTickPeriodSet               
00003ec5  tolower                        
00003ed5  TimerEnable                    
00003ee3  UARTCharGetNonBlocking         
00003ef1  UARTCharPutNonBlocking         
00003eff  UARTCharsAvail                 
00003f0d  __TI_decompress_none           
00003f1b  CPUcpsie                       
00003f27  PWMGenEnable                   
00003f33  __TI_zero_init                 
00003f3f  ResetISR                       
00003f4b  I2CMasterEnable                
00003f55  TimerIntStatus                 
00003f5f  TimerValueGet                  
00003f69  UARTFIFOEnable                 
00003f73  UARTIntStatus                  
00003f7d  I2CMasterBusy                  
00003f85  I2CMasterSlaveAddrSet          
00003f8d  TimerIntEnable                 
00003f95  UARTIntEnable                  
00003f9d  TimerClockSourceSet            
00003fa3  UARTFIFOLevelSet               
00003fa9  I2CMasterControl               
00003fad  I2CMasterDataGet               
00003fb1  I2CMasterDataPut               
00003fb5  TimerIntClear                  
00003fb9  TimerSynchronize               
00003fbd  UARTIntClear                   
00003fc1  _system_pre_init               
00004174  _ctypes_                       
00004584  __TI_Handler_Table_Base        
00004590  __TI_Handler_Table_Limit       
00004598  __TI_CINIT_Base                
000045a8  __TI_CINIT_Limit               
200009a0  SYS_CLK_FREQ_ACTUAL            
200009a4  __stack                        
20000ba4  __STACK_END                    
20000ba4  __STACK_TOP                    
20000bcc  __TI_cleanup_ptr               
20000bd0  __TI_dtors_ptr                 
20000bd4  __TI_enable_exit_profile_output
20000bd8  _lock                          
20000bdc  _unlock                        
20000bf8  errno                          
20000bfc  main_func_sp                   
ffffffff  __TI_pprof_out_hndl            
ffffffff  __TI_prof_data_size            
ffffffff  __TI_prof_data_start           
ffffffff  __binit__                      
ffffffff  __c_args__                     
ffffffff  binit                          
UNDEFED   SHT$$INIT_ARRAY$$Base          
UNDEFED   SHT$$INIT_ARRAY$$Limit         

[170 symbols]
